

================================================================
== Synthesis Summary Report of 'snn_top_hls'
================================================================
+ General Information: 
    * Date:           Sun Sep 20 02:25:04 2026
    * Version:        2025.2 (Build 6295257 on Nov 14 2025)
    * Project:        hls_output
    * Solution:       hls (Vivado IP Flow Target)
    * Product family: zynq
    * Target device:  xc7z020-clg400-1
    

* Performance & Resource Estimates: 
+---------------------------------------------------+--------+---------------------+----------+------------+-------+----------+------------+-----------+-------+----------+---------+-----------+------------+-----+
|                      Modules                      |  Issue |                     | Iteration|            |  Trip |          |         Latency        |       |          |         |           |            |     |
|                      & Loops                      |  Type  |    Violation Type   |  Latency |  Interval  | Count | Pipelined|  (cycles)  |    (ns)   | Slack |   BRAM   |   DSP   |     FF    |     LUT    | URAM|
+---------------------------------------------------+--------+---------------------+----------+------------+-------+----------+------------+-----------+-------+----------+---------+-----------+------------+-----+
|+ snn_top_hls                                      |  Timing|                    -|         -|  9606518675|      -|        no|  9606518674|  9.607e+10|  -1.03|  37 (13%)|  10 (4%)|  4053 (3%)|  7891 (14%)|    -|
| + snn_top_hls_Pipeline_RESET_ELIG                 |       -|                    -|         -|           -|      -|       yes|         530|  5.300e+03|   1.66|         -|        -|   12 (~0%)|    53 (~0%)|    -|
|  o RESET_ELIG                                     |       -|                    -|         1|           1|    528|       yes|         528|  5.280e+03|   7.30|         -|        -|          -|           -|    -|
| + snn_top_hls_Pipeline_RESET_TRACES               |       -|                    -|         -|           -|      -|       yes|         530|  5.300e+03|   1.66|         -|        -|   12 (~0%)|    53 (~0%)|    -|
|  o RESET_TRACES                                   |       -|                    -|         1|           1|    528|       yes|         528|  5.280e+03|   7.30|         -|        -|          -|           -|    -|
| + snn_top_hls_Pipeline_RESET_ENCODER              |       -|                    -|         -|           -|      -|       yes|         786|  7.860e+03|   1.66|         -|        -|   12 (~0%)|    53 (~0%)|    -|
|  o RESET_ENCODER                                  |       -|                    -|         1|           1|    784|       yes|         784|  7.840e+03|   7.30|         -|        -|          -|           -|    -|
| + snn_top_hls_Pipeline_INIT_WEIGHT                |       -|                    -|         -|           -|      -|       yes|       69634|  6.963e+05|   1.92|         -|        -|   20 (~0%)|    86 (~0%)|    -|
|  o INIT_WEIGHT                                    |       -|                    -|         2|           1|  69632|       yes|       69632|  6.963e+05|   7.30|         -|        -|          -|           -|    -|
| + snn_top_hls_Pipeline_LOAD_FRAME                 |       -|                    -|         -|           -|      -|       yes|         198|  1.980e+03|   0.90|         -|        -|   10 (~0%)|    74 (~0%)|    -|
|  o LOAD_FRAME                                     |       -|                    -|         1|           1|    196|       yes|         196|  1.960e+03|   7.30|         -|        -|          -|           -|    -|
| + snn_top_hls_Pipeline_WEIGHT_SUM                 |       -|                    -|         -|           -|      -|       yes|          68|    680.000|   2.25|         -|        -|   26 (~0%)|    89 (~0%)|    -|
|  o WEIGHT_SUM                                     |       -|                    -|         4|           1|     64|       yes|          66|    660.000|   7.30|         -|        -|          -|           -|    -|
| o TIME_LOOP                                       |       -|                    -|    146585|           -|  65535|        no|  9606447975|  9.606e+10|   7.30|         -|        -|          -|           -|    -|
|  + decay_all_traces                               |       -|                    -|         -|         533|      -|        no|         533|  5.330e+03|   0.13|         -|  2 (~0%)|  234 (~0%)|   238 (~0%)|    -|
|   + decay_all_traces_Pipeline_DECAY_PRE_TRACE     |       -|                    -|         -|           -|      -|       yes|         532|  5.320e+03|   0.13|         -|  1 (~0%)|  115 (~0%)|   111 (~0%)|    -|
|    o DECAY_PRE_TRACE                              |       -|                    -|         4|           1|    528|       yes|         530|  5.300e+03|   7.30|         -|        -|          -|           -|    -|
|   + decay_all_traces_Pipeline_DECAY_POST_TRACE    |       -|                    -|         -|           -|      -|       yes|         532|  5.320e+03|   0.13|         -|  1 (~0%)|  115 (~0%)|   111 (~0%)|    -|
|    o DECAY_POST_TRACE                             |       -|                    -|         4|           1|    528|       yes|         530|  5.300e+03|   7.30|         -|        -|          -|           -|    -|
|  + snn_top_hls_Pipeline_ENCODER_LOOP              |       -|                    -|         -|           -|      -|       yes|        1571|  1.571e+04|   0.72|         -|        -|  111 (~0%)|   397 (~0%)|    -|
|   o ENCODER_LOOP                                  |      II|  Resource Limitation|         4|           2|    784|       yes|        1569|  1.569e+04|   7.30|         -|        -|          -|           -|    -|
|  + process_pre_spike_aer                          |       -|                    -|         -|         551|      -|        no|         551|  5.510e+03|   0.65|         -|   3 (1%)|  734 (~0%)|    836 (1%)|    -|
|   o LTD_CONN_LOOP                                 |       -|                    -|       274|           -|      2|        no|         548|  5.480e+03|   7.30|         -|        -|          -|           -|    -|
|    + process_pre_spike_aer_Pipeline_LTD_LOOP      |       -|                    -|         -|           -|      -|       yes|         271|  2.710e+03|   0.65|         -|   3 (1%)|  625 (~0%)|   491 (~0%)|    -|
|     o LTD_LOOP                                    |       -|                    -|        15|           1|    256|       yes|         269|  2.690e+03|   7.30|         -|        -|          -|           -|    -|
|  + process_post_spike_aer                         |  Timing|                    -|         -|        6159|      -|        no|        6159|  6.159e+04|  -1.03|         -|   3 (1%)|  252 (~0%)|    667 (1%)|    -|
|   o LTP_CONN_LOOP                                 |       -|                    -|      3078|           -|      2|        no|        6156|  6.156e+04|   7.30|         -|        -|          -|           -|    -|
|    + process_post_spike_aer_Pipeline_LTP_LOOP     |  Timing|                    -|         -|           -|      -|       yes|        3075|  3.075e+04|  -1.03|         -|   3 (1%)|  153 (~0%)|   354 (~0%)|    -|
|     o LTP_LOOP                                    |      II|    Memory Dependency|        14|          12|    256|       yes|        3073|  3.073e+04|   7.30|         -|        -|          -|           -|    -|
|  + apply_rstdp_reward                             |       -|                    -|         -|      137221|      -|        no|      137221|  1.372e+06|   0.44|         -|  2 (~0%)|  660 (~0%)|    982 (1%)|    -|
|   o RSTDP_CONN_LOOP                               |       -|                    -|     68610|           -|      2|        no|      137220|  1.372e+06|   7.30|         -|        -|          -|           -|    -|
|    o RSTDP_OUTER                                  |       -|                    -|       268|           -|    256|        no|       68608|  6.861e+05|   7.30|         -|        -|          -|           -|    -|
|     + apply_rstdp_reward_Pipeline_RSTDP_INNER     |       -|                    -|         -|           -|      -|       yes|         265|  2.650e+03|   0.44|         -|  2 (~0%)|  533 (~0%)|    593 (1%)|    -|
|      o RSTDP_INNER                                |       -|                    -|         9|           1|    256|       yes|         263|  2.630e+03|   7.30|         -|        -|          -|           -|    -|
|  + decay_eligibility_traces                       |       -|                    -|         -|         531|      -|        no|         531|  5.310e+03|   0.74|         -|        -|   50 (~0%)|   174 (~0%)|    -|
|   + decay_eligibility_traces_Pipeline_DECAY_PRE   |       -|                    -|         -|           -|      -|       yes|         530|  5.300e+03|   0.74|         -|        -|   23 (~0%)|    79 (~0%)|    -|
|    o DECAY_PRE                                    |       -|                    -|         2|           1|    528|       yes|         528|  5.280e+03|   7.30|         -|        -|          -|           -|    -|
|   + decay_eligibility_traces_Pipeline_DECAY_POST  |       -|                    -|         -|           -|      -|       yes|         530|  5.300e+03|   0.74|         -|        -|   23 (~0%)|    79 (~0%)|    -|
|    o DECAY_POST                                   |       -|                    -|         2|           1|    528|       yes|         528|  5.280e+03|   7.30|         -|        -|          -|           -|    -|
+---------------------------------------------------+--------+---------------------+----------+------------+-------+----------+------------+-----------+-------+----------+---------+-----------+------------+-----+
    II Violation Information: docs.amd.com/access/sources/dita/topic?Doc_Version=2025.2%20English&url=ug1448-hls-guidance&resourceid=200-880.html
    Name Prefix: '+' for module, 'o' for loop, '*' for dataflow


================================================================
== HW Interfaces
================================================================
* S_AXILITE Interfaces
+------------+------------+---------------+--------+----------+
| Interface  | Data Width | Address Width | Offset | Register |
+------------+------------+---------------+--------+----------+
| s_axi_ctrl | 32         | 8             | 16     | 0        |
+------------+------------+---------------+--------+----------+

* S_AXILITE Registers
+------------+----------------------+--------+-------+--------+-----------------------------------+----------------------------------------------------------------------+
| Interface  | Register             | Offset | Width | Access | Description                       | Bit Fields                                                           |
+------------+----------------------+--------+-------+--------+-----------------------------------+----------------------------------------------------------------------+
| s_axi_ctrl | CTRL                 | 0x00   | 32    | RW     | Control signals                   | 0=AP_START 1=AP_DONE 2=AP_IDLE 3=AP_READY 7=AUTO_RESTART 9=INTERRUPT |
| s_axi_ctrl | GIER                 | 0x04   | 32    | RW     | Global Interrupt Enable Register  | 0=Enable                                                             |
| s_axi_ctrl | IP_IER               | 0x08   | 32    | RW     | IP Interrupt Enable Register      | 0=CHAN0_INT_EN 1=CHAN1_INT_EN                                        |
| s_axi_ctrl | IP_ISR               | 0x0c   | 32    | RW     | IP Interrupt Status Register      | 0=CHAN0_INT_ST 1=CHAN1_INT_ST                                        |
| s_axi_ctrl | ctrl_reg             | 0x10   | 32    | W      | Data signal of ctrl_reg           |                                                                      |
| s_axi_ctrl | config_reg           | 0x18   | 32    | W      | Data signal of config_reg         |                                                                      |
| s_axi_ctrl | mode_reg             | 0x20   | 32    | W      | Data signal of mode_reg           |                                                                      |
| s_axi_ctrl | time_steps_reg       | 0x28   | 32    | W      | Data signal of time_steps_reg     |                                                                      |
| s_axi_ctrl | learning_params_1    | 0x30   | 32    | W      | Data signal of learning_params    |                                                                      |
| s_axi_ctrl | learning_params_2    | 0x34   | 32    | W      | Data signal of learning_params    |                                                                      |
| s_axi_ctrl | learning_params_3    | 0x38   | 32    | W      | Data signal of learning_params    |                                                                      |
| s_axi_ctrl | learning_params_4    | 0x3c   | 32    | W      | Data signal of learning_params    |                                                                      |
| s_axi_ctrl | learning_params_5    | 0x40   | 32    | W      | Data signal of learning_params    |                                                                      |
| s_axi_ctrl | encoder_config_1     | 0x48   | 32    | W      | Data signal of encoder_config     |                                                                      |
| s_axi_ctrl | encoder_config_2     | 0x4c   | 32    | W      | Data signal of encoder_config     |                                                                      |
| s_axi_ctrl | encoder_config_3     | 0x50   | 32    | W      | Data signal of encoder_config     |                                                                      |
| s_axi_ctrl | status_reg           | 0x58   | 32    | R      | Data signal of status_reg         |                                                                      |
| s_axi_ctrl | status_reg_ctrl      | 0x5c   | 32    | R      | Control signal of status_reg      | 0=status_reg_ap_vld                                                  |
| s_axi_ctrl | spike_count_reg      | 0x68   | 32    | R      | Data signal of spike_count_reg    |                                                                      |
| s_axi_ctrl | spike_count_reg_ctrl | 0x6c   | 32    | R      | Control signal of spike_count_reg | 0=spike_count_reg_ap_vld                                             |
| s_axi_ctrl | weight_sum_reg       | 0x78   | 32    | R      | Data signal of weight_sum_reg     |                                                                      |
| s_axi_ctrl | weight_sum_reg_ctrl  | 0x7c   | 32    | R      | Control signal of weight_sum_reg  | 0=weight_sum_reg_ap_vld                                              |
| s_axi_ctrl | version_reg          | 0x88   | 32    | R      | Data signal of version_reg        |                                                                      |
| s_axi_ctrl | version_reg_ctrl     | 0x8c   | 32    | R      | Control signal of version_reg     | 0=version_reg_ap_vld                                                 |
| s_axi_ctrl | reward_signal        | 0x98   | 32    | W      | Data signal of reward_signal      |                                                                      |
+------------+----------------------+--------+-------+--------+-----------------------------------+----------------------------------------------------------------------+

* AXIS
+----------------+-----------+---------------+-------+-------+-----+-------+-------+--------+-------+-------+--------+
| Interface      | Direction | Register Mode | TDATA | TDEST | TID | TKEEP | TLAST | TREADY | TSTRB | TUSER | TVALID |
+----------------+-----------+---------------+-------+-------+-----+-------+-------+--------+-------+-------+--------+
| m_axis_spikes  | out       | both          | 32    | 1     | 1   | 4     | 1     | 1      | 4     | 1     | 1      |
| m_axis_weights | out       | both          | 32    | 1     | 1   | 4     | 1     | 1      | 4     | 1     | 1      |
| s_axis_data    | in        | both          | 32    | 1     | 1   | 4     | 1     | 1      | 4     | 1     | 1      |
| s_axis_spikes  | in        | both          | 32    | 1     | 1   | 4     | 1     | 1      | 4     | 1     | 1      |
| s_axis_weights | in        | both          | 32    | 1     | 1   | 4     | 1     | 1      | 4     | 1     | 1      |
+----------------+-----------+---------------+-------+-------+-----+-------+-------+--------+-------+-------+--------+

* Other Ports
+-------------------------+---------+-----------+----------+
| Port                    | Mode    | Direction | Bitwidth |
+-------------------------+---------+-----------+----------+
| leak_rate_out           | ap_none | out       | 16       |
| learn_weight_data       | ap_none | out       | 8        |
| learn_weight_dst        | ap_none | out       | 8        |
| learn_weight_dst_group  | ap_none | out       | 2        |
| learn_weight_exc        | ap_none | out       | 1        |
| learn_weight_fanout_idx | ap_none | out       | 8        |
| learn_weight_group      | ap_none | out       | 2        |
| learn_weight_is_inter   | ap_none | out       | 1        |
| learn_weight_ready      | ap_none | in        | 1        |
| learn_weight_src        | ap_none | out       | 8        |
| learn_weight_valid      | ap_none | out       | 1        |
| snn_busy                | ap_none | in        | 1        |
| snn_enable              | ap_none | out       | 1        |
| snn_ready               | ap_none | in        | 1        |
| snn_reset               | ap_none | out       | 1        |
| spike_in_neuron_id      | ap_none | out       | 10       |
| spike_in_ready          | ap_none | in        | 1        |
| spike_in_valid          | ap_none | out       | 1        |
| spike_in_weight         | ap_none | out       | 8        |
| spike_out_neuron_id     | ap_none | in        | 10       |
| spike_out_ready         | ap_none | out       | 1        |
| spike_out_valid         | ap_none | in        | 1        |
| spike_out_weight        | ap_none | in        | 8        |
| threshold_out           | ap_none | out       | 16       |
+-------------------------+---------+-----------+----------+

* TOP LEVEL CONTROL
+-----------+------------+-----------+
| Interface | Type       | Ports     |
+-----------+------------+-----------+
| ap_clk    | clock      | ap_clk    |
| ap_rst_n  | reset      | ap_rst_n  |
| interrupt | interrupt  | interrupt |
| ap_ctrl   | ap_ctrl_hs |           |
+-----------+------------+-----------+


================================================================
== SW I/O Information
================================================================
* Top Function Arguments
+-------------------------+-----------+------------------------------------------------------------------------------+
| Argument                | Direction | Datatype                                                                     |
+-------------------------+-----------+------------------------------------------------------------------------------+
| ctrl_reg                | in        | ap_uint<32>                                                                  |
| config_reg              | in        | ap_uint<32>                                                                  |
| mode_reg                | in        | ap_uint<32>                                                                  |
| time_steps_reg          | in        | ap_uint<32>                                                                  |
| learning_params         | in        | learning_params_t                                                            |
| encoder_config          | in        | encoder_config_t                                                             |
| status_reg              | out       | ap_uint<32>&                                                                 |
| spike_count_reg         | out       | ap_uint<32>&                                                                 |
| weight_sum_reg          | out       | ap_uint<32>&                                                                 |
| version_reg             | out       | ap_uint<32>&                                                                 |
| s_axis_spikes           | in        | stream<hls::axis<ap_uint<32>, 1UL, 1UL, 1UL, (unsigned char)'8', false>, 0>& |
| s_axis_data             | in        | stream<hls::axis<ap_uint<32>, 1UL, 1UL, 1UL, (unsigned char)'8', false>, 0>& |
| s_axis_weights          | in        | stream<hls::axis<ap_uint<32>, 1UL, 1UL, 1UL, (unsigned char)'8', false>, 0>& |
| m_axis_spikes           | out       | stream<hls::axis<ap_uint<32>, 1UL, 1UL, 1UL, (unsigned char)'8', false>, 0>& |
| m_axis_weights          | out       | stream<hls::axis<ap_uint<32>, 1UL, 1UL, 1UL, (unsigned char)'8', false>, 0>& |
| reward_signal           | in        | ap_int<8>                                                                    |
| spike_in_valid          | out       | ap_uint<1>&                                                                  |
| spike_in_neuron_id      | out       | ap_uint<10>&                                                                 |
| spike_in_weight         | out       | ap_int<8>&                                                                   |
| spike_in_ready          | in        | ap_uint<1>                                                                   |
| spike_out_valid         | in        | ap_uint<1>                                                                   |
| spike_out_neuron_id     | in        | ap_uint<10>                                                                  |
| spike_out_weight        | in        | ap_int<8>                                                                    |
| spike_out_ready         | out       | ap_uint<1>&                                                                  |
| learn_weight_valid      | out       | ap_uint<1>&                                                                  |
| learn_weight_group      | out       | ap_uint<2>&                                                                  |
| learn_weight_src        | out       | ap_uint<8>&                                                                  |
| learn_weight_dst        | out       | ap_uint<8>&                                                                  |
| learn_weight_data       | out       | ap_uint<8>&                                                                  |
| learn_weight_exc        | out       | ap_uint<1>&                                                                  |
| learn_weight_is_inter   | out       | ap_uint<1>&                                                                  |
| learn_weight_dst_group  | out       | ap_uint<2>&                                                                  |
| learn_weight_fanout_idx | out       | ap_uint<8>&                                                                  |
| learn_weight_ready      | in        | ap_uint<1>                                                                   |
| snn_enable              | out       | ap_uint<1>&                                                                  |
| snn_reset               | out       | ap_uint<1>&                                                                  |
| threshold_out           | out       | ap_uint<16>&                                                                 |
| leak_rate_out           | out       | ap_uint<16>&                                                                 |
| snn_ready               | in        | ap_uint<1>                                                                   |
| snn_busy                | in        | ap_uint<1>                                                                   |
+-------------------------+-----------+------------------------------------------------------------------------------+

* SW-to-HW Mapping
+-------------------------+-------------------------+-----------+------------------------------------------------+
| Argument                | HW Interface            | HW Type   | HW Info                                        |
+-------------------------+-------------------------+-----------+------------------------------------------------+
| ctrl_reg                | s_axi_ctrl              | register  | name=ctrl_reg offset=0x10 range=32             |
| config_reg              | s_axi_ctrl              | register  | name=config_reg offset=0x18 range=32           |
| mode_reg                | s_axi_ctrl              | register  | name=mode_reg offset=0x20 range=32             |
| time_steps_reg          | s_axi_ctrl              | register  | name=time_steps_reg offset=0x28 range=32       |
| learning_params         | s_axi_ctrl              | register  | name=learning_params_1 offset=0x30 range=32    |
| learning_params         | s_axi_ctrl              | register  | name=learning_params_2 offset=0x34 range=32    |
| learning_params         | s_axi_ctrl              | register  | name=learning_params_3 offset=0x38 range=32    |
| learning_params         | s_axi_ctrl              | register  | name=learning_params_4 offset=0x3c range=32    |
| learning_params         | s_axi_ctrl              | register  | name=learning_params_5 offset=0x40 range=32    |
| encoder_config          | s_axi_ctrl              | register  | name=encoder_config_1 offset=0x48 range=32     |
| encoder_config          | s_axi_ctrl              | register  | name=encoder_config_2 offset=0x4c range=32     |
| encoder_config          | s_axi_ctrl              | register  | name=encoder_config_3 offset=0x50 range=32     |
| status_reg              | s_axi_ctrl              | register  | name=status_reg offset=0x58 range=32           |
| status_reg              | s_axi_ctrl              | register  | name=status_reg_ctrl offset=0x5c range=32      |
| spike_count_reg         | s_axi_ctrl              | register  | name=spike_count_reg offset=0x68 range=32      |
| spike_count_reg         | s_axi_ctrl              | register  | name=spike_count_reg_ctrl offset=0x6c range=32 |
| weight_sum_reg          | s_axi_ctrl              | register  | name=weight_sum_reg offset=0x78 range=32       |
| weight_sum_reg          | s_axi_ctrl              | register  | name=weight_sum_reg_ctrl offset=0x7c range=32  |
| version_reg             | s_axi_ctrl              | register  | name=version_reg offset=0x88 range=32          |
| version_reg             | s_axi_ctrl              | register  | name=version_reg_ctrl offset=0x8c range=32     |
| s_axis_spikes           | s_axis_spikes           | interface |                                                |
| s_axis_data             | s_axis_data             | interface |                                                |
| s_axis_weights          | s_axis_weights          | interface |                                                |
| m_axis_spikes           | m_axis_spikes           | interface |                                                |
| m_axis_weights          | m_axis_weights          | interface |                                                |
| reward_signal           | s_axi_ctrl              | register  | name=reward_signal offset=0x98 range=32        |
| spike_in_valid          | spike_in_valid          | port      |                                                |
| spike_in_neuron_id      | spike_in_neuron_id      | port      |                                                |
| spike_in_weight         | spike_in_weight         | port      |                                                |
| spike_in_ready          | spike_in_ready          | port      |                                                |
| spike_out_valid         | spike_out_valid         | port      |                                                |
| spike_out_neuron_id     | spike_out_neuron_id     | port      |                                                |
| spike_out_weight        | spike_out_weight        | port      |                                                |
| spike_out_ready         | spike_out_ready         | port      |                                                |
| learn_weight_valid      | learn_weight_valid      | port      |                                                |
| learn_weight_group      | learn_weight_group      | port      |                                                |
| learn_weight_src        | learn_weight_src        | port      |                                                |
| learn_weight_dst        | learn_weight_dst        | port      |                                                |
| learn_weight_data       | learn_weight_data       | port      |                                                |
| learn_weight_exc        | learn_weight_exc        | port      |                                                |
| learn_weight_is_inter   | learn_weight_is_inter   | port      |                                                |
| learn_weight_dst_group  | learn_weight_dst_group  | port      |                                                |
| learn_weight_fanout_idx | learn_weight_fanout_idx | port      |                                                |
| learn_weight_ready      | learn_weight_ready      | port      |                                                |
| snn_enable              | snn_enable              | port      |                                                |
| snn_reset               | snn_reset               | port      |                                                |
| threshold_out           | threshold_out           | port      |                                                |
| leak_rate_out           | leak_rate_out           | port      |                                                |
| snn_ready               | snn_ready               | port      |                                                |
| snn_busy                | snn_busy                | port      |                                                |
+-------------------------+-------------------------+-----------+------------------------------------------------+


================================================================
== M_AXI Burst Information
================================================================
 Note: All burst requests might be further partitioned into multiple requests during RTL generation based on max_read_burst_length or max_write_burst_length settings.


================================================================
== Bind Op Report
================================================================
+--------------------------------------------------+-----+--------+------------------------------------+-----------+------------------------+---------+
| Name                                             | DSP | Pragma | Variable                           | Op        | Impl                   | Latency |
+--------------------------------------------------+-----+--------+------------------------------------+-----------+------------------------+---------+
| + snn_top_hls                                    | 10  |        |                                    |           |                        |         |
|   checkpoint_mode_fu_1655_p2                     |     |        | checkpoint_mode                    | seteq     | auto                   | 0       |
|   stdp_mode_fu_1661_p2                           |     |        | stdp_mode                          | seteq     | auto                   | 0       |
|   stdp_active_fu_1667_p2                         |     |        | stdp_active                        | and       | auto                   | 0       |
|   icmp_ln738_fu_1673_p2                          |     |        | icmp_ln738                         | seteq     | auto                   | 0       |
|   time_steps_1_fu_1683_p3                        |     |        | time_steps_1                       | select    | auto_sel               | 0       |
|   xor_ln757_fu_1719_p2                           |     |        | xor_ln757                          | xor       | auto                   | 0       |
|   or_ln757_fu_1725_p2                            |     |        | or_ln757                           | or        | auto                   | 0       |
|   icmp_ln371_fu_1879_p2                          |     |        | icmp_ln371                         | seteq     | auto                   | 0       |
|   xor_ln371_2_fu_1893_p2                         |     |        | xor_ln371_2                        | xor       | auto                   | 0       |
|   icmp_ln371_1_fu_1899_p2                        |     |        | icmp_ln371_1                       | setlt     | auto                   | 0       |
|   g_0_i_i8_fu_1968_p6                            |     |        | select_ln371                       | select    | auto_sel               | 0       |
|   xor_ln371_fu_1951_p2                           |     |        | xor_ln371                          | xor       | auto                   | 0       |
|   and_ln371_fu_1956_p2                           |     |        | and_ln371                          | and       | auto                   | 0       |
|   sparsemux_7_2_2_1_1_U167                       |     |        | g_0_i_i8                           | sparsemux | onehotencoding_realdef | 0       |
|   or_ln371_fu_1992_p2                            |     |        | or_ln371                           | or        | auto                   | 0       |
|   cleanup_dest_slot_0_i_i_demorgan_fu_1996_p2    |     |        | cleanup_dest_slot_0_i_i_demorgan   | or        | auto                   | 0       |
|   cleanup_dest_slot_0_i_i_fu_2118_p2             |     |        | cleanup_dest_slot_0_i_i            | xor       | auto                   | 0       |
|   src_g_fu_2001_p3                               |     |        | src_g                              | select    | auto_sel               | 0       |
|   icmp_ln371_2_fu_1915_p2                        |     |        | icmp_ln371_2                       | seteq     | auto                   | 0       |
|   xor_ln371_3_fu_1929_p2                         |     |        | xor_ln371_3                        | xor       | auto                   | 0       |
|   icmp_ln371_3_fu_1935_p2                        |     |        | icmp_ln371_3                       | setlt     | auto                   | 0       |
|   g_0_i23_i6_fu_2033_p6                          |     |        | select_ln371_1                     | select    | auto_sel               | 0       |
|   xor_ln371_1_fu_2016_p2                         |     |        | xor_ln371_1                        | xor       | auto                   | 0       |
|   and_ln371_1_fu_2021_p2                         |     |        | and_ln371_1                        | and       | auto                   | 0       |
|   sparsemux_7_2_2_1_1_U168                       |     |        | g_0_i23_i6                         | sparsemux | onehotencoding_realdef | 0       |
|   or_ln371_1_fu_2057_p2                          |     |        | or_ln371_1                         | or        | auto                   | 0       |
|   cleanup_dest_slot_0_i45_i_demorgan_fu_2061_p2  |     |        | cleanup_dest_slot_0_i45_i_demorgan | or        | auto                   | 0       |
|   cleanup_dest_slot_0_i45_i_fu_2126_p2           |     |        | cleanup_dest_slot_0_i45_i          | xor       | auto                   | 0       |
|   dst_g_fu_2066_p3                               |     |        | dst_g                              | select    | auto_sel               | 0       |
|   icmp_ln384_fu_2074_p2                          |     |        | icmp_ln384                         | seteq     | auto                   | 0       |
|   icmp_ln385_fu_2080_p2                          |     |        | icmp_ln385                         | seteq     | auto                   | 0       |
|   and_ln384_fu_2086_p2                           |     |        | and_ln384                          | and       | auto                   | 0       |
|   select_ln404_fu_2092_p3                        |     |        | select_ln404                       | select    | auto_sel               | 0       |
|   local_src_fu_2100_p2                           |     |        | local_src                          | sub       | fabric                 | 0       |
|   select_ln405_fu_2131_p3                        |     |        | select_ln405                       | select    | auto_sel               | 0       |
|   local_dst_fu_2138_p2                           |     |        | local_dst                          | sub       | fabric                 | 0       |
|   select_ln406_fu_2148_p3                        |     |        | select_ln406                       | select    | auto_sel               | 0       |
|   select_ln406_1_fu_2173_p3                      |     |        | select_ln406_1                     | select    | auto_sel               | 0       |
|   xor_ln384_fu_2196_p2                           |     |        | xor_ln384                          | xor       | auto                   | 0       |
|   icmp_ln384_1_fu_2106_p2                        |     |        | icmp_ln384_1                       | setne     | auto                   | 0       |
|   icmp_ln384_2_fu_2112_p2                        |     |        | icmp_ln384_2                       | setne     | auto                   | 0       |
|   or_ln384_fu_2201_p2                            |     |        | or_ln384                           | or        | auto                   | 0       |
|   and_ln384_1_fu_2205_p2                         |     |        | and_ln384_1                        | and       | auto                   | 0       |
|   or_ln384_1_fu_2211_p2                          |     |        | or_ln384_1                         | or        | auto                   | 0       |
|   or_ln384_2_fu_2217_p2                          |     |        | or_ln384_2                         | or        | auto                   | 0       |
|   widx_fu_2223_p3                                |     |        | widx                               | select    | auto_sel               | 0       |
|   icmp_ln131_fu_2248_p2                          |     |        | icmp_ln131                         | setgt     | auto                   | 0       |
|   icmp_ln132_fu_2254_p2                          |     |        | icmp_ln132                         | setlt     | auto                   | 0       |
|   select_ln131_1_fu_2268_p3                      |     |        | select_ln131_1                     | select    | auto_sel               | 0       |
|   or_ln131_fu_2276_p2                            |     |        | or_ln131                           | or        | auto                   | 0       |
|   select_ln131_fu_2282_p3                        |     |        | select_ln131                       | select    | auto_sel               | 0       |
|   xor_ln857_fu_2334_p2                           |     |        | xor_ln857                          | xor       | auto                   | 0       |
|   or_ln857_fu_2339_p2                            |     |        | or_ln857                           | or        | auto                   | 0       |
|   icmp_ln873_fu_2345_p2                          |     |        | icmp_ln873                         | setne     | auto                   | 0       |
|   and_ln873_fu_2350_p2                           |     |        | and_ln873                          | and       | auto                   | 0       |
|   xor_ln909_fu_2371_p2                           |     |        | xor_ln909                          | xor       | auto                   | 0       |
|   xor_ln909_1_fu_2376_p2                         |     |        | xor_ln909_1                        | xor       | auto                   | 0       |
|   or_ln909_fu_2381_p2                            |     |        | or_ln909                           | or        | auto                   | 0       |
|   xor_ln961_fu_2387_p2                           |     |        | xor_ln961                          | xor       | auto                   | 0       |
|   or_ln961_fu_2392_p2                            |     |        | or_ln961                           | or        | auto                   | 0       |
|   xor_ln977_fu_2398_p2                           |     |        | xor_ln977                          | xor       | auto                   | 0       |
|   or_ln977_fu_2403_p2                            |     |        | or_ln977                           | or        | auto                   | 0       |
|   and_ln1028_fu_2409_p2                          |     |        | and_ln1028                         | and       | auto                   | 0       |
|   xor_ln1028_fu_2413_p2                          |     |        | xor_ln1028                         | xor       | auto                   | 0       |
|   or_ln1041_fu_2419_p2                           |     |        | or_ln1041                          | or        | auto                   | 0       |
|   xor_ln1028_1_fu_2423_p2                        |     |        | xor_ln1028_1                       | xor       | auto                   | 0       |
|   or_ln1028_fu_2428_p2                           |     |        | or_ln1028                          | or        | auto                   | 0       |
|   xor_ln900_fu_2434_p2                           |     |        | xor_ln900                          | xor       | auto                   | 0       |
|   or_ln900_fu_2440_p2                            |     |        | or_ln900                           | or        | auto                   | 0       |
|   icmp_ln1057_not_fu_2445_p2                     |     |        | icmp_ln1057_not                    | setne     | auto                   | 0       |
|   not_or_ln1057_fu_2450_p2                       |     |        | not_or_ln1057                      | and       | auto                   | 0       |
|   icmp_ln884_fu_2482_p2                          |     |        | icmp_ln884                         | seteq     | auto                   | 0       |
|   t_2_fu_2487_p2                                 |     |        | t_2                                | add       | fabric                 | 0       |
|   and_ln888_fu_2493_p2                           |     |        | and_ln888                          | and       | auto                   | 0       |
|   new_elig_fu_2634_p2                            |     |        | new_elig                           | add       | fabric                 | 0       |
|   icmp_ln533_fu_2650_p2                          |     |        | icmp_ln533                         | seteq     | auto                   | 0       |
|   select_ln533_fu_2660_p3                        |     |        | select_ln533                       | select    | auto_sel               | 0       |
|   grp_fu_1487_p2                                 |     |        | add_ln945                          | add       | fabric                 | 0       |
|   add_ln948_fu_2669_p2                           |     |        | add_ln948                          | add       | fabric                 | 0       |
|   xor_ln1011_fu_2758_p2                          |     |        | xor_ln1011                         | xor       | auto                   | 0       |
|   new_elig_1_fu_2778_p2                          |     |        | new_elig_1                         | add       | fabric                 | 0       |
|   icmp_ln540_fu_2794_p2                          |     |        | icmp_ln540                         | seteq     | auto                   | 0       |
|   select_ln540_fu_2804_p3                        |     |        | select_ln540                       | select    | auto_sel               | 0       |
|   grp_fu_1487_p2                                 |     |        | add_ln1022                         | add       | fabric                 | 0       |
|   and_ln1028_1_fu_2813_p2                        |     |        | and_ln1028_1                       | and       | auto                   | 0       |
|   full_last_fu_2842_p2                           |     |        | full_last                          | setgt     | auto                   | 0       |
|   next_pos_fu_2852_p2                            |     |        | next_pos                           | add       | fabric                 | 0       |
|   icmp_ln1059_fu_2858_p2                         |     |        | icmp_ln1059                        | setlt     | auto                   | 0       |
|   chunk_last_fu_2863_p2                          |     |        | chunk_last                         | xor       | auto                   | 0       |
|   chunk_last_1_fu_2869_p2                        |     |        | chunk_last_1                       | and       | auto                   | 0       |
|   w_pkt_last_fu_2874_p2                          |     |        | w_pkt_last                         | or        | auto                   | 0       |
|   add_ln1067_fu_2880_p2                          |     |        | add_ln1067                         | add       | fabric                 | 0       |
|   icmp_ln1068_fu_2886_p2                         |     |        | icmp_ln1068                        | setgt     | auto                   | 0       |
|   select_ln1068_fu_2892_p3                       |     |        | select_ln1068                      | select    | auto_sel               | 0       |
|   select_ln1071_fu_2906_p3                       |     |        | select_ln1071                      | select    | auto_sel               | 0       |
|   add_ln1079_fu_2938_p2                          |     |        | add_ln1079                         | add       | fabric                 | 0       |
|   icmp_ln884_1_fu_2507_p2                        |     |        | icmp_ln884_1                       | seteq     | auto                   | 0       |
|   or_ln1106_fu_2541_p2                           |     |        | or_ln1106                          | or        | auto                   | 0       |
|   and_ln1106_fu_2547_p2                          |     |        | and_ln1106                         | and       | auto                   | 0       |
|  + snn_top_hls_Pipeline_RESET_ELIG               | 0   |        |                                    |           |                        |         |
|    icmp_ln782_fu_90_p2                           |     |        | icmp_ln782                         | seteq     | auto                   | 0       |
|    add_ln782_fu_96_p2                            |     |        | add_ln782                          | add       | fabric                 | 0       |
|  + snn_top_hls_Pipeline_RESET_TRACES             | 0   |        |                                    |           |                        |         |
|    icmp_ln790_fu_90_p2                           |     |        | icmp_ln790                         | seteq     | auto                   | 0       |
|    add_ln790_fu_96_p2                            |     |        | add_ln790                          | add       | fabric                 | 0       |
|  + snn_top_hls_Pipeline_RESET_ENCODER            | 0   |        |                                    |           |                        |         |
|    icmp_ln797_fu_94_p2                           |     |        | icmp_ln797                         | seteq     | auto                   | 0       |
|    add_ln797_fu_100_p2                           |     |        | add_ln797                          | add       | fabric                 | 0       |
|  + snn_top_hls_Pipeline_INIT_WEIGHT              | 0   |        |                                    |           |                        |         |
|    icmp_ln804_fu_66_p2                           |     |        | icmp_ln804                         | seteq     | auto                   | 0       |
|    add_ln804_fu_72_p2                            |     |        | add_ln804                          | add       | fabric                 | 0       |
|  + snn_top_hls_Pipeline_LOAD_FRAME               | 0   |        |                                    |           |                        |         |
|    add_ln858_fu_174_p2                           |     |        | add_ln858                          | add       | fabric                 | 0       |
|    xor_ln867_fu_248_p2                           |     |        | xor_ln867                          | xor       | auto                   | 0       |
|    icmp_ln858_fu_254_p2                          |     |        | icmp_ln858                         | setlt     | auto                   | 0       |
|    or_cond56_fu_260_p2                           |     |        | or_cond56                          | and       | auto                   | 0       |
|  + decay_all_traces                              | 2   |        |                                    |           |                        |         |
|   + decay_all_traces_Pipeline_DECAY_PRE_TRACE    | 1   |        |                                    |           |                        |         |
|     icmp_ln209_fu_101_p2                         |     |        | icmp_ln209                         | seteq     | auto                   | 0       |
|     add_ln209_fu_107_p2                          |     |        | add_ln209                          | add       | fabric                 | 0       |
|     mul_8ns_8ns_16_3_1_U17                       | 1   | yes    | mul_decay_pre                      | mul       | dsp                    | 2       |
|     sub_ln215_fu_142_p2                          |     |        | sub_ln215                          | sub       | fabric                 | 0       |
|   + decay_all_traces_Pipeline_DECAY_POST_TRACE   | 1   |        |                                    |           |                        |         |
|     icmp_ln217_fu_101_p2                         |     |        | icmp_ln217                         | seteq     | auto                   | 0       |
|     add_ln217_fu_107_p2                          |     |        | add_ln217                          | add       | fabric                 | 0       |
|     mul_8ns_8ns_16_3_1_U21                       | 1   | yes    | mul_decay_post                     | mul       | dsp                    | 2       |
|     sub_ln223_fu_142_p2                          |     |        | sub_ln223                          | sub       | fabric                 | 0       |
|  + snn_top_hls_Pipeline_WEIGHT_SUM               | 0   |        |                                    |           |                        |         |
|    icmp_ln1135_fu_85_p2                          |     |        | icmp_ln1135                        | seteq     | auto                   | 0       |
|    add_ln1135_fu_91_p2                           |     |        | add_ln1135                         | add       | fabric                 | 0       |
|    weight_sum_1_fu_114_p2                        |     |        | weight_sum_1                       | add       | fabric                 | 0       |
|  + snn_top_hls_Pipeline_ENCODER_LOOP             | 0   |        |                                    |           |                        |         |
|    icmp_ln99_fu_205_p2                           |     |        | icmp_ln99                          | seteq     | auto                   | 0       |
|    icmp_ln93_fu_219_p2                           |     |        | icmp_ln93                          | seteq     | auto                   | 0       |
|    ch_2_fu_225_p2                                |     |        | ch_2                               | add       | fabric                 | 0       |
|    icmp_ln95_fu_253_p2                           |     |        | icmp_ln95                          | setlt     | auto                   | 0       |
|    value_fu_267_p3                               |     |        | value                              | select    | auto_sel               | 0       |
|    select_ln69_fu_279_p3                         |     |        | select_ln69                        | select    | auto_sel               | 0       |
|    add_ln69_fu_287_p2                            |     |        | add_ln69                           | add       | fabric                 | 0       |
|    icmp_ln72_fu_293_p2                           |     |        | icmp_ln72                          | setgt     | auto                   | 0       |
|    sub_ln73_fu_297_p2                            |     |        | sub_ln73                           | sub       | fabric                 | 0       |
|    select_ln72_fu_301_p3                         |     |        | select_ln72                        | select    | auto_sel               | 0       |
|    icmp_ln77_fu_310_p2                           |     |        | icmp_ln77                          | setlt     | auto                   | 0       |
|    encoder_spike_counter_new_3_out               |     |        | add_ln55                           | add       | fabric                 | 0       |
|    sub_ln79_fu_315_p2                            |     |        | sub_ln79                           | sub       | fabric                 | 0       |
|  + process_pre_spike_aer                         | 3   |        |                                    |           |                        |         |
|    new_trace_fu_209_p2                           |     |        | new_trace                          | add       | fabric                 | 0       |
|    select_ln246_fu_227_p3                        |     |        | select_ln246                       | select    | auto_sel               | 0       |
|    icmp_ln168_fu_236_p2                          |     |        | icmp_ln168                         | setgt     | auto                   | 0       |
|    icmp_ln254_fu_244_p2                          |     |        | icmp_ln254                         | seteq     | auto                   | 0       |
|    add_ln254_fu_250_p2                           |     |        | add_ln254                          | add       | fabric                 | 0       |
|    icmp_ln257_fu_256_p2                          |     |        | icmp_ln257                         | seteq     | auto                   | 0       |
|    select_ln258_fu_262_p3                        |     |        | select_ln258                       | select    | auto_sel               | 0       |
|    src_end_fu_270_p3                             |     |        | src_end                            | select    | auto_sel               | 0       |
|    icmp_ln259_fu_278_p2                          |     |        | icmp_ln259                         | setgt     | auto                   | 0       |
|    icmp_ln259_1_fu_283_p2                        |     |        | icmp_ln259_1                       | setlt     | auto                   | 0       |
|    xor_ln259_fu_288_p2                           |     |        | xor_ln259                          | xor       | auto                   | 0       |
|    or_ln259_fu_294_p2                            |     |        | or_ln259                           | or        | auto                   | 0       |
|    local_src_fu_300_p2                           |     |        | local_src                          | sub       | fabric                 | 0       |
|    select_ln262_fu_305_p3                        |     |        | select_ln262                       | select    | auto_sel               | 0       |
|    select_ln262_1_fu_330_p3                      |     |        | select_ln262_1                     | select    | auto_sel               | 0       |
|    base_offset_fu_341_p2                         |     |        | base_offset                        | add       | fabric                 | 0       |
|    select_ln265_fu_348_p3                        |     |        | select_ln265                       | select    | auto_sel               | 0       |
|    add_ln265_fu_355_p2                           |     |        | add_ln265                          | add       | fabric                 | 0       |
|   + process_pre_spike_aer_Pipeline_LTD_LOOP      | 3   |        |                                    |           |                        |         |
|     icmp_ln265_fu_280_p2                         |     |        | icmp_ln265                         | seteq     | auto                   | 0       |
|     add_ln265_fu_285_p2                          |     |        | add_ln265                          | add       | fabric                 | 0       |
|     post_id_fu_295_p2                            |     |        | post_id                            | add       | fabric                 | 0       |
|     icmp_ln276_fu_325_p2                         |     |        | icmp_ln276                         | seteq     | auto                   | 0       |
|     xor_ln282_fu_415_p2                          |     |        | xor_ln282                          | xor       | auto                   | 0       |
|     mul_4ns_8ns_12_3_1_U41                       | 1   | yes    | mul_dt                             | mul       | dsp                    | 2       |
|     mul_12ns_16s_28_4_1_U42                      | 1   | yes    | mul_a                              | mul       | dsp                    | 3       |
|     mul_12s_16s_28_4_1_U43                       | 1   | yes    | mul_ln294                          | mul       | dsp                    | 3       |
|     w_fu_487_p2                                  |     |        | w                                  | sub       | fabric                 | 0       |
|     icmp_ln131_fu_503_p2                         |     |        | icmp_ln131                         | setgt     | auto                   | 0       |
|     icmp_ln132_fu_509_p2                         |     |        | icmp_ln132                         | setlt     | auto                   | 0       |
|     select_ln131_fu_519_p3                       |     |        | select_ln131                       | select    | auto_sel               | 0       |
|     or_ln131_fu_527_p2                           |     |        | or_ln131                           | or        | auto                   | 0       |
|     updated_fu_533_p3                            |     |        | updated                            | select    | auto_sel               | 0       |
|     xor_ln163_fu_335_p2                          |     |        | xor_ln163                          | xor       | auto                   | 0       |
|     or_ln163_fu_341_p2                           |     |        | or_ln163                           | or        | auto                   | 0       |
|     icmp_ln169_fu_346_p2                         |     |        | icmp_ln169                         | setgt     | auto                   | 0       |
|     or_ln168_fu_351_p2                           |     |        | or_ln168                           | or        | auto                   | 0       |
|     learn_bridge_exc                             |     |        | exc                                | xor       | auto                   | 0       |
|     mag_1_fu_554_p2                              |     |        | mag_1                              | sub       | fabric                 | 0       |
|     learn_bridge_data                            |     |        | mag_2                              | select    | auto_sel               | 0       |
|     learn_bridge_is_inter                        |     |        | icmp_ln191                         | setne     | auto                   | 0       |
|     add_ln309_fu_305_p2                          |     |        | add_ln309                          | add       | fabric                 | 0       |
|  + process_post_spike_aer                        | 3   |        |                                    |           |                        |         |
|    new_trace_fu_207_p2                           |     |        | new_trace                          | add       | fabric                 | 0       |
|    select_ln333_fu_225_p3                        |     |        | select_ln333                       | select    | auto_sel               | 0       |
|    icmp_ln169_fu_234_p2                          |     |        | icmp_ln169                         | setgt     | auto                   | 0       |
|    icmp_ln341_fu_242_p2                          |     |        | icmp_ln341                         | seteq     | auto                   | 0       |
|    add_ln341_fu_248_p2                           |     |        | add_ln341                          | add       | fabric                 | 0       |
|    icmp_ln344_fu_254_p2                          |     |        | icmp_ln344                         | seteq     | auto                   | 0       |
|    dst_start_fu_260_p3                           |     |        | dst_start                          | select    | auto_sel               | 0       |
|    dst_end_fu_268_p3                             |     |        | dst_end                            | select    | auto_sel               | 0       |
|    icmp_ln346_fu_276_p2                          |     |        | icmp_ln346                         | setgt     | auto                   | 0       |
|    icmp_ln346_1_fu_281_p2                        |     |        | icmp_ln346_1                       | setlt     | auto                   | 0       |
|    xor_ln346_fu_286_p2                           |     |        | xor_ln346                          | xor       | auto                   | 0       |
|    or_ln346_fu_292_p2                            |     |        | or_ln346                           | or        | auto                   | 0       |
|    local_dst_fu_298_p2                           |     |        | local_dst                          | sub       | fabric                 | 0       |
|    select_ln350_fu_306_p3                        |     |        | select_ln350                       | select    | auto_sel               | 0       |
|    widx_fu_313_p2                                |     |        | widx                               | add       | fabric                 | 0       |
|    select_ln352_fu_320_p3                        |     |        | select_ln352                       | select    | auto_sel               | 0       |
|    select_ln352_1_fu_328_p3                      |     |        | select_ln352_1                     | select    | auto_sel               | 0       |
|   + process_post_spike_aer_Pipeline_LTP_LOOP     | 3   |        |                                    |           |                        |         |
|     icmp_ln352_fu_259_p2                         |     |        | icmp_ln352                         | seteq     | auto                   | 0       |
|     add_ln352_fu_265_p2                          |     |        | add_ln352                          | add       | fabric                 | 0       |
|     pre_id_fu_271_p2                             |     |        | pre_id                             | add       | fabric                 | 0       |
|     icmp_ln363_fu_295_p2                         |     |        | icmp_ln363                         | seteq     | auto                   | 0       |
|     distance_fu_387_p2                           |     |        | distance                           | sub       | fabric                 | 0       |
|     mul_4ns_8ns_12_3_1_U81                       | 1   | yes    | mul_dt                             | mul       | dsp                    | 1       |
|     mul_12ns_16s_28_4_1_U82                      | 1   | yes    | mul_a                              | mul       | dsp                    | 2       |
|     mul_12s_16s_28_4_1_U83                       | 1   | yes    | mul_ln381                          | mul       | dsp                    | 2       |
|     w_fu_447_p2                                  |     |        | w                                  | add       | fabric                 | 0       |
|     icmp_ln131_fu_463_p2                         |     |        | icmp_ln131                         | setgt     | auto                   | 0       |
|     icmp_ln132_fu_469_p2                         |     |        | icmp_ln132                         | setlt     | auto                   | 0       |
|     select_ln131_fu_479_p3                       |     |        | select_ln131                       | select    | auto_sel               | 0       |
|     or_ln131_fu_487_p2                           |     |        | or_ln131                           | or        | auto                   | 0       |
|     updated_fu_493_p3                            |     |        | updated                            | select    | auto_sel               | 0       |
|     xor_ln163_fu_305_p2                          |     |        | xor_ln163                          | xor       | auto                   | 0       |
|     and_ln163_fu_310_p2                          |     |        | and_ln163                          | and       | auto                   | 0       |
|     or_ln163_fu_316_p2                           |     |        | or_ln163                           | or        | auto                   | 0       |
|     learn_bridge_exc                             |     |        | exc                                | xor       | auto                   | 0       |
|     mag_3_fu_515_p2                              |     |        | mag_3                              | sub       | fabric                 | 0       |
|     learn_bridge_data                            |     |        | mag_4                              | select    | auto_sel               | 0       |
|     learn_bridge_is_inter                        |     |        | icmp_ln191                         | setne     | auto                   | 0       |
|     add_ln396_fu_377_p2                          |     |        | add_ln396                          | add       | fabric                 | 0       |
|  + apply_rstdp_reward                            | 2   |        |                                    |           |                        |         |
|    icmp_ln419_fu_225_p2                          |     |        | icmp_ln419                         | setne     | auto                   | 0       |
|    and_ln419_fu_231_p2                           |     |        | and_ln419                          | and       | auto                   | 0       |
|    reward_mag_fu_245_p2                          |     |        | reward_mag                         | sub       | fabric                 | 0       |
|    reward_mag_1_fu_251_p3                        |     |        | reward_mag_1                       | select    | auto_sel               | 0       |
|    icmp_ln426_fu_269_p2                          |     |        | icmp_ln426                         | setne     | auto                   | 0       |
|    icmp_ln427_fu_285_p2                          |     |        | icmp_ln427                         | setne     | auto                   | 0       |
|    icmp_ln428_fu_301_p2                          |     |        | icmp_ln428                         | setne     | auto                   | 0       |
|    shift_sel_fu_335_p6                           |     |        | select_ln428                       | select    | auto_sel               | 0       |
|    xor_ln426_fu_315_p2                           |     |        | xor_ln426                          | xor       | auto                   | 0       |
|    and_ln427_fu_321_p2                           |     |        | and_ln427                          | and       | auto                   | 0       |
|    sparsemux_7_2_2_1_1_U144                      |     |        | shift_sel                          | sparsemux | onehotencoding_realdef | 0       |
|    icmp_ln436_fu_363_p2                          |     |        | icmp_ln436                         | seteq     | auto                   | 0       |
|    add_ln436_fu_369_p2                           |     |        | add_ln436                          | add       | fabric                 | 0       |
|    icmp_ln444_fu_375_p2                          |     |        | icmp_ln444                         | seteq     | auto                   | 0       |
|    select_ln440_fu_381_p3                        |     |        | select_ln440                       | select    | auto_sel               | 0       |
|    select_ln448_fu_389_p3                        |     |        | select_ln448                       | select    | auto_sel               | 0       |
|    select_ln451_fu_397_p3                        |     |        | select_ln451                       | select    | auto_sel               | 0       |
|    select_ln440_1_fu_405_p3                      |     |        | select_ln440_1                     | select    | auto_sel               | 0       |
|    icmp_ln440_fu_413_p2                          |     |        | icmp_ln440                         | seteq     | auto                   | 0       |
|    add_ln440_fu_419_p2                           |     |        | add_ln440                          | add       | fabric                 | 0       |
|    add_ln444_fu_429_p2                           |     |        | add_ln444                          | add       | fabric                 | 0       |
|    icmp_ln446_fu_447_p2                          |     |        | icmp_ln446                         | seteq     | auto                   | 0       |
|    select_ln451_1_fu_479_p3                      |     |        | select_ln451_1                     | select    | auto_sel               | 0       |
|    add_ln451_fu_506_p2                           |     |        | add_ln451                          | add       | fabric                 | 0       |
|   + apply_rstdp_reward_Pipeline_RSTDP_INNER      | 2   |        |                                    |           |                        |         |
|     icmp_ln451_fu_311_p2                         |     |        | icmp_ln451                         | seteq     | auto                   | 0       |
|     add_ln451_1_fu_316_p2                        |     |        | add_ln451_1                        | add       | fabric                 | 0       |
|     post_id_fu_326_p2                            |     |        | post_id                            | add       | fabric                 | 0       |
|     icmp_ln457_fu_356_p2                         |     |        | icmp_ln457                         | seteq     | auto                   | 0       |
|     mul_8s_8s_16_3_1_U118                        | 1   | yes    | mul_elig                           | mul       | dsp                    | 2       |
|     icmp_ln465_fu_500_p2                         |     |        | icmp_ln465                         | seteq     | auto                   | 0       |
|     icmp_ln465_1_fu_505_p2                       |     |        | icmp_ln465_1                       | seteq     | auto                   | 0       |
|     icmp_ln465_2_fu_510_p2                       |     |        | icmp_ln465_2                       | seteq     | auto                   | 0       |
|     sparsemux_9_3_7_1_1_U119                     |     |        | base_scaled_4                      | sparsemux | onehotencoding_realdef | 0       |
|     mul_7s_16s_23_3_1_U120                       | 1   | yes    | mul_rs                             | mul       | dsp                    | 2       |
|     delta_fu_571_p2                              |     |        | delta                              | sub       | fabric                 | 0       |
|     delta_1_fu_577_p3                            |     |        | delta_1                            | select    | auto_sel               | 0       |
|     w_fu_585_p2                                  |     |        | w                                  | add       | fabric                 | 0       |
|     icmp_ln131_fu_601_p2                         |     |        | icmp_ln131                         | setgt     | auto                   | 0       |
|     icmp_ln132_fu_607_p2                         |     |        | icmp_ln132                         | setlt     | auto                   | 0       |
|     select_ln131_fu_617_p3                       |     |        | select_ln131                       | select    | auto_sel               | 0       |
|     or_ln131_fu_625_p2                           |     |        | or_ln131                           | or        | auto                   | 0       |
|     updated_fu_631_p3                            |     |        | updated                            | select    | auto_sel               | 0       |
|     xor_ln163_fu_375_p2                          |     |        | xor_ln163                          | xor       | auto                   | 0       |
|     and_ln163_fu_380_p2                          |     |        | and_ln163                          | and       | auto                   | 0       |
|     icmp_ln169_fu_386_p2                         |     |        | icmp_ln169                         | setgt     | auto                   | 0       |
|     or_ln168_fu_391_p2                           |     |        | or_ln168                           | or        | auto                   | 0       |
|     learn_bridge_exc                             |     |        | exc                                | xor       | auto                   | 0       |
|     mag_5_fu_653_p2                              |     |        | mag_5                              | sub       | fabric                 | 0       |
|     learn_bridge_data                            |     |        | mag_6                              | select    | auto_sel               | 0       |
|     learn_bridge_is_inter                        |     |        | icmp_ln191                         | setne     | auto                   | 0       |
|     add_ln492_fu_336_p2                          |     |        | add_ln492                          | add       | fabric                 | 0       |
|  + decay_eligibility_traces                      | 0   |        |                                    |           |                        |         |
|   + decay_eligibility_traces_Pipeline_DECAY_PRE  | 0   |        |                                    |           |                        |         |
|     icmp_ln506_fu_73_p2                          |     |        | icmp_ln506                         | seteq     | auto                   | 0       |
|     add_ln506_fu_79_p2                           |     |        | add_ln506                          | add       | fabric                 | 0       |
|     sub_ln512_fu_109_p2                          |     |        | sub_ln512                          | sub       | fabric                 | 0       |
|   + decay_eligibility_traces_Pipeline_DECAY_POST | 0   |        |                                    |           |                        |         |
|     icmp_ln516_fu_73_p2                          |     |        | icmp_ln516                         | seteq     | auto                   | 0       |
|     add_ln516_fu_79_p2                           |     |        | add_ln516                          | add       | fabric                 | 0       |
|     sub_ln521_fu_109_p2                          |     |        | sub_ln521                          | sub       | fabric                 | 0       |
+--------------------------------------------------+-----+--------+------------------------------------+-----------+------------------------+---------+


================================================================
== Storage Report
================================================================
+-------------------------------+------------+-----------+------+------+--------+---------------------------+--------+---------+------------------+
| Name                          | Usage      | Type      | BRAM | URAM | Pragma | Variable                  | Impl   | Latency | Bitwidth, Depth, |
|                               |            |           |      |      |        |                           |        |         | Banks            |
+-------------------------------+------------+-----------+------+------+--------+---------------------------+--------+---------+------------------+
| + snn_top_hls                 |            |           | 37   | 0    |        |                           |        |         |                  |
|   ctrl_s_axi_U                | interface  | s_axilite |      |      |        |                           |        |         |                  |
|   encoder_spikes_fifo_U       | fifo array |           | 3    |      |        | encoder_spikes            | memory | 0       | 41, 32, 1        |
|   pre_eligibility_U           | ram_2p     |           |      |      | pragma | pre_eligibility           | lutram | 1       | 8, 528, 1        |
|   post_eligibility_U          | ram_2p     |           |      |      | pragma | post_eligibility          | lutram | 1       | 8, 528, 1        |
|   pre_traces_U                | ram_2p     |           |      |      | pragma | pre_traces                | lutram | 1       | 8, 528, 1        |
|   post_traces_U               | ram_2p     |           |      |      | pragma | post_traces               | lutram | 1       | 8, 528, 1        |
|   p_ZL17encoder_phase_acc_0_U | ram_2p     |           |      |      | pragma | p_ZL17encoder_phase_acc_0 | lutram | 1       | 16, 392, 1       |
|   p_ZL17encoder_phase_acc_1_U | ram_2p     |           |      |      | pragma | p_ZL17encoder_phase_acc_1 | lutram | 1       | 16, 392, 1       |
|   weight_memory_U             | ram_t2p    |           | 32   |      | pragma | weight_memory             | bram   | 3       | 4, 69632, 1      |
|   p_ZL13encoder_frame_0_U     | ram_t2p    |           | 1    |      |        | p_ZL13encoder_frame_0     | auto   | 1       | 8, 392, 1        |
|   p_ZL13encoder_frame_1_U     | ram_t2p    |           | 1    |      |        | p_ZL13encoder_frame_1     | auto   | 1       | 8, 392, 1        |
+-------------------------------+------------+-----------+------+------+--------+---------------------------+--------+---------+------------------+


================================================================
== Pragma Report
================================================================
* Inferred Pragmas
+-----------------+-----------------------------------------------------------+---------------------------------------------------------------------------------+------------------------------------------+
| Type            | Options                                                   | Location                                                                        | Inferred From                            |
+-----------------+-----------------------------------------------------------+---------------------------------------------------------------------------------+------------------------------------------+
| ARRAY_PARTITION | dim=1 type=cyclic factor=2 variable=encoder_frame         | variable encoder_frame in snn_top_hls (src/snn_top_hls.cpp:33)                  | pipeline src/snn_top_hls.cpp:859         |
| ARRAY_PARTITION | dim=1 type=complete variable=CONNECTION_TABLE (.src_size) | variable CONNECTION_TABLE (.src_size) in snn_top_hls (include/snn_top_hls.h:50) | syn.array_partition.complete_threshold=4 |
+-----------------+-----------------------------------------------------------+---------------------------------------------------------------------------------+------------------------------------------+

* Valid Pragma Syntax
+-----------------+---------------------------------------------------------+---------------------------------------------------------------+
| Type            | Options                                                 | Location                                                      |
+-----------------+---------------------------------------------------------+---------------------------------------------------------------+
| INLINE          |                                                         | in find_neuron_group (include/snn_top_hls.h:368)              |
| UNROLL          |                                                         | in find_neuron_group (include/snn_top_hls.h:370)              |
| INLINE          |                                                         | in find_connection (include/snn_top_hls.h:381)                |
| UNROLL          |                                                         | in find_connection (include/snn_top_hls.h:383)                |
| INLINE          |                                                         | in weight_index (include/snn_top_hls.h:395)                   |
| INLINE          |                                                         | in encoder_write_axis_spike (src/snn_top_hls.cpp:43)          |
| INLINE          |                                                         | in encoder_delta_sigma (src/snn_top_hls.cpp:66)               |
| INLINE          |                                                         | in run_encoder_once (src/snn_top_hls.cpp:90)                  |
| PIPELINE        | ii=1                                                    | in run_encoder_once (src/snn_top_hls.cpp:94)                  |
| INLINE          |                                                         | in clip_weight (src/snn_top_hls.cpp:130)                      |
| INLINE          |                                                         | in enqueue_learn_weight_update (src/snn_top_hls.cpp:161)      |
| INLINE          | off                                                     | in decay_all_traces (src/snn_top_hls.cpp:204)                 |
| PIPELINE        | ii=1                                                    | in decay_all_traces (src/snn_top_hls.cpp:210)                 |
| LOOP_TRIPCOUNT  | min=4890 max=4890                                       | in decay_all_traces (src/snn_top_hls.cpp:211)                 |
| BIND_OP         | variable=mul_decay_pre op=mul impl=dsp latency=2        | in decay_all_traces (src/snn_top_hls.cpp:214)                 |
| PIPELINE        | ii=1                                                    | in decay_all_traces (src/snn_top_hls.cpp:218)                 |
| LOOP_TRIPCOUNT  | min=4890 max=4890                                       | in decay_all_traces (src/snn_top_hls.cpp:219)                 |
| BIND_OP         | variable=mul_decay_post op=mul impl=dsp latency=2       | in decay_all_traces (src/snn_top_hls.cpp:222)                 |
| INLINE          | off                                                     | in process_pre_spike_aer (src/snn_top_hls.cpp:242)            |
| LOOP_FLATTEN    | off                                                     | in process_pre_spike_aer (src/snn_top_hls.cpp:255)            |
| PIPELINE        | ii=1                                                    | in process_pre_spike_aer (src/snn_top_hls.cpp:266)            |
| LOOP_TRIPCOUNT  | min=10 max=4096                                         | in process_pre_spike_aer (src/snn_top_hls.cpp:267)            |
| BIND_OP         | variable=mul_dt op=mul impl=dsp latency=2               | in process_pre_spike_aer (src/snn_top_hls.cpp:286)            |
| BIND_OP         | variable=mul_a op=mul impl=dsp latency=3                | in process_pre_spike_aer (src/snn_top_hls.cpp:290)            |
| BIND_OP         | variable=mul_lr op=mul impl=dsp latency=3               | in process_pre_spike_aer (src/snn_top_hls.cpp:295)            |
| INLINE          | off                                                     | in process_post_spike_aer (src/snn_top_hls.cpp:329)           |
| LOOP_FLATTEN    | off                                                     | in process_post_spike_aer (src/snn_top_hls.cpp:342)           |
| PIPELINE        | ii=1                                                    | in process_post_spike_aer (src/snn_top_hls.cpp:353)           |
| LOOP_TRIPCOUNT  | min=10 max=4096                                         | in process_post_spike_aer (src/snn_top_hls.cpp:354)           |
| BIND_OP         | variable=mul_dt op=mul impl=dsp latency=2               | in process_post_spike_aer (src/snn_top_hls.cpp:373)           |
| BIND_OP         | variable=mul_a op=mul impl=dsp latency=3                | in process_post_spike_aer (src/snn_top_hls.cpp:377)           |
| BIND_OP         | variable=mul_lr op=mul impl=dsp latency=3               | in process_post_spike_aer (src/snn_top_hls.cpp:382)           |
| INLINE          | off                                                     | in apply_rstdp_reward (src/snn_top_hls.cpp:417)               |
| LOOP_FLATTEN    | off                                                     | in apply_rstdp_reward (src/snn_top_hls.cpp:437)               |
| LOOP_FLATTEN    | off                                                     | in apply_rstdp_reward (src/snn_top_hls.cpp:441)               |
| LOOP_TRIPCOUNT  | min=10 max=4096                                         | in apply_rstdp_reward (src/snn_top_hls.cpp:442)               |
| PIPELINE        | ii=1                                                    | in apply_rstdp_reward (src/snn_top_hls.cpp:452)               |
| LOOP_TRIPCOUNT  | min=10 max=4096                                         | in apply_rstdp_reward (src/snn_top_hls.cpp:453)               |
| BIND_OP         | variable=mul_elig op=mul impl=dsp latency=2             | in apply_rstdp_reward (src/snn_top_hls.cpp:460)               |
| BIND_OP         | variable=mul_rs op=mul impl=dsp latency=2               | in apply_rstdp_reward (src/snn_top_hls.cpp:474)               |
| INLINE          | off                                                     | in decay_eligibility_traces (src/snn_top_hls.cpp:503)         |
| PIPELINE        | ii=1                                                    | in decay_eligibility_traces (src/snn_top_hls.cpp:507)         |
| LOOP_TRIPCOUNT  | min=4890 max=4890                                       | in decay_eligibility_traces (src/snn_top_hls.cpp:508)         |
| PIPELINE        | ii=1                                                    | in decay_eligibility_traces (src/snn_top_hls.cpp:517)         |
| LOOP_TRIPCOUNT  | min=4890 max=4890                                       | in decay_eligibility_traces (src/snn_top_hls.cpp:518)         |
| INLINE          |                                                         | in update_eligibility_on_pre_spike (src/snn_top_hls.cpp:530)  |
| INLINE          |                                                         | in update_eligibility_on_post_spike (src/snn_top_hls.cpp:537) |
| INTERFACE       | s_axilite port=ctrl_reg bundle=ctrl                     | in snn_top_hls (src/snn_top_hls.cpp:615)                      |
| INTERFACE       | s_axilite port=config_reg bundle=ctrl                   | in snn_top_hls (src/snn_top_hls.cpp:616)                      |
| INTERFACE       | s_axilite port=mode_reg bundle=ctrl                     | in snn_top_hls (src/snn_top_hls.cpp:617)                      |
| INTERFACE       | s_axilite port=time_steps_reg bundle=ctrl               | in snn_top_hls (src/snn_top_hls.cpp:618)                      |
| INTERFACE       | s_axilite port=learning_params bundle=ctrl              | in snn_top_hls (src/snn_top_hls.cpp:619)                      |
| INTERFACE       | s_axilite port=encoder_config bundle=ctrl               | in snn_top_hls (src/snn_top_hls.cpp:620)                      |
| INTERFACE       | s_axilite port=status_reg bundle=ctrl                   | in snn_top_hls (src/snn_top_hls.cpp:621)                      |
| INTERFACE       | s_axilite port=spike_count_reg bundle=ctrl              | in snn_top_hls (src/snn_top_hls.cpp:622)                      |
| INTERFACE       | s_axilite port=weight_sum_reg bundle=ctrl               | in snn_top_hls (src/snn_top_hls.cpp:623)                      |
| INTERFACE       | s_axilite port=version_reg bundle=ctrl                  | in snn_top_hls (src/snn_top_hls.cpp:624)                      |
| INTERFACE       | s_axilite port=reward_signal bundle=ctrl                | in snn_top_hls (src/snn_top_hls.cpp:625)                      |
| INTERFACE       | s_axilite port=return bundle=ctrl                       | in snn_top_hls (src/snn_top_hls.cpp:626)                      |
| INTERFACE       | axis port=s_axis_spikes                                 | in snn_top_hls (src/snn_top_hls.cpp:629)                      |
| INTERFACE       | axis port=s_axis_data                                   | in snn_top_hls (src/snn_top_hls.cpp:630)                      |
| INTERFACE       | axis port=s_axis_weights                                | in snn_top_hls (src/snn_top_hls.cpp:631)                      |
| INTERFACE       | axis port=m_axis_spikes                                 | in snn_top_hls (src/snn_top_hls.cpp:632)                      |
| INTERFACE       | axis port=m_axis_weights                                | in snn_top_hls (src/snn_top_hls.cpp:633)                      |
| INTERFACE       | ap_none port=spike_in_valid                             | in snn_top_hls (src/snn_top_hls.cpp:636)                      |
| INTERFACE       | ap_none port=spike_in_neuron_id                         | in snn_top_hls (src/snn_top_hls.cpp:637)                      |
| INTERFACE       | ap_none port=spike_in_weight                            | in snn_top_hls (src/snn_top_hls.cpp:638)                      |
| INTERFACE       | ap_none port=spike_in_ready                             | in snn_top_hls (src/snn_top_hls.cpp:639)                      |
| INTERFACE       | ap_none port=spike_out_valid                            | in snn_top_hls (src/snn_top_hls.cpp:640)                      |
| INTERFACE       | ap_none port=spike_out_neuron_id                        | in snn_top_hls (src/snn_top_hls.cpp:641)                      |
| INTERFACE       | ap_none port=spike_out_weight                           | in snn_top_hls (src/snn_top_hls.cpp:642)                      |
| INTERFACE       | ap_none port=spike_out_ready                            | in snn_top_hls (src/snn_top_hls.cpp:643)                      |
| INTERFACE       | ap_none port=learn_weight_valid                         | in snn_top_hls (src/snn_top_hls.cpp:644)                      |
| INTERFACE       | ap_none port=learn_weight_group                         | in snn_top_hls (src/snn_top_hls.cpp:645)                      |
| INTERFACE       | ap_none port=learn_weight_src                           | in snn_top_hls (src/snn_top_hls.cpp:646)                      |
| INTERFACE       | ap_none port=learn_weight_dst                           | in snn_top_hls (src/snn_top_hls.cpp:647)                      |
| INTERFACE       | ap_none port=learn_weight_data                          | in snn_top_hls (src/snn_top_hls.cpp:648)                      |
| INTERFACE       | ap_none port=learn_weight_exc                           | in snn_top_hls (src/snn_top_hls.cpp:649)                      |
| INTERFACE       | ap_none port=learn_weight_is_inter                      | in snn_top_hls (src/snn_top_hls.cpp:650)                      |
| INTERFACE       | ap_none port=learn_weight_dst_group                     | in snn_top_hls (src/snn_top_hls.cpp:651)                      |
| INTERFACE       | ap_none port=learn_weight_fanout_idx                    | in snn_top_hls (src/snn_top_hls.cpp:652)                      |
| INTERFACE       | ap_none port=learn_weight_ready                         | in snn_top_hls (src/snn_top_hls.cpp:653)                      |
| INTERFACE       | ap_none port=snn_enable                                 | in snn_top_hls (src/snn_top_hls.cpp:654)                      |
| INTERFACE       | ap_none port=snn_reset                                  | in snn_top_hls (src/snn_top_hls.cpp:655)                      |
| INTERFACE       | ap_none port=threshold_out                              | in snn_top_hls (src/snn_top_hls.cpp:656)                      |
| INTERFACE       | ap_none port=leak_rate_out                              | in snn_top_hls (src/snn_top_hls.cpp:657)                      |
| INTERFACE       | ap_none port=snn_ready                                  | in snn_top_hls (src/snn_top_hls.cpp:658)                      |
| INTERFACE       | ap_none port=snn_busy                                   | in snn_top_hls (src/snn_top_hls.cpp:659)                      |
| BIND_STORAGE    | variable=weight_memory type=RAM_T2P impl=BRAM latency=3 | in snn_top_hls (src/snn_top_hls.cpp:671)                      |
| BIND_STORAGE    | variable=pre_eligibility type=RAM_2P impl=LUTRAM        | in snn_top_hls (src/snn_top_hls.cpp:676)                      |
| BIND_STORAGE    | variable=post_eligibility type=RAM_2P impl=LUTRAM       | in snn_top_hls (src/snn_top_hls.cpp:677)                      |
| BIND_STORAGE    | variable=pre_traces type=RAM_2P impl=LUTRAM             | in snn_top_hls (src/snn_top_hls.cpp:686)                      |
| BIND_STORAGE    | variable=post_traces type=RAM_2P impl=LUTRAM            | in snn_top_hls (src/snn_top_hls.cpp:687)                      |
| BIND_STORAGE    | variable=encoder_phase_acc type=RAM_2P impl=LUTRAM      | in snn_top_hls (src/snn_top_hls.cpp:695)                      |
| ARRAY_PARTITION | variable=encoder_phase_acc cyclic factor=2              | in snn_top_hls (src/snn_top_hls.cpp:696)                      |
| PIPELINE        | ii=1                                                    | in snn_top_hls (src/snn_top_hls.cpp:783)                      |
| LOOP_TRIPCOUNT  | min=4890 max=4890                                       | in snn_top_hls (src/snn_top_hls.cpp:784)                      |
| PIPELINE        | ii=1                                                    | in snn_top_hls (src/snn_top_hls.cpp:791)                      |
| LOOP_TRIPCOUNT  | min=4890 max=4890                                       | in snn_top_hls (src/snn_top_hls.cpp:792)                      |
| PIPELINE        | ii=1                                                    | in snn_top_hls (src/snn_top_hls.cpp:798)                      |
| PIPELINE        | ii=1                                                    | in snn_top_hls (src/snn_top_hls.cpp:805)                      |
| LOOP_TRIPCOUNT  | min=843776 max=843776                                   | in snn_top_hls (src/snn_top_hls.cpp:806)                      |
| PIPELINE        | ii=1                                                    | in snn_top_hls (src/snn_top_hls.cpp:859)                      |
| STREAM          | variable=encoder_spikes depth=32                        | in snn_top_hls (src/snn_top_hls.cpp:879)                      |
| LOOP_FLATTEN    | off                                                     | in snn_top_hls (src/snn_top_hls.cpp:885)                      |
| PIPELINE        | ii=1                                                    | in snn_top_hls (src/snn_top_hls.cpp:1136)                     |
| INLINE          |                                                         | in write_weight (src/snn_top_hls.cpp:1154)                    |
| INLINE          |                                                         | in read_weight (src/snn_top_hls.cpp:1165)                     |
| INLINE          | off                                                     | in load_weights_from_stream (src/snn_top_hls.cpp:1181)        |
| PIPELINE        | ii=1                                                    | in load_weights_from_stream (src/snn_top_hls.cpp:1184)        |
+-----------------+---------------------------------------------------------+---------------------------------------------------------------+


