

================================================================
== Vitis HLS Report for 'apply_rstdp_reward'
================================================================
* Date:           Tue Feb 10 18:59:25 2026

* Version:        2025.2 (Build 6295257 on Nov 14 2025)
* Project:        hls_csim_output
* Solution:       hls (Vivado IP Flow Target)
* Product family: zynq
* Target device:  xc7z020-clg400-1


================================================================
== Performance Estimates
================================================================
+ Timing: 
    * Summary: 
    +--------+----------+----------+------------+
    |  Clock |  Target  | Estimated| Uncertainty|
    +--------+----------+----------+------------+
    |ap_clk  |  10.00 ns|  6.486 ns|     2.70 ns|
    +--------+----------+----------+------------+

+ Latency: 
    * Summary: 
    +---------+---------+-----------+----------+-----+-------+---------+
    |  Latency (cycles) |  Latency (absolute)  |   Interval  | Pipeline|
    |   min   |   max   |    min    |    max   | min |  max  |   Type  |
    +---------+---------+-----------+----------+-----+-------+---------+
    |        1|    67585|  10.000 ns|  0.676 ms|    1|  67585|       no|
    +---------+---------+-----------+----------+-----+-------+---------+

    + Detail: 
        * Instance: 
        +----------------------------------------------------+-----------------------------------------+---------+---------+----------+----------+-----+-----+-------------------+
        |                                                    |                                         |  Latency (cycles) |  Latency (absolute) |  Interval |      Pipeline     |
        |                      Instance                      |                  Module                 |   min   |   max   |    min   |    max   | min | max |        Type       |
        +----------------------------------------------------+-----------------------------------------+---------+---------+----------+----------+-----+-----+-------------------+
        |grp_apply_rstdp_reward_Pipeline_RSTDP_INNER_fu_132  |apply_rstdp_reward_Pipeline_RSTDP_INNER  |      261|      261|  2.610 us|  2.610 us|    0|    0|  loop pipeline stp|
        +----------------------------------------------------+-----------------------------------------+---------+---------+----------+----------+-----+-----+-------------------+

        * Loop: 
        +---------------+---------+---------+----------+-----------+-----------+------+----------+
        |               |  Latency (cycles) | Iteration|  Initiation Interval  | Trip |          |
        |   Loop Name   |   min   |   max   |  Latency |  achieved |   target  | Count| Pipelined|
        +---------------+---------+---------+----------+-----------+-----------+------+----------+
        |- RSTDP_OUTER  |      768|    67584|   3 ~ 264|          -|          -|   256|        no|
        +---------------+---------+---------+----------+-----------+-----------+------+----------+

============================================================
+ Verbose Summary: Synthesis Manager
============================================================
InlineROM: 1
ExposeGlobal: 0
============================================================
+ Verbose Summary: CDFG Model
============================================================
IsTopModel: 0
ResetActiveHigh: 1
IsCombinational: 0
IsDatapathOnly: 0
HasWiredReturn: 1
HasMFsm: 0
HasVarLatency: 1
IsPipeline: 0
IsRtlPipelined: 0
IsInstanceOverlapped: 0
IsDontTouch: 0
HasImplIP: 0
IsGatedGlobalClock: 0


============================================================
+ Verbose Summary: Schedule
============================================================
* Number of FSM states : 4
* Pipeline : 0
* Dataflow Pipeline: 0

* FSM state transitions: 
1 --> 2 
2 --> 3 
3 --> 4 
4 --> 2 

* FSM state operations: 

State 1 <SV = 0> <Delay = 6.48>
ST_1 : Operation 5 [1/1] (0.00ns)   --->   "%specmemcore_ln0 = specmemcore void @_ssdm_op_SpecMemCore, i8 %p_ZL16post_eligibility_0, i64 666, i64 22, i64 18446744073709551615, i1 0"   --->   Operation 5 'specmemcore' 'specmemcore_ln0' <Predicate = true> <Delay = 0.00>
ST_1 : Operation 6 [1/1] (0.00ns)   --->   "%specmemcore_ln0 = specmemcore void @_ssdm_op_SpecMemCore, i8 %p_ZL16post_eligibility_1, i64 666, i64 22, i64 18446744073709551615, i1 0"   --->   Operation 6 'specmemcore' 'specmemcore_ln0' <Predicate = true> <Delay = 0.00>
ST_1 : Operation 7 [1/1] (0.00ns)   --->   "%specmemcore_ln0 = specmemcore void @_ssdm_op_SpecMemCore, i8 %p_ZL15pre_eligibility_0, i64 666, i64 22, i64 18446744073709551615, i1 0"   --->   Operation 7 'specmemcore' 'specmemcore_ln0' <Predicate = true> <Delay = 0.00>
ST_1 : Operation 8 [1/1] (0.00ns)   --->   "%specmemcore_ln0 = specmemcore void @_ssdm_op_SpecMemCore, i8 %p_ZL15pre_eligibility_1, i64 666, i64 22, i64 18446744073709551615, i1 0"   --->   Operation 8 'specmemcore' 'specmemcore_ln0' <Predicate = true> <Delay = 0.00>
ST_1 : Operation 9 [1/1] (0.00ns)   --->   "%specmemcore_ln0 = specmemcore void @_ssdm_op_SpecMemCore, i8 %p_ZL13weight_memory_0, i64 666, i64 22, i64 18446744073709551615, i1 0"   --->   Operation 9 'specmemcore' 'specmemcore_ln0' <Predicate = true> <Delay = 0.00>
ST_1 : Operation 10 [1/1] (0.00ns)   --->   "%specmemcore_ln0 = specmemcore void @_ssdm_op_SpecMemCore, i8 %p_ZL13weight_memory_1, i64 666, i64 22, i64 18446744073709551615, i1 0"   --->   Operation 10 'specmemcore' 'specmemcore_ln0' <Predicate = true> <Delay = 0.00>
ST_1 : Operation 11 [1/1] (0.00ns)   --->   "%params_rstdp_enable_val_read = read i1 @_ssdm_op_Read.ap_auto.i1, i1 %params_rstdp_enable_val" [src/snn_top_hls.cpp:452]   --->   Operation 11 'read' 'params_rstdp_enable_val_read' <Predicate = true> <Delay = 0.00>
ST_1 : Operation 12 [1/1] (0.00ns)   --->   "%reward_signal_read = read i8 @_ssdm_op_Read.ap_auto.i8, i8 %reward_signal" [src/snn_top_hls.cpp:452]   --->   Operation 12 'read' 'reward_signal_read' <Predicate = true> <Delay = 0.00>
ST_1 : Operation 13 [1/1] (1.91ns)   --->   "%icmp_ln458 = icmp_ne  i8 %reward_signal_read, i8 0" [src/snn_top_hls.cpp:458]   --->   Operation 13 'icmp' 'icmp_ln458' <Predicate = true> <Delay = 1.91> <CoreInst = "Cmp">   --->   Core 9 'Cmp' <Latency = 0> <II = 1> <Delay = 1.91> <FuncUnit> <Opcode : 'seteq' 'setne' 'setle' 'setge' 'setlt' 'setgt'> <InPorts = 2> <OutPorts = 1>
ST_1 : Operation 14 [1/1] (0.97ns)   --->   "%and_ln458 = and i1 %icmp_ln458, i1 %params_rstdp_enable_val_read" [src/snn_top_hls.cpp:458]   --->   Operation 14 'and' 'and_ln458' <Predicate = true> <Delay = 0.97> <CoreInst = "LogicGate">   --->   Core 74 'LogicGate' <Latency = 0> <II = 1> <Delay = 0.97> <FuncUnit> <Opcode : 'and' 'or' 'xor'> <InPorts = 2> <OutPorts = 1>
ST_1 : Operation 15 [1/1] (0.00ns)   --->   "%br_ln458 = br i1 %and_ln458, void %return, void %if.end_ifconv" [src/snn_top_hls.cpp:458]   --->   Operation 15 'br' 'br_ln458' <Predicate = true> <Delay = 0.00>
ST_1 : Operation 16 [1/1] (0.00ns)   --->   "%i = alloca i32 1" [src/snn_top_hls.cpp:473]   --->   Operation 16 'alloca' 'i' <Predicate = (and_ln458)> <Delay = 0.00>
ST_1 : Operation 17 [1/1] (0.00ns)   --->   "%tmp = bitselect i1 @_ssdm_op_BitSelect.i1.i8.i32, i8 %reward_signal_read, i32 7" [src/snn_top_hls.cpp:460]   --->   Operation 17 'bitselect' 'tmp' <Predicate = (and_ln458)> <Delay = 0.00>
ST_1 : Operation 18 [1/1] (1.91ns)   --->   "%reward_mag = sub i8 0, i8 %reward_signal_read" [src/snn_top_hls.cpp:461]   --->   Operation 18 'sub' 'reward_mag' <Predicate = (and_ln458)> <Delay = 1.91> <CoreInst = "Adder">   --->   Core 1 'Adder' <Latency = 0> <II = 1> <Delay = 1.91> <FuncUnit> <Opcode : 'add' 'sub'> <InPorts = 2> <OutPorts = 1>
ST_1 : Operation 19 [1/1] (1.24ns)   --->   "%reward_mag_1 = select i1 %tmp, i8 %reward_mag, i8 %reward_signal_read" [src/snn_top_hls.cpp:461]   --->   Operation 19 'select' 'reward_mag_1' <Predicate = (and_ln458)> <Delay = 1.24> <CoreInst = "Sel">   --->   Core 73 'Sel' <Latency = 0> <II = 1> <Delay = 1.24> <FuncUnit> <Opcode : 'select'> <InPorts = 3> <OutPorts = 1>
ST_1 : Operation 20 [1/1] (0.00ns)   --->   "%tmp_65 = partselect i2 @_ssdm_op_PartSelect.i2.i8.i32.i32, i8 %reward_mag_1, i32 6, i32 7" [src/snn_top_hls.cpp:465]   --->   Operation 20 'partselect' 'tmp_65' <Predicate = (and_ln458)> <Delay = 0.00>
ST_1 : Operation 21 [1/1] (1.56ns)   --->   "%icmp_ln465 = icmp_ne  i2 %tmp_65, i2 0" [src/snn_top_hls.cpp:465]   --->   Operation 21 'icmp' 'icmp_ln465' <Predicate = (and_ln458)> <Delay = 1.56> <CoreInst = "Cmp">   --->   Core 9 'Cmp' <Latency = 0> <II = 1> <Delay = 1.56> <FuncUnit> <Opcode : 'seteq' 'setne' 'setle' 'setge' 'setlt' 'setgt'> <InPorts = 2> <OutPorts = 1>
ST_1 : Operation 22 [1/1] (0.00ns)   --->   "%tmp_66 = partselect i3 @_ssdm_op_PartSelect.i3.i8.i32.i32, i8 %reward_mag_1, i32 5, i32 7" [src/snn_top_hls.cpp:466]   --->   Operation 22 'partselect' 'tmp_66' <Predicate = (and_ln458)> <Delay = 0.00>
ST_1 : Operation 23 [1/1] (1.65ns)   --->   "%icmp_ln466 = icmp_ne  i3 %tmp_66, i3 0" [src/snn_top_hls.cpp:466]   --->   Operation 23 'icmp' 'icmp_ln466' <Predicate = (and_ln458)> <Delay = 1.65> <CoreInst = "Cmp">   --->   Core 9 'Cmp' <Latency = 0> <II = 1> <Delay = 1.65> <FuncUnit> <Opcode : 'seteq' 'setne' 'setle' 'setge' 'setlt' 'setgt'> <InPorts = 2> <OutPorts = 1>
ST_1 : Operation 24 [1/1] (0.00ns)   --->   "%tmp_67 = partselect i4 @_ssdm_op_PartSelect.i4.i8.i32.i32, i8 %reward_mag_1, i32 4, i32 7" [src/snn_top_hls.cpp:467]   --->   Operation 24 'partselect' 'tmp_67' <Predicate = (and_ln458)> <Delay = 0.00>
ST_1 : Operation 25 [1/1] (1.73ns)   --->   "%icmp_ln467 = icmp_ne  i4 %tmp_67, i4 0" [src/snn_top_hls.cpp:467]   --->   Operation 25 'icmp' 'icmp_ln467' <Predicate = (and_ln458)> <Delay = 1.73> <CoreInst = "Cmp">   --->   Core 9 'Cmp' <Latency = 0> <II = 1> <Delay = 1.73> <FuncUnit> <Opcode : 'seteq' 'setne' 'setle' 'setge' 'setlt' 'setgt'> <InPorts = 2> <OutPorts = 1>
ST_1 : Operation 26 [1/1] (0.00ns) (grouped into LUT with out node shift_sel)   --->   "%select_ln467 = select i1 %icmp_ln467, i2 2, i2 3" [src/snn_top_hls.cpp:467]   --->   Operation 26 'select' 'select_ln467' <Predicate = (and_ln458)> <Delay = 0.00> <CoreInst = "Sel">   --->   Core 73 'Sel' <Latency = 0> <II = 1> <Delay = 0.99> <FuncUnit> <Opcode : 'select'> <InPorts = 3> <OutPorts = 1>
ST_1 : Operation 27 [1/1] (0.00ns) (grouped into LUT with out node shift_sel)   --->   "%xor_ln465 = xor i1 %icmp_ln465, i1 1" [src/snn_top_hls.cpp:465]   --->   Operation 27 'xor' 'xor_ln465' <Predicate = (and_ln458)> <Delay = 0.00> <CoreInst = "LogicGate">   --->   Core 74 'LogicGate' <Latency = 0> <II = 1> <Delay = 0.97> <FuncUnit> <Opcode : 'and' 'or' 'xor'> <InPorts = 2> <OutPorts = 1>
ST_1 : Operation 28 [1/1] (0.00ns) (grouped into LUT with out node shift_sel)   --->   "%and_ln466 = and i1 %icmp_ln466, i1 %xor_ln465" [src/snn_top_hls.cpp:466]   --->   Operation 28 'and' 'and_ln466' <Predicate = (and_ln458)> <Delay = 0.00> <CoreInst = "LogicGate">   --->   Core 74 'LogicGate' <Latency = 0> <II = 1> <Delay = 0.97> <FuncUnit> <Opcode : 'and' 'or' 'xor'> <InPorts = 2> <OutPorts = 1>
ST_1 : Operation 29 [1/1] (0.00ns) (grouped into LUT with out node shift_sel)   --->   "%sel_tmp7 = bitconcatenate i2 @_ssdm_op_BitConcatenate.i2.i1.i1, i1 %icmp_ln465, i1 %and_ln466" [src/snn_top_hls.cpp:465]   --->   Operation 29 'bitconcatenate' 'sel_tmp7' <Predicate = (and_ln458)> <Delay = 0.00>
ST_1 : Operation 30 [1/1] (1.58ns) (out node of the LUT)   --->   "%shift_sel = sparsemux i2 @_ssdm_op_SparseMux.ap_auto.3i2.i2.i2, i2 2, i2 0, i2 1, i2 1, i2 0, i2 %select_ln467, i2 0, i2 %sel_tmp7" [src/snn_top_hls.cpp:467]   --->   Operation 30 'sparsemux' 'shift_sel' <Predicate = (and_ln458)> <Delay = 1.58> <CoreInst = "OneHotSparseMux_HasDef">   --->   Core 140 'OneHotSparseMux_HasDef' <Latency = 0> <II = 1> <Delay = 1.58> <FuncUnit> <Opcode : 'sparsemux'> <InPorts = 2> <OutPorts = 1>
ST_1 : Operation 31 [1/1] (1.58ns)   --->   "%store_ln473 = store i9 0, i9 %i" [src/snn_top_hls.cpp:473]   --->   Operation 31 'store' 'store_ln473' <Predicate = (and_ln458)> <Delay = 1.58>
ST_1 : Operation 32 [1/1] (0.00ns)   --->   "%br_ln473 = br void %for.body" [src/snn_top_hls.cpp:473]   --->   Operation 32 'br' 'br_ln473' <Predicate = (and_ln458)> <Delay = 0.00>

State 2 <SV = 1> <Delay = 3.25>
ST_2 : Operation 33 [1/1] (0.00ns)   --->   "%i_8 = load i9 %i" [src/snn_top_hls.cpp:473]   --->   Operation 33 'load' 'i_8' <Predicate = (and_ln458)> <Delay = 0.00>
ST_2 : Operation 34 [1/1] (1.82ns)   --->   "%icmp_ln473 = icmp_eq  i9 %i_8, i9 256" [src/snn_top_hls.cpp:473]   --->   Operation 34 'icmp' 'icmp_ln473' <Predicate = (and_ln458)> <Delay = 1.82> <CoreInst = "Cmp">   --->   Core 9 'Cmp' <Latency = 0> <II = 1> <Delay = 1.82> <FuncUnit> <Opcode : 'seteq' 'setne' 'setle' 'setge' 'setlt' 'setgt'> <InPorts = 2> <OutPorts = 1>
ST_2 : Operation 35 [1/1] (0.00ns)   --->   "%speclooptripcount_ln0 = speclooptripcount void @_ssdm_op_SpecLoopTripCount, i64 256, i64 256, i64 256"   --->   Operation 35 'speclooptripcount' 'speclooptripcount_ln0' <Predicate = (and_ln458)> <Delay = 0.00>
ST_2 : Operation 36 [1/1] (1.82ns)   --->   "%add_ln473 = add i9 %i_8, i9 1" [src/snn_top_hls.cpp:473]   --->   Operation 36 'add' 'add_ln473' <Predicate = (and_ln458)> <Delay = 1.82> <CoreInst = "Adder">   --->   Core 1 'Adder' <Latency = 0> <II = 1> <Delay = 1.82> <FuncUnit> <Opcode : 'add' 'sub'> <InPorts = 2> <OutPorts = 1>
ST_2 : Operation 37 [1/1] (0.00ns)   --->   "%br_ln473 = br i1 %icmp_ln473, void %for.body.split, void %return.loopexit" [src/snn_top_hls.cpp:473]   --->   Operation 37 'br' 'br_ln473' <Predicate = (and_ln458)> <Delay = 0.00>
ST_2 : Operation 38 [1/1] (0.00ns)   --->   "%lshr_ln = partselect i7 @_ssdm_op_PartSelect.i7.i9.i32.i32, i9 %i_8, i32 1, i32 7" [src/snn_top_hls.cpp:473]   --->   Operation 38 'partselect' 'lshr_ln' <Predicate = (and_ln458 & !icmp_ln473)> <Delay = 0.00>
ST_2 : Operation 39 [1/1] (0.00ns)   --->   "%zext_ln473 = zext i7 %lshr_ln" [src/snn_top_hls.cpp:473]   --->   Operation 39 'zext' 'zext_ln473' <Predicate = (and_ln458 & !icmp_ln473)> <Delay = 0.00>
ST_2 : Operation 40 [1/1] (0.00ns)   --->   "%p_ZL15pre_eligibility_0_addr = getelementptr i8 %p_ZL15pre_eligibility_0, i64 0, i64 %zext_ln473" [src/snn_top_hls.cpp:476]   --->   Operation 40 'getelementptr' 'p_ZL15pre_eligibility_0_addr' <Predicate = (and_ln458 & !icmp_ln473)> <Delay = 0.00>
ST_2 : Operation 41 [1/1] (0.00ns)   --->   "%p_ZL15pre_eligibility_1_addr = getelementptr i8 %p_ZL15pre_eligibility_1, i64 0, i64 %zext_ln473" [src/snn_top_hls.cpp:476]   --->   Operation 41 'getelementptr' 'p_ZL15pre_eligibility_1_addr' <Predicate = (and_ln458 & !icmp_ln473)> <Delay = 0.00>
ST_2 : Operation 42 [2/2] (3.25ns)   --->   "%p_ZL15pre_eligibility_0_load = load i7 %p_ZL15pre_eligibility_0_addr" [src/snn_top_hls.cpp:476]   --->   Operation 42 'load' 'p_ZL15pre_eligibility_0_load' <Predicate = (and_ln458 & !icmp_ln473)> <Delay = 3.25> <CoreInst = "RAM_2P_BRAM">   --->   Core 90 'RAM_2P_BRAM' <Latency = 1> <II = 1> <Delay = 3.25> <Storage> <Opcode : 'load' 'store'> <Ports = 2> <Width = 8> <Depth = 128> <RAM>
ST_2 : Operation 43 [2/2] (3.25ns)   --->   "%p_ZL15pre_eligibility_1_load = load i7 %p_ZL15pre_eligibility_1_addr" [src/snn_top_hls.cpp:476]   --->   Operation 43 'load' 'p_ZL15pre_eligibility_1_load' <Predicate = (and_ln458 & !icmp_ln473)> <Delay = 3.25> <CoreInst = "RAM_2P_BRAM">   --->   Core 90 'RAM_2P_BRAM' <Latency = 1> <II = 1> <Delay = 3.25> <Storage> <Opcode : 'load' 'store'> <Ports = 2> <Width = 8> <Depth = 128> <RAM>
ST_2 : Operation 44 [1/1] (0.00ns)   --->   "%br_ln0 = br void %return"   --->   Operation 44 'br' 'br_ln0' <Predicate = (and_ln458 & icmp_ln473)> <Delay = 0.00>
ST_2 : Operation 45 [1/1] (0.00ns)   --->   "%ret_ln505 = ret" [src/snn_top_hls.cpp:505]   --->   Operation 45 'ret' 'ret_ln505' <Predicate = (icmp_ln473) | (!and_ln458)> <Delay = 0.00>

State 3 <SV = 2> <Delay = 6.41>
ST_3 : Operation 46 [1/1] (0.00ns)   --->   "%trunc_ln473 = trunc i9 %i_8" [src/snn_top_hls.cpp:473]   --->   Operation 46 'trunc' 'trunc_ln473' <Predicate = true> <Delay = 0.00>
ST_3 : Operation 47 [1/1] (0.00ns)   --->   "%trunc_ln473_1 = trunc i9 %i_8" [src/snn_top_hls.cpp:473]   --->   Operation 47 'trunc' 'trunc_ln473_1' <Predicate = true> <Delay = 0.00>
ST_3 : Operation 48 [1/1] (0.00ns)   --->   "%specloopname_ln473 = specloopname void @_ssdm_op_SpecLoopName, void @empty_6" [src/snn_top_hls.cpp:473]   --->   Operation 48 'specloopname' 'specloopname_ln473' <Predicate = true> <Delay = 0.00>
ST_3 : Operation 49 [1/2] ( I:3.25ns O:3.25ns )   --->   "%p_ZL15pre_eligibility_0_load = load i7 %p_ZL15pre_eligibility_0_addr" [src/snn_top_hls.cpp:476]   --->   Operation 49 'load' 'p_ZL15pre_eligibility_0_load' <Predicate = true> <Delay = 3.25> <CoreInst = "RAM_2P_BRAM">   --->   Core 90 'RAM_2P_BRAM' <Latency = 1> <II = 1> <Delay = 3.25> <Storage> <Opcode : 'load' 'store'> <Ports = 2> <Width = 8> <Depth = 128> <RAM>
ST_3 : Operation 50 [1/2] ( I:3.25ns O:3.25ns )   --->   "%p_ZL15pre_eligibility_1_load = load i7 %p_ZL15pre_eligibility_1_addr" [src/snn_top_hls.cpp:476]   --->   Operation 50 'load' 'p_ZL15pre_eligibility_1_load' <Predicate = true> <Delay = 3.25> <CoreInst = "RAM_2P_BRAM">   --->   Core 90 'RAM_2P_BRAM' <Latency = 1> <II = 1> <Delay = 3.25> <Storage> <Opcode : 'load' 'store'> <Ports = 2> <Width = 8> <Depth = 128> <RAM>
ST_3 : Operation 51 [1/1] (1.24ns)   --->   "%pre_elig = select i1 %trunc_ln473_1, i8 %p_ZL15pre_eligibility_1_load, i8 %p_ZL15pre_eligibility_0_load" [src/snn_top_hls.cpp:476]   --->   Operation 51 'select' 'pre_elig' <Predicate = true> <Delay = 1.24> <CoreInst = "Sel">   --->   Core 73 'Sel' <Latency = 0> <II = 1> <Delay = 1.24> <FuncUnit> <Opcode : 'select'> <InPorts = 3> <OutPorts = 1>
ST_3 : Operation 52 [1/1] (1.91ns)   --->   "%icmp_ln477 = icmp_eq  i8 %pre_elig, i8 0" [src/snn_top_hls.cpp:477]   --->   Operation 52 'icmp' 'icmp_ln477' <Predicate = true> <Delay = 1.91> <CoreInst = "Cmp">   --->   Core 9 'Cmp' <Latency = 0> <II = 1> <Delay = 1.91> <FuncUnit> <Opcode : 'seteq' 'setne' 'setle' 'setge' 'setlt' 'setgt'> <InPorts = 2> <OutPorts = 1>
ST_3 : Operation 53 [1/1] (0.00ns)   --->   "%br_ln477 = br i1 %icmp_ln477, void %RSTDP_INNER, void %for.inc59" [src/snn_top_hls.cpp:477]   --->   Operation 53 'br' 'br_ln477' <Predicate = true> <Delay = 0.00>
ST_3 : Operation 54 [2/2] (0.00ns)   --->   "%call_ln473 = call void @apply_rstdp_reward_Pipeline_RSTDP_INNER, i8 %trunc_ln473, i8 %pre_elig, i2 %shift_sel, i1 %tmp, i8 %p_ZL16post_eligibility_0, i8 %p_ZL16post_eligibility_1, i8 %p_ZL13weight_memory_0, i8 %p_ZL13weight_memory_1" [src/snn_top_hls.cpp:473]   --->   Operation 54 'call' 'call_ln473' <Predicate = (!icmp_ln477)> <Delay = 0.00> <CoreType = "Generic">   --->   Generic Core

State 4 <SV = 3> <Delay = 1.58>
ST_4 : Operation 55 [1/2] (0.00ns)   --->   "%call_ln473 = call void @apply_rstdp_reward_Pipeline_RSTDP_INNER, i8 %trunc_ln473, i8 %pre_elig, i2 %shift_sel, i1 %tmp, i8 %p_ZL16post_eligibility_0, i8 %p_ZL16post_eligibility_1, i8 %p_ZL13weight_memory_0, i8 %p_ZL13weight_memory_1" [src/snn_top_hls.cpp:473]   --->   Operation 55 'call' 'call_ln473' <Predicate = (!icmp_ln477)> <Delay = 0.00> <CoreType = "Generic">   --->   Generic Core
ST_4 : Operation 56 [1/1] (0.00ns)   --->   "%br_ln0 = br void %for.inc59"   --->   Operation 56 'br' 'br_ln0' <Predicate = (!icmp_ln477)> <Delay = 0.00>
ST_4 : Operation 57 [1/1] (1.58ns)   --->   "%store_ln473 = store i9 %add_ln473, i9 %i" [src/snn_top_hls.cpp:473]   --->   Operation 57 'store' 'store_ln473' <Predicate = true> <Delay = 1.58>
ST_4 : Operation 58 [1/1] (0.00ns)   --->   "%br_ln473 = br void %for.body" [src/snn_top_hls.cpp:473]   --->   Operation 58 'br' 'br_ln473' <Predicate = true> <Delay = 0.00>


============================================================
+ Verbose Summary: Binding
============================================================
STG Binding: 
---------------- STG Properties BEGIN ----------------
- Is combinational: 0
- Is one-state seq: 0
- Is datapath-only: 0
- Is pipelined: 0
- Is top level: 0
Port [ Return ] is wired: 1; IO mode=ap_ctrl_hs:ce=0
Port [ reward_signal]:  wired=1; compound=0; hidden=0; nouse=0; global=0; static=0; extern=0; dir=0; type=0; pingpong=0; private_global=0; IO mode=ap_none:ce=0
Port [ params_rstdp_enable_val]:  wired=1; compound=0; hidden=0; nouse=0; global=0; static=0; extern=0; dir=0; type=0; pingpong=0; private_global=0; IO mode=ap_none:ce=0
Port [ p_ZL15pre_eligibility_0]:  wired=1; compound=1; hidden=0; nouse=0; global=1; static=1; extern=0; dir=0; type=1; pingpong=0; private_global=0; MemPort=[13]; IO mode=ap_memory:ce=0
Port [ p_ZL15pre_eligibility_1]:  wired=1; compound=1; hidden=0; nouse=0; global=1; static=1; extern=0; dir=0; type=1; pingpong=0; private_global=0; MemPort=[13]; IO mode=ap_memory:ce=0
Port [ p_ZL16post_eligibility_0]:  wired=1; compound=1; hidden=0; nouse=0; global=1; static=1; extern=0; dir=0; type=1; pingpong=0; private_global=0; MemPort=[13]; IO mode=ap_memory:ce=0
Port [ p_ZL16post_eligibility_1]:  wired=1; compound=1; hidden=0; nouse=0; global=1; static=1; extern=0; dir=0; type=1; pingpong=0; private_global=0; MemPort=[13]; IO mode=ap_memory:ce=0
Port [ p_ZL13weight_memory_0]:  wired=1; compound=1; hidden=0; nouse=0; global=1; static=1; extern=0; dir=2; type=1; pingpong=0; private_global=0; MemPort=[10]; IO mode=ap_memory:ce=0
Port [ p_ZL13weight_memory_1]:  wired=1; compound=1; hidden=0; nouse=0; global=1; static=1; extern=0; dir=2; type=1; pingpong=0; private_global=0; MemPort=[10]; IO mode=ap_memory:ce=0
---------------- STG Properties END ------------------

---------------- Datapath Model BEGIN ----------------

<LifeTime>
<method=bitvector/>
specmemcore_ln0              (specmemcore      ) [ 00000]
specmemcore_ln0              (specmemcore      ) [ 00000]
specmemcore_ln0              (specmemcore      ) [ 00000]
specmemcore_ln0              (specmemcore      ) [ 00000]
specmemcore_ln0              (specmemcore      ) [ 00000]
specmemcore_ln0              (specmemcore      ) [ 00000]
params_rstdp_enable_val_read (read             ) [ 00000]
reward_signal_read           (read             ) [ 00000]
icmp_ln458                   (icmp             ) [ 00000]
and_ln458                    (and              ) [ 01111]
br_ln458                     (br               ) [ 00000]
i                            (alloca           ) [ 01111]
tmp                          (bitselect        ) [ 00111]
reward_mag                   (sub              ) [ 00000]
reward_mag_1                 (select           ) [ 00000]
tmp_65                       (partselect       ) [ 00000]
icmp_ln465                   (icmp             ) [ 00000]
tmp_66                       (partselect       ) [ 00000]
icmp_ln466                   (icmp             ) [ 00000]
tmp_67                       (partselect       ) [ 00000]
icmp_ln467                   (icmp             ) [ 00000]
select_ln467                 (select           ) [ 00000]
xor_ln465                    (xor              ) [ 00000]
and_ln466                    (and              ) [ 00000]
sel_tmp7                     (bitconcatenate   ) [ 00000]
shift_sel                    (sparsemux        ) [ 00111]
store_ln473                  (store            ) [ 00000]
br_ln473                     (br               ) [ 00000]
i_8                          (load             ) [ 00010]
icmp_ln473                   (icmp             ) [ 00111]
speclooptripcount_ln0        (speclooptripcount) [ 00000]
add_ln473                    (add              ) [ 00011]
br_ln473                     (br               ) [ 00000]
lshr_ln                      (partselect       ) [ 00000]
zext_ln473                   (zext             ) [ 00000]
p_ZL15pre_eligibility_0_addr (getelementptr    ) [ 00010]
p_ZL15pre_eligibility_1_addr (getelementptr    ) [ 00010]
br_ln0                       (br               ) [ 00000]
ret_ln505                    (ret              ) [ 00000]
trunc_ln473                  (trunc            ) [ 00001]
trunc_ln473_1                (trunc            ) [ 00000]
specloopname_ln473           (specloopname     ) [ 00000]
p_ZL15pre_eligibility_0_load (load             ) [ 00000]
p_ZL15pre_eligibility_1_load (load             ) [ 00000]
pre_elig                     (select           ) [ 00001]
icmp_ln477                   (icmp             ) [ 00111]
br_ln477                     (br               ) [ 00000]
call_ln473                   (call             ) [ 00000]
br_ln0                       (br               ) [ 00000]
store_ln473                  (store            ) [ 00000]
br_ln473                     (br               ) [ 00000]
</LifeTime>

<model>

<comp_list>
<comp id="0" class="1000" name="reward_signal">
<pin_list>
<pin id="1" dir="1" index="0" bw="1" slack="0"/>
</pin_list>
<bind>
<StgValue><ssdm name="reward_signal"/></StgValue>
</bind>
</comp>

<comp id="2" class="1000" name="params_rstdp_enable_val">
<pin_list>
<pin id="3" dir="1" index="0" bw="1" slack="0"/>
</pin_list>
<bind>
<StgValue><ssdm name="params_rstdp_enable_val"/></StgValue>
</bind>
</comp>

<comp id="4" class="1000" name="p_ZL15pre_eligibility_0">
<pin_list>
<pin id="5" dir="1" index="0" bw="1" slack="0"/>
</pin_list>
<bind>
<StgValue><ssdm name="p_ZL15pre_eligibility_0"/><MemPortTyVec>1 3 </MemPortTyVec>
</StgValue>
</bind>
</comp>

<comp id="6" class="1000" name="p_ZL15pre_eligibility_1">
<pin_list>
<pin id="7" dir="1" index="0" bw="1" slack="0"/>
</pin_list>
<bind>
<StgValue><ssdm name="p_ZL15pre_eligibility_1"/><MemPortTyVec>1 3 </MemPortTyVec>
</StgValue>
</bind>
</comp>

<comp id="8" class="1000" name="p_ZL16post_eligibility_0">
<pin_list>
<pin id="9" dir="1" index="0" bw="1" slack="0"/>
</pin_list>
<bind>
<StgValue><ssdm name="p_ZL16post_eligibility_0"/><MemPortTyVec>1 3 </MemPortTyVec>
</StgValue>
</bind>
</comp>

<comp id="10" class="1000" name="p_ZL16post_eligibility_1">
<pin_list>
<pin id="11" dir="1" index="0" bw="1" slack="0"/>
</pin_list>
<bind>
<StgValue><ssdm name="p_ZL16post_eligibility_1"/><MemPortTyVec>1 3 </MemPortTyVec>
</StgValue>
</bind>
</comp>

<comp id="12" class="1000" name="p_ZL13weight_memory_0">
<pin_list>
<pin id="13" dir="1" index="0" bw="1" slack="0"/>
</pin_list>
<bind>
<StgValue><ssdm name="p_ZL13weight_memory_0"/><MemPortTyVec>1 0 </MemPortTyVec>
</StgValue>
</bind>
</comp>

<comp id="14" class="1000" name="p_ZL13weight_memory_1">
<pin_list>
<pin id="15" dir="1" index="0" bw="1" slack="0"/>
</pin_list>
<bind>
<StgValue><ssdm name="p_ZL13weight_memory_1"/><MemPortTyVec>1 0 </MemPortTyVec>
</StgValue>
</bind>
</comp>

<comp id="16" class="1001" name="const_16">
<pin_list>
<pin id="17" dir="1" index="0" bw="1" slack="2147483647"/>
</pin_list>
<bind>
<StgValue><ssdm name="_ssdm_op_SpecMemCore"/></StgValue>
</bind>
</comp>

<comp id="18" class="1001" name="const_18">
<pin_list>
<pin id="19" dir="1" index="0" bw="1" slack="2147483647"/>
</pin_list>
<bind>
<StgValue><ssdm name=""/></StgValue>
</bind>
</comp>

<comp id="20" class="1001" name="const_20">
<pin_list>
<pin id="21" dir="1" index="0" bw="1" slack="2147483647"/>
</pin_list>
<bind>
<StgValue><ssdm name=""/></StgValue>
</bind>
</comp>

<comp id="22" class="1001" name="const_22">
<pin_list>
<pin id="23" dir="1" index="0" bw="1" slack="2147483647"/>
</pin_list>
<bind>
<StgValue><ssdm name=""/></StgValue>
</bind>
</comp>

<comp id="24" class="1001" name="const_24">
<pin_list>
<pin id="25" dir="1" index="0" bw="1" slack="2147483647"/>
</pin_list>
<bind>
<StgValue><ssdm name=""/></StgValue>
</bind>
</comp>

<comp id="26" class="1001" name="const_26">
<pin_list>
<pin id="27" dir="1" index="0" bw="1" slack="0"/>
</pin_list>
<bind>
<StgValue><ssdm name="_ssdm_op_Read.ap_auto.i1"/></StgValue>
</bind>
</comp>

<comp id="28" class="1001" name="const_28">
<pin_list>
<pin id="29" dir="1" index="0" bw="1" slack="0"/>
</pin_list>
<bind>
<StgValue><ssdm name="_ssdm_op_Read.ap_auto.i8"/></StgValue>
</bind>
</comp>

<comp id="30" class="1001" name="const_30">
<pin_list>
<pin id="31" dir="1" index="0" bw="1" slack="0"/>
</pin_list>
<bind>
<StgValue><ssdm name=""/></StgValue>
</bind>
</comp>

<comp id="32" class="1001" name="const_32">
<pin_list>
<pin id="33" dir="1" index="0" bw="1" slack="0"/>
</pin_list>
<bind>
<StgValue><ssdm name=""/></StgValue>
</bind>
</comp>

<comp id="34" class="1001" name="const_34">
<pin_list>
<pin id="35" dir="1" index="0" bw="1" slack="0"/>
</pin_list>
<bind>
<StgValue><ssdm name="_ssdm_op_BitSelect.i1.i8.i32"/></StgValue>
</bind>
</comp>

<comp id="36" class="1001" name="const_36">
<pin_list>
<pin id="37" dir="1" index="0" bw="1" slack="0"/>
</pin_list>
<bind>
<StgValue><ssdm name=""/></StgValue>
</bind>
</comp>

<comp id="38" class="1001" name="const_38">
<pin_list>
<pin id="39" dir="1" index="0" bw="1" slack="0"/>
</pin_list>
<bind>
<StgValue><ssdm name="_ssdm_op_PartSelect.i2.i8.i32.i32"/></StgValue>
</bind>
</comp>

<comp id="40" class="1001" name="const_40">
<pin_list>
<pin id="41" dir="1" index="0" bw="1" slack="0"/>
</pin_list>
<bind>
<StgValue><ssdm name=""/></StgValue>
</bind>
</comp>

<comp id="42" class="1001" name="const_42">
<pin_list>
<pin id="43" dir="1" index="0" bw="1" slack="0"/>
</pin_list>
<bind>
<StgValue><ssdm name=""/></StgValue>
</bind>
</comp>

<comp id="44" class="1001" name="const_44">
<pin_list>
<pin id="45" dir="1" index="0" bw="1" slack="0"/>
</pin_list>
<bind>
<StgValue><ssdm name="_ssdm_op_PartSelect.i3.i8.i32.i32"/></StgValue>
</bind>
</comp>

<comp id="46" class="1001" name="const_46">
<pin_list>
<pin id="47" dir="1" index="0" bw="1" slack="0"/>
</pin_list>
<bind>
<StgValue><ssdm name=""/></StgValue>
</bind>
</comp>

<comp id="48" class="1001" name="const_48">
<pin_list>
<pin id="49" dir="1" index="0" bw="1" slack="0"/>
</pin_list>
<bind>
<StgValue><ssdm name=""/></StgValue>
</bind>
</comp>

<comp id="50" class="1001" name="const_50">
<pin_list>
<pin id="51" dir="1" index="0" bw="1" slack="0"/>
</pin_list>
<bind>
<StgValue><ssdm name="_ssdm_op_PartSelect.i4.i8.i32.i32"/></StgValue>
</bind>
</comp>

<comp id="52" class="1001" name="const_52">
<pin_list>
<pin id="53" dir="1" index="0" bw="1" slack="0"/>
</pin_list>
<bind>
<StgValue><ssdm name=""/></StgValue>
</bind>
</comp>

<comp id="54" class="1001" name="const_54">
<pin_list>
<pin id="55" dir="1" index="0" bw="1" slack="0"/>
</pin_list>
<bind>
<StgValue><ssdm name=""/></StgValue>
</bind>
</comp>

<comp id="56" class="1001" name="const_56">
<pin_list>
<pin id="57" dir="1" index="0" bw="1" slack="0"/>
</pin_list>
<bind>
<StgValue><ssdm name=""/></StgValue>
</bind>
</comp>

<comp id="58" class="1001" name="const_58">
<pin_list>
<pin id="59" dir="1" index="0" bw="1" slack="0"/>
</pin_list>
<bind>
<StgValue><ssdm name=""/></StgValue>
</bind>
</comp>

<comp id="60" class="1001" name="const_60">
<pin_list>
<pin id="61" dir="1" index="0" bw="1" slack="0"/>
</pin_list>
<bind>
<StgValue><ssdm name=""/></StgValue>
</bind>
</comp>

<comp id="62" class="1001" name="const_62">
<pin_list>
<pin id="63" dir="1" index="0" bw="1" slack="0"/>
</pin_list>
<bind>
<StgValue><ssdm name="_ssdm_op_BitConcatenate.i2.i1.i1"/></StgValue>
</bind>
</comp>

<comp id="64" class="1001" name="const_64">
<pin_list>
<pin id="65" dir="1" index="0" bw="1" slack="0"/>
</pin_list>
<bind>
<StgValue><ssdm name="_ssdm_op_SparseMux.ap_auto.3i2.i2.i2"/></StgValue>
</bind>
</comp>

<comp id="66" class="1001" name="const_66">
<pin_list>
<pin id="67" dir="1" index="0" bw="1" slack="0"/>
</pin_list>
<bind>
<StgValue><ssdm name=""/></StgValue>
</bind>
</comp>

<comp id="68" class="1001" name="const_68">
<pin_list>
<pin id="69" dir="1" index="0" bw="1" slack="0"/>
</pin_list>
<bind>
<StgValue><ssdm name=""/></StgValue>
</bind>
</comp>

<comp id="70" class="1001" name="const_70">
<pin_list>
<pin id="71" dir="1" index="0" bw="1" slack="0"/>
</pin_list>
<bind>
<StgValue><ssdm name=""/></StgValue>
</bind>
</comp>

<comp id="72" class="1001" name="const_72">
<pin_list>
<pin id="73" dir="1" index="0" bw="1" slack="0"/>
</pin_list>
<bind>
<StgValue><ssdm name=""/></StgValue>
</bind>
</comp>

<comp id="74" class="1001" name="const_74">
<pin_list>
<pin id="75" dir="1" index="0" bw="1" slack="2147483647"/>
</pin_list>
<bind>
<StgValue><ssdm name="_ssdm_op_SpecLoopTripCount"/></StgValue>
</bind>
</comp>

<comp id="76" class="1001" name="const_76">
<pin_list>
<pin id="77" dir="1" index="0" bw="1" slack="2147483647"/>
</pin_list>
<bind>
<StgValue><ssdm name=""/></StgValue>
</bind>
</comp>

<comp id="78" class="1001" name="const_78">
<pin_list>
<pin id="79" dir="1" index="0" bw="1" slack="0"/>
</pin_list>
<bind>
<StgValue><ssdm name=""/></StgValue>
</bind>
</comp>

<comp id="80" class="1001" name="const_80">
<pin_list>
<pin id="81" dir="1" index="0" bw="1" slack="0"/>
</pin_list>
<bind>
<StgValue><ssdm name="_ssdm_op_PartSelect.i7.i9.i32.i32"/></StgValue>
</bind>
</comp>

<comp id="82" class="1001" name="const_82">
<pin_list>
<pin id="83" dir="1" index="0" bw="1" slack="0"/>
</pin_list>
<bind>
<StgValue><ssdm name=""/></StgValue>
</bind>
</comp>

<comp id="84" class="1001" name="const_84">
<pin_list>
<pin id="85" dir="1" index="0" bw="1" slack="2147483647"/>
</pin_list>
<bind>
<StgValue><ssdm name="_ssdm_op_SpecLoopName"/></StgValue>
</bind>
</comp>

<comp id="86" class="1001" name="const_86">
<pin_list>
<pin id="87" dir="1" index="0" bw="1" slack="2147483647"/>
</pin_list>
<bind>
<StgValue><ssdm name="empty_6"/></StgValue>
</bind>
</comp>

<comp id="88" class="1001" name="const_88">
<pin_list>
<pin id="89" dir="1" index="0" bw="1" slack="0"/>
</pin_list>
<bind>
<StgValue><ssdm name="apply_rstdp_reward_Pipeline_RSTDP_INNER"/></StgValue>
</bind>
</comp>

<comp id="90" class="1004" name="i_fu_90">
<pin_list>
<pin id="91" dir="0" index="0" bw="1" slack="0"/>
<pin id="92" dir="1" index="1" bw="9" slack="0"/>
</pin_list>
<bind>
<opcode="alloca(26) " fcode="alloca"/>
<opset="i/1 "/>
</bind>
</comp>

<comp id="94" class="1004" name="params_rstdp_enable_val_read_read_fu_94">
<pin_list>
<pin id="95" dir="0" index="0" bw="1" slack="0"/>
<pin id="96" dir="0" index="1" bw="1" slack="0"/>
<pin id="97" dir="1" index="2" bw="1" slack="0"/>
</pin_list>
<bind>
<opcode="read(1150) " fcode="read"/>
<opset="params_rstdp_enable_val_read/1 "/>
</bind>
</comp>

<comp id="100" class="1004" name="reward_signal_read_read_fu_100">
<pin_list>
<pin id="101" dir="0" index="0" bw="8" slack="0"/>
<pin id="102" dir="0" index="1" bw="8" slack="0"/>
<pin id="103" dir="1" index="2" bw="8" slack="0"/>
</pin_list>
<bind>
<opcode="read(1150) " fcode="read"/>
<opset="reward_signal_read/1 "/>
</bind>
</comp>

<comp id="106" class="1004" name="p_ZL15pre_eligibility_0_addr_gep_fu_106">
<pin_list>
<pin id="107" dir="0" index="0" bw="8" slack="0"/>
<pin id="108" dir="0" index="1" bw="1" slack="0"/>
<pin id="109" dir="0" index="2" bw="7" slack="0"/>
<pin id="110" dir="1" index="3" bw="7" slack="0"/>
</pin_list>
<bind>
<opcode="getelementptr(29) " fcode="getelementptr"/>
<opset="p_ZL15pre_eligibility_0_addr/2 "/>
</bind>
</comp>

<comp id="113" class="1004" name="p_ZL15pre_eligibility_1_addr_gep_fu_113">
<pin_list>
<pin id="114" dir="0" index="0" bw="8" slack="0"/>
<pin id="115" dir="0" index="1" bw="1" slack="0"/>
<pin id="116" dir="0" index="2" bw="7" slack="0"/>
<pin id="117" dir="1" index="3" bw="7" slack="0"/>
</pin_list>
<bind>
<opcode="getelementptr(29) " fcode="getelementptr"/>
<opset="p_ZL15pre_eligibility_1_addr/2 "/>
</bind>
</comp>

<comp id="120" class="1004" name="grp_access_fu_120">
<pin_list>
<pin id="121" dir="0" index="0" bw="7" slack="0"/>
<pin id="122" dir="0" index="1" bw="8" slack="2147483647"/>
<pin id="123" dir="0" index="2" bw="0" slack="2147483647"/>
<pin id="124" dir="1" index="3" bw="8" slack="0"/>
</pin_list>
<bind>
<opcode="load(27) " fcode="load"/>
<opset="p_ZL15pre_eligibility_0_load/2 "/>
</bind>
</comp>

<comp id="126" class="1004" name="grp_access_fu_126">
<pin_list>
<pin id="127" dir="0" index="0" bw="7" slack="0"/>
<pin id="128" dir="0" index="1" bw="8" slack="2147483647"/>
<pin id="129" dir="0" index="2" bw="0" slack="2147483647"/>
<pin id="130" dir="1" index="3" bw="8" slack="0"/>
</pin_list>
<bind>
<opcode="load(27) " fcode="load"/>
<opset="p_ZL15pre_eligibility_1_load/2 "/>
</bind>
</comp>

<comp id="132" class="1004" name="grp_apply_rstdp_reward_Pipeline_RSTDP_INNER_fu_132">
<pin_list>
<pin id="133" dir="0" index="0" bw="0" slack="0"/>
<pin id="134" dir="0" index="1" bw="8" slack="0"/>
<pin id="135" dir="0" index="2" bw="8" slack="0"/>
<pin id="136" dir="0" index="3" bw="2" slack="2"/>
<pin id="137" dir="0" index="4" bw="1" slack="2"/>
<pin id="138" dir="0" index="5" bw="8" slack="0"/>
<pin id="139" dir="0" index="6" bw="8" slack="0"/>
<pin id="140" dir="0" index="7" bw="8" slack="0"/>
<pin id="141" dir="0" index="8" bw="8" slack="0"/>
<pin id="142" dir="1" index="9" bw="0" slack="2147483647"/>
</pin_list>
<bind>
<opcode="call(48) " fcode="call"/>
<opset="call_ln473/3 "/>
</bind>
</comp>

<comp id="148" class="1004" name="icmp_ln458_fu_148">
<pin_list>
<pin id="149" dir="0" index="0" bw="8" slack="0"/>
<pin id="150" dir="0" index="1" bw="1" slack="0"/>
<pin id="151" dir="1" index="2" bw="1" slack="0"/>
</pin_list>
<bind>
<opcode="icmp(45) " fcode="icmp"/>
<opset="icmp_ln458/1 "/>
</bind>
</comp>

<comp id="154" class="1004" name="and_ln458_fu_154">
<pin_list>
<pin id="155" dir="0" index="0" bw="1" slack="0"/>
<pin id="156" dir="0" index="1" bw="1" slack="0"/>
<pin id="157" dir="1" index="2" bw="1" slack="1"/>
</pin_list>
<bind>
<opcode="and(23) " fcode="and"/>
<opset="and_ln458/1 "/>
</bind>
</comp>

<comp id="160" class="1004" name="tmp_fu_160">
<pin_list>
<pin id="161" dir="0" index="0" bw="1" slack="0"/>
<pin id="162" dir="0" index="1" bw="8" slack="0"/>
<pin id="163" dir="0" index="2" bw="4" slack="0"/>
<pin id="164" dir="1" index="3" bw="1" slack="0"/>
</pin_list>
<bind>
<opcode="bitselect(1000) " fcode="bitselect"/>
<opset="tmp/1 "/>
</bind>
</comp>

<comp id="168" class="1004" name="reward_mag_fu_168">
<pin_list>
<pin id="169" dir="0" index="0" bw="1" slack="0"/>
<pin id="170" dir="0" index="1" bw="8" slack="0"/>
<pin id="171" dir="1" index="2" bw="8" slack="0"/>
</pin_list>
<bind>
<opcode="sub(10) " fcode="sub"/>
<opset="reward_mag/1 "/>
</bind>
</comp>

<comp id="174" class="1004" name="reward_mag_1_fu_174">
<pin_list>
<pin id="175" dir="0" index="0" bw="1" slack="0"/>
<pin id="176" dir="0" index="1" bw="8" slack="0"/>
<pin id="177" dir="0" index="2" bw="8" slack="0"/>
<pin id="178" dir="1" index="3" bw="8" slack="0"/>
</pin_list>
<bind>
<opcode="select(49) " fcode="select"/>
<opset="reward_mag_1/1 "/>
</bind>
</comp>

<comp id="182" class="1004" name="tmp_65_fu_182">
<pin_list>
<pin id="183" dir="0" index="0" bw="2" slack="0"/>
<pin id="184" dir="0" index="1" bw="8" slack="0"/>
<pin id="185" dir="0" index="2" bw="4" slack="0"/>
<pin id="186" dir="0" index="3" bw="4" slack="0"/>
<pin id="187" dir="1" index="4" bw="2" slack="0"/>
</pin_list>
<bind>
<opcode="partselect(1002) " fcode="partselect"/>
<opset="tmp_65/1 "/>
</bind>
</comp>

<comp id="192" class="1004" name="icmp_ln465_fu_192">
<pin_list>
<pin id="193" dir="0" index="0" bw="2" slack="0"/>
<pin id="194" dir="0" index="1" bw="1" slack="0"/>
<pin id="195" dir="1" index="2" bw="1" slack="0"/>
</pin_list>
<bind>
<opcode="icmp(45) " fcode="icmp"/>
<opset="icmp_ln465/1 "/>
</bind>
</comp>

<comp id="198" class="1004" name="tmp_66_fu_198">
<pin_list>
<pin id="199" dir="0" index="0" bw="3" slack="0"/>
<pin id="200" dir="0" index="1" bw="8" slack="0"/>
<pin id="201" dir="0" index="2" bw="4" slack="0"/>
<pin id="202" dir="0" index="3" bw="4" slack="0"/>
<pin id="203" dir="1" index="4" bw="3" slack="0"/>
</pin_list>
<bind>
<opcode="partselect(1002) " fcode="partselect"/>
<opset="tmp_66/1 "/>
</bind>
</comp>

<comp id="208" class="1004" name="icmp_ln466_fu_208">
<pin_list>
<pin id="209" dir="0" index="0" bw="3" slack="0"/>
<pin id="210" dir="0" index="1" bw="1" slack="0"/>
<pin id="211" dir="1" index="2" bw="1" slack="0"/>
</pin_list>
<bind>
<opcode="icmp(45) " fcode="icmp"/>
<opset="icmp_ln466/1 "/>
</bind>
</comp>

<comp id="214" class="1004" name="tmp_67_fu_214">
<pin_list>
<pin id="215" dir="0" index="0" bw="4" slack="0"/>
<pin id="216" dir="0" index="1" bw="8" slack="0"/>
<pin id="217" dir="0" index="2" bw="4" slack="0"/>
<pin id="218" dir="0" index="3" bw="4" slack="0"/>
<pin id="219" dir="1" index="4" bw="4" slack="0"/>
</pin_list>
<bind>
<opcode="partselect(1002) " fcode="partselect"/>
<opset="tmp_67/1 "/>
</bind>
</comp>

<comp id="224" class="1004" name="icmp_ln467_fu_224">
<pin_list>
<pin id="225" dir="0" index="0" bw="4" slack="0"/>
<pin id="226" dir="0" index="1" bw="1" slack="0"/>
<pin id="227" dir="1" index="2" bw="1" slack="0"/>
</pin_list>
<bind>
<opcode="icmp(45) " fcode="icmp"/>
<opset="icmp_ln467/1 "/>
</bind>
</comp>

<comp id="230" class="1004" name="select_ln467_fu_230">
<pin_list>
<pin id="231" dir="0" index="0" bw="1" slack="0"/>
<pin id="232" dir="0" index="1" bw="2" slack="0"/>
<pin id="233" dir="0" index="2" bw="1" slack="0"/>
<pin id="234" dir="1" index="3" bw="2" slack="0"/>
</pin_list>
<bind>
<opcode="select(49) " fcode="select"/>
<opset="select_ln467/1 "/>
</bind>
</comp>

<comp id="238" class="1004" name="xor_ln465_fu_238">
<pin_list>
<pin id="239" dir="0" index="0" bw="1" slack="0"/>
<pin id="240" dir="0" index="1" bw="1" slack="0"/>
<pin id="241" dir="1" index="2" bw="1" slack="0"/>
</pin_list>
<bind>
<opcode="xor(25) " fcode="xor"/>
<opset="xor_ln465/1 "/>
</bind>
</comp>

<comp id="244" class="1004" name="and_ln466_fu_244">
<pin_list>
<pin id="245" dir="0" index="0" bw="1" slack="0"/>
<pin id="246" dir="0" index="1" bw="1" slack="0"/>
<pin id="247" dir="1" index="2" bw="1" slack="0"/>
</pin_list>
<bind>
<opcode="and(23) " fcode="and"/>
<opset="and_ln466/1 "/>
</bind>
</comp>

<comp id="250" class="1004" name="sel_tmp7_fu_250">
<pin_list>
<pin id="251" dir="0" index="0" bw="2" slack="0"/>
<pin id="252" dir="0" index="1" bw="1" slack="0"/>
<pin id="253" dir="0" index="2" bw="1" slack="0"/>
<pin id="254" dir="1" index="3" bw="2" slack="0"/>
</pin_list>
<bind>
<opcode="bitconcatenate(1004) " fcode="bitconcatenate"/>
<opset="sel_tmp7/1 "/>
</bind>
</comp>

<comp id="258" class="1004" name="shift_sel_fu_258">
<pin_list>
<pin id="259" dir="0" index="0" bw="2" slack="0"/>
<pin id="260" dir="0" index="1" bw="2" slack="0"/>
<pin id="261" dir="0" index="2" bw="2" slack="0"/>
<pin id="262" dir="0" index="3" bw="2" slack="0"/>
<pin id="263" dir="0" index="4" bw="2" slack="0"/>
<pin id="264" dir="0" index="5" bw="2" slack="0"/>
<pin id="265" dir="0" index="6" bw="2" slack="0"/>
<pin id="266" dir="0" index="7" bw="2" slack="0"/>
<pin id="267" dir="0" index="8" bw="2" slack="0"/>
<pin id="268" dir="1" index="9" bw="2" slack="2"/>
</pin_list>
<bind>
<opcode="sparsemux(1197) " fcode="sparsemux"/>
<opset="shift_sel/1 "/>
</bind>
</comp>

<comp id="278" class="1004" name="store_ln473_store_fu_278">
<pin_list>
<pin id="279" dir="0" index="0" bw="1" slack="0"/>
<pin id="280" dir="0" index="1" bw="9" slack="0"/>
<pin id="281" dir="1" index="2" bw="0" slack="2147483647"/>
</pin_list>
<bind>
<opcode="store(28) " fcode="store"/>
<opset="store_ln473/1 "/>
</bind>
</comp>

<comp id="283" class="1004" name="i_8_load_fu_283">
<pin_list>
<pin id="284" dir="0" index="0" bw="9" slack="1"/>
<pin id="285" dir="1" index="1" bw="9" slack="0"/>
</pin_list>
<bind>
<opcode="load(27) " fcode="load"/>
<opset="i_8/2 "/>
</bind>
</comp>

<comp id="286" class="1004" name="icmp_ln473_fu_286">
<pin_list>
<pin id="287" dir="0" index="0" bw="9" slack="0"/>
<pin id="288" dir="0" index="1" bw="9" slack="0"/>
<pin id="289" dir="1" index="2" bw="1" slack="2147483647"/>
</pin_list>
<bind>
<opcode="icmp(45) " fcode="icmp"/>
<opset="icmp_ln473/2 "/>
</bind>
</comp>

<comp id="292" class="1004" name="add_ln473_fu_292">
<pin_list>
<pin id="293" dir="0" index="0" bw="9" slack="0"/>
<pin id="294" dir="0" index="1" bw="1" slack="0"/>
<pin id="295" dir="1" index="2" bw="9" slack="2"/>
</pin_list>
<bind>
<opcode="add(8) " fcode="add"/>
<opset="add_ln473/2 "/>
</bind>
</comp>

<comp id="298" class="1004" name="lshr_ln_fu_298">
<pin_list>
<pin id="299" dir="0" index="0" bw="7" slack="0"/>
<pin id="300" dir="0" index="1" bw="9" slack="0"/>
<pin id="301" dir="0" index="2" bw="1" slack="0"/>
<pin id="302" dir="0" index="3" bw="4" slack="0"/>
<pin id="303" dir="1" index="4" bw="7" slack="0"/>
</pin_list>
<bind>
<opcode="partselect(1002) " fcode="partselect"/>
<opset="lshr_ln/2 "/>
</bind>
</comp>

<comp id="308" class="1004" name="zext_ln473_fu_308">
<pin_list>
<pin id="309" dir="0" index="0" bw="7" slack="0"/>
<pin id="310" dir="1" index="1" bw="64" slack="0"/>
</pin_list>
<bind>
<opcode="zext(34) " fcode="zext"/>
<opset="zext_ln473/2 "/>
</bind>
</comp>

<comp id="314" class="1004" name="trunc_ln473_fu_314">
<pin_list>
<pin id="315" dir="0" index="0" bw="9" slack="2147483647"/>
<pin id="316" dir="1" index="1" bw="8" slack="0"/>
</pin_list>
<bind>
<opcode="trunc(33) " fcode="trunc"/>
<opset="trunc_ln473/3 "/>
</bind>
</comp>

<comp id="318" class="1004" name="trunc_ln473_1_fu_318">
<pin_list>
<pin id="319" dir="0" index="0" bw="9" slack="2147483647"/>
<pin id="320" dir="1" index="1" bw="1" slack="0"/>
</pin_list>
<bind>
<opcode="trunc(33) " fcode="trunc"/>
<opset="trunc_ln473_1/3 "/>
</bind>
</comp>

<comp id="321" class="1004" name="pre_elig_fu_321">
<pin_list>
<pin id="322" dir="0" index="0" bw="1" slack="0"/>
<pin id="323" dir="0" index="1" bw="8" slack="0"/>
<pin id="324" dir="0" index="2" bw="8" slack="0"/>
<pin id="325" dir="1" index="3" bw="8" slack="0"/>
</pin_list>
<bind>
<opcode="select(49) " fcode="select"/>
<opset="pre_elig/3 "/>
</bind>
</comp>

<comp id="330" class="1004" name="icmp_ln477_fu_330">
<pin_list>
<pin id="331" dir="0" index="0" bw="8" slack="0"/>
<pin id="332" dir="0" index="1" bw="1" slack="0"/>
<pin id="333" dir="1" index="2" bw="1" slack="1"/>
</pin_list>
<bind>
<opcode="icmp(45) " fcode="icmp"/>
<opset="icmp_ln477/3 "/>
</bind>
</comp>

<comp id="336" class="1004" name="store_ln473_store_fu_336">
<pin_list>
<pin id="337" dir="0" index="0" bw="9" slack="2"/>
<pin id="338" dir="0" index="1" bw="9" slack="3"/>
<pin id="339" dir="1" index="2" bw="0" slack="2147483647"/>
</pin_list>
<bind>
<opcode="store(28) " fcode="store"/>
<opset="store_ln473/4 "/>
</bind>
</comp>

<comp id="340" class="1005" name="and_ln458_reg_340">
<pin_list>
<pin id="341" dir="0" index="0" bw="1" slack="1"/>
<pin id="342" dir="1" index="1" bw="1" slack="2147483647"/>
</pin_list>
<bind>
<opset="and_ln458 "/>
</bind>
</comp>

<comp id="344" class="1005" name="i_reg_344">
<pin_list>
<pin id="345" dir="0" index="0" bw="9" slack="0"/>
<pin id="346" dir="1" index="1" bw="9" slack="0"/>
</pin_list>
<bind>
<opset="i "/>
</bind>
</comp>

<comp id="351" class="1005" name="tmp_reg_351">
<pin_list>
<pin id="352" dir="0" index="0" bw="1" slack="2"/>
<pin id="353" dir="1" index="1" bw="1" slack="2"/>
</pin_list>
<bind>
<opset="tmp "/>
</bind>
</comp>

<comp id="356" class="1005" name="shift_sel_reg_356">
<pin_list>
<pin id="357" dir="0" index="0" bw="2" slack="2"/>
<pin id="358" dir="1" index="1" bw="2" slack="2"/>
</pin_list>
<bind>
<opset="shift_sel "/>
</bind>
</comp>

<comp id="367" class="1005" name="add_ln473_reg_367">
<pin_list>
<pin id="368" dir="0" index="0" bw="9" slack="2"/>
<pin id="369" dir="1" index="1" bw="9" slack="2"/>
</pin_list>
<bind>
<opset="add_ln473 "/>
</bind>
</comp>

<comp id="372" class="1005" name="p_ZL15pre_eligibility_0_addr_reg_372">
<pin_list>
<pin id="373" dir="0" index="0" bw="7" slack="1"/>
<pin id="374" dir="1" index="1" bw="7" slack="1"/>
</pin_list>
<bind>
<opset="p_ZL15pre_eligibility_0_addr "/>
</bind>
</comp>

<comp id="377" class="1005" name="p_ZL15pre_eligibility_1_addr_reg_377">
<pin_list>
<pin id="378" dir="0" index="0" bw="7" slack="1"/>
<pin id="379" dir="1" index="1" bw="7" slack="1"/>
</pin_list>
<bind>
<opset="p_ZL15pre_eligibility_1_addr "/>
</bind>
</comp>

<comp id="382" class="1005" name="trunc_ln473_reg_382">
<pin_list>
<pin id="383" dir="0" index="0" bw="8" slack="1"/>
<pin id="384" dir="1" index="1" bw="8" slack="1"/>
</pin_list>
<bind>
<opset="trunc_ln473 "/>
</bind>
</comp>

<comp id="387" class="1005" name="pre_elig_reg_387">
<pin_list>
<pin id="388" dir="0" index="0" bw="8" slack="1"/>
<pin id="389" dir="1" index="1" bw="8" slack="1"/>
</pin_list>
<bind>
<opset="pre_elig "/>
</bind>
</comp>

<comp id="392" class="1005" name="icmp_ln477_reg_392">
<pin_list>
<pin id="393" dir="0" index="0" bw="1" slack="1"/>
<pin id="394" dir="1" index="1" bw="1" slack="2147483647"/>
</pin_list>
<bind>
<opset="icmp_ln477 "/>
</bind>
</comp>

</comp_list>

<net_list>
<net id="93"><net_src comp="32" pin="0"/><net_sink comp="90" pin=0"/></net>

<net id="98"><net_src comp="26" pin="0"/><net_sink comp="94" pin=0"/></net>

<net id="99"><net_src comp="2" pin="0"/><net_sink comp="94" pin=1"/></net>

<net id="104"><net_src comp="28" pin="0"/><net_sink comp="100" pin=0"/></net>

<net id="105"><net_src comp="0" pin="0"/><net_sink comp="100" pin=1"/></net>

<net id="111"><net_src comp="4" pin="0"/><net_sink comp="106" pin=0"/></net>

<net id="112"><net_src comp="82" pin="0"/><net_sink comp="106" pin=1"/></net>

<net id="118"><net_src comp="6" pin="0"/><net_sink comp="113" pin=0"/></net>

<net id="119"><net_src comp="82" pin="0"/><net_sink comp="113" pin=1"/></net>

<net id="125"><net_src comp="106" pin="3"/><net_sink comp="120" pin=0"/></net>

<net id="131"><net_src comp="113" pin="3"/><net_sink comp="126" pin=0"/></net>

<net id="143"><net_src comp="88" pin="0"/><net_sink comp="132" pin=0"/></net>

<net id="144"><net_src comp="8" pin="0"/><net_sink comp="132" pin=5"/></net>

<net id="145"><net_src comp="10" pin="0"/><net_sink comp="132" pin=6"/></net>

<net id="146"><net_src comp="12" pin="0"/><net_sink comp="132" pin=7"/></net>

<net id="147"><net_src comp="14" pin="0"/><net_sink comp="132" pin=8"/></net>

<net id="152"><net_src comp="100" pin="2"/><net_sink comp="148" pin=0"/></net>

<net id="153"><net_src comp="30" pin="0"/><net_sink comp="148" pin=1"/></net>

<net id="158"><net_src comp="148" pin="2"/><net_sink comp="154" pin=0"/></net>

<net id="159"><net_src comp="94" pin="2"/><net_sink comp="154" pin=1"/></net>

<net id="165"><net_src comp="34" pin="0"/><net_sink comp="160" pin=0"/></net>

<net id="166"><net_src comp="100" pin="2"/><net_sink comp="160" pin=1"/></net>

<net id="167"><net_src comp="36" pin="0"/><net_sink comp="160" pin=2"/></net>

<net id="172"><net_src comp="30" pin="0"/><net_sink comp="168" pin=0"/></net>

<net id="173"><net_src comp="100" pin="2"/><net_sink comp="168" pin=1"/></net>

<net id="179"><net_src comp="160" pin="3"/><net_sink comp="174" pin=0"/></net>

<net id="180"><net_src comp="168" pin="2"/><net_sink comp="174" pin=1"/></net>

<net id="181"><net_src comp="100" pin="2"/><net_sink comp="174" pin=2"/></net>

<net id="188"><net_src comp="38" pin="0"/><net_sink comp="182" pin=0"/></net>

<net id="189"><net_src comp="174" pin="3"/><net_sink comp="182" pin=1"/></net>

<net id="190"><net_src comp="40" pin="0"/><net_sink comp="182" pin=2"/></net>

<net id="191"><net_src comp="36" pin="0"/><net_sink comp="182" pin=3"/></net>

<net id="196"><net_src comp="182" pin="4"/><net_sink comp="192" pin=0"/></net>

<net id="197"><net_src comp="42" pin="0"/><net_sink comp="192" pin=1"/></net>

<net id="204"><net_src comp="44" pin="0"/><net_sink comp="198" pin=0"/></net>

<net id="205"><net_src comp="174" pin="3"/><net_sink comp="198" pin=1"/></net>

<net id="206"><net_src comp="46" pin="0"/><net_sink comp="198" pin=2"/></net>

<net id="207"><net_src comp="36" pin="0"/><net_sink comp="198" pin=3"/></net>

<net id="212"><net_src comp="198" pin="4"/><net_sink comp="208" pin=0"/></net>

<net id="213"><net_src comp="48" pin="0"/><net_sink comp="208" pin=1"/></net>

<net id="220"><net_src comp="50" pin="0"/><net_sink comp="214" pin=0"/></net>

<net id="221"><net_src comp="174" pin="3"/><net_sink comp="214" pin=1"/></net>

<net id="222"><net_src comp="52" pin="0"/><net_sink comp="214" pin=2"/></net>

<net id="223"><net_src comp="36" pin="0"/><net_sink comp="214" pin=3"/></net>

<net id="228"><net_src comp="214" pin="4"/><net_sink comp="224" pin=0"/></net>

<net id="229"><net_src comp="54" pin="0"/><net_sink comp="224" pin=1"/></net>

<net id="235"><net_src comp="224" pin="2"/><net_sink comp="230" pin=0"/></net>

<net id="236"><net_src comp="56" pin="0"/><net_sink comp="230" pin=1"/></net>

<net id="237"><net_src comp="58" pin="0"/><net_sink comp="230" pin=2"/></net>

<net id="242"><net_src comp="192" pin="2"/><net_sink comp="238" pin=0"/></net>

<net id="243"><net_src comp="60" pin="0"/><net_sink comp="238" pin=1"/></net>

<net id="248"><net_src comp="208" pin="2"/><net_sink comp="244" pin=0"/></net>

<net id="249"><net_src comp="238" pin="2"/><net_sink comp="244" pin=1"/></net>

<net id="255"><net_src comp="62" pin="0"/><net_sink comp="250" pin=0"/></net>

<net id="256"><net_src comp="192" pin="2"/><net_sink comp="250" pin=1"/></net>

<net id="257"><net_src comp="244" pin="2"/><net_sink comp="250" pin=2"/></net>

<net id="269"><net_src comp="64" pin="0"/><net_sink comp="258" pin=0"/></net>

<net id="270"><net_src comp="56" pin="0"/><net_sink comp="258" pin=1"/></net>

<net id="271"><net_src comp="42" pin="0"/><net_sink comp="258" pin=2"/></net>

<net id="272"><net_src comp="66" pin="0"/><net_sink comp="258" pin=3"/></net>

<net id="273"><net_src comp="66" pin="0"/><net_sink comp="258" pin=4"/></net>

<net id="274"><net_src comp="42" pin="0"/><net_sink comp="258" pin=5"/></net>

<net id="275"><net_src comp="230" pin="3"/><net_sink comp="258" pin=6"/></net>

<net id="276"><net_src comp="68" pin="0"/><net_sink comp="258" pin=7"/></net>

<net id="277"><net_src comp="250" pin="3"/><net_sink comp="258" pin=8"/></net>

<net id="282"><net_src comp="70" pin="0"/><net_sink comp="278" pin=0"/></net>

<net id="290"><net_src comp="283" pin="1"/><net_sink comp="286" pin=0"/></net>

<net id="291"><net_src comp="72" pin="0"/><net_sink comp="286" pin=1"/></net>

<net id="296"><net_src comp="283" pin="1"/><net_sink comp="292" pin=0"/></net>

<net id="297"><net_src comp="78" pin="0"/><net_sink comp="292" pin=1"/></net>

<net id="304"><net_src comp="80" pin="0"/><net_sink comp="298" pin=0"/></net>

<net id="305"><net_src comp="283" pin="1"/><net_sink comp="298" pin=1"/></net>

<net id="306"><net_src comp="32" pin="0"/><net_sink comp="298" pin=2"/></net>

<net id="307"><net_src comp="36" pin="0"/><net_sink comp="298" pin=3"/></net>

<net id="311"><net_src comp="298" pin="4"/><net_sink comp="308" pin=0"/></net>

<net id="312"><net_src comp="308" pin="1"/><net_sink comp="106" pin=2"/></net>

<net id="313"><net_src comp="308" pin="1"/><net_sink comp="113" pin=2"/></net>

<net id="317"><net_src comp="314" pin="1"/><net_sink comp="132" pin=1"/></net>

<net id="326"><net_src comp="318" pin="1"/><net_sink comp="321" pin=0"/></net>

<net id="327"><net_src comp="126" pin="3"/><net_sink comp="321" pin=1"/></net>

<net id="328"><net_src comp="120" pin="3"/><net_sink comp="321" pin=2"/></net>

<net id="329"><net_src comp="321" pin="3"/><net_sink comp="132" pin=2"/></net>

<net id="334"><net_src comp="321" pin="3"/><net_sink comp="330" pin=0"/></net>

<net id="335"><net_src comp="30" pin="0"/><net_sink comp="330" pin=1"/></net>

<net id="343"><net_src comp="154" pin="2"/><net_sink comp="340" pin=0"/></net>

<net id="347"><net_src comp="90" pin="1"/><net_sink comp="344" pin=0"/></net>

<net id="348"><net_src comp="344" pin="1"/><net_sink comp="278" pin=1"/></net>

<net id="349"><net_src comp="344" pin="1"/><net_sink comp="283" pin=0"/></net>

<net id="350"><net_src comp="344" pin="1"/><net_sink comp="336" pin=1"/></net>

<net id="354"><net_src comp="160" pin="3"/><net_sink comp="351" pin=0"/></net>

<net id="355"><net_src comp="351" pin="1"/><net_sink comp="132" pin=4"/></net>

<net id="359"><net_src comp="258" pin="9"/><net_sink comp="356" pin=0"/></net>

<net id="360"><net_src comp="356" pin="1"/><net_sink comp="132" pin=3"/></net>

<net id="370"><net_src comp="292" pin="2"/><net_sink comp="367" pin=0"/></net>

<net id="371"><net_src comp="367" pin="1"/><net_sink comp="336" pin=0"/></net>

<net id="375"><net_src comp="106" pin="3"/><net_sink comp="372" pin=0"/></net>

<net id="376"><net_src comp="372" pin="1"/><net_sink comp="120" pin=0"/></net>

<net id="380"><net_src comp="113" pin="3"/><net_sink comp="377" pin=0"/></net>

<net id="381"><net_src comp="377" pin="1"/><net_sink comp="126" pin=0"/></net>

<net id="385"><net_src comp="314" pin="1"/><net_sink comp="382" pin=0"/></net>

<net id="386"><net_src comp="382" pin="1"/><net_sink comp="132" pin=1"/></net>

<net id="390"><net_src comp="321" pin="3"/><net_sink comp="387" pin=0"/></net>

<net id="391"><net_src comp="387" pin="1"/><net_sink comp="132" pin=2"/></net>

<net id="395"><net_src comp="330" pin="2"/><net_sink comp="392" pin=0"/></net>

</net_list>

</model> 
---------------- Datapath Model END ------------------

* FSMD analyzer results:
  - Output states:
	Port: p_ZL13weight_memory_0 | {3 4 }
	Port: p_ZL13weight_memory_1 | {3 4 }
 - Input state : 
	Port: apply_rstdp_reward : reward_signal | {1 }
	Port: apply_rstdp_reward : params_rstdp_enable_val | {1 }
	Port: apply_rstdp_reward : p_ZL15pre_eligibility_0 | {2 3 }
	Port: apply_rstdp_reward : p_ZL15pre_eligibility_1 | {2 3 }
	Port: apply_rstdp_reward : p_ZL16post_eligibility_0 | {3 4 }
	Port: apply_rstdp_reward : p_ZL16post_eligibility_1 | {3 4 }
	Port: apply_rstdp_reward : p_ZL13weight_memory_0 | {3 4 }
	Port: apply_rstdp_reward : p_ZL13weight_memory_1 | {3 4 }
  - Chain level:
	State 1
		and_ln458 : 1
		br_ln458 : 1
		reward_mag_1 : 1
		tmp_65 : 2
		icmp_ln465 : 3
		tmp_66 : 2
		icmp_ln466 : 3
		tmp_67 : 2
		icmp_ln467 : 3
		select_ln467 : 4
		xor_ln465 : 4
		and_ln466 : 4
		sel_tmp7 : 4
		shift_sel : 5
		store_ln473 : 1
	State 2
		icmp_ln473 : 1
		add_ln473 : 1
		br_ln473 : 2
		lshr_ln : 1
		zext_ln473 : 2
		p_ZL15pre_eligibility_0_addr : 3
		p_ZL15pre_eligibility_1_addr : 3
		p_ZL15pre_eligibility_0_load : 4
		p_ZL15pre_eligibility_1_load : 4
	State 3
		pre_elig : 1
		icmp_ln477 : 2
		br_ln477 : 3
		call_ln473 : 2
	State 4


============================================================
+ Verbose Summary: Datapath Resource usage 
============================================================

* Functional unit list:
|----------|----------------------------------------------------|---------|---------|---------|---------|
| Operation|                   Functional Unit                  |   DSP   |  Delay  |    FF   |   LUT   |
|----------|----------------------------------------------------|---------|---------|---------|---------|
|   call   | grp_apply_rstdp_reward_Pipeline_RSTDP_INNER_fu_132 |    0    |  6.352  |   124   |   274   |
|----------|----------------------------------------------------|---------|---------|---------|---------|
|          |                  icmp_ln458_fu_148                 |    0    |    0    |    0    |    15   |
|          |                  icmp_ln465_fu_192                 |    0    |    0    |    0    |    10   |
|   icmp   |                  icmp_ln466_fu_208                 |    0    |    0    |    0    |    11   |
|          |                  icmp_ln467_fu_224                 |    0    |    0    |    0    |    13   |
|          |                  icmp_ln473_fu_286                 |    0    |    0    |    0    |    14   |
|          |                  icmp_ln477_fu_330                 |    0    |    0    |    0    |    15   |
|----------|----------------------------------------------------|---------|---------|---------|---------|
|          |                 reward_mag_1_fu_174                |    0    |    0    |    0    |    8    |
|  select  |                 select_ln467_fu_230                |    0    |    0    |    0    |    2    |
|          |                   pre_elig_fu_321                  |    0    |    0    |    0    |    8    |
|----------|----------------------------------------------------|---------|---------|---------|---------|
|    sub   |                  reward_mag_fu_168                 |    0    |    0    |    0    |    15   |
|----------|----------------------------------------------------|---------|---------|---------|---------|
|    add   |                  add_ln473_fu_292                  |    0    |    0    |    0    |    14   |
|----------|----------------------------------------------------|---------|---------|---------|---------|
| sparsemux|                  shift_sel_fu_258                  |    0    |    0    |    0    |    9    |
|----------|----------------------------------------------------|---------|---------|---------|---------|
|    and   |                  and_ln458_fu_154                  |    0    |    0    |    0    |    2    |
|          |                  and_ln466_fu_244                  |    0    |    0    |    0    |    2    |
|----------|----------------------------------------------------|---------|---------|---------|---------|
|    xor   |                  xor_ln465_fu_238                  |    0    |    0    |    0    |    2    |
|----------|----------------------------------------------------|---------|---------|---------|---------|
|   read   |       params_rstdp_enable_val_read_read_fu_94      |    0    |    0    |    0    |    0    |
|          |           reward_signal_read_read_fu_100           |    0    |    0    |    0    |    0    |
|----------|----------------------------------------------------|---------|---------|---------|---------|
| bitselect|                     tmp_fu_160                     |    0    |    0    |    0    |    0    |
|----------|----------------------------------------------------|---------|---------|---------|---------|
|          |                    tmp_65_fu_182                   |    0    |    0    |    0    |    0    |
|partselect|                    tmp_66_fu_198                   |    0    |    0    |    0    |    0    |
|          |                    tmp_67_fu_214                   |    0    |    0    |    0    |    0    |
|          |                   lshr_ln_fu_298                   |    0    |    0    |    0    |    0    |
|----------|----------------------------------------------------|---------|---------|---------|---------|
|bitconcatenate|                   sel_tmp7_fu_250                  |    0    |    0    |    0    |    0    |
|----------|----------------------------------------------------|---------|---------|---------|---------|
|   zext   |                  zext_ln473_fu_308                 |    0    |    0    |    0    |    0    |
|----------|----------------------------------------------------|---------|---------|---------|---------|
|   trunc  |                 trunc_ln473_fu_314                 |    0    |    0    |    0    |    0    |
|          |                trunc_ln473_1_fu_318                |    0    |    0    |    0    |    0    |
|----------|----------------------------------------------------|---------|---------|---------|---------|
|   Total  |                                                    |    0    |  6.352  |   124   |   414   |
|----------|----------------------------------------------------|---------|---------|---------|---------|

Memories:
N/A

* Register list:
+------------------------------------+--------+
|                                    |   FF   |
+------------------------------------+--------+
|          add_ln473_reg_367         |    9   |
|          and_ln458_reg_340         |    1   |
|              i_reg_344             |    9   |
|         icmp_ln477_reg_392         |    1   |
|p_ZL15pre_eligibility_0_addr_reg_372|    7   |
|p_ZL15pre_eligibility_1_addr_reg_377|    7   |
|          pre_elig_reg_387          |    8   |
|          shift_sel_reg_356         |    2   |
|             tmp_reg_351            |    1   |
|         trunc_ln473_reg_382        |    8   |
+------------------------------------+--------+
|                Total               |   53   |
+------------------------------------+--------+

* Multiplexer (MUX) list: 
|----------------------------------------------------|------|------|------|--------||---------||---------||---------|
|                        Comp                        |  Pin | Size |  BW  | S x BW ||  Delay  ||    FF   ||   LUT   |
|----------------------------------------------------|------|------|------|--------||---------||---------||---------|
|                  grp_access_fu_120                 |  p0  |   2  |   7  |   14   ||    0    ||    9    |
|                  grp_access_fu_126                 |  p0  |   2  |   7  |   14   ||    0    ||    9    |
| grp_apply_rstdp_reward_Pipeline_RSTDP_INNER_fu_132 |  p1  |   2  |   8  |   16   ||    0    ||    9    |
| grp_apply_rstdp_reward_Pipeline_RSTDP_INNER_fu_132 |  p2  |   2  |   8  |   16   ||    0    ||    9    |
|----------------------------------------------------|------|------|------|--------||---------||---------||---------|
|                        Total                       |      |      |      |   60   ||  6.352  ||    0    ||    36   |
|----------------------------------------------------|------|------|------|--------||---------||---------||---------|



* Summary:
+-----------+--------+--------+--------+--------+
|           |   DSP  |  Delay |   FF   |   LUT  |
+-----------+--------+--------+--------+--------+
|  Function |    0   |    6   |   124  |   414  |
|   Memory  |    -   |    -   |    -   |    -   |
|Multiplexer|    -   |    6   |    0   |   36   |
|  Register |    -   |    -   |   53   |    -   |
+-----------+--------+--------+--------+--------+
|   Total   |    0   |   12   |   177  |   450  |
+-----------+--------+--------+--------+--------+
