

================================================================
== Vitis HLS Report for 'apply_rstdp_reward_Pipeline_RSTDP_INNER'
================================================================
* Date:           Tue Feb 10 18:59:26 2026

* Version:        2025.2 (Build 6295257 on Nov 14 2025)
* Project:        hls_csim_output
* Solution:       hls (Vivado IP Flow Target)
* Product family: zynq
* Target device:  xc7z020-clg400-1


================================================================
== Performance Estimates
================================================================
+ Timing: 
    * Summary: 
    +--------+----------+----------+------------+
    |  Clock |  Target  | Estimated| Uncertainty|
    +--------+----------+----------+------------+
    |ap_clk  |  10.00 ns|  6.417 ns|     2.70 ns|
    +--------+----------+----------+------------+

+ Latency: 
    * Summary: 
    +---------+---------+----------+----------+-----+-----+-------------------+
    |  Latency (cycles) |  Latency (absolute) |  Interval |      Pipeline     |
    |   min   |   max   |    min   |    max   | min | max |        Type       |
    +---------+---------+----------+----------+-----+-----+-------------------+
    |      261|      261|  2.610 us|  2.610 us|    0|    0|  loop pipeline stp|
    +---------+---------+----------+----------+-----+-----+-------------------+

    + Detail: 
        * Instance: 
        N/A

        * Loop: 
        +---------------+---------+---------+----------+-----------+-----------+------+----------+
        |               |  Latency (cycles) | Iteration|  Initiation Interval  | Trip |          |
        |   Loop Name   |   min   |   max   |  Latency |  achieved |   target  | Count| Pipelined|
        +---------------+---------+---------+----------+-----------+-----------+------+----------+
        |- RSTDP_INNER  |      259|      259|         5|          1|          1|   256|       yes|
        +---------------+---------+---------+----------+-----------+-----------+------+----------+



================================================================
== Utilization Estimates
================================================================
* Summary: 
+-----------------+---------+-----+--------+-------+-----+
|       Name      | BRAM_18K| DSP |   FF   |  LUT  | URAM|
+-----------------+---------+-----+--------+-------+-----+
|DSP              |        -|    -|       -|      -|    -|
|Expression       |        -|    -|       0|    186|    -|
|FIFO             |        -|    -|       -|      -|    -|
|Instance         |        -|    0|       0|     55|    -|
|Memory           |        -|    -|       -|      -|    -|
|Multiplexer      |        -|    -|       0|     36|    -|
|Register         |        -|    -|     272|     64|    -|
+-----------------+---------+-----+--------+-------+-----+
|Total            |        0|    0|     272|    341|    0|
+-----------------+---------+-----+--------+-------+-----+
|Available        |      280|  220|  106400|  53200|    0|
+-----------------+---------+-----+--------+-------+-----+
|Utilization (%)  |        0|    0|      ~0|     ~0|    0|
+-----------------+---------+-----+--------+-------+-----+

+ Detail: 
    * Instance: 
    +--------------------------+---------------------+---------+----+---+----+-----+
    |         Instance         |        Module       | BRAM_18K| DSP| FF| LUT| URAM|
    +--------------------------+---------------------+---------+----+---+----+-----+
    |mul_8s_8s_16_1_1_U143     |mul_8s_8s_16_1_1     |        0|   0|  0|  41|    0|
    |sparsemux_9_3_7_1_1_U144  |sparsemux_9_3_7_1_1  |        0|   0|  0|  14|    0|
    +--------------------------+---------------------+---------+----+---+----+-----+
    |Total                     |                     |        0|   0|  0|  55|    0|
    +--------------------------+---------------------+---------+----+---+----+-----+

    * DSP: 
    N/A

    * Memory: 
    N/A

    * FIFO: 
    N/A

    * Expression: 
    +--------------------------+----------+----+---+----+------------+------------+
    |       Variable Name      | Operation| DSP| FF| LUT| Bitwidth P0| Bitwidth P1|
    +--------------------------+----------+----+---+----+------------+------------+
    |add_ln479_fu_220_p2       |         +|   0|  0|  14|           9|           1|
    |add_ln502_fu_416_p2       |         +|   0|  0|  15|           8|           8|
    |w_fu_422_p2               |         +|   0|  0|  14|           9|           9|
    |delta_fu_388_p2           |         -|   0|  0|  15|           1|           8|
    |icmp_ln335_fu_438_p2      |      icmp|   0|  0|  10|           2|           1|
    |icmp_ln336_fu_443_p2      |      icmp|   0|  0|  14|           9|           9|
    |icmp_ln479_fu_214_p2      |      icmp|   0|  0|  13|           9|          10|
    |icmp_ln483_fu_258_p2      |      icmp|   0|  0|  15|           8|           1|
    |icmp_ln490_1_fu_341_p2    |      icmp|   0|  0|  10|           2|           1|
    |icmp_ln490_2_fu_346_p2    |      icmp|   0|  0|  10|           2|           1|
    |icmp_ln490_fu_336_p2      |      icmp|   0|  0|  11|           2|           3|
    |or_ln335_fu_456_p2        |        or|   0|  0|   2|           1|           1|
    |current_w_fu_405_p3       |    select|   0|  0|   8|           1|           8|
    |delta_1_fu_394_p3         |    select|   0|  0|   8|           1|           8|
    |post_elig_fu_251_p3       |    select|   0|  0|   8|           1|           8|
    |select_ln335_3_fu_448_p3  |    select|   0|  0|   9|           1|           7|
    |select_ln335_fu_462_p3    |    select|   0|  0|   8|           1|           8|
    |ap_enable_pp0             |       xor|   0|  0|   2|           1|           2|
    +--------------------------+----------+----+---+----+------------+------------+
    |Total                     |          |   0|  0| 186|          68|          94|
    +--------------------------+----------+----+---+----+------------+------------+

    * Multiplexer: 
    +-------------------------+----+-----------+-----+-----------+
    |           Name          | LUT| Input Size| Bits| Total Bits|
    +-------------------------+----+-----------+-----+-----------+
    |ap_done_int              |   9|          2|    1|          2|
    |ap_enable_reg_pp0_iter1  |   9|          2|    1|          2|
    |ap_sig_allocacmp_j_3     |   9|          2|    9|         18|
    |j_fu_114                 |   9|          2|    9|         18|
    +-------------------------+----+-----------+-----+-----------+
    |Total                    |  36|          8|   20|         40|
    +-------------------------+----+-----------+-----+-----------+

    * Register: 
    +--------------------------------------------------+----+----+-----+-----------+
    |                       Name                       | FF | LUT| Bits| Const Bits|
    +--------------------------------------------------+----+----+-----+-----------+
    |add_ln502_reg_551                                 |   8|   0|    8|          0|
    |ap_CS_fsm                                         |   1|   0|    1|          0|
    |ap_done_reg                                       |   1|   0|    1|          0|
    |ap_enable_reg_pp0_iter1                           |   1|   0|    1|          0|
    |ap_enable_reg_pp0_iter2                           |   1|   0|    1|          0|
    |ap_enable_reg_pp0_iter3                           |   1|   0|    1|          0|
    |ap_enable_reg_pp0_iter4                           |   1|   0|    1|          0|
    |ap_loop_exit_ready_pp0_iter1_reg                  |   1|   0|    1|          0|
    |ap_loop_exit_ready_pp0_iter2_reg                  |   1|   0|    1|          0|
    |ap_loop_exit_ready_pp0_iter3_reg                  |   1|   0|    1|          0|
    |icmp_ln483_reg_530                                |   1|   0|    1|          0|
    |j_fu_114                                          |   9|   0|    9|          0|
    |lshr_ln_reg_510                                   |   7|   0|    7|          0|
    |lshr_ln_reg_510_pp0_iter1_reg                     |   7|   0|    7|          0|
    |p_ZL13weight_memory_0_addr_reg_534                |  15|   0|   15|          0|
    |p_ZL13weight_memory_0_addr_reg_534_pp0_iter3_reg  |  15|   0|   15|          0|
    |p_ZL13weight_memory_1_addr_reg_540                |  15|   0|   15|          0|
    |p_ZL13weight_memory_1_addr_reg_540_pp0_iter3_reg  |  15|   0|   15|          0|
    |post_elig_reg_525                                 |   8|   0|    8|          0|
    |scaled_4_reg_546                                  |   7|   0|    7|          0|
    |sext_ln486_cast_reg_495                           |  16|   0|   16|          0|
    |tmp_64_reg_561                                    |   2|   0|    2|          0|
    |trunc_ln479_reg_504                               |   1|   0|    1|          0|
    |w_reg_556                                         |   9|   0|    9|          0|
    |icmp_ln483_reg_530                                |  64|  32|    1|          0|
    |trunc_ln479_reg_504                               |  64|  32|    1|          0|
    +--------------------------------------------------+----+----+-----+-----------+
    |Total                                             | 272|  64|  146|          0|
    +--------------------------------------------------+----+----+-----+-----------+



================================================================
== Interface
================================================================
* Summary: 
+-----------------------------------+-----+-----+------------+-----------------------------------------+--------------+
|             RTL Ports             | Dir | Bits|  Protocol  |              Source Object              |    C Type    |
+-----------------------------------+-----+-----+------------+-----------------------------------------+--------------+
|ap_clk                             |   in|    1|  ap_ctrl_hs|  apply_rstdp_reward_Pipeline_RSTDP_INNER|  return value|
|ap_rst                             |   in|    1|  ap_ctrl_hs|  apply_rstdp_reward_Pipeline_RSTDP_INNER|  return value|
|ap_start                           |   in|    1|  ap_ctrl_hs|  apply_rstdp_reward_Pipeline_RSTDP_INNER|  return value|
|ap_done                            |  out|    1|  ap_ctrl_hs|  apply_rstdp_reward_Pipeline_RSTDP_INNER|  return value|
|ap_idle                            |  out|    1|  ap_ctrl_hs|  apply_rstdp_reward_Pipeline_RSTDP_INNER|  return value|
|ap_ready                           |  out|    1|  ap_ctrl_hs|  apply_rstdp_reward_Pipeline_RSTDP_INNER|  return value|
|i                                  |   in|    8|     ap_none|                                        i|        scalar|
|sext_ln486                         |   in|    8|     ap_none|                               sext_ln486|        scalar|
|shift_sel                          |   in|    2|     ap_none|                                shift_sel|        scalar|
|empty                              |   in|    1|     ap_none|                                    empty|        scalar|
|p_ZL16post_eligibility_0_address0  |  out|    7|   ap_memory|                 p_ZL16post_eligibility_0|         array|
|p_ZL16post_eligibility_0_ce0       |  out|    1|   ap_memory|                 p_ZL16post_eligibility_0|         array|
|p_ZL16post_eligibility_0_q0        |   in|    8|   ap_memory|                 p_ZL16post_eligibility_0|         array|
|p_ZL16post_eligibility_1_address0  |  out|    7|   ap_memory|                 p_ZL16post_eligibility_1|         array|
|p_ZL16post_eligibility_1_ce0       |  out|    1|   ap_memory|                 p_ZL16post_eligibility_1|         array|
|p_ZL16post_eligibility_1_q0        |   in|    8|   ap_memory|                 p_ZL16post_eligibility_1|         array|
|p_ZL13weight_memory_0_address0     |  out|   15|   ap_memory|                    p_ZL13weight_memory_0|         array|
|p_ZL13weight_memory_0_ce0          |  out|    1|   ap_memory|                    p_ZL13weight_memory_0|         array|
|p_ZL13weight_memory_0_q0           |   in|    8|   ap_memory|                    p_ZL13weight_memory_0|         array|
|p_ZL13weight_memory_0_address1     |  out|   15|   ap_memory|                    p_ZL13weight_memory_0|         array|
|p_ZL13weight_memory_0_ce1          |  out|    1|   ap_memory|                    p_ZL13weight_memory_0|         array|
|p_ZL13weight_memory_0_we1          |  out|    1|   ap_memory|                    p_ZL13weight_memory_0|         array|
|p_ZL13weight_memory_0_d1           |  out|    8|   ap_memory|                    p_ZL13weight_memory_0|         array|
|p_ZL13weight_memory_1_address0     |  out|   15|   ap_memory|                    p_ZL13weight_memory_1|         array|
|p_ZL13weight_memory_1_ce0          |  out|    1|   ap_memory|                    p_ZL13weight_memory_1|         array|
|p_ZL13weight_memory_1_q0           |   in|    8|   ap_memory|                    p_ZL13weight_memory_1|         array|
|p_ZL13weight_memory_1_address1     |  out|   15|   ap_memory|                    p_ZL13weight_memory_1|         array|
|p_ZL13weight_memory_1_ce1          |  out|    1|   ap_memory|                    p_ZL13weight_memory_1|         array|
|p_ZL13weight_memory_1_we1          |  out|    1|   ap_memory|                    p_ZL13weight_memory_1|         array|
|p_ZL13weight_memory_1_d1           |  out|    8|   ap_memory|                    p_ZL13weight_memory_1|         array|
+-----------------------------------+-----+-----+------------+-----------------------------------------+--------------+

============================================================
+ Verbose Summary: Synthesis Manager
============================================================
InlineROM: 1
ExposeGlobal: 0
============================================================
+ Verbose Summary: CDFG Model
============================================================
IsTopModel: 0
ResetActiveHigh: 1
IsCombinational: 2
IsDatapathOnly: 2
HasWiredReturn: 1
HasMFsm: 2
HasVarLatency: 1
IsPipeline: 0
IsRtlPipelined: 0
IsInstanceOverlapped: 0
IsDontTouch: 0
HasImplIP: 0
IsGatedGlobalClock: 0

+ Individual pipeline summary: 
  * Pipeline-0: initiation interval (II) = 1, depth = 5


============================================================
+ Verbose Summary: Schedule
============================================================
* Number of FSM states : 5
* Pipeline : 1
  Pipeline-0 : II = 1, D = 5, States = { 1 2 3 4 5 }
* Dataflow Pipeline: 0

* FSM state transitions: 
1 --> 2 
2 --> 3 
3 --> 4 
4 --> 5 
5 --> 

* FSM state operations: 

State 1 <SV = 0> <Delay = 4.99>
ST_1 : Operation 8 [1/1] (0.00ns)   --->   "%j = alloca i32 1" [src/snn_top_hls.cpp:479]   --->   Operation 8 'alloca' 'j' <Predicate = true> <Delay = 0.00>
ST_1 : Operation 9 [1/1] (0.00ns)   --->   "%tmp = read i1 @_ssdm_op_Read.ap_auto.i1, i1 %empty"   --->   Operation 9 'read' 'tmp' <Predicate = true> <Delay = 0.00>
ST_1 : Operation 10 [1/1] (0.00ns)   --->   "%shift_sel_read = read i2 @_ssdm_op_Read.ap_auto.i2, i2 %shift_sel"   --->   Operation 10 'read' 'shift_sel_read' <Predicate = true> <Delay = 0.00>
ST_1 : Operation 11 [1/1] (0.00ns)   --->   "%sext_ln486_read = read i8 @_ssdm_op_Read.ap_auto.i8, i8 %sext_ln486"   --->   Operation 11 'read' 'sext_ln486_read' <Predicate = true> <Delay = 0.00>
ST_1 : Operation 12 [1/1] (0.00ns)   --->   "%i_read = read i8 @_ssdm_op_Read.ap_auto.i8, i8 %i"   --->   Operation 12 'read' 'i_read' <Predicate = true> <Delay = 0.00>
ST_1 : Operation 13 [1/1] (0.00ns)   --->   "%sext_ln486_cast = sext i8 %sext_ln486_read"   --->   Operation 13 'sext' 'sext_ln486_cast' <Predicate = true> <Delay = 0.00>
ST_1 : Operation 14 [1/1] (0.00ns)   --->   "%specmemcore_ln0 = specmemcore void @_ssdm_op_SpecMemCore, i8 %p_ZL16post_eligibility_0, i64 666, i64 22, i64 18446744073709551615, i1 0"   --->   Operation 14 'specmemcore' 'specmemcore_ln0' <Predicate = true> <Delay = 0.00>
ST_1 : Operation 15 [1/1] (0.00ns)   --->   "%specmemcore_ln0 = specmemcore void @_ssdm_op_SpecMemCore, i8 %p_ZL16post_eligibility_1, i64 666, i64 22, i64 18446744073709551615, i1 0"   --->   Operation 15 'specmemcore' 'specmemcore_ln0' <Predicate = true> <Delay = 0.00>
ST_1 : Operation 16 [1/1] (0.00ns)   --->   "%specmemcore_ln0 = specmemcore void @_ssdm_op_SpecMemCore, i8 %p_ZL13weight_memory_0, i64 666, i64 22, i64 18446744073709551615, i1 0"   --->   Operation 16 'specmemcore' 'specmemcore_ln0' <Predicate = true> <Delay = 0.00>
ST_1 : Operation 17 [1/1] (0.00ns)   --->   "%specmemcore_ln0 = specmemcore void @_ssdm_op_SpecMemCore, i8 %p_ZL13weight_memory_1, i64 666, i64 22, i64 18446744073709551615, i1 0"   --->   Operation 17 'specmemcore' 'specmemcore_ln0' <Predicate = true> <Delay = 0.00>
ST_1 : Operation 18 [1/1] (1.58ns)   --->   "%store_ln479 = store i9 0, i9 %j" [src/snn_top_hls.cpp:479]   --->   Operation 18 'store' 'store_ln479' <Predicate = true> <Delay = 1.58>
ST_1 : Operation 19 [1/1] (0.00ns)   --->   "%br_ln0 = br void %for.body23"   --->   Operation 19 'br' 'br_ln0' <Predicate = true> <Delay = 0.00>
ST_1 : Operation 20 [1/1] (0.00ns)   --->   "%j_3 = load i9 %j" [src/snn_top_hls.cpp:479]   --->   Operation 20 'load' 'j_3' <Predicate = true> <Delay = 0.00>
ST_1 : Operation 21 [1/1] (1.82ns)   --->   "%icmp_ln479 = icmp_eq  i9 %j_3, i9 256" [src/snn_top_hls.cpp:479]   --->   Operation 21 'icmp' 'icmp_ln479' <Predicate = true> <Delay = 1.82> <CoreInst = "Cmp">   --->   Core 9 'Cmp' <Latency = 0> <II = 1> <Delay = 1.73> <FuncUnit> <Opcode : 'seteq' 'setne' 'setle' 'setge' 'setlt' 'setgt'> <InPorts = 2> <OutPorts = 1>
ST_1 : Operation 22 [1/1] (0.00ns)   --->   "%speclooptripcount_ln0 = speclooptripcount void @_ssdm_op_SpecLoopTripCount, i64 256, i64 256, i64 256"   --->   Operation 22 'speclooptripcount' 'speclooptripcount_ln0' <Predicate = true> <Delay = 0.00>
ST_1 : Operation 23 [1/1] (1.82ns)   --->   "%add_ln479 = add i9 %j_3, i9 1" [src/snn_top_hls.cpp:479]   --->   Operation 23 'add' 'add_ln479' <Predicate = true> <Delay = 1.82> <CoreInst = "Adder">   --->   Core 1 'Adder' <Latency = 0> <II = 1> <Delay = 1.82> <FuncUnit> <Opcode : 'add' 'sub'> <InPorts = 2> <OutPorts = 1>
ST_1 : Operation 24 [1/1] (0.00ns)   --->   "%br_ln479 = br i1 %icmp_ln479, void %for.body23.split, void %for.inc59.loopexit.exitStub" [src/snn_top_hls.cpp:479]   --->   Operation 24 'br' 'br_ln479' <Predicate = true> <Delay = 0.00>
ST_1 : Operation 25 [1/1] (0.00ns)   --->   "%trunc_ln479 = trunc i9 %j_3" [src/snn_top_hls.cpp:479]   --->   Operation 25 'trunc' 'trunc_ln479' <Predicate = (!icmp_ln479)> <Delay = 0.00>
ST_1 : Operation 26 [1/1] (0.00ns)   --->   "%lshr_ln = partselect i7 @_ssdm_op_PartSelect.i7.i9.i32.i32, i9 %j_3, i32 1, i32 7" [src/snn_top_hls.cpp:479]   --->   Operation 26 'partselect' 'lshr_ln' <Predicate = (!icmp_ln479)> <Delay = 0.00>
ST_1 : Operation 27 [1/1] (0.00ns)   --->   "%zext_ln479 = zext i7 %lshr_ln" [src/snn_top_hls.cpp:479]   --->   Operation 27 'zext' 'zext_ln479' <Predicate = (!icmp_ln479)> <Delay = 0.00>
ST_1 : Operation 28 [1/1] (0.00ns)   --->   "%p_ZL16post_eligibility_0_addr = getelementptr i8 %p_ZL16post_eligibility_0, i64 0, i64 %zext_ln479" [src/snn_top_hls.cpp:482]   --->   Operation 28 'getelementptr' 'p_ZL16post_eligibility_0_addr' <Predicate = (!icmp_ln479)> <Delay = 0.00>
ST_1 : Operation 29 [1/1] (0.00ns)   --->   "%p_ZL16post_eligibility_1_addr = getelementptr i8 %p_ZL16post_eligibility_1, i64 0, i64 %zext_ln479" [src/snn_top_hls.cpp:482]   --->   Operation 29 'getelementptr' 'p_ZL16post_eligibility_1_addr' <Predicate = (!icmp_ln479)> <Delay = 0.00>
ST_1 : Operation 30 [2/2] (3.25ns)   --->   "%p_ZL16post_eligibility_0_load = load i7 %p_ZL16post_eligibility_0_addr" [src/snn_top_hls.cpp:482]   --->   Operation 30 'load' 'p_ZL16post_eligibility_0_load' <Predicate = (!icmp_ln479)> <Delay = 3.25> <CoreInst = "RAM_2P_BRAM">   --->   Core 90 'RAM_2P_BRAM' <Latency = 1> <II = 1> <Delay = 3.25> <Storage> <Opcode : 'load' 'store'> <Ports = 2> <Width = 8> <Depth = 128> <RAM>
ST_1 : Operation 31 [2/2] (3.25ns)   --->   "%p_ZL16post_eligibility_1_load = load i7 %p_ZL16post_eligibility_1_addr" [src/snn_top_hls.cpp:482]   --->   Operation 31 'load' 'p_ZL16post_eligibility_1_load' <Predicate = (!icmp_ln479)> <Delay = 3.25> <CoreInst = "RAM_2P_BRAM">   --->   Core 90 'RAM_2P_BRAM' <Latency = 1> <II = 1> <Delay = 3.25> <Storage> <Opcode : 'load' 'store'> <Ports = 2> <Width = 8> <Depth = 128> <RAM>
ST_1 : Operation 32 [1/1] (1.58ns)   --->   "%store_ln479 = store i9 %add_ln479, i9 %j" [src/snn_top_hls.cpp:479]   --->   Operation 32 'store' 'store_ln479' <Predicate = (!icmp_ln479)> <Delay = 1.58>
ST_1 : Operation 33 [1/1] (0.00ns)   --->   "%br_ln479 = br void %for.body23" [src/snn_top_hls.cpp:479]   --->   Operation 33 'br' 'br_ln479' <Predicate = (!icmp_ln479)> <Delay = 0.00>

State 2 <SV = 1> <Delay = 6.41>
ST_2 : Operation 34 [1/2] ( I:3.25ns O:3.25ns )   --->   "%p_ZL16post_eligibility_0_load = load i7 %p_ZL16post_eligibility_0_addr" [src/snn_top_hls.cpp:482]   --->   Operation 34 'load' 'p_ZL16post_eligibility_0_load' <Predicate = true> <Delay = 3.25> <CoreInst = "RAM_2P_BRAM">   --->   Core 90 'RAM_2P_BRAM' <Latency = 1> <II = 1> <Delay = 3.25> <Storage> <Opcode : 'load' 'store'> <Ports = 2> <Width = 8> <Depth = 128> <RAM>
ST_2 : Operation 35 [1/2] ( I:3.25ns O:3.25ns )   --->   "%p_ZL16post_eligibility_1_load = load i7 %p_ZL16post_eligibility_1_addr" [src/snn_top_hls.cpp:482]   --->   Operation 35 'load' 'p_ZL16post_eligibility_1_load' <Predicate = true> <Delay = 3.25> <CoreInst = "RAM_2P_BRAM">   --->   Core 90 'RAM_2P_BRAM' <Latency = 1> <II = 1> <Delay = 3.25> <Storage> <Opcode : 'load' 'store'> <Ports = 2> <Width = 8> <Depth = 128> <RAM>
ST_2 : Operation 36 [1/1] (1.24ns)   --->   "%post_elig = select i1 %trunc_ln479, i8 %p_ZL16post_eligibility_1_load, i8 %p_ZL16post_eligibility_0_load" [src/snn_top_hls.cpp:482]   --->   Operation 36 'select' 'post_elig' <Predicate = true> <Delay = 1.24> <CoreInst = "Sel">   --->   Core 73 'Sel' <Latency = 0> <II = 1> <Delay = 1.24> <FuncUnit> <Opcode : 'select'> <InPorts = 3> <OutPorts = 1>
ST_2 : Operation 37 [1/1] (1.91ns)   --->   "%icmp_ln483 = icmp_eq  i8 %post_elig, i8 0" [src/snn_top_hls.cpp:483]   --->   Operation 37 'icmp' 'icmp_ln483' <Predicate = true> <Delay = 1.91> <CoreInst = "Cmp">   --->   Core 9 'Cmp' <Latency = 0> <II = 1> <Delay = 1.91> <FuncUnit> <Opcode : 'seteq' 'setne' 'setle' 'setge' 'setlt' 'setgt'> <InPorts = 2> <OutPorts = 1>
ST_2 : Operation 38 [1/1] (0.00ns)   --->   "%br_ln483 = br i1 %icmp_ln483, void %if.end28_ifconv, void %for.inc" [src/snn_top_hls.cpp:483]   --->   Operation 38 'br' 'br_ln483' <Predicate = true> <Delay = 0.00>
ST_2 : Operation 39 [1/1] (0.00ns)   --->   "%br_ln503 = br void %for.inc" [src/snn_top_hls.cpp:503]   --->   Operation 39 'br' 'br_ln503' <Predicate = (!icmp_ln483)> <Delay = 0.00>

State 3 <SV = 2> <Delay = 5.87>
ST_3 : Operation 40 [1/1] (0.00ns)   --->   "%specpipeline_ln480 = specpipeline void @_ssdm_op_SpecPipeline, i32 1, i32 0, i32 0, i32 0, i32 4294967295, void @empty_3" [src/snn_top_hls.cpp:480]   --->   Operation 40 'specpipeline' 'specpipeline_ln480' <Predicate = true> <Delay = 0.00>
ST_3 : Operation 41 [1/1] (0.00ns)   --->   "%specloopname_ln479 = specloopname void @_ssdm_op_SpecLoopName, void @empty_34" [src/snn_top_hls.cpp:479]   --->   Operation 41 'specloopname' 'specloopname_ln479' <Predicate = true> <Delay = 0.00>
ST_3 : Operation 42 [1/1] (0.00ns)   --->   "%tmp_s = bitconcatenate i15 @_ssdm_op_BitConcatenate.i15.i8.i7, i8 %i_read, i7 %lshr_ln" [src/snn_top_hls.cpp:501]   --->   Operation 42 'bitconcatenate' 'tmp_s' <Predicate = true> <Delay = 0.00>
ST_3 : Operation 43 [1/1] (0.00ns)   --->   "%zext_ln501 = zext i15 %tmp_s" [src/snn_top_hls.cpp:501]   --->   Operation 43 'zext' 'zext_ln501' <Predicate = true> <Delay = 0.00>
ST_3 : Operation 44 [1/1] (0.00ns)   --->   "%p_ZL13weight_memory_0_addr = getelementptr i8 %p_ZL13weight_memory_0, i64 0, i64 %zext_ln501" [src/snn_top_hls.cpp:501]   --->   Operation 44 'getelementptr' 'p_ZL13weight_memory_0_addr' <Predicate = true> <Delay = 0.00>
ST_3 : Operation 45 [1/1] (0.00ns)   --->   "%p_ZL13weight_memory_1_addr = getelementptr i8 %p_ZL13weight_memory_1, i64 0, i64 %zext_ln501" [src/snn_top_hls.cpp:501]   --->   Operation 45 'getelementptr' 'p_ZL13weight_memory_1_addr' <Predicate = true> <Delay = 0.00>
ST_3 : Operation 46 [1/1] (0.00ns)   --->   "%sext_ln486_1 = sext i8 %post_elig" [src/snn_top_hls.cpp:486]   --->   Operation 46 'sext' 'sext_ln486_1' <Predicate = (!icmp_ln483)> <Delay = 0.00>
ST_3 : Operation 47 [1/1] (4.17ns)   --->   "%mul_ln486 = mul i16 %sext_ln486_1, i16 %sext_ln486_cast" [src/snn_top_hls.cpp:486]   --->   Operation 47 'mul' 'mul_ln486' <Predicate = (!icmp_ln483)> <Delay = 4.17> <CoreInst = "Multiplier">   --->   Core 3 'Multiplier' <Latency = 0> <II = 1> <Delay = 4.17> <FuncUnit> <Opcode : 'mul'> <InPorts = 2> <OutPorts = 1>
ST_3 : Operation 48 [1/1] (0.00ns)   --->   "%scaled = partselect i4 @_ssdm_op_PartSelect.i4.i16.i32.i32, i16 %mul_ln486, i32 12, i32 15" [src/snn_top_hls.cpp:494]   --->   Operation 48 'partselect' 'scaled' <Predicate = (!icmp_ln483)> <Delay = 0.00>
ST_3 : Operation 49 [1/1] (0.00ns)   --->   "%sext_ln489 = sext i4 %scaled" [src/snn_top_hls.cpp:489]   --->   Operation 49 'sext' 'sext_ln489' <Predicate = (!icmp_ln483)> <Delay = 0.00>
ST_3 : Operation 50 [1/1] (0.00ns)   --->   "%scaled_1 = partselect i7 @_ssdm_op_PartSelect.i7.i16.i32.i32, i16 %mul_ln486, i32 9, i32 15" [src/snn_top_hls.cpp:491]   --->   Operation 50 'partselect' 'scaled_1' <Predicate = (!icmp_ln483)> <Delay = 0.00>
ST_3 : Operation 51 [1/1] (0.00ns)   --->   "%scaled_2 = partselect i6 @_ssdm_op_PartSelect.i6.i16.i32.i32, i16 %mul_ln486, i32 10, i32 15" [src/snn_top_hls.cpp:492]   --->   Operation 51 'partselect' 'scaled_2' <Predicate = (!icmp_ln483)> <Delay = 0.00>
ST_3 : Operation 52 [1/1] (0.00ns)   --->   "%sext_ln489_1 = sext i6 %scaled_2" [src/snn_top_hls.cpp:489]   --->   Operation 52 'sext' 'sext_ln489_1' <Predicate = (!icmp_ln483)> <Delay = 0.00>
ST_3 : Operation 53 [1/1] (0.00ns)   --->   "%scaled_3 = partselect i5 @_ssdm_op_PartSelect.i5.i16.i32.i32, i16 %mul_ln486, i32 11, i32 15" [src/snn_top_hls.cpp:493]   --->   Operation 53 'partselect' 'scaled_3' <Predicate = (!icmp_ln483)> <Delay = 0.00>
ST_3 : Operation 54 [1/1] (0.00ns)   --->   "%sext_ln489_2 = sext i5 %scaled_3" [src/snn_top_hls.cpp:489]   --->   Operation 54 'sext' 'sext_ln489_2' <Predicate = (!icmp_ln483)> <Delay = 0.00>
ST_3 : Operation 55 [1/1] (1.56ns)   --->   "%icmp_ln490 = icmp_eq  i2 %shift_sel_read, i2 2" [src/snn_top_hls.cpp:490]   --->   Operation 55 'icmp' 'icmp_ln490' <Predicate = (!icmp_ln483)> <Delay = 1.56> <CoreInst = "Cmp">   --->   Core 9 'Cmp' <Latency = 0> <II = 1> <Delay = 1.65> <FuncUnit> <Opcode : 'seteq' 'setne' 'setle' 'setge' 'setlt' 'setgt'> <InPorts = 2> <OutPorts = 1>
ST_3 : Operation 56 [1/1] (1.56ns)   --->   "%icmp_ln490_1 = icmp_eq  i2 %shift_sel_read, i2 1" [src/snn_top_hls.cpp:490]   --->   Operation 56 'icmp' 'icmp_ln490_1' <Predicate = (!icmp_ln483)> <Delay = 1.56> <CoreInst = "Cmp">   --->   Core 9 'Cmp' <Latency = 0> <II = 1> <Delay = 1.56> <FuncUnit> <Opcode : 'seteq' 'setne' 'setle' 'setge' 'setlt' 'setgt'> <InPorts = 2> <OutPorts = 1>
ST_3 : Operation 57 [1/1] (1.56ns)   --->   "%icmp_ln490_2 = icmp_eq  i2 %shift_sel_read, i2 0" [src/snn_top_hls.cpp:490]   --->   Operation 57 'icmp' 'icmp_ln490_2' <Predicate = (!icmp_ln483)> <Delay = 1.56> <CoreInst = "Cmp">   --->   Core 9 'Cmp' <Latency = 0> <II = 1> <Delay = 1.56> <FuncUnit> <Opcode : 'seteq' 'setne' 'setle' 'setge' 'setlt' 'setgt'> <InPorts = 2> <OutPorts = 1>
ST_3 : Operation 58 [1/1] (0.00ns)   --->   "%sel_tmp3 = bitconcatenate i3 @_ssdm_op_BitConcatenate.i3.i1.i1.i1, i1 %icmp_ln490, i1 %icmp_ln490_1, i1 %icmp_ln490_2" [src/snn_top_hls.cpp:490]   --->   Operation 58 'bitconcatenate' 'sel_tmp3' <Predicate = (!icmp_ln483)> <Delay = 0.00>
ST_3 : Operation 59 [1/1] (1.70ns)   --->   "%scaled_4 = sparsemux i7 @_ssdm_op_SparseMux.ap_auto.4i7.i7.i3, i3 4, i7 %sext_ln489_2, i3 2, i7 %sext_ln489_1, i3 1, i7 %scaled_1, i3 0, i7 %sext_ln489, i7 0, i3 %sel_tmp3" [src/snn_top_hls.cpp:489]   --->   Operation 59 'sparsemux' 'scaled_4' <Predicate = (!icmp_ln483)> <Delay = 1.70> <CoreInst = "OneHotSparseMux_HasDef">   --->   Core 140 'OneHotSparseMux_HasDef' <Latency = 0> <II = 1> <Delay = 1.70> <FuncUnit> <Opcode : 'sparsemux'> <InPorts = 2> <OutPorts = 1>
ST_3 : Operation 60 [2/2] (3.25ns)   --->   "%p_ZL13weight_memory_0_load = load i15 %p_ZL13weight_memory_0_addr" [src/snn_top_hls.cpp:501]   --->   Operation 60 'load' 'p_ZL13weight_memory_0_load' <Predicate = (!icmp_ln483 & !trunc_ln479)> <Delay = 3.25> <CoreInst = "RAM_2P_BRAM">   --->   Core 90 'RAM_2P_BRAM' <Latency = 1> <II = 1> <Delay = 3.25> <Storage> <Opcode : 'load' 'store'> <Ports = 2> <Width = 8> <Depth = 32768> <RAM>
ST_3 : Operation 61 [2/2] (3.25ns)   --->   "%p_ZL13weight_memory_1_load = load i15 %p_ZL13weight_memory_1_addr" [src/snn_top_hls.cpp:501]   --->   Operation 61 'load' 'p_ZL13weight_memory_1_load' <Predicate = (!icmp_ln483 & trunc_ln479)> <Delay = 3.25> <CoreInst = "RAM_2P_BRAM">   --->   Core 90 'RAM_2P_BRAM' <Latency = 1> <II = 1> <Delay = 3.25> <Storage> <Opcode : 'load' 'store'> <Ports = 2> <Width = 8> <Depth = 32768> <RAM>
ST_3 : Operation 62 [1/1] (0.00ns)   --->   "%br_ln502 = br i1 %trunc_ln479, void %arrayidx471.case.0, void %arrayidx471.case.1" [src/snn_top_hls.cpp:502]   --->   Operation 62 'br' 'br_ln502' <Predicate = (!icmp_ln483)> <Delay = 0.00>

State 4 <SV = 3> <Delay = 6.41>
ST_4 : Operation 63 [1/1] (0.00ns)   --->   "%sext_ln489_3 = sext i7 %scaled_4" [src/snn_top_hls.cpp:489]   --->   Operation 63 'sext' 'sext_ln489_3' <Predicate = (!icmp_ln483)> <Delay = 0.00>
ST_4 : Operation 64 [1/1] (1.87ns)   --->   "%delta = sub i8 0, i8 %sext_ln489_3" [src/snn_top_hls.cpp:498]   --->   Operation 64 'sub' 'delta' <Predicate = (!icmp_ln483 & tmp)> <Delay = 1.87> <CoreInst = "Adder">   --->   Core 1 'Adder' <Latency = 0> <II = 1> <Delay = 1.91> <FuncUnit> <Opcode : 'add' 'sub'> <InPorts = 2> <OutPorts = 1>
ST_4 : Operation 65 [1/1] (1.24ns)   --->   "%delta_1 = select i1 %tmp, i8 %delta, i8 %sext_ln489_3" [src/snn_top_hls.cpp:498]   --->   Operation 65 'select' 'delta_1' <Predicate = (!icmp_ln483)> <Delay = 1.24> <CoreInst = "Sel">   --->   Core 73 'Sel' <Latency = 0> <II = 1> <Delay = 1.24> <FuncUnit> <Opcode : 'select'> <InPorts = 3> <OutPorts = 1>
ST_4 : Operation 66 [1/1] (0.00ns)   --->   "%sext_ln498 = sext i8 %delta_1" [src/snn_top_hls.cpp:498]   --->   Operation 66 'sext' 'sext_ln498' <Predicate = (!icmp_ln483)> <Delay = 0.00>
ST_4 : Operation 67 [1/2] ( I:3.25ns O:3.25ns )   --->   "%p_ZL13weight_memory_0_load = load i15 %p_ZL13weight_memory_0_addr" [src/snn_top_hls.cpp:501]   --->   Operation 67 'load' 'p_ZL13weight_memory_0_load' <Predicate = (!icmp_ln483 & !trunc_ln479)> <Delay = 3.25> <CoreInst = "RAM_2P_BRAM">   --->   Core 90 'RAM_2P_BRAM' <Latency = 1> <II = 1> <Delay = 3.25> <Storage> <Opcode : 'load' 'store'> <Ports = 2> <Width = 8> <Depth = 32768> <RAM>
ST_4 : Operation 68 [1/2] ( I:3.25ns O:3.25ns )   --->   "%p_ZL13weight_memory_1_load = load i15 %p_ZL13weight_memory_1_addr" [src/snn_top_hls.cpp:501]   --->   Operation 68 'load' 'p_ZL13weight_memory_1_load' <Predicate = (!icmp_ln483 & trunc_ln479)> <Delay = 3.25> <CoreInst = "RAM_2P_BRAM">   --->   Core 90 'RAM_2P_BRAM' <Latency = 1> <II = 1> <Delay = 3.25> <Storage> <Opcode : 'load' 'store'> <Ports = 2> <Width = 8> <Depth = 32768> <RAM>
ST_4 : Operation 69 [1/1] (1.24ns)   --->   "%current_w = select i1 %trunc_ln479, i8 %p_ZL13weight_memory_1_load, i8 %p_ZL13weight_memory_0_load" [src/snn_top_hls.cpp:501]   --->   Operation 69 'select' 'current_w' <Predicate = (!icmp_ln483)> <Delay = 1.24> <CoreInst = "Sel">   --->   Core 73 'Sel' <Latency = 0> <II = 1> <Delay = 1.24> <FuncUnit> <Opcode : 'select'> <InPorts = 3> <OutPorts = 1>
ST_4 : Operation 70 [1/1] (0.00ns)   --->   "%sext_ln502 = sext i8 %current_w" [src/snn_top_hls.cpp:502]   --->   Operation 70 'sext' 'sext_ln502' <Predicate = (!icmp_ln483)> <Delay = 0.00>
ST_4 : Operation 71 [1/1] (1.91ns)   --->   "%add_ln502 = add i8 %delta_1, i8 %current_w" [src/snn_top_hls.cpp:502]   --->   Operation 71 'add' 'add_ln502' <Predicate = (!icmp_ln483)> <Delay = 1.91> <CoreInst = "Adder">   --->   Core 1 'Adder' <Latency = 0> <II = 1> <Delay = 1.91> <FuncUnit> <Opcode : 'add' 'sub'> <InPorts = 2> <OutPorts = 1>
ST_4 : Operation 72 [1/1] (1.91ns)   --->   "%w = add i9 %sext_ln498, i9 %sext_ln502" [src/snn_top_hls.cpp:502]   --->   Operation 72 'add' 'w' <Predicate = (!icmp_ln483)> <Delay = 1.91> <CoreInst = "Adder">   --->   Core 1 'Adder' <Latency = 0> <II = 1> <Delay = 1.82> <FuncUnit> <Opcode : 'add' 'sub'> <InPorts = 2> <OutPorts = 1>
ST_4 : Operation 73 [1/1] (0.00ns)   --->   "%tmp_64 = partselect i2 @_ssdm_op_PartSelect.i2.i9.i32.i32, i9 %w, i32 7, i32 8" [src/snn_top_hls.cpp:335->src/snn_top_hls.cpp:502]   --->   Operation 73 'partselect' 'tmp_64' <Predicate = (!icmp_ln483)> <Delay = 0.00>
ST_4 : Operation 83 [1/1] (1.58ns)   --->   "%ret_ln0 = ret"   --->   Operation 83 'ret' 'ret_ln0' <Predicate = (icmp_ln479)> <Delay = 1.58>

State 5 <SV = 4> <Delay = 6.32>
ST_5 : Operation 74 [1/1] (1.56ns)   --->   "%icmp_ln335 = icmp_eq  i2 %tmp_64, i2 1" [src/snn_top_hls.cpp:335->src/snn_top_hls.cpp:502]   --->   Operation 74 'icmp' 'icmp_ln335' <Predicate = (!icmp_ln483)> <Delay = 1.56> <CoreInst = "Cmp">   --->   Core 9 'Cmp' <Latency = 0> <II = 1> <Delay = 1.56> <FuncUnit> <Opcode : 'seteq' 'setne' 'setle' 'setge' 'setlt' 'setgt'> <InPorts = 2> <OutPorts = 1>
ST_5 : Operation 75 [1/1] (1.82ns)   --->   "%icmp_ln336 = icmp_slt  i9 %w, i9 384" [src/snn_top_hls.cpp:336->src/snn_top_hls.cpp:502]   --->   Operation 75 'icmp' 'icmp_ln336' <Predicate = (!icmp_ln483)> <Delay = 1.82> <CoreInst = "Cmp">   --->   Core 9 'Cmp' <Latency = 0> <II = 1> <Delay = 1.82> <FuncUnit> <Opcode : 'seteq' 'setne' 'setle' 'setge' 'setlt' 'setgt'> <InPorts = 2> <OutPorts = 1>
ST_5 : Operation 76 [1/1] (0.00ns) (grouped into LUT with out node select_ln335)   --->   "%select_ln335_3 = select i1 %icmp_ln335, i8 127, i8 128" [src/snn_top_hls.cpp:335->src/snn_top_hls.cpp:502]   --->   Operation 76 'select' 'select_ln335_3' <Predicate = (!icmp_ln483)> <Delay = 0.00> <CoreInst = "Sel">   --->   Core 73 'Sel' <Latency = 0> <II = 1> <Delay = 0.96> <FuncUnit> <Opcode : 'select'> <InPorts = 3> <OutPorts = 1>
ST_5 : Operation 77 [1/1] (0.00ns) (grouped into LUT with out node select_ln335)   --->   "%or_ln335 = or i1 %icmp_ln335, i1 %icmp_ln336" [src/snn_top_hls.cpp:335->src/snn_top_hls.cpp:502]   --->   Operation 77 'or' 'or_ln335' <Predicate = (!icmp_ln483)> <Delay = 0.00> <CoreInst = "LogicGate">   --->   Core 74 'LogicGate' <Latency = 0> <II = 1> <Delay = 0.97> <FuncUnit> <Opcode : 'and' 'or' 'xor'> <InPorts = 2> <OutPorts = 1>
ST_5 : Operation 78 [1/1] (1.24ns) (out node of the LUT)   --->   "%select_ln335 = select i1 %or_ln335, i8 %select_ln335_3, i8 %add_ln502" [src/snn_top_hls.cpp:335->src/snn_top_hls.cpp:502]   --->   Operation 78 'select' 'select_ln335' <Predicate = (!icmp_ln483)> <Delay = 1.24> <CoreInst = "Sel">   --->   Core 73 'Sel' <Latency = 0> <II = 1> <Delay = 1.24> <FuncUnit> <Opcode : 'select'> <InPorts = 3> <OutPorts = 1>
ST_5 : Operation 79 [1/1] ( I:3.25ns O:3.25ns )   --->   "%store_ln502 = store i8 %select_ln335, i15 %p_ZL13weight_memory_0_addr" [src/snn_top_hls.cpp:502]   --->   Operation 79 'store' 'store_ln502' <Predicate = (!icmp_ln483 & !trunc_ln479)> <Delay = 3.25> <CoreInst = "RAM_2P_BRAM">   --->   Core 90 'RAM_2P_BRAM' <Latency = 1> <II = 1> <Delay = 3.25> <Storage> <Opcode : 'load' 'store'> <Ports = 2> <Width = 8> <Depth = 32768> <RAM>
ST_5 : Operation 80 [1/1] (0.00ns)   --->   "%br_ln502 = br void %arrayidx471.exit" [src/snn_top_hls.cpp:502]   --->   Operation 80 'br' 'br_ln502' <Predicate = (!icmp_ln483 & !trunc_ln479)> <Delay = 0.00>
ST_5 : Operation 81 [1/1] ( I:3.25ns O:3.25ns )   --->   "%store_ln502 = store i8 %select_ln335, i15 %p_ZL13weight_memory_1_addr" [src/snn_top_hls.cpp:502]   --->   Operation 81 'store' 'store_ln502' <Predicate = (!icmp_ln483 & trunc_ln479)> <Delay = 3.25> <CoreInst = "RAM_2P_BRAM">   --->   Core 90 'RAM_2P_BRAM' <Latency = 1> <II = 1> <Delay = 3.25> <Storage> <Opcode : 'load' 'store'> <Ports = 2> <Width = 8> <Depth = 32768> <RAM>
ST_5 : Operation 82 [1/1] (0.00ns)   --->   "%br_ln502 = br void %arrayidx471.exit" [src/snn_top_hls.cpp:502]   --->   Operation 82 'br' 'br_ln502' <Predicate = (!icmp_ln483 & trunc_ln479)> <Delay = 0.00>


============================================================
+ Verbose Summary: Binding
============================================================
STG Binding: 
---------------- STG Properties BEGIN ----------------
- Is combinational: 0
- Is one-state seq: 0
- Is datapath-only: 0
- Is pipelined: 0
- Is top level: 0
Port [ Return ] is wired: 1; IO mode=ap_ctrl_hs:ce=0
Port [ i]:  wired=1; compound=0; hidden=0; nouse=0; global=0; static=0; extern=0; dir=0; type=0; pingpong=0; private_global=0; IO mode=ap_none:ce=0
Port [ sext_ln486]:  wired=1; compound=0; hidden=0; nouse=0; global=0; static=0; extern=0; dir=0; type=0; pingpong=0; private_global=0; IO mode=ap_none:ce=0
Port [ shift_sel]:  wired=1; compound=0; hidden=0; nouse=0; global=0; static=0; extern=0; dir=0; type=0; pingpong=0; private_global=0; IO mode=ap_none:ce=0
Port [ empty]:  wired=1; compound=0; hidden=0; nouse=0; global=0; static=0; extern=0; dir=0; type=0; pingpong=0; private_global=0; IO mode=ap_none:ce=0
Port [ p_ZL16post_eligibility_0]:  wired=1; compound=1; hidden=0; nouse=0; global=1; static=1; extern=0; dir=0; type=1; pingpong=0; private_global=0; MemPort=[13]; IO mode=ap_memory:ce=0
Port [ p_ZL16post_eligibility_1]:  wired=1; compound=1; hidden=0; nouse=0; global=1; static=1; extern=0; dir=0; type=1; pingpong=0; private_global=0; MemPort=[13]; IO mode=ap_memory:ce=0
Port [ p_ZL13weight_memory_0]:  wired=1; compound=1; hidden=0; nouse=0; global=1; static=1; extern=0; dir=2; type=1; pingpong=0; private_global=0; MemPort=[10]; IO mode=ap_memory:ce=0
Port [ p_ZL13weight_memory_1]:  wired=1; compound=1; hidden=0; nouse=0; global=1; static=1; extern=0; dir=2; type=1; pingpong=0; private_global=0; MemPort=[10]; IO mode=ap_memory:ce=0
---------------- STG Properties END ------------------

---------------- Datapath Model BEGIN ----------------

<LifeTime>
<method=bitvector/>
j                             (alloca           ) [ 010000]
tmp                           (read             ) [ 011110]
shift_sel_read                (read             ) [ 011100]
sext_ln486_read               (read             ) [ 000000]
i_read                        (read             ) [ 011100]
sext_ln486_cast               (sext             ) [ 011100]
specmemcore_ln0               (specmemcore      ) [ 000000]
specmemcore_ln0               (specmemcore      ) [ 000000]
specmemcore_ln0               (specmemcore      ) [ 000000]
specmemcore_ln0               (specmemcore      ) [ 000000]
store_ln479                   (store            ) [ 000000]
br_ln0                        (br               ) [ 000000]
j_3                           (load             ) [ 000000]
icmp_ln479                    (icmp             ) [ 011110]
speclooptripcount_ln0         (speclooptripcount) [ 000000]
add_ln479                     (add              ) [ 000000]
br_ln479                      (br               ) [ 000000]
trunc_ln479                   (trunc            ) [ 011111]
lshr_ln                       (partselect       ) [ 011100]
zext_ln479                    (zext             ) [ 000000]
p_ZL16post_eligibility_0_addr (getelementptr    ) [ 011000]
p_ZL16post_eligibility_1_addr (getelementptr    ) [ 011000]
store_ln479                   (store            ) [ 000000]
br_ln479                      (br               ) [ 000000]
p_ZL16post_eligibility_0_load (load             ) [ 000000]
p_ZL16post_eligibility_1_load (load             ) [ 000000]
post_elig                     (select           ) [ 010100]
icmp_ln483                    (icmp             ) [ 011111]
br_ln483                      (br               ) [ 000000]
br_ln503                      (br               ) [ 000000]
specpipeline_ln480            (specpipeline     ) [ 000000]
specloopname_ln479            (specloopname     ) [ 000000]
tmp_s                         (bitconcatenate   ) [ 000000]
zext_ln501                    (zext             ) [ 000000]
p_ZL13weight_memory_0_addr    (getelementptr    ) [ 010011]
p_ZL13weight_memory_1_addr    (getelementptr    ) [ 010011]
sext_ln486_1                  (sext             ) [ 000000]
mul_ln486                     (mul              ) [ 000000]
scaled                        (partselect       ) [ 000000]
sext_ln489                    (sext             ) [ 000000]
scaled_1                      (partselect       ) [ 000000]
scaled_2                      (partselect       ) [ 000000]
sext_ln489_1                  (sext             ) [ 000000]
scaled_3                      (partselect       ) [ 000000]
sext_ln489_2                  (sext             ) [ 000000]
icmp_ln490                    (icmp             ) [ 000000]
icmp_ln490_1                  (icmp             ) [ 000000]
icmp_ln490_2                  (icmp             ) [ 000000]
sel_tmp3                      (bitconcatenate   ) [ 000000]
scaled_4                      (sparsemux        ) [ 010010]
br_ln502                      (br               ) [ 000000]
sext_ln489_3                  (sext             ) [ 000000]
delta                         (sub              ) [ 000000]
delta_1                       (select           ) [ 000000]
sext_ln498                    (sext             ) [ 000000]
p_ZL13weight_memory_0_load    (load             ) [ 000000]
p_ZL13weight_memory_1_load    (load             ) [ 000000]
current_w                     (select           ) [ 000000]
sext_ln502                    (sext             ) [ 000000]
add_ln502                     (add              ) [ 010001]
w                             (add              ) [ 010001]
tmp_64                        (partselect       ) [ 010001]
icmp_ln335                    (icmp             ) [ 000000]
icmp_ln336                    (icmp             ) [ 000000]
select_ln335_3                (select           ) [ 000000]
or_ln335                      (or               ) [ 000000]
select_ln335                  (select           ) [ 000000]
store_ln502                   (store            ) [ 000000]
br_ln502                      (br               ) [ 000000]
store_ln502                   (store            ) [ 000000]
br_ln502                      (br               ) [ 000000]
ret_ln0                       (ret              ) [ 000000]
</LifeTime>

<model>

<comp_list>
<comp id="0" class="1000" name="i">
<pin_list>
<pin id="1" dir="1" index="0" bw="1" slack="0"/>
</pin_list>
<bind>
<StgValue><ssdm name="i"/></StgValue>
</bind>
</comp>

<comp id="2" class="1000" name="sext_ln486">
<pin_list>
<pin id="3" dir="1" index="0" bw="1" slack="0"/>
</pin_list>
<bind>
<StgValue><ssdm name="sext_ln486"/></StgValue>
</bind>
</comp>

<comp id="4" class="1000" name="shift_sel">
<pin_list>
<pin id="5" dir="1" index="0" bw="1" slack="0"/>
</pin_list>
<bind>
<StgValue><ssdm name="shift_sel"/></StgValue>
</bind>
</comp>

<comp id="6" class="1000" name="empty">
<pin_list>
<pin id="7" dir="1" index="0" bw="1" slack="0"/>
</pin_list>
<bind>
<StgValue><ssdm name="empty"/></StgValue>
</bind>
</comp>

<comp id="8" class="1000" name="p_ZL16post_eligibility_0">
<pin_list>
<pin id="9" dir="1" index="0" bw="1" slack="0"/>
</pin_list>
<bind>
<StgValue><ssdm name="p_ZL16post_eligibility_0"/><MemPortTyVec>1 3 </MemPortTyVec>
</StgValue>
</bind>
</comp>

<comp id="10" class="1000" name="p_ZL16post_eligibility_1">
<pin_list>
<pin id="11" dir="1" index="0" bw="1" slack="0"/>
</pin_list>
<bind>
<StgValue><ssdm name="p_ZL16post_eligibility_1"/><MemPortTyVec>1 3 </MemPortTyVec>
</StgValue>
</bind>
</comp>

<comp id="12" class="1000" name="p_ZL13weight_memory_0">
<pin_list>
<pin id="13" dir="1" index="0" bw="1" slack="0"/>
</pin_list>
<bind>
<StgValue><ssdm name="p_ZL13weight_memory_0"/><MemPortTyVec>1 0 </MemPortTyVec>
</StgValue>
</bind>
</comp>

<comp id="14" class="1000" name="p_ZL13weight_memory_1">
<pin_list>
<pin id="15" dir="1" index="0" bw="1" slack="0"/>
</pin_list>
<bind>
<StgValue><ssdm name="p_ZL13weight_memory_1"/><MemPortTyVec>1 0 </MemPortTyVec>
</StgValue>
</bind>
</comp>

<comp id="16" class="1001" name="const_16">
<pin_list>
<pin id="17" dir="1" index="0" bw="1" slack="0"/>
</pin_list>
<bind>
<StgValue><ssdm name=""/></StgValue>
</bind>
</comp>

<comp id="18" class="1001" name="const_18">
<pin_list>
<pin id="19" dir="1" index="0" bw="1" slack="0"/>
</pin_list>
<bind>
<StgValue><ssdm name="_ssdm_op_Read.ap_auto.i1"/></StgValue>
</bind>
</comp>

<comp id="20" class="1001" name="const_20">
<pin_list>
<pin id="21" dir="1" index="0" bw="1" slack="0"/>
</pin_list>
<bind>
<StgValue><ssdm name="_ssdm_op_Read.ap_auto.i2"/></StgValue>
</bind>
</comp>

<comp id="22" class="1001" name="const_22">
<pin_list>
<pin id="23" dir="1" index="0" bw="1" slack="0"/>
</pin_list>
<bind>
<StgValue><ssdm name="_ssdm_op_Read.ap_auto.i8"/></StgValue>
</bind>
</comp>

<comp id="24" class="1001" name="const_24">
<pin_list>
<pin id="25" dir="1" index="0" bw="1" slack="2147483647"/>
</pin_list>
<bind>
<StgValue><ssdm name="_ssdm_op_SpecMemCore"/></StgValue>
</bind>
</comp>

<comp id="26" class="1001" name="const_26">
<pin_list>
<pin id="27" dir="1" index="0" bw="1" slack="2147483647"/>
</pin_list>
<bind>
<StgValue><ssdm name=""/></StgValue>
</bind>
</comp>

<comp id="28" class="1001" name="const_28">
<pin_list>
<pin id="29" dir="1" index="0" bw="1" slack="2147483647"/>
</pin_list>
<bind>
<StgValue><ssdm name=""/></StgValue>
</bind>
</comp>

<comp id="30" class="1001" name="const_30">
<pin_list>
<pin id="31" dir="1" index="0" bw="1" slack="2147483647"/>
</pin_list>
<bind>
<StgValue><ssdm name=""/></StgValue>
</bind>
</comp>

<comp id="32" class="1001" name="const_32">
<pin_list>
<pin id="33" dir="1" index="0" bw="1" slack="2147483647"/>
</pin_list>
<bind>
<StgValue><ssdm name=""/></StgValue>
</bind>
</comp>

<comp id="34" class="1001" name="const_34">
<pin_list>
<pin id="35" dir="1" index="0" bw="1" slack="0"/>
</pin_list>
<bind>
<StgValue><ssdm name=""/></StgValue>
</bind>
</comp>

<comp id="36" class="1001" name="const_36">
<pin_list>
<pin id="37" dir="1" index="0" bw="1" slack="0"/>
</pin_list>
<bind>
<StgValue><ssdm name=""/></StgValue>
</bind>
</comp>

<comp id="38" class="1001" name="const_38">
<pin_list>
<pin id="39" dir="1" index="0" bw="1" slack="2147483647"/>
</pin_list>
<bind>
<StgValue><ssdm name="_ssdm_op_SpecLoopTripCount"/></StgValue>
</bind>
</comp>

<comp id="40" class="1001" name="const_40">
<pin_list>
<pin id="41" dir="1" index="0" bw="1" slack="2147483647"/>
</pin_list>
<bind>
<StgValue><ssdm name=""/></StgValue>
</bind>
</comp>

<comp id="42" class="1001" name="const_42">
<pin_list>
<pin id="43" dir="1" index="0" bw="1" slack="0"/>
</pin_list>
<bind>
<StgValue><ssdm name=""/></StgValue>
</bind>
</comp>

<comp id="44" class="1001" name="const_44">
<pin_list>
<pin id="45" dir="1" index="0" bw="1" slack="0"/>
</pin_list>
<bind>
<StgValue><ssdm name="_ssdm_op_PartSelect.i7.i9.i32.i32"/></StgValue>
</bind>
</comp>

<comp id="46" class="1001" name="const_46">
<pin_list>
<pin id="47" dir="1" index="0" bw="1" slack="0"/>
</pin_list>
<bind>
<StgValue><ssdm name=""/></StgValue>
</bind>
</comp>

<comp id="48" class="1001" name="const_48">
<pin_list>
<pin id="49" dir="1" index="0" bw="1" slack="0"/>
</pin_list>
<bind>
<StgValue><ssdm name=""/></StgValue>
</bind>
</comp>

<comp id="50" class="1001" name="const_50">
<pin_list>
<pin id="51" dir="1" index="0" bw="1" slack="0"/>
</pin_list>
<bind>
<StgValue><ssdm name=""/></StgValue>
</bind>
</comp>

<comp id="52" class="1001" name="const_52">
<pin_list>
<pin id="53" dir="1" index="0" bw="1" slack="2147483647"/>
</pin_list>
<bind>
<StgValue><ssdm name="_ssdm_op_SpecPipeline"/></StgValue>
</bind>
</comp>

<comp id="54" class="1001" name="const_54">
<pin_list>
<pin id="55" dir="1" index="0" bw="1" slack="2147483647"/>
</pin_list>
<bind>
<StgValue><ssdm name=""/></StgValue>
</bind>
</comp>

<comp id="56" class="1001" name="const_56">
<pin_list>
<pin id="57" dir="1" index="0" bw="1" slack="2147483647"/>
</pin_list>
<bind>
<StgValue><ssdm name=""/></StgValue>
</bind>
</comp>

<comp id="58" class="1001" name="const_58">
<pin_list>
<pin id="59" dir="1" index="0" bw="1" slack="2147483647"/>
</pin_list>
<bind>
<StgValue><ssdm name="empty_3"/></StgValue>
</bind>
</comp>

<comp id="60" class="1001" name="const_60">
<pin_list>
<pin id="61" dir="1" index="0" bw="1" slack="2147483647"/>
</pin_list>
<bind>
<StgValue><ssdm name="_ssdm_op_SpecLoopName"/></StgValue>
</bind>
</comp>

<comp id="62" class="1001" name="const_62">
<pin_list>
<pin id="63" dir="1" index="0" bw="1" slack="2147483647"/>
</pin_list>
<bind>
<StgValue><ssdm name="empty_34"/></StgValue>
</bind>
</comp>

<comp id="64" class="1001" name="const_64">
<pin_list>
<pin id="65" dir="1" index="0" bw="1" slack="0"/>
</pin_list>
<bind>
<StgValue><ssdm name="_ssdm_op_BitConcatenate.i15.i8.i7"/></StgValue>
</bind>
</comp>

<comp id="66" class="1001" name="const_66">
<pin_list>
<pin id="67" dir="1" index="0" bw="1" slack="0"/>
</pin_list>
<bind>
<StgValue><ssdm name="_ssdm_op_PartSelect.i4.i16.i32.i32"/></StgValue>
</bind>
</comp>

<comp id="68" class="1001" name="const_68">
<pin_list>
<pin id="69" dir="1" index="0" bw="1" slack="0"/>
</pin_list>
<bind>
<StgValue><ssdm name=""/></StgValue>
</bind>
</comp>

<comp id="70" class="1001" name="const_70">
<pin_list>
<pin id="71" dir="1" index="0" bw="1" slack="0"/>
</pin_list>
<bind>
<StgValue><ssdm name=""/></StgValue>
</bind>
</comp>

<comp id="72" class="1001" name="const_72">
<pin_list>
<pin id="73" dir="1" index="0" bw="1" slack="0"/>
</pin_list>
<bind>
<StgValue><ssdm name="_ssdm_op_PartSelect.i7.i16.i32.i32"/></StgValue>
</bind>
</comp>

<comp id="74" class="1001" name="const_74">
<pin_list>
<pin id="75" dir="1" index="0" bw="1" slack="0"/>
</pin_list>
<bind>
<StgValue><ssdm name=""/></StgValue>
</bind>
</comp>

<comp id="76" class="1001" name="const_76">
<pin_list>
<pin id="77" dir="1" index="0" bw="1" slack="0"/>
</pin_list>
<bind>
<StgValue><ssdm name="_ssdm_op_PartSelect.i6.i16.i32.i32"/></StgValue>
</bind>
</comp>

<comp id="78" class="1001" name="const_78">
<pin_list>
<pin id="79" dir="1" index="0" bw="1" slack="0"/>
</pin_list>
<bind>
<StgValue><ssdm name=""/></StgValue>
</bind>
</comp>

<comp id="80" class="1001" name="const_80">
<pin_list>
<pin id="81" dir="1" index="0" bw="1" slack="0"/>
</pin_list>
<bind>
<StgValue><ssdm name="_ssdm_op_PartSelect.i5.i16.i32.i32"/></StgValue>
</bind>
</comp>

<comp id="82" class="1001" name="const_82">
<pin_list>
<pin id="83" dir="1" index="0" bw="1" slack="0"/>
</pin_list>
<bind>
<StgValue><ssdm name=""/></StgValue>
</bind>
</comp>

<comp id="84" class="1001" name="const_84">
<pin_list>
<pin id="85" dir="1" index="0" bw="1" slack="0"/>
</pin_list>
<bind>
<StgValue><ssdm name=""/></StgValue>
</bind>
</comp>

<comp id="86" class="1001" name="const_86">
<pin_list>
<pin id="87" dir="1" index="0" bw="1" slack="0"/>
</pin_list>
<bind>
<StgValue><ssdm name=""/></StgValue>
</bind>
</comp>

<comp id="88" class="1001" name="const_88">
<pin_list>
<pin id="89" dir="1" index="0" bw="1" slack="0"/>
</pin_list>
<bind>
<StgValue><ssdm name=""/></StgValue>
</bind>
</comp>

<comp id="90" class="1001" name="const_90">
<pin_list>
<pin id="91" dir="1" index="0" bw="1" slack="0"/>
</pin_list>
<bind>
<StgValue><ssdm name="_ssdm_op_BitConcatenate.i3.i1.i1.i1"/></StgValue>
</bind>
</comp>

<comp id="92" class="1001" name="const_92">
<pin_list>
<pin id="93" dir="1" index="0" bw="1" slack="0"/>
</pin_list>
<bind>
<StgValue><ssdm name="_ssdm_op_SparseMux.ap_auto.4i7.i7.i3"/></StgValue>
</bind>
</comp>

<comp id="94" class="1001" name="const_94">
<pin_list>
<pin id="95" dir="1" index="0" bw="1" slack="0"/>
</pin_list>
<bind>
<StgValue><ssdm name=""/></StgValue>
</bind>
</comp>

<comp id="96" class="1001" name="const_96">
<pin_list>
<pin id="97" dir="1" index="0" bw="1" slack="0"/>
</pin_list>
<bind>
<StgValue><ssdm name=""/></StgValue>
</bind>
</comp>

<comp id="98" class="1001" name="const_98">
<pin_list>
<pin id="99" dir="1" index="0" bw="1" slack="0"/>
</pin_list>
<bind>
<StgValue><ssdm name=""/></StgValue>
</bind>
</comp>

<comp id="100" class="1001" name="const_100">
<pin_list>
<pin id="101" dir="1" index="0" bw="1" slack="0"/>
</pin_list>
<bind>
<StgValue><ssdm name=""/></StgValue>
</bind>
</comp>

<comp id="102" class="1001" name="const_102">
<pin_list>
<pin id="103" dir="1" index="0" bw="1" slack="0"/>
</pin_list>
<bind>
<StgValue><ssdm name=""/></StgValue>
</bind>
</comp>

<comp id="104" class="1001" name="const_104">
<pin_list>
<pin id="105" dir="1" index="0" bw="1" slack="0"/>
</pin_list>
<bind>
<StgValue><ssdm name="_ssdm_op_PartSelect.i2.i9.i32.i32"/></StgValue>
</bind>
</comp>

<comp id="106" class="1001" name="const_106">
<pin_list>
<pin id="107" dir="1" index="0" bw="1" slack="0"/>
</pin_list>
<bind>
<StgValue><ssdm name=""/></StgValue>
</bind>
</comp>

<comp id="108" class="1001" name="const_108">
<pin_list>
<pin id="109" dir="1" index="0" bw="1" slack="0"/>
</pin_list>
<bind>
<StgValue><ssdm name=""/></StgValue>
</bind>
</comp>

<comp id="110" class="1001" name="const_110">
<pin_list>
<pin id="111" dir="1" index="0" bw="1" slack="0"/>
</pin_list>
<bind>
<StgValue><ssdm name=""/></StgValue>
</bind>
</comp>

<comp id="112" class="1001" name="const_112">
<pin_list>
<pin id="113" dir="1" index="0" bw="1" slack="0"/>
</pin_list>
<bind>
<StgValue><ssdm name=""/></StgValue>
</bind>
</comp>

<comp id="114" class="1004" name="j_fu_114">
<pin_list>
<pin id="115" dir="0" index="0" bw="1" slack="0"/>
<pin id="116" dir="1" index="1" bw="9" slack="0"/>
</pin_list>
<bind>
<opcode="alloca(26) " fcode="alloca"/>
<opset="j/1 "/>
</bind>
</comp>

<comp id="118" class="1004" name="tmp_read_fu_118">
<pin_list>
<pin id="119" dir="0" index="0" bw="1" slack="0"/>
<pin id="120" dir="0" index="1" bw="1" slack="0"/>
<pin id="121" dir="1" index="2" bw="1" slack="3"/>
</pin_list>
<bind>
<opcode="read(1150) " fcode="read"/>
<opset="tmp/1 "/>
</bind>
</comp>

<comp id="124" class="1004" name="shift_sel_read_read_fu_124">
<pin_list>
<pin id="125" dir="0" index="0" bw="2" slack="0"/>
<pin id="126" dir="0" index="1" bw="2" slack="0"/>
<pin id="127" dir="1" index="2" bw="2" slack="2"/>
</pin_list>
<bind>
<opcode="read(1150) " fcode="read"/>
<opset="shift_sel_read/1 "/>
</bind>
</comp>

<comp id="130" class="1004" name="sext_ln486_read_read_fu_130">
<pin_list>
<pin id="131" dir="0" index="0" bw="8" slack="0"/>
<pin id="132" dir="0" index="1" bw="8" slack="0"/>
<pin id="133" dir="1" index="2" bw="8" slack="0"/>
</pin_list>
<bind>
<opcode="read(1150) " fcode="read"/>
<opset="sext_ln486_read/1 "/>
</bind>
</comp>

<comp id="136" class="1004" name="i_read_read_fu_136">
<pin_list>
<pin id="137" dir="0" index="0" bw="8" slack="0"/>
<pin id="138" dir="0" index="1" bw="8" slack="0"/>
<pin id="139" dir="1" index="2" bw="8" slack="2"/>
</pin_list>
<bind>
<opcode="read(1150) " fcode="read"/>
<opset="i_read/1 "/>
</bind>
</comp>

<comp id="142" class="1004" name="p_ZL16post_eligibility_0_addr_gep_fu_142">
<pin_list>
<pin id="143" dir="0" index="0" bw="8" slack="0"/>
<pin id="144" dir="0" index="1" bw="1" slack="0"/>
<pin id="145" dir="0" index="2" bw="7" slack="0"/>
<pin id="146" dir="1" index="3" bw="7" slack="0"/>
</pin_list>
<bind>
<opcode="getelementptr(29) " fcode="getelementptr"/>
<opset="p_ZL16post_eligibility_0_addr/1 "/>
</bind>
</comp>

<comp id="149" class="1004" name="p_ZL16post_eligibility_1_addr_gep_fu_149">
<pin_list>
<pin id="150" dir="0" index="0" bw="8" slack="0"/>
<pin id="151" dir="0" index="1" bw="1" slack="0"/>
<pin id="152" dir="0" index="2" bw="7" slack="0"/>
<pin id="153" dir="1" index="3" bw="7" slack="0"/>
</pin_list>
<bind>
<opcode="getelementptr(29) " fcode="getelementptr"/>
<opset="p_ZL16post_eligibility_1_addr/1 "/>
</bind>
</comp>

<comp id="156" class="1004" name="grp_access_fu_156">
<pin_list>
<pin id="157" dir="0" index="0" bw="7" slack="0"/>
<pin id="158" dir="0" index="1" bw="8" slack="2147483647"/>
<pin id="159" dir="0" index="2" bw="0" slack="2147483647"/>
<pin id="160" dir="1" index="3" bw="8" slack="0"/>
</pin_list>
<bind>
<opcode="load(27) " fcode="load"/>
<opset="p_ZL16post_eligibility_0_load/1 "/>
</bind>
</comp>

<comp id="162" class="1004" name="grp_access_fu_162">
<pin_list>
<pin id="163" dir="0" index="0" bw="7" slack="0"/>
<pin id="164" dir="0" index="1" bw="8" slack="2147483647"/>
<pin id="165" dir="0" index="2" bw="0" slack="2147483647"/>
<pin id="166" dir="1" index="3" bw="8" slack="0"/>
</pin_list>
<bind>
<opcode="load(27) " fcode="load"/>
<opset="p_ZL16post_eligibility_1_load/1 "/>
</bind>
</comp>

<comp id="168" class="1004" name="p_ZL13weight_memory_0_addr_gep_fu_168">
<pin_list>
<pin id="169" dir="0" index="0" bw="8" slack="0"/>
<pin id="170" dir="0" index="1" bw="1" slack="0"/>
<pin id="171" dir="0" index="2" bw="15" slack="0"/>
<pin id="172" dir="1" index="3" bw="15" slack="0"/>
</pin_list>
<bind>
<opcode="getelementptr(29) " fcode="getelementptr"/>
<opset="p_ZL13weight_memory_0_addr/3 "/>
</bind>
</comp>

<comp id="175" class="1004" name="p_ZL13weight_memory_1_addr_gep_fu_175">
<pin_list>
<pin id="176" dir="0" index="0" bw="8" slack="0"/>
<pin id="177" dir="0" index="1" bw="1" slack="0"/>
<pin id="178" dir="0" index="2" bw="15" slack="0"/>
<pin id="179" dir="1" index="3" bw="15" slack="0"/>
</pin_list>
<bind>
<opcode="getelementptr(29) " fcode="getelementptr"/>
<opset="p_ZL13weight_memory_1_addr/3 "/>
</bind>
</comp>

<comp id="182" class="1004" name="grp_access_fu_182">
<pin_list>
<pin id="183" dir="0" index="0" bw="15" slack="0"/>
<pin id="184" dir="0" index="1" bw="8" slack="2147483647"/>
<pin id="185" dir="0" index="2" bw="0" slack="2"/>
<pin id="194" dir="0" index="4" bw="15" slack="0"/>
<pin id="195" dir="0" index="5" bw="8" slack="2147483647"/>
<pin id="196" dir="0" index="6" bw="0" slack="2147483647"/>
<pin id="186" dir="1" index="3" bw="8" slack="0"/>
<pin id="197" dir="1" index="7" bw="8" slack="2147483647"/>
</pin_list>
<bind>
<opcode="load(27) store(28) " fcode="store"/>
<opset="p_ZL13weight_memory_0_load/3 store_ln502/5 "/>
</bind>
</comp>

<comp id="188" class="1004" name="grp_access_fu_188">
<pin_list>
<pin id="189" dir="0" index="0" bw="15" slack="0"/>
<pin id="190" dir="0" index="1" bw="8" slack="2147483647"/>
<pin id="191" dir="0" index="2" bw="0" slack="2"/>
<pin id="198" dir="0" index="4" bw="15" slack="0"/>
<pin id="199" dir="0" index="5" bw="8" slack="2147483647"/>
<pin id="200" dir="0" index="6" bw="0" slack="2147483647"/>
<pin id="192" dir="1" index="3" bw="8" slack="0"/>
<pin id="201" dir="1" index="7" bw="8" slack="2147483647"/>
</pin_list>
<bind>
<opcode="load(27) store(28) " fcode="store"/>
<opset="p_ZL13weight_memory_1_load/3 store_ln502/5 "/>
</bind>
</comp>

<comp id="202" class="1004" name="sext_ln486_cast_fu_202">
<pin_list>
<pin id="203" dir="0" index="0" bw="8" slack="0"/>
<pin id="204" dir="1" index="1" bw="16" slack="2"/>
</pin_list>
<bind>
<opcode="sext(35) " fcode="sext"/>
<opset="sext_ln486_cast/1 "/>
</bind>
</comp>

<comp id="206" class="1004" name="store_ln479_store_fu_206">
<pin_list>
<pin id="207" dir="0" index="0" bw="1" slack="0"/>
<pin id="208" dir="0" index="1" bw="9" slack="0"/>
<pin id="209" dir="1" index="2" bw="0" slack="2147483647"/>
</pin_list>
<bind>
<opcode="store(28) " fcode="store"/>
<opset="store_ln479/1 "/>
</bind>
</comp>

<comp id="211" class="1004" name="j_3_load_fu_211">
<pin_list>
<pin id="212" dir="0" index="0" bw="9" slack="0"/>
<pin id="213" dir="1" index="1" bw="9" slack="0"/>
</pin_list>
<bind>
<opcode="load(27) " fcode="load"/>
<opset="j_3/1 "/>
</bind>
</comp>

<comp id="214" class="1004" name="icmp_ln479_fu_214">
<pin_list>
<pin id="215" dir="0" index="0" bw="9" slack="0"/>
<pin id="216" dir="0" index="1" bw="9" slack="0"/>
<pin id="217" dir="1" index="2" bw="1" slack="3"/>
</pin_list>
<bind>
<opcode="icmp(45) " fcode="icmp"/>
<opset="icmp_ln479/1 "/>
</bind>
</comp>

<comp id="220" class="1004" name="add_ln479_fu_220">
<pin_list>
<pin id="221" dir="0" index="0" bw="9" slack="0"/>
<pin id="222" dir="0" index="1" bw="1" slack="0"/>
<pin id="223" dir="1" index="2" bw="9" slack="0"/>
</pin_list>
<bind>
<opcode="add(8) " fcode="add"/>
<opset="add_ln479/1 "/>
</bind>
</comp>

<comp id="226" class="1004" name="trunc_ln479_fu_226">
<pin_list>
<pin id="227" dir="0" index="0" bw="9" slack="0"/>
<pin id="228" dir="1" index="1" bw="1" slack="1"/>
</pin_list>
<bind>
<opcode="trunc(33) " fcode="trunc"/>
<opset="trunc_ln479/1 "/>
</bind>
</comp>

<comp id="230" class="1004" name="lshr_ln_fu_230">
<pin_list>
<pin id="231" dir="0" index="0" bw="7" slack="0"/>
<pin id="232" dir="0" index="1" bw="9" slack="0"/>
<pin id="233" dir="0" index="2" bw="1" slack="0"/>
<pin id="234" dir="0" index="3" bw="4" slack="0"/>
<pin id="235" dir="1" index="4" bw="7" slack="0"/>
</pin_list>
<bind>
<opcode="partselect(1002) " fcode="partselect"/>
<opset="lshr_ln/1 "/>
</bind>
</comp>

<comp id="240" class="1004" name="zext_ln479_fu_240">
<pin_list>
<pin id="241" dir="0" index="0" bw="7" slack="0"/>
<pin id="242" dir="1" index="1" bw="64" slack="0"/>
</pin_list>
<bind>
<opcode="zext(34) " fcode="zext"/>
<opset="zext_ln479/1 "/>
</bind>
</comp>

<comp id="246" class="1004" name="store_ln479_store_fu_246">
<pin_list>
<pin id="247" dir="0" index="0" bw="9" slack="0"/>
<pin id="248" dir="0" index="1" bw="9" slack="0"/>
<pin id="249" dir="1" index="2" bw="0" slack="2147483647"/>
</pin_list>
<bind>
<opcode="store(28) " fcode="store"/>
<opset="store_ln479/1 "/>
</bind>
</comp>

<comp id="251" class="1004" name="post_elig_fu_251">
<pin_list>
<pin id="252" dir="0" index="0" bw="1" slack="1"/>
<pin id="253" dir="0" index="1" bw="8" slack="0"/>
<pin id="254" dir="0" index="2" bw="8" slack="0"/>
<pin id="255" dir="1" index="3" bw="8" slack="0"/>
</pin_list>
<bind>
<opcode="select(49) " fcode="select"/>
<opset="post_elig/2 "/>
</bind>
</comp>

<comp id="258" class="1004" name="icmp_ln483_fu_258">
<pin_list>
<pin id="259" dir="0" index="0" bw="8" slack="0"/>
<pin id="260" dir="0" index="1" bw="8" slack="0"/>
<pin id="261" dir="1" index="2" bw="1" slack="1"/>
</pin_list>
<bind>
<opcode="icmp(45) " fcode="icmp"/>
<opset="icmp_ln483/2 "/>
</bind>
</comp>

<comp id="264" class="1004" name="tmp_s_fu_264">
<pin_list>
<pin id="265" dir="0" index="0" bw="15" slack="0"/>
<pin id="266" dir="0" index="1" bw="8" slack="2"/>
<pin id="267" dir="0" index="2" bw="7" slack="2"/>
<pin id="268" dir="1" index="3" bw="15" slack="0"/>
</pin_list>
<bind>
<opcode="bitconcatenate(1004) " fcode="bitconcatenate"/>
<opset="tmp_s/3 "/>
</bind>
</comp>

<comp id="270" class="1004" name="zext_ln501_fu_270">
<pin_list>
<pin id="271" dir="0" index="0" bw="15" slack="0"/>
<pin id="272" dir="1" index="1" bw="64" slack="0"/>
</pin_list>
<bind>
<opcode="zext(34) " fcode="zext"/>
<opset="zext_ln501/3 "/>
</bind>
</comp>

<comp id="276" class="1004" name="sext_ln486_1_fu_276">
<pin_list>
<pin id="277" dir="0" index="0" bw="8" slack="1"/>
<pin id="278" dir="1" index="1" bw="16" slack="0"/>
</pin_list>
<bind>
<opcode="sext(35) " fcode="sext"/>
<opset="sext_ln486_1/3 "/>
</bind>
</comp>

<comp id="279" class="1004" name="mul_ln486_fu_279">
<pin_list>
<pin id="280" dir="0" index="0" bw="8" slack="0"/>
<pin id="281" dir="0" index="1" bw="8" slack="2"/>
<pin id="282" dir="1" index="2" bw="16" slack="0"/>
</pin_list>
<bind>
<opcode="mul(12) " fcode="mul"/>
<opset="mul_ln486/3 "/>
</bind>
</comp>

<comp id="284" class="1004" name="scaled_fu_284">
<pin_list>
<pin id="285" dir="0" index="0" bw="4" slack="0"/>
<pin id="286" dir="0" index="1" bw="16" slack="0"/>
<pin id="287" dir="0" index="2" bw="5" slack="0"/>
<pin id="288" dir="0" index="3" bw="5" slack="0"/>
<pin id="289" dir="1" index="4" bw="4" slack="0"/>
</pin_list>
<bind>
<opcode="partselect(1002) " fcode="partselect"/>
<opset="scaled/3 "/>
</bind>
</comp>

<comp id="294" class="1004" name="sext_ln489_fu_294">
<pin_list>
<pin id="295" dir="0" index="0" bw="4" slack="0"/>
<pin id="296" dir="1" index="1" bw="7" slack="0"/>
</pin_list>
<bind>
<opcode="sext(35) " fcode="sext"/>
<opset="sext_ln489/3 "/>
</bind>
</comp>

<comp id="298" class="1004" name="scaled_1_fu_298">
<pin_list>
<pin id="299" dir="0" index="0" bw="7" slack="0"/>
<pin id="300" dir="0" index="1" bw="16" slack="0"/>
<pin id="301" dir="0" index="2" bw="5" slack="0"/>
<pin id="302" dir="0" index="3" bw="5" slack="0"/>
<pin id="303" dir="1" index="4" bw="7" slack="0"/>
</pin_list>
<bind>
<opcode="partselect(1002) " fcode="partselect"/>
<opset="scaled_1/3 "/>
</bind>
</comp>

<comp id="308" class="1004" name="scaled_2_fu_308">
<pin_list>
<pin id="309" dir="0" index="0" bw="6" slack="0"/>
<pin id="310" dir="0" index="1" bw="16" slack="0"/>
<pin id="311" dir="0" index="2" bw="5" slack="0"/>
<pin id="312" dir="0" index="3" bw="5" slack="0"/>
<pin id="313" dir="1" index="4" bw="6" slack="0"/>
</pin_list>
<bind>
<opcode="partselect(1002) " fcode="partselect"/>
<opset="scaled_2/3 "/>
</bind>
</comp>

<comp id="318" class="1004" name="sext_ln489_1_fu_318">
<pin_list>
<pin id="319" dir="0" index="0" bw="6" slack="0"/>
<pin id="320" dir="1" index="1" bw="7" slack="0"/>
</pin_list>
<bind>
<opcode="sext(35) " fcode="sext"/>
<opset="sext_ln489_1/3 "/>
</bind>
</comp>

<comp id="322" class="1004" name="scaled_3_fu_322">
<pin_list>
<pin id="323" dir="0" index="0" bw="5" slack="0"/>
<pin id="324" dir="0" index="1" bw="16" slack="0"/>
<pin id="325" dir="0" index="2" bw="5" slack="0"/>
<pin id="326" dir="0" index="3" bw="5" slack="0"/>
<pin id="327" dir="1" index="4" bw="5" slack="0"/>
</pin_list>
<bind>
<opcode="partselect(1002) " fcode="partselect"/>
<opset="scaled_3/3 "/>
</bind>
</comp>

<comp id="332" class="1004" name="sext_ln489_2_fu_332">
<pin_list>
<pin id="333" dir="0" index="0" bw="5" slack="0"/>
<pin id="334" dir="1" index="1" bw="7" slack="0"/>
</pin_list>
<bind>
<opcode="sext(35) " fcode="sext"/>
<opset="sext_ln489_2/3 "/>
</bind>
</comp>

<comp id="336" class="1004" name="icmp_ln490_fu_336">
<pin_list>
<pin id="337" dir="0" index="0" bw="2" slack="2"/>
<pin id="338" dir="0" index="1" bw="2" slack="0"/>
<pin id="339" dir="1" index="2" bw="1" slack="0"/>
</pin_list>
<bind>
<opcode="icmp(45) " fcode="icmp"/>
<opset="icmp_ln490/3 "/>
</bind>
</comp>

<comp id="341" class="1004" name="icmp_ln490_1_fu_341">
<pin_list>
<pin id="342" dir="0" index="0" bw="2" slack="2"/>
<pin id="343" dir="0" index="1" bw="2" slack="0"/>
<pin id="344" dir="1" index="2" bw="1" slack="0"/>
</pin_list>
<bind>
<opcode="icmp(45) " fcode="icmp"/>
<opset="icmp_ln490_1/3 "/>
</bind>
</comp>

<comp id="346" class="1004" name="icmp_ln490_2_fu_346">
<pin_list>
<pin id="347" dir="0" index="0" bw="2" slack="2"/>
<pin id="348" dir="0" index="1" bw="2" slack="0"/>
<pin id="349" dir="1" index="2" bw="1" slack="0"/>
</pin_list>
<bind>
<opcode="icmp(45) " fcode="icmp"/>
<opset="icmp_ln490_2/3 "/>
</bind>
</comp>

<comp id="351" class="1004" name="sel_tmp3_fu_351">
<pin_list>
<pin id="352" dir="0" index="0" bw="3" slack="0"/>
<pin id="353" dir="0" index="1" bw="1" slack="0"/>
<pin id="354" dir="0" index="2" bw="1" slack="0"/>
<pin id="355" dir="0" index="3" bw="1" slack="0"/>
<pin id="356" dir="1" index="4" bw="3" slack="0"/>
</pin_list>
<bind>
<opcode="bitconcatenate(1004) " fcode="bitconcatenate"/>
<opset="sel_tmp3/3 "/>
</bind>
</comp>

<comp id="361" class="1004" name="scaled_4_fu_361">
<pin_list>
<pin id="362" dir="0" index="0" bw="7" slack="0"/>
<pin id="363" dir="0" index="1" bw="3" slack="0"/>
<pin id="364" dir="0" index="2" bw="7" slack="0"/>
<pin id="365" dir="0" index="3" bw="3" slack="0"/>
<pin id="366" dir="0" index="4" bw="7" slack="0"/>
<pin id="367" dir="0" index="5" bw="3" slack="0"/>
<pin id="368" dir="0" index="6" bw="7" slack="0"/>
<pin id="369" dir="0" index="7" bw="3" slack="0"/>
<pin id="370" dir="0" index="8" bw="7" slack="0"/>
<pin id="371" dir="0" index="9" bw="7" slack="0"/>
<pin id="372" dir="0" index="10" bw="3" slack="0"/>
<pin id="373" dir="1" index="11" bw="7" slack="1"/>
</pin_list>
<bind>
<opcode="sparsemux(1197) " fcode="sparsemux"/>
<opset="scaled_4/3 "/>
</bind>
</comp>

<comp id="385" class="1004" name="sext_ln489_3_fu_385">
<pin_list>
<pin id="386" dir="0" index="0" bw="7" slack="1"/>
<pin id="387" dir="1" index="1" bw="8" slack="0"/>
</pin_list>
<bind>
<opcode="sext(35) " fcode="sext"/>
<opset="sext_ln489_3/4 "/>
</bind>
</comp>

<comp id="388" class="1004" name="delta_fu_388">
<pin_list>
<pin id="389" dir="0" index="0" bw="1" slack="0"/>
<pin id="390" dir="0" index="1" bw="7" slack="0"/>
<pin id="391" dir="1" index="2" bw="8" slack="0"/>
</pin_list>
<bind>
<opcode="sub(10) " fcode="sub"/>
<opset="delta/4 "/>
</bind>
</comp>

<comp id="394" class="1004" name="delta_1_fu_394">
<pin_list>
<pin id="395" dir="0" index="0" bw="1" slack="3"/>
<pin id="396" dir="0" index="1" bw="8" slack="0"/>
<pin id="397" dir="0" index="2" bw="8" slack="0"/>
<pin id="398" dir="1" index="3" bw="8" slack="0"/>
</pin_list>
<bind>
<opcode="select(49) " fcode="select"/>
<opset="delta_1/4 "/>
</bind>
</comp>

<comp id="401" class="1004" name="sext_ln498_fu_401">
<pin_list>
<pin id="402" dir="0" index="0" bw="8" slack="0"/>
<pin id="403" dir="1" index="1" bw="9" slack="0"/>
</pin_list>
<bind>
<opcode="sext(35) " fcode="sext"/>
<opset="sext_ln498/4 "/>
</bind>
</comp>

<comp id="405" class="1004" name="current_w_fu_405">
<pin_list>
<pin id="406" dir="0" index="0" bw="1" slack="3"/>
<pin id="407" dir="0" index="1" bw="8" slack="0"/>
<pin id="408" dir="0" index="2" bw="8" slack="0"/>
<pin id="409" dir="1" index="3" bw="8" slack="0"/>
</pin_list>
<bind>
<opcode="select(49) " fcode="select"/>
<opset="current_w/4 "/>
</bind>
</comp>

<comp id="412" class="1004" name="sext_ln502_fu_412">
<pin_list>
<pin id="413" dir="0" index="0" bw="8" slack="0"/>
<pin id="414" dir="1" index="1" bw="9" slack="0"/>
</pin_list>
<bind>
<opcode="sext(35) " fcode="sext"/>
<opset="sext_ln502/4 "/>
</bind>
</comp>

<comp id="416" class="1004" name="add_ln502_fu_416">
<pin_list>
<pin id="417" dir="0" index="0" bw="8" slack="0"/>
<pin id="418" dir="0" index="1" bw="8" slack="0"/>
<pin id="419" dir="1" index="2" bw="8" slack="1"/>
</pin_list>
<bind>
<opcode="add(8) " fcode="add"/>
<opset="add_ln502/4 "/>
</bind>
</comp>

<comp id="422" class="1004" name="w_fu_422">
<pin_list>
<pin id="423" dir="0" index="0" bw="8" slack="0"/>
<pin id="424" dir="0" index="1" bw="8" slack="0"/>
<pin id="425" dir="1" index="2" bw="9" slack="0"/>
</pin_list>
<bind>
<opcode="add(8) " fcode="add"/>
<opset="w/4 "/>
</bind>
</comp>

<comp id="428" class="1004" name="tmp_64_fu_428">
<pin_list>
<pin id="429" dir="0" index="0" bw="2" slack="0"/>
<pin id="430" dir="0" index="1" bw="9" slack="0"/>
<pin id="431" dir="0" index="2" bw="4" slack="0"/>
<pin id="432" dir="0" index="3" bw="5" slack="0"/>
<pin id="433" dir="1" index="4" bw="2" slack="1"/>
</pin_list>
<bind>
<opcode="partselect(1002) " fcode="partselect"/>
<opset="tmp_64/4 "/>
</bind>
</comp>

<comp id="438" class="1004" name="icmp_ln335_fu_438">
<pin_list>
<pin id="439" dir="0" index="0" bw="2" slack="1"/>
<pin id="440" dir="0" index="1" bw="2" slack="0"/>
<pin id="441" dir="1" index="2" bw="1" slack="0"/>
</pin_list>
<bind>
<opcode="icmp(45) " fcode="icmp"/>
<opset="icmp_ln335/5 "/>
</bind>
</comp>

<comp id="443" class="1004" name="icmp_ln336_fu_443">
<pin_list>
<pin id="444" dir="0" index="0" bw="9" slack="1"/>
<pin id="445" dir="0" index="1" bw="9" slack="0"/>
<pin id="446" dir="1" index="2" bw="1" slack="0"/>
</pin_list>
<bind>
<opcode="icmp(45) " fcode="icmp"/>
<opset="icmp_ln336/5 "/>
</bind>
</comp>

<comp id="448" class="1004" name="select_ln335_3_fu_448">
<pin_list>
<pin id="449" dir="0" index="0" bw="1" slack="0"/>
<pin id="450" dir="0" index="1" bw="8" slack="0"/>
<pin id="451" dir="0" index="2" bw="8" slack="0"/>
<pin id="452" dir="1" index="3" bw="8" slack="0"/>
</pin_list>
<bind>
<opcode="select(49) " fcode="select"/>
<opset="select_ln335_3/5 "/>
</bind>
</comp>

<comp id="456" class="1004" name="or_ln335_fu_456">
<pin_list>
<pin id="457" dir="0" index="0" bw="1" slack="0"/>
<pin id="458" dir="0" index="1" bw="1" slack="0"/>
<pin id="459" dir="1" index="2" bw="1" slack="0"/>
</pin_list>
<bind>
<opcode="or(24) " fcode="or"/>
<opset="or_ln335/5 "/>
</bind>
</comp>

<comp id="462" class="1004" name="select_ln335_fu_462">
<pin_list>
<pin id="463" dir="0" index="0" bw="1" slack="0"/>
<pin id="464" dir="0" index="1" bw="8" slack="0"/>
<pin id="465" dir="0" index="2" bw="8" slack="1"/>
<pin id="466" dir="1" index="3" bw="8" slack="0"/>
</pin_list>
<bind>
<opcode="select(49) " fcode="select"/>
<opset="select_ln335/5 "/>
</bind>
</comp>

<comp id="471" class="1005" name="j_reg_471">
<pin_list>
<pin id="472" dir="0" index="0" bw="9" slack="0"/>
<pin id="473" dir="1" index="1" bw="9" slack="0"/>
</pin_list>
<bind>
<opset="j "/>
</bind>
</comp>

<comp id="478" class="1005" name="tmp_reg_478">
<pin_list>
<pin id="479" dir="0" index="0" bw="1" slack="3"/>
<pin id="480" dir="1" index="1" bw="1" slack="3"/>
</pin_list>
<bind>
<opset="tmp "/>
</bind>
</comp>

<comp id="483" class="1005" name="shift_sel_read_reg_483">
<pin_list>
<pin id="484" dir="0" index="0" bw="2" slack="2"/>
<pin id="485" dir="1" index="1" bw="2" slack="2"/>
</pin_list>
<bind>
<opset="shift_sel_read "/>
</bind>
</comp>

<comp id="490" class="1005" name="i_read_reg_490">
<pin_list>
<pin id="491" dir="0" index="0" bw="8" slack="2"/>
<pin id="492" dir="1" index="1" bw="8" slack="2"/>
</pin_list>
<bind>
<opset="i_read "/>
</bind>
</comp>

<comp id="495" class="1005" name="sext_ln486_cast_reg_495">
<pin_list>
<pin id="496" dir="0" index="0" bw="16" slack="2"/>
<pin id="497" dir="1" index="1" bw="16" slack="2"/>
</pin_list>
<bind>
<opset="sext_ln486_cast "/>
</bind>
</comp>

<comp id="500" class="1005" name="icmp_ln479_reg_500">
<pin_list>
<pin id="501" dir="0" index="0" bw="1" slack="3"/>
<pin id="502" dir="1" index="1" bw="1" slack="2147483647"/>
</pin_list>
<bind>
<opset="icmp_ln479 "/>
</bind>
</comp>

<comp id="504" class="1005" name="trunc_ln479_reg_504">
<pin_list>
<pin id="505" dir="0" index="0" bw="1" slack="1"/>
<pin id="506" dir="1" index="1" bw="1" slack="1"/>
</pin_list>
<bind>
<opset="trunc_ln479 "/>
</bind>
</comp>

<comp id="510" class="1005" name="lshr_ln_reg_510">
<pin_list>
<pin id="511" dir="0" index="0" bw="7" slack="2"/>
<pin id="512" dir="1" index="1" bw="7" slack="2"/>
</pin_list>
<bind>
<opset="lshr_ln "/>
</bind>
</comp>

<comp id="515" class="1005" name="p_ZL16post_eligibility_0_addr_reg_515">
<pin_list>
<pin id="516" dir="0" index="0" bw="7" slack="1"/>
<pin id="517" dir="1" index="1" bw="7" slack="1"/>
</pin_list>
<bind>
<opset="p_ZL16post_eligibility_0_addr "/>
</bind>
</comp>

<comp id="520" class="1005" name="p_ZL16post_eligibility_1_addr_reg_520">
<pin_list>
<pin id="521" dir="0" index="0" bw="7" slack="1"/>
<pin id="522" dir="1" index="1" bw="7" slack="1"/>
</pin_list>
<bind>
<opset="p_ZL16post_eligibility_1_addr "/>
</bind>
</comp>

<comp id="525" class="1005" name="post_elig_reg_525">
<pin_list>
<pin id="526" dir="0" index="0" bw="8" slack="1"/>
<pin id="527" dir="1" index="1" bw="8" slack="1"/>
</pin_list>
<bind>
<opset="post_elig "/>
</bind>
</comp>

<comp id="530" class="1005" name="icmp_ln483_reg_530">
<pin_list>
<pin id="531" dir="0" index="0" bw="1" slack="1"/>
<pin id="532" dir="1" index="1" bw="1" slack="2147483647"/>
</pin_list>
<bind>
<opset="icmp_ln483 "/>
</bind>
</comp>

<comp id="534" class="1005" name="p_ZL13weight_memory_0_addr_reg_534">
<pin_list>
<pin id="535" dir="0" index="0" bw="15" slack="1"/>
<pin id="536" dir="1" index="1" bw="15" slack="1"/>
</pin_list>
<bind>
<opset="p_ZL13weight_memory_0_addr "/>
</bind>
</comp>

<comp id="540" class="1005" name="p_ZL13weight_memory_1_addr_reg_540">
<pin_list>
<pin id="541" dir="0" index="0" bw="15" slack="1"/>
<pin id="542" dir="1" index="1" bw="15" slack="1"/>
</pin_list>
<bind>
<opset="p_ZL13weight_memory_1_addr "/>
</bind>
</comp>

<comp id="546" class="1005" name="scaled_4_reg_546">
<pin_list>
<pin id="547" dir="0" index="0" bw="7" slack="1"/>
<pin id="548" dir="1" index="1" bw="7" slack="1"/>
</pin_list>
<bind>
<opset="scaled_4 "/>
</bind>
</comp>

<comp id="551" class="1005" name="add_ln502_reg_551">
<pin_list>
<pin id="552" dir="0" index="0" bw="8" slack="1"/>
<pin id="553" dir="1" index="1" bw="8" slack="1"/>
</pin_list>
<bind>
<opset="add_ln502 "/>
</bind>
</comp>

<comp id="556" class="1005" name="w_reg_556">
<pin_list>
<pin id="557" dir="0" index="0" bw="9" slack="1"/>
<pin id="558" dir="1" index="1" bw="9" slack="1"/>
</pin_list>
<bind>
<opset="w "/>
</bind>
</comp>

<comp id="561" class="1005" name="tmp_64_reg_561">
<pin_list>
<pin id="562" dir="0" index="0" bw="2" slack="1"/>
<pin id="563" dir="1" index="1" bw="2" slack="1"/>
</pin_list>
<bind>
<opset="tmp_64 "/>
</bind>
</comp>

</comp_list>

<net_list>
<net id="117"><net_src comp="16" pin="0"/><net_sink comp="114" pin=0"/></net>

<net id="122"><net_src comp="18" pin="0"/><net_sink comp="118" pin=0"/></net>

<net id="123"><net_src comp="6" pin="0"/><net_sink comp="118" pin=1"/></net>

<net id="128"><net_src comp="20" pin="0"/><net_sink comp="124" pin=0"/></net>

<net id="129"><net_src comp="4" pin="0"/><net_sink comp="124" pin=1"/></net>

<net id="134"><net_src comp="22" pin="0"/><net_sink comp="130" pin=0"/></net>

<net id="135"><net_src comp="2" pin="0"/><net_sink comp="130" pin=1"/></net>

<net id="140"><net_src comp="22" pin="0"/><net_sink comp="136" pin=0"/></net>

<net id="141"><net_src comp="0" pin="0"/><net_sink comp="136" pin=1"/></net>

<net id="147"><net_src comp="8" pin="0"/><net_sink comp="142" pin=0"/></net>

<net id="148"><net_src comp="48" pin="0"/><net_sink comp="142" pin=1"/></net>

<net id="154"><net_src comp="10" pin="0"/><net_sink comp="149" pin=0"/></net>

<net id="155"><net_src comp="48" pin="0"/><net_sink comp="149" pin=1"/></net>

<net id="161"><net_src comp="142" pin="3"/><net_sink comp="156" pin=0"/></net>

<net id="167"><net_src comp="149" pin="3"/><net_sink comp="162" pin=0"/></net>

<net id="173"><net_src comp="12" pin="0"/><net_sink comp="168" pin=0"/></net>

<net id="174"><net_src comp="48" pin="0"/><net_sink comp="168" pin=1"/></net>

<net id="180"><net_src comp="14" pin="0"/><net_sink comp="175" pin=0"/></net>

<net id="181"><net_src comp="48" pin="0"/><net_sink comp="175" pin=1"/></net>

<net id="187"><net_src comp="168" pin="3"/><net_sink comp="182" pin=0"/></net>

<net id="193"><net_src comp="175" pin="3"/><net_sink comp="188" pin=0"/></net>

<net id="205"><net_src comp="130" pin="2"/><net_sink comp="202" pin=0"/></net>

<net id="210"><net_src comp="34" pin="0"/><net_sink comp="206" pin=0"/></net>

<net id="218"><net_src comp="211" pin="1"/><net_sink comp="214" pin=0"/></net>

<net id="219"><net_src comp="36" pin="0"/><net_sink comp="214" pin=1"/></net>

<net id="224"><net_src comp="211" pin="1"/><net_sink comp="220" pin=0"/></net>

<net id="225"><net_src comp="42" pin="0"/><net_sink comp="220" pin=1"/></net>

<net id="229"><net_src comp="211" pin="1"/><net_sink comp="226" pin=0"/></net>

<net id="236"><net_src comp="44" pin="0"/><net_sink comp="230" pin=0"/></net>

<net id="237"><net_src comp="211" pin="1"/><net_sink comp="230" pin=1"/></net>

<net id="238"><net_src comp="16" pin="0"/><net_sink comp="230" pin=2"/></net>

<net id="239"><net_src comp="46" pin="0"/><net_sink comp="230" pin=3"/></net>

<net id="243"><net_src comp="230" pin="4"/><net_sink comp="240" pin=0"/></net>

<net id="244"><net_src comp="240" pin="1"/><net_sink comp="142" pin=2"/></net>

<net id="245"><net_src comp="240" pin="1"/><net_sink comp="149" pin=2"/></net>

<net id="250"><net_src comp="220" pin="2"/><net_sink comp="246" pin=0"/></net>

<net id="256"><net_src comp="162" pin="3"/><net_sink comp="251" pin=1"/></net>

<net id="257"><net_src comp="156" pin="3"/><net_sink comp="251" pin=2"/></net>

<net id="262"><net_src comp="251" pin="3"/><net_sink comp="258" pin=0"/></net>

<net id="263"><net_src comp="50" pin="0"/><net_sink comp="258" pin=1"/></net>

<net id="269"><net_src comp="64" pin="0"/><net_sink comp="264" pin=0"/></net>

<net id="273"><net_src comp="264" pin="3"/><net_sink comp="270" pin=0"/></net>

<net id="274"><net_src comp="270" pin="1"/><net_sink comp="168" pin=2"/></net>

<net id="275"><net_src comp="270" pin="1"/><net_sink comp="175" pin=2"/></net>

<net id="283"><net_src comp="276" pin="1"/><net_sink comp="279" pin=0"/></net>

<net id="290"><net_src comp="66" pin="0"/><net_sink comp="284" pin=0"/></net>

<net id="291"><net_src comp="279" pin="2"/><net_sink comp="284" pin=1"/></net>

<net id="292"><net_src comp="68" pin="0"/><net_sink comp="284" pin=2"/></net>

<net id="293"><net_src comp="70" pin="0"/><net_sink comp="284" pin=3"/></net>

<net id="297"><net_src comp="284" pin="4"/><net_sink comp="294" pin=0"/></net>

<net id="304"><net_src comp="72" pin="0"/><net_sink comp="298" pin=0"/></net>

<net id="305"><net_src comp="279" pin="2"/><net_sink comp="298" pin=1"/></net>

<net id="306"><net_src comp="74" pin="0"/><net_sink comp="298" pin=2"/></net>

<net id="307"><net_src comp="70" pin="0"/><net_sink comp="298" pin=3"/></net>

<net id="314"><net_src comp="76" pin="0"/><net_sink comp="308" pin=0"/></net>

<net id="315"><net_src comp="279" pin="2"/><net_sink comp="308" pin=1"/></net>

<net id="316"><net_src comp="78" pin="0"/><net_sink comp="308" pin=2"/></net>

<net id="317"><net_src comp="70" pin="0"/><net_sink comp="308" pin=3"/></net>

<net id="321"><net_src comp="308" pin="4"/><net_sink comp="318" pin=0"/></net>

<net id="328"><net_src comp="80" pin="0"/><net_sink comp="322" pin=0"/></net>

<net id="329"><net_src comp="279" pin="2"/><net_sink comp="322" pin=1"/></net>

<net id="330"><net_src comp="82" pin="0"/><net_sink comp="322" pin=2"/></net>

<net id="331"><net_src comp="70" pin="0"/><net_sink comp="322" pin=3"/></net>

<net id="335"><net_src comp="322" pin="4"/><net_sink comp="332" pin=0"/></net>

<net id="340"><net_src comp="84" pin="0"/><net_sink comp="336" pin=1"/></net>

<net id="345"><net_src comp="86" pin="0"/><net_sink comp="341" pin=1"/></net>

<net id="350"><net_src comp="88" pin="0"/><net_sink comp="346" pin=1"/></net>

<net id="357"><net_src comp="90" pin="0"/><net_sink comp="351" pin=0"/></net>

<net id="358"><net_src comp="336" pin="2"/><net_sink comp="351" pin=1"/></net>

<net id="359"><net_src comp="341" pin="2"/><net_sink comp="351" pin=2"/></net>

<net id="360"><net_src comp="346" pin="2"/><net_sink comp="351" pin=3"/></net>

<net id="374"><net_src comp="92" pin="0"/><net_sink comp="361" pin=0"/></net>

<net id="375"><net_src comp="94" pin="0"/><net_sink comp="361" pin=1"/></net>

<net id="376"><net_src comp="332" pin="1"/><net_sink comp="361" pin=2"/></net>

<net id="377"><net_src comp="96" pin="0"/><net_sink comp="361" pin=3"/></net>

<net id="378"><net_src comp="318" pin="1"/><net_sink comp="361" pin=4"/></net>

<net id="379"><net_src comp="98" pin="0"/><net_sink comp="361" pin=5"/></net>

<net id="380"><net_src comp="298" pin="4"/><net_sink comp="361" pin=6"/></net>

<net id="381"><net_src comp="100" pin="0"/><net_sink comp="361" pin=7"/></net>

<net id="382"><net_src comp="294" pin="1"/><net_sink comp="361" pin=8"/></net>

<net id="383"><net_src comp="102" pin="0"/><net_sink comp="361" pin=9"/></net>

<net id="384"><net_src comp="351" pin="4"/><net_sink comp="361" pin=10"/></net>

<net id="392"><net_src comp="50" pin="0"/><net_sink comp="388" pin=0"/></net>

<net id="393"><net_src comp="385" pin="1"/><net_sink comp="388" pin=1"/></net>

<net id="399"><net_src comp="388" pin="2"/><net_sink comp="394" pin=1"/></net>

<net id="400"><net_src comp="385" pin="1"/><net_sink comp="394" pin=2"/></net>

<net id="404"><net_src comp="394" pin="3"/><net_sink comp="401" pin=0"/></net>

<net id="410"><net_src comp="188" pin="3"/><net_sink comp="405" pin=1"/></net>

<net id="411"><net_src comp="182" pin="3"/><net_sink comp="405" pin=2"/></net>

<net id="415"><net_src comp="405" pin="3"/><net_sink comp="412" pin=0"/></net>

<net id="420"><net_src comp="394" pin="3"/><net_sink comp="416" pin=0"/></net>

<net id="421"><net_src comp="405" pin="3"/><net_sink comp="416" pin=1"/></net>

<net id="426"><net_src comp="401" pin="1"/><net_sink comp="422" pin=0"/></net>

<net id="427"><net_src comp="412" pin="1"/><net_sink comp="422" pin=1"/></net>

<net id="434"><net_src comp="104" pin="0"/><net_sink comp="428" pin=0"/></net>

<net id="435"><net_src comp="422" pin="2"/><net_sink comp="428" pin=1"/></net>

<net id="436"><net_src comp="46" pin="0"/><net_sink comp="428" pin=2"/></net>

<net id="437"><net_src comp="106" pin="0"/><net_sink comp="428" pin=3"/></net>

<net id="442"><net_src comp="86" pin="0"/><net_sink comp="438" pin=1"/></net>

<net id="447"><net_src comp="108" pin="0"/><net_sink comp="443" pin=1"/></net>

<net id="453"><net_src comp="438" pin="2"/><net_sink comp="448" pin=0"/></net>

<net id="454"><net_src comp="110" pin="0"/><net_sink comp="448" pin=1"/></net>

<net id="455"><net_src comp="112" pin="0"/><net_sink comp="448" pin=2"/></net>

<net id="460"><net_src comp="438" pin="2"/><net_sink comp="456" pin=0"/></net>

<net id="461"><net_src comp="443" pin="2"/><net_sink comp="456" pin=1"/></net>

<net id="467"><net_src comp="456" pin="2"/><net_sink comp="462" pin=0"/></net>

<net id="468"><net_src comp="448" pin="3"/><net_sink comp="462" pin=1"/></net>

<net id="469"><net_src comp="462" pin="3"/><net_sink comp="182" pin=4"/></net>

<net id="470"><net_src comp="462" pin="3"/><net_sink comp="188" pin=4"/></net>

<net id="474"><net_src comp="114" pin="1"/><net_sink comp="471" pin=0"/></net>

<net id="475"><net_src comp="471" pin="1"/><net_sink comp="206" pin=1"/></net>

<net id="476"><net_src comp="471" pin="1"/><net_sink comp="211" pin=0"/></net>

<net id="477"><net_src comp="471" pin="1"/><net_sink comp="246" pin=1"/></net>

<net id="481"><net_src comp="118" pin="2"/><net_sink comp="478" pin=0"/></net>

<net id="482"><net_src comp="478" pin="1"/><net_sink comp="394" pin=0"/></net>

<net id="486"><net_src comp="124" pin="2"/><net_sink comp="483" pin=0"/></net>

<net id="487"><net_src comp="483" pin="1"/><net_sink comp="336" pin=0"/></net>

<net id="488"><net_src comp="483" pin="1"/><net_sink comp="341" pin=0"/></net>

<net id="489"><net_src comp="483" pin="1"/><net_sink comp="346" pin=0"/></net>

<net id="493"><net_src comp="136" pin="2"/><net_sink comp="490" pin=0"/></net>

<net id="494"><net_src comp="490" pin="1"/><net_sink comp="264" pin=1"/></net>

<net id="498"><net_src comp="202" pin="1"/><net_sink comp="495" pin=0"/></net>

<net id="499"><net_src comp="495" pin="1"/><net_sink comp="279" pin=1"/></net>

<net id="503"><net_src comp="214" pin="2"/><net_sink comp="500" pin=0"/></net>

<net id="507"><net_src comp="226" pin="1"/><net_sink comp="504" pin=0"/></net>

<net id="508"><net_src comp="504" pin="1"/><net_sink comp="251" pin=0"/></net>

<net id="509"><net_src comp="504" pin="1"/><net_sink comp="405" pin=0"/></net>

<net id="513"><net_src comp="230" pin="4"/><net_sink comp="510" pin=0"/></net>

<net id="514"><net_src comp="510" pin="1"/><net_sink comp="264" pin=2"/></net>

<net id="518"><net_src comp="142" pin="3"/><net_sink comp="515" pin=0"/></net>

<net id="519"><net_src comp="515" pin="1"/><net_sink comp="156" pin=0"/></net>

<net id="523"><net_src comp="149" pin="3"/><net_sink comp="520" pin=0"/></net>

<net id="524"><net_src comp="520" pin="1"/><net_sink comp="162" pin=0"/></net>

<net id="528"><net_src comp="251" pin="3"/><net_sink comp="525" pin=0"/></net>

<net id="529"><net_src comp="525" pin="1"/><net_sink comp="276" pin=0"/></net>

<net id="533"><net_src comp="258" pin="2"/><net_sink comp="530" pin=0"/></net>

<net id="537"><net_src comp="168" pin="3"/><net_sink comp="534" pin=0"/></net>

<net id="538"><net_src comp="534" pin="1"/><net_sink comp="182" pin=0"/></net>

<net id="539"><net_src comp="534" pin="1"/><net_sink comp="182" pin=2"/></net>

<net id="543"><net_src comp="175" pin="3"/><net_sink comp="540" pin=0"/></net>

<net id="544"><net_src comp="540" pin="1"/><net_sink comp="188" pin=0"/></net>

<net id="545"><net_src comp="540" pin="1"/><net_sink comp="188" pin=2"/></net>

<net id="549"><net_src comp="361" pin="11"/><net_sink comp="546" pin=0"/></net>

<net id="550"><net_src comp="546" pin="1"/><net_sink comp="385" pin=0"/></net>

<net id="554"><net_src comp="416" pin="2"/><net_sink comp="551" pin=0"/></net>

<net id="555"><net_src comp="551" pin="1"/><net_sink comp="462" pin=2"/></net>

<net id="559"><net_src comp="422" pin="2"/><net_sink comp="556" pin=0"/></net>

<net id="560"><net_src comp="556" pin="1"/><net_sink comp="443" pin=0"/></net>

<net id="564"><net_src comp="428" pin="4"/><net_sink comp="561" pin=0"/></net>

<net id="565"><net_src comp="561" pin="1"/><net_sink comp="438" pin=0"/></net>

</net_list>

</model> 
---------------- Datapath Model END ------------------

* FSMD analyzer results:
  - Output states:
	Port: p_ZL16post_eligibility_0 | {}
	Port: p_ZL16post_eligibility_1 | {}
	Port: p_ZL13weight_memory_0 | {5 }
	Port: p_ZL13weight_memory_1 | {5 }
 - Input state : 
	Port: apply_rstdp_reward_Pipeline_RSTDP_INNER : i | {1 }
	Port: apply_rstdp_reward_Pipeline_RSTDP_INNER : sext_ln486 | {1 }
	Port: apply_rstdp_reward_Pipeline_RSTDP_INNER : shift_sel | {1 }
	Port: apply_rstdp_reward_Pipeline_RSTDP_INNER : empty | {1 }
	Port: apply_rstdp_reward_Pipeline_RSTDP_INNER : p_ZL16post_eligibility_0 | {1 2 }
	Port: apply_rstdp_reward_Pipeline_RSTDP_INNER : p_ZL16post_eligibility_1 | {1 2 }
	Port: apply_rstdp_reward_Pipeline_RSTDP_INNER : p_ZL13weight_memory_0 | {3 4 }
	Port: apply_rstdp_reward_Pipeline_RSTDP_INNER : p_ZL13weight_memory_1 | {3 4 }
  - Chain level:
	State 1
		store_ln479 : 1
		j_3 : 1
		icmp_ln479 : 2
		add_ln479 : 2
		br_ln479 : 3
		trunc_ln479 : 2
		lshr_ln : 2
		zext_ln479 : 3
		p_ZL16post_eligibility_0_addr : 4
		p_ZL16post_eligibility_1_addr : 4
		p_ZL16post_eligibility_0_load : 5
		p_ZL16post_eligibility_1_load : 5
		store_ln479 : 3
	State 2
		post_elig : 1
		icmp_ln483 : 2
		br_ln483 : 3
	State 3
		zext_ln501 : 1
		p_ZL13weight_memory_0_addr : 2
		p_ZL13weight_memory_1_addr : 2
		mul_ln486 : 1
		scaled : 2
		sext_ln489 : 3
		scaled_1 : 2
		scaled_2 : 2
		sext_ln489_1 : 3
		scaled_3 : 2
		sext_ln489_2 : 3
		sel_tmp3 : 1
		scaled_4 : 4
		p_ZL13weight_memory_0_load : 3
		p_ZL13weight_memory_1_load : 3
	State 4
		delta : 1
		delta_1 : 2
		sext_ln498 : 3
		current_w : 1
		sext_ln502 : 2
		add_ln502 : 3
		w : 4
		tmp_64 : 5
	State 5
		select_ln335_3 : 1
		or_ln335 : 1
		select_ln335 : 1
		store_ln502 : 2
		store_ln502 : 2


============================================================
+ Verbose Summary: Datapath Resource usage 
============================================================

* Functional unit list:
|----------|-----------------------------|---------|---------|---------|
| Operation|       Functional Unit       |   DSP   |    FF   |   LUT   |
|----------|-----------------------------|---------|---------|---------|
|          |      icmp_ln479_fu_214      |    0    |    0    |    14   |
|          |      icmp_ln483_fu_258      |    0    |    0    |    15   |
|          |      icmp_ln490_fu_336      |    0    |    0    |    10   |
|   icmp   |     icmp_ln490_1_fu_341     |    0    |    0    |    10   |
|          |     icmp_ln490_2_fu_346     |    0    |    0    |    10   |
|          |      icmp_ln335_fu_438      |    0    |    0    |    10   |
|          |      icmp_ln336_fu_443      |    0    |    0    |    14   |
|----------|-----------------------------|---------|---------|---------|
|          |       add_ln479_fu_220      |    0    |    0    |    14   |
|    add   |       add_ln502_fu_416      |    0    |    0    |    15   |
|          |           w_fu_422          |    0    |    0    |    15   |
|----------|-----------------------------|---------|---------|---------|
|    mul   |       mul_ln486_fu_279      |    0    |    0    |    41   |
|----------|-----------------------------|---------|---------|---------|
|          |       post_elig_fu_251      |    0    |    0    |    8    |
|          |        delta_1_fu_394       |    0    |    0    |    8    |
|  select  |       current_w_fu_405      |    0    |    0    |    8    |
|          |    select_ln335_3_fu_448    |    0    |    0    |    8    |
|          |     select_ln335_fu_462     |    0    |    0    |    8    |
|----------|-----------------------------|---------|---------|---------|
| sparsemux|       scaled_4_fu_361       |    0    |    0    |    14   |
|----------|-----------------------------|---------|---------|---------|
|    sub   |         delta_fu_388        |    0    |    0    |    14   |
|----------|-----------------------------|---------|---------|---------|
|    or    |       or_ln335_fu_456       |    0    |    0    |    2    |
|----------|-----------------------------|---------|---------|---------|
|          |       tmp_read_fu_118       |    0    |    0    |    0    |
|   read   |  shift_sel_read_read_fu_124 |    0    |    0    |    0    |
|          | sext_ln486_read_read_fu_130 |    0    |    0    |    0    |
|          |      i_read_read_fu_136     |    0    |    0    |    0    |
|----------|-----------------------------|---------|---------|---------|
|          |    sext_ln486_cast_fu_202   |    0    |    0    |    0    |
|          |     sext_ln486_1_fu_276     |    0    |    0    |    0    |
|          |      sext_ln489_fu_294      |    0    |    0    |    0    |
|   sext   |     sext_ln489_1_fu_318     |    0    |    0    |    0    |
|          |     sext_ln489_2_fu_332     |    0    |    0    |    0    |
|          |     sext_ln489_3_fu_385     |    0    |    0    |    0    |
|          |      sext_ln498_fu_401      |    0    |    0    |    0    |
|          |      sext_ln502_fu_412      |    0    |    0    |    0    |
|----------|-----------------------------|---------|---------|---------|
|   trunc  |      trunc_ln479_fu_226     |    0    |    0    |    0    |
|----------|-----------------------------|---------|---------|---------|
|          |        lshr_ln_fu_230       |    0    |    0    |    0    |
|          |        scaled_fu_284        |    0    |    0    |    0    |
|partselect|       scaled_1_fu_298       |    0    |    0    |    0    |
|          |       scaled_2_fu_308       |    0    |    0    |    0    |
|          |       scaled_3_fu_322       |    0    |    0    |    0    |
|          |        tmp_64_fu_428        |    0    |    0    |    0    |
|----------|-----------------------------|---------|---------|---------|
|   zext   |      zext_ln479_fu_240      |    0    |    0    |    0    |
|          |      zext_ln501_fu_270      |    0    |    0    |    0    |
|----------|-----------------------------|---------|---------|---------|
|bitconcatenate|         tmp_s_fu_264        |    0    |    0    |    0    |
|          |       sel_tmp3_fu_351       |    0    |    0    |    0    |
|----------|-----------------------------|---------|---------|---------|
|   Total  |                             |    0    |    0    |   238   |
|----------|-----------------------------|---------|---------|---------|

Memories:
N/A

* Register list:
+-------------------------------------+--------+
|                                     |   FF   |
+-------------------------------------+--------+
|          add_ln502_reg_551          |    8   |
|            i_read_reg_490           |    8   |
|          icmp_ln479_reg_500         |    1   |
|          icmp_ln483_reg_530         |    1   |
|              j_reg_471              |    9   |
|           lshr_ln_reg_510           |    7   |
|  p_ZL13weight_memory_0_addr_reg_534 |   15   |
|  p_ZL13weight_memory_1_addr_reg_540 |   15   |
|p_ZL16post_eligibility_0_addr_reg_515|    7   |
|p_ZL16post_eligibility_1_addr_reg_520|    7   |
|          post_elig_reg_525          |    8   |
|           scaled_4_reg_546          |    7   |
|       sext_ln486_cast_reg_495       |   16   |
|        shift_sel_read_reg_483       |    2   |
|            tmp_64_reg_561           |    2   |
|             tmp_reg_478             |    1   |
|         trunc_ln479_reg_504         |    1   |
|              w_reg_556              |    9   |
+-------------------------------------+--------+
|                Total                |   124  |
+-------------------------------------+--------+

* Multiplexer (MUX) list: 
|-------------------|------|------|------|--------||---------||---------||---------|
|        Comp       |  Pin | Size |  BW  | S x BW ||  Delay  ||    FF   ||   LUT   |
|-------------------|------|------|------|--------||---------||---------||---------|
| grp_access_fu_156 |  p0  |   2  |   7  |   14   ||    0    ||    9    |
| grp_access_fu_162 |  p0  |   2  |   7  |   14   ||    0    ||    9    |
| grp_access_fu_182 |  p0  |   2  |  15  |   30   ||    0    ||    9    |
| grp_access_fu_188 |  p0  |   2  |  15  |   30   ||    0    ||    9    |
|-------------------|------|------|------|--------||---------||---------||---------|
|       Total       |      |      |      |   88   ||  6.352  ||    0    ||    36   |
|-------------------|------|------|------|--------||---------||---------||---------|



* Summary:
+-----------+--------+--------+--------+--------+
|           |   DSP  |  Delay |   FF   |   LUT  |
+-----------+--------+--------+--------+--------+
|  Function |    0   |    -   |    0   |   238  |
|   Memory  |    -   |    -   |    -   |    -   |
|Multiplexer|    -   |    6   |    0   |   36   |
|  Register |    -   |    -   |   124  |    -   |
+-----------+--------+--------+--------+--------+
|   Total   |    0   |    6   |   124  |   274  |
+-----------+--------+--------+--------+--------+
