

================================================================
== Vitis HLS Report for 'apply_rstdp_reward_Pipeline_RSTDP_INNER'
================================================================
* Date:           Tue Feb 10 18:59:25 2026

* Version:        2025.2 (Build 6295257 on Nov 14 2025)
* Project:        hls_csim_output
* Solution:       hls (Vivado IP Flow Target)
* Product family: zynq
* Target device:  xc7z020-clg400-1


================================================================
== Performance Estimates
================================================================
+ Timing: 
    * Summary: 
    +--------+----------+----------+------------+
    |  Clock |  Target  | Estimated| Uncertainty|
    +--------+----------+----------+------------+
    |ap_clk  |  10.00 ns|  6.417 ns|     2.70 ns|
    +--------+----------+----------+------------+

+ Latency: 
    * Summary: 
    +---------+---------+----------+----------+-----+-----+-------------------+
    |  Latency (cycles) |  Latency (absolute) |  Interval |      Pipeline     |
    |   min   |   max   |    min   |    max   | min | max |        Type       |
    +---------+---------+----------+----------+-----+-----+-------------------+
    |      261|      261|  2.610 us|  2.610 us|    0|    0|  loop pipeline stp|
    +---------+---------+----------+----------+-----+-----+-------------------+

    + Detail: 
        * Instance: 
        N/A

        * Loop: 
        +---------------+---------+---------+----------+-----------+-----------+------+----------+
        |               |  Latency (cycles) | Iteration|  Initiation Interval  | Trip |          |
        |   Loop Name   |   min   |   max   |  Latency |  achieved |   target  | Count| Pipelined|
        +---------------+---------+---------+----------+-----------+-----------+------+----------+
        |- RSTDP_INNER  |      259|      259|         5|          1|          1|   256|       yes|
        +---------------+---------+---------+----------+-----------+-----------+------+----------+

============================================================
+ Verbose Summary: Synthesis Manager
============================================================
InlineROM: 1
ExposeGlobal: 0
============================================================
+ Verbose Summary: CDFG Model
============================================================
IsTopModel: 0
ResetActiveHigh: 1
IsCombinational: 0
IsDatapathOnly: 0
HasWiredReturn: 1
HasMFsm: 2
HasVarLatency: 1
IsPipeline: 0
IsRtlPipelined: 0
IsInstanceOverlapped: 0
IsDontTouch: 0
HasImplIP: 0
IsGatedGlobalClock: 0

+ Individual pipeline summary: 
  * Pipeline-0: initiation interval (II) = 1, depth = 5


============================================================
+ Verbose Summary: Schedule
============================================================
* Number of FSM states : 5
* Pipeline : 1
  Pipeline-0 : II = 1, D = 5, States = { 1 2 3 4 5 }
* Dataflow Pipeline: 0

* FSM state transitions: 
1 --> 2 
2 --> 3 
3 --> 4 
4 --> 5 
5 --> 

* FSM state operations: 

State 1 <SV = 0> <Delay = 4.99>
ST_1 : Operation 8 [1/1] (0.00ns)   --->   "%j = alloca i32 1" [src/snn_top_hls.cpp:479]   --->   Operation 8 'alloca' 'j' <Predicate = true> <Delay = 0.00>
ST_1 : Operation 9 [1/1] (0.00ns)   --->   "%tmp = read i1 @_ssdm_op_Read.ap_auto.i1, i1 %empty"   --->   Operation 9 'read' 'tmp' <Predicate = true> <Delay = 0.00>
ST_1 : Operation 10 [1/1] (0.00ns)   --->   "%shift_sel_read = read i2 @_ssdm_op_Read.ap_auto.i2, i2 %shift_sel"   --->   Operation 10 'read' 'shift_sel_read' <Predicate = true> <Delay = 0.00>
ST_1 : Operation 11 [1/1] (0.00ns)   --->   "%sext_ln486_read = read i8 @_ssdm_op_Read.ap_auto.i8, i8 %sext_ln486"   --->   Operation 11 'read' 'sext_ln486_read' <Predicate = true> <Delay = 0.00>
ST_1 : Operation 12 [1/1] (0.00ns)   --->   "%i_read = read i8 @_ssdm_op_Read.ap_auto.i8, i8 %i"   --->   Operation 12 'read' 'i_read' <Predicate = true> <Delay = 0.00>
ST_1 : Operation 13 [1/1] (0.00ns)   --->   "%sext_ln486_cast = sext i8 %sext_ln486_read"   --->   Operation 13 'sext' 'sext_ln486_cast' <Predicate = true> <Delay = 0.00>
ST_1 : Operation 14 [1/1] (0.00ns)   --->   "%specmemcore_ln0 = specmemcore void @_ssdm_op_SpecMemCore, i8 %p_ZL16post_eligibility_0, i64 666, i64 22, i64 18446744073709551615, i1 0"   --->   Operation 14 'specmemcore' 'specmemcore_ln0' <Predicate = true> <Delay = 0.00>
ST_1 : Operation 15 [1/1] (0.00ns)   --->   "%specmemcore_ln0 = specmemcore void @_ssdm_op_SpecMemCore, i8 %p_ZL16post_eligibility_1, i64 666, i64 22, i64 18446744073709551615, i1 0"   --->   Operation 15 'specmemcore' 'specmemcore_ln0' <Predicate = true> <Delay = 0.00>
ST_1 : Operation 16 [1/1] (0.00ns)   --->   "%specmemcore_ln0 = specmemcore void @_ssdm_op_SpecMemCore, i8 %p_ZL13weight_memory_0, i64 666, i64 22, i64 18446744073709551615, i1 0"   --->   Operation 16 'specmemcore' 'specmemcore_ln0' <Predicate = true> <Delay = 0.00>
ST_1 : Operation 17 [1/1] (0.00ns)   --->   "%specmemcore_ln0 = specmemcore void @_ssdm_op_SpecMemCore, i8 %p_ZL13weight_memory_1, i64 666, i64 22, i64 18446744073709551615, i1 0"   --->   Operation 17 'specmemcore' 'specmemcore_ln0' <Predicate = true> <Delay = 0.00>
ST_1 : Operation 18 [1/1] (1.58ns)   --->   "%store_ln479 = store i9 0, i9 %j" [src/snn_top_hls.cpp:479]   --->   Operation 18 'store' 'store_ln479' <Predicate = true> <Delay = 1.58>
ST_1 : Operation 19 [1/1] (0.00ns)   --->   "%br_ln0 = br void %for.body23"   --->   Operation 19 'br' 'br_ln0' <Predicate = true> <Delay = 0.00>
ST_1 : Operation 20 [1/1] (0.00ns)   --->   "%j_3 = load i9 %j" [src/snn_top_hls.cpp:479]   --->   Operation 20 'load' 'j_3' <Predicate = true> <Delay = 0.00>
ST_1 : Operation 21 [1/1] (1.82ns)   --->   "%icmp_ln479 = icmp_eq  i9 %j_3, i9 256" [src/snn_top_hls.cpp:479]   --->   Operation 21 'icmp' 'icmp_ln479' <Predicate = true> <Delay = 1.82> <CoreInst = "Cmp">   --->   Core 9 'Cmp' <Latency = 0> <II = 1> <Delay = 1.82> <FuncUnit> <Opcode : 'seteq' 'setne' 'setle' 'setge' 'setlt' 'setgt'> <InPorts = 2> <OutPorts = 1>
ST_1 : Operation 22 [1/1] (0.00ns)   --->   "%speclooptripcount_ln0 = speclooptripcount void @_ssdm_op_SpecLoopTripCount, i64 256, i64 256, i64 256"   --->   Operation 22 'speclooptripcount' 'speclooptripcount_ln0' <Predicate = true> <Delay = 0.00>
ST_1 : Operation 23 [1/1] (1.82ns)   --->   "%add_ln479 = add i9 %j_3, i9 1" [src/snn_top_hls.cpp:479]   --->   Operation 23 'add' 'add_ln479' <Predicate = true> <Delay = 1.82> <CoreInst = "Adder">   --->   Core 1 'Adder' <Latency = 0> <II = 1> <Delay = 1.82> <FuncUnit> <Opcode : 'add' 'sub'> <InPorts = 2> <OutPorts = 1>
ST_1 : Operation 24 [1/1] (0.00ns)   --->   "%br_ln479 = br i1 %icmp_ln479, void %for.body23.split, void %for.inc59.loopexit.exitStub" [src/snn_top_hls.cpp:479]   --->   Operation 24 'br' 'br_ln479' <Predicate = true> <Delay = 0.00>
ST_1 : Operation 25 [1/1] (0.00ns)   --->   "%trunc_ln479 = trunc i9 %j_3" [src/snn_top_hls.cpp:479]   --->   Operation 25 'trunc' 'trunc_ln479' <Predicate = (!icmp_ln479)> <Delay = 0.00>
ST_1 : Operation 26 [1/1] (0.00ns)   --->   "%lshr_ln = partselect i7 @_ssdm_op_PartSelect.i7.i9.i32.i32, i9 %j_3, i32 1, i32 7" [src/snn_top_hls.cpp:479]   --->   Operation 26 'partselect' 'lshr_ln' <Predicate = (!icmp_ln479)> <Delay = 0.00>
ST_1 : Operation 27 [1/1] (0.00ns)   --->   "%zext_ln479 = zext i7 %lshr_ln" [src/snn_top_hls.cpp:479]   --->   Operation 27 'zext' 'zext_ln479' <Predicate = (!icmp_ln479)> <Delay = 0.00>
ST_1 : Operation 28 [1/1] (0.00ns)   --->   "%p_ZL16post_eligibility_0_addr = getelementptr i8 %p_ZL16post_eligibility_0, i64 0, i64 %zext_ln479" [src/snn_top_hls.cpp:482]   --->   Operation 28 'getelementptr' 'p_ZL16post_eligibility_0_addr' <Predicate = (!icmp_ln479)> <Delay = 0.00>
ST_1 : Operation 29 [1/1] (0.00ns)   --->   "%p_ZL16post_eligibility_1_addr = getelementptr i8 %p_ZL16post_eligibility_1, i64 0, i64 %zext_ln479" [src/snn_top_hls.cpp:482]   --->   Operation 29 'getelementptr' 'p_ZL16post_eligibility_1_addr' <Predicate = (!icmp_ln479)> <Delay = 0.00>
ST_1 : Operation 30 [2/2] (3.25ns)   --->   "%p_ZL16post_eligibility_0_load = load i7 %p_ZL16post_eligibility_0_addr" [src/snn_top_hls.cpp:482]   --->   Operation 30 'load' 'p_ZL16post_eligibility_0_load' <Predicate = (!icmp_ln479)> <Delay = 3.25> <CoreInst = "RAM_2P_BRAM">   --->   Core 90 'RAM_2P_BRAM' <Latency = 1> <II = 1> <Delay = 3.25> <Storage> <Opcode : 'load' 'store'> <Ports = 2> <Width = 8> <Depth = 128> <RAM>
ST_1 : Operation 31 [2/2] (3.25ns)   --->   "%p_ZL16post_eligibility_1_load = load i7 %p_ZL16post_eligibility_1_addr" [src/snn_top_hls.cpp:482]   --->   Operation 31 'load' 'p_ZL16post_eligibility_1_load' <Predicate = (!icmp_ln479)> <Delay = 3.25> <CoreInst = "RAM_2P_BRAM">   --->   Core 90 'RAM_2P_BRAM' <Latency = 1> <II = 1> <Delay = 3.25> <Storage> <Opcode : 'load' 'store'> <Ports = 2> <Width = 8> <Depth = 128> <RAM>
ST_1 : Operation 32 [1/1] (1.58ns)   --->   "%store_ln479 = store i9 %add_ln479, i9 %j" [src/snn_top_hls.cpp:479]   --->   Operation 32 'store' 'store_ln479' <Predicate = (!icmp_ln479)> <Delay = 1.58>
ST_1 : Operation 33 [1/1] (0.00ns)   --->   "%br_ln479 = br void %for.body23" [src/snn_top_hls.cpp:479]   --->   Operation 33 'br' 'br_ln479' <Predicate = (!icmp_ln479)> <Delay = 0.00>

State 2 <SV = 1> <Delay = 6.41>
ST_2 : Operation 34 [1/2] ( I:3.25ns O:3.25ns )   --->   "%p_ZL16post_eligibility_0_load = load i7 %p_ZL16post_eligibility_0_addr" [src/snn_top_hls.cpp:482]   --->   Operation 34 'load' 'p_ZL16post_eligibility_0_load' <Predicate = true> <Delay = 3.25> <CoreInst = "RAM_2P_BRAM">   --->   Core 90 'RAM_2P_BRAM' <Latency = 1> <II = 1> <Delay = 3.25> <Storage> <Opcode : 'load' 'store'> <Ports = 2> <Width = 8> <Depth = 128> <RAM>
ST_2 : Operation 35 [1/2] ( I:3.25ns O:3.25ns )   --->   "%p_ZL16post_eligibility_1_load = load i7 %p_ZL16post_eligibility_1_addr" [src/snn_top_hls.cpp:482]   --->   Operation 35 'load' 'p_ZL16post_eligibility_1_load' <Predicate = true> <Delay = 3.25> <CoreInst = "RAM_2P_BRAM">   --->   Core 90 'RAM_2P_BRAM' <Latency = 1> <II = 1> <Delay = 3.25> <Storage> <Opcode : 'load' 'store'> <Ports = 2> <Width = 8> <Depth = 128> <RAM>
ST_2 : Operation 36 [1/1] (1.24ns)   --->   "%post_elig = select i1 %trunc_ln479, i8 %p_ZL16post_eligibility_1_load, i8 %p_ZL16post_eligibility_0_load" [src/snn_top_hls.cpp:482]   --->   Operation 36 'select' 'post_elig' <Predicate = true> <Delay = 1.24> <CoreInst = "Sel">   --->   Core 73 'Sel' <Latency = 0> <II = 1> <Delay = 1.24> <FuncUnit> <Opcode : 'select'> <InPorts = 3> <OutPorts = 1>
ST_2 : Operation 37 [1/1] (1.91ns)   --->   "%icmp_ln483 = icmp_eq  i8 %post_elig, i8 0" [src/snn_top_hls.cpp:483]   --->   Operation 37 'icmp' 'icmp_ln483' <Predicate = true> <Delay = 1.91> <CoreInst = "Cmp">   --->   Core 9 'Cmp' <Latency = 0> <II = 1> <Delay = 1.91> <FuncUnit> <Opcode : 'seteq' 'setne' 'setle' 'setge' 'setlt' 'setgt'> <InPorts = 2> <OutPorts = 1>
ST_2 : Operation 38 [1/1] (0.00ns)   --->   "%br_ln483 = br i1 %icmp_ln483, void %if.end28_ifconv, void %for.inc" [src/snn_top_hls.cpp:483]   --->   Operation 38 'br' 'br_ln483' <Predicate = true> <Delay = 0.00>
ST_2 : Operation 39 [1/1] (0.00ns)   --->   "%br_ln503 = br void %for.inc" [src/snn_top_hls.cpp:503]   --->   Operation 39 'br' 'br_ln503' <Predicate = (!icmp_ln483)> <Delay = 0.00>

State 3 <SV = 2> <Delay = 5.87>
ST_3 : Operation 40 [1/1] (0.00ns)   --->   "%specpipeline_ln480 = specpipeline void @_ssdm_op_SpecPipeline, i32 1, i32 0, i32 0, i32 0, i32 4294967295, void @empty_3" [src/snn_top_hls.cpp:480]   --->   Operation 40 'specpipeline' 'specpipeline_ln480' <Predicate = true> <Delay = 0.00>
ST_3 : Operation 41 [1/1] (0.00ns)   --->   "%specloopname_ln479 = specloopname void @_ssdm_op_SpecLoopName, void @empty_34" [src/snn_top_hls.cpp:479]   --->   Operation 41 'specloopname' 'specloopname_ln479' <Predicate = true> <Delay = 0.00>
ST_3 : Operation 42 [1/1] (0.00ns)   --->   "%tmp_s = bitconcatenate i15 @_ssdm_op_BitConcatenate.i15.i8.i7, i8 %i_read, i7 %lshr_ln" [src/snn_top_hls.cpp:501]   --->   Operation 42 'bitconcatenate' 'tmp_s' <Predicate = true> <Delay = 0.00>
ST_3 : Operation 43 [1/1] (0.00ns)   --->   "%zext_ln501 = zext i15 %tmp_s" [src/snn_top_hls.cpp:501]   --->   Operation 43 'zext' 'zext_ln501' <Predicate = true> <Delay = 0.00>
ST_3 : Operation 44 [1/1] (0.00ns)   --->   "%p_ZL13weight_memory_0_addr = getelementptr i8 %p_ZL13weight_memory_0, i64 0, i64 %zext_ln501" [src/snn_top_hls.cpp:501]   --->   Operation 44 'getelementptr' 'p_ZL13weight_memory_0_addr' <Predicate = true> <Delay = 0.00>
ST_3 : Operation 45 [1/1] (0.00ns)   --->   "%p_ZL13weight_memory_1_addr = getelementptr i8 %p_ZL13weight_memory_1, i64 0, i64 %zext_ln501" [src/snn_top_hls.cpp:501]   --->   Operation 45 'getelementptr' 'p_ZL13weight_memory_1_addr' <Predicate = true> <Delay = 0.00>
ST_3 : Operation 46 [1/1] (0.00ns)   --->   "%sext_ln486_1 = sext i8 %post_elig" [src/snn_top_hls.cpp:486]   --->   Operation 46 'sext' 'sext_ln486_1' <Predicate = (!icmp_ln483)> <Delay = 0.00>
ST_3 : Operation 47 [1/1] (4.17ns)   --->   "%mul_ln486 = mul i16 %sext_ln486_1, i16 %sext_ln486_cast" [src/snn_top_hls.cpp:486]   --->   Operation 47 'mul' 'mul_ln486' <Predicate = (!icmp_ln483)> <Delay = 4.17> <CoreInst = "Multiplier">   --->   Core 3 'Multiplier' <Latency = 0> <II = 1> <Delay = 4.17> <FuncUnit> <Opcode : 'mul'> <InPorts = 2> <OutPorts = 1>
ST_3 : Operation 48 [1/1] (0.00ns)   --->   "%scaled = partselect i4 @_ssdm_op_PartSelect.i4.i16.i32.i32, i16 %mul_ln486, i32 12, i32 15" [src/snn_top_hls.cpp:494]   --->   Operation 48 'partselect' 'scaled' <Predicate = (!icmp_ln483)> <Delay = 0.00>
ST_3 : Operation 49 [1/1] (0.00ns)   --->   "%sext_ln489 = sext i4 %scaled" [src/snn_top_hls.cpp:489]   --->   Operation 49 'sext' 'sext_ln489' <Predicate = (!icmp_ln483)> <Delay = 0.00>
ST_3 : Operation 50 [1/1] (0.00ns)   --->   "%scaled_1 = partselect i7 @_ssdm_op_PartSelect.i7.i16.i32.i32, i16 %mul_ln486, i32 9, i32 15" [src/snn_top_hls.cpp:491]   --->   Operation 50 'partselect' 'scaled_1' <Predicate = (!icmp_ln483)> <Delay = 0.00>
ST_3 : Operation 51 [1/1] (0.00ns)   --->   "%scaled_2 = partselect i6 @_ssdm_op_PartSelect.i6.i16.i32.i32, i16 %mul_ln486, i32 10, i32 15" [src/snn_top_hls.cpp:492]   --->   Operation 51 'partselect' 'scaled_2' <Predicate = (!icmp_ln483)> <Delay = 0.00>
ST_3 : Operation 52 [1/1] (0.00ns)   --->   "%sext_ln489_1 = sext i6 %scaled_2" [src/snn_top_hls.cpp:489]   --->   Operation 52 'sext' 'sext_ln489_1' <Predicate = (!icmp_ln483)> <Delay = 0.00>
ST_3 : Operation 53 [1/1] (0.00ns)   --->   "%scaled_3 = partselect i5 @_ssdm_op_PartSelect.i5.i16.i32.i32, i16 %mul_ln486, i32 11, i32 15" [src/snn_top_hls.cpp:493]   --->   Operation 53 'partselect' 'scaled_3' <Predicate = (!icmp_ln483)> <Delay = 0.00>
ST_3 : Operation 54 [1/1] (0.00ns)   --->   "%sext_ln489_2 = sext i5 %scaled_3" [src/snn_top_hls.cpp:489]   --->   Operation 54 'sext' 'sext_ln489_2' <Predicate = (!icmp_ln483)> <Delay = 0.00>
ST_3 : Operation 55 [1/1] (1.56ns)   --->   "%icmp_ln490 = icmp_eq  i2 %shift_sel_read, i2 2" [src/snn_top_hls.cpp:490]   --->   Operation 55 'icmp' 'icmp_ln490' <Predicate = (!icmp_ln483)> <Delay = 1.56> <CoreInst = "Cmp">   --->   Core 9 'Cmp' <Latency = 0> <II = 1> <Delay = 1.56> <FuncUnit> <Opcode : 'seteq' 'setne' 'setle' 'setge' 'setlt' 'setgt'> <InPorts = 2> <OutPorts = 1>
ST_3 : Operation 56 [1/1] (1.56ns)   --->   "%icmp_ln490_1 = icmp_eq  i2 %shift_sel_read, i2 1" [src/snn_top_hls.cpp:490]   --->   Operation 56 'icmp' 'icmp_ln490_1' <Predicate = (!icmp_ln483)> <Delay = 1.56> <CoreInst = "Cmp">   --->   Core 9 'Cmp' <Latency = 0> <II = 1> <Delay = 1.56> <FuncUnit> <Opcode : 'seteq' 'setne' 'setle' 'setge' 'setlt' 'setgt'> <InPorts = 2> <OutPorts = 1>
ST_3 : Operation 57 [1/1] (1.56ns)   --->   "%icmp_ln490_2 = icmp_eq  i2 %shift_sel_read, i2 0" [src/snn_top_hls.cpp:490]   --->   Operation 57 'icmp' 'icmp_ln490_2' <Predicate = (!icmp_ln483)> <Delay = 1.56> <CoreInst = "Cmp">   --->   Core 9 'Cmp' <Latency = 0> <II = 1> <Delay = 1.56> <FuncUnit> <Opcode : 'seteq' 'setne' 'setle' 'setge' 'setlt' 'setgt'> <InPorts = 2> <OutPorts = 1>
ST_3 : Operation 58 [1/1] (0.00ns)   --->   "%sel_tmp3 = bitconcatenate i3 @_ssdm_op_BitConcatenate.i3.i1.i1.i1, i1 %icmp_ln490, i1 %icmp_ln490_1, i1 %icmp_ln490_2" [src/snn_top_hls.cpp:490]   --->   Operation 58 'bitconcatenate' 'sel_tmp3' <Predicate = (!icmp_ln483)> <Delay = 0.00>
ST_3 : Operation 59 [1/1] (1.70ns)   --->   "%scaled_4 = sparsemux i7 @_ssdm_op_SparseMux.ap_auto.4i7.i7.i3, i3 4, i7 %sext_ln489_2, i3 2, i7 %sext_ln489_1, i3 1, i7 %scaled_1, i3 0, i7 %sext_ln489, i7 0, i3 %sel_tmp3" [src/snn_top_hls.cpp:489]   --->   Operation 59 'sparsemux' 'scaled_4' <Predicate = (!icmp_ln483)> <Delay = 1.70> <CoreInst = "OneHotSparseMux_HasDef">   --->   Core 140 'OneHotSparseMux_HasDef' <Latency = 0> <II = 1> <Delay = 1.70> <FuncUnit> <Opcode : 'sparsemux'> <InPorts = 2> <OutPorts = 1>
ST_3 : Operation 60 [2/2] (3.25ns)   --->   "%p_ZL13weight_memory_0_load = load i15 %p_ZL13weight_memory_0_addr" [src/snn_top_hls.cpp:501]   --->   Operation 60 'load' 'p_ZL13weight_memory_0_load' <Predicate = (!icmp_ln483 & !trunc_ln479)> <Delay = 3.25> <CoreInst = "RAM_2P_BRAM">   --->   Core 90 'RAM_2P_BRAM' <Latency = 1> <II = 1> <Delay = 3.25> <Storage> <Opcode : 'load' 'store'> <Ports = 2> <Width = 8> <Depth = 32768> <RAM>
ST_3 : Operation 61 [2/2] (3.25ns)   --->   "%p_ZL13weight_memory_1_load = load i15 %p_ZL13weight_memory_1_addr" [src/snn_top_hls.cpp:501]   --->   Operation 61 'load' 'p_ZL13weight_memory_1_load' <Predicate = (!icmp_ln483 & trunc_ln479)> <Delay = 3.25> <CoreInst = "RAM_2P_BRAM">   --->   Core 90 'RAM_2P_BRAM' <Latency = 1> <II = 1> <Delay = 3.25> <Storage> <Opcode : 'load' 'store'> <Ports = 2> <Width = 8> <Depth = 32768> <RAM>
ST_3 : Operation 62 [1/1] (0.00ns)   --->   "%br_ln502 = br i1 %trunc_ln479, void %arrayidx471.case.0, void %arrayidx471.case.1" [src/snn_top_hls.cpp:502]   --->   Operation 62 'br' 'br_ln502' <Predicate = (!icmp_ln483)> <Delay = 0.00>

State 4 <SV = 3> <Delay = 6.41>
ST_4 : Operation 63 [1/1] (0.00ns)   --->   "%sext_ln489_3 = sext i7 %scaled_4" [src/snn_top_hls.cpp:489]   --->   Operation 63 'sext' 'sext_ln489_3' <Predicate = (!icmp_ln483)> <Delay = 0.00>
ST_4 : Operation 64 [1/1] (1.87ns)   --->   "%delta = sub i8 0, i8 %sext_ln489_3" [src/snn_top_hls.cpp:498]   --->   Operation 64 'sub' 'delta' <Predicate = (!icmp_ln483 & tmp)> <Delay = 1.87> <CoreInst = "Adder">   --->   Core 1 'Adder' <Latency = 0> <II = 1> <Delay = 1.87> <FuncUnit> <Opcode : 'add' 'sub'> <InPorts = 2> <OutPorts = 1>
ST_4 : Operation 65 [1/1] (1.24ns)   --->   "%delta_1 = select i1 %tmp, i8 %delta, i8 %sext_ln489_3" [src/snn_top_hls.cpp:498]   --->   Operation 65 'select' 'delta_1' <Predicate = (!icmp_ln483)> <Delay = 1.24> <CoreInst = "Sel">   --->   Core 73 'Sel' <Latency = 0> <II = 1> <Delay = 1.24> <FuncUnit> <Opcode : 'select'> <InPorts = 3> <OutPorts = 1>
ST_4 : Operation 66 [1/1] (0.00ns)   --->   "%sext_ln498 = sext i8 %delta_1" [src/snn_top_hls.cpp:498]   --->   Operation 66 'sext' 'sext_ln498' <Predicate = (!icmp_ln483)> <Delay = 0.00>
ST_4 : Operation 67 [1/2] ( I:3.25ns O:3.25ns )   --->   "%p_ZL13weight_memory_0_load = load i15 %p_ZL13weight_memory_0_addr" [src/snn_top_hls.cpp:501]   --->   Operation 67 'load' 'p_ZL13weight_memory_0_load' <Predicate = (!icmp_ln483 & !trunc_ln479)> <Delay = 3.25> <CoreInst = "RAM_2P_BRAM">   --->   Core 90 'RAM_2P_BRAM' <Latency = 1> <II = 1> <Delay = 3.25> <Storage> <Opcode : 'load' 'store'> <Ports = 2> <Width = 8> <Depth = 32768> <RAM>
ST_4 : Operation 68 [1/2] ( I:3.25ns O:3.25ns )   --->   "%p_ZL13weight_memory_1_load = load i15 %p_ZL13weight_memory_1_addr" [src/snn_top_hls.cpp:501]   --->   Operation 68 'load' 'p_ZL13weight_memory_1_load' <Predicate = (!icmp_ln483 & trunc_ln479)> <Delay = 3.25> <CoreInst = "RAM_2P_BRAM">   --->   Core 90 'RAM_2P_BRAM' <Latency = 1> <II = 1> <Delay = 3.25> <Storage> <Opcode : 'load' 'store'> <Ports = 2> <Width = 8> <Depth = 32768> <RAM>
ST_4 : Operation 69 [1/1] (1.24ns)   --->   "%current_w = select i1 %trunc_ln479, i8 %p_ZL13weight_memory_1_load, i8 %p_ZL13weight_memory_0_load" [src/snn_top_hls.cpp:501]   --->   Operation 69 'select' 'current_w' <Predicate = (!icmp_ln483)> <Delay = 1.24> <CoreInst = "Sel">   --->   Core 73 'Sel' <Latency = 0> <II = 1> <Delay = 1.24> <FuncUnit> <Opcode : 'select'> <InPorts = 3> <OutPorts = 1>
ST_4 : Operation 70 [1/1] (0.00ns)   --->   "%sext_ln502 = sext i8 %current_w" [src/snn_top_hls.cpp:502]   --->   Operation 70 'sext' 'sext_ln502' <Predicate = (!icmp_ln483)> <Delay = 0.00>
ST_4 : Operation 71 [1/1] (1.91ns)   --->   "%add_ln502 = add i8 %delta_1, i8 %current_w" [src/snn_top_hls.cpp:502]   --->   Operation 71 'add' 'add_ln502' <Predicate = (!icmp_ln483)> <Delay = 1.91> <CoreInst = "Adder">   --->   Core 1 'Adder' <Latency = 0> <II = 1> <Delay = 1.91> <FuncUnit> <Opcode : 'add' 'sub'> <InPorts = 2> <OutPorts = 1>
ST_4 : Operation 72 [1/1] (1.91ns)   --->   "%w = add i9 %sext_ln498, i9 %sext_ln502" [src/snn_top_hls.cpp:502]   --->   Operation 72 'add' 'w' <Predicate = (!icmp_ln483)> <Delay = 1.91> <CoreInst = "Adder">   --->   Core 1 'Adder' <Latency = 0> <II = 1> <Delay = 1.91> <FuncUnit> <Opcode : 'add' 'sub'> <InPorts = 2> <OutPorts = 1>
ST_4 : Operation 73 [1/1] (0.00ns)   --->   "%tmp_64 = partselect i2 @_ssdm_op_PartSelect.i2.i9.i32.i32, i9 %w, i32 7, i32 8" [src/snn_top_hls.cpp:335->src/snn_top_hls.cpp:502]   --->   Operation 73 'partselect' 'tmp_64' <Predicate = (!icmp_ln483)> <Delay = 0.00>
ST_4 : Operation 83 [1/1] (1.58ns)   --->   "%ret_ln0 = ret"   --->   Operation 83 'ret' 'ret_ln0' <Predicate = (icmp_ln479)> <Delay = 1.58>

State 5 <SV = 4> <Delay = 6.32>
ST_5 : Operation 74 [1/1] (1.56ns)   --->   "%icmp_ln335 = icmp_eq  i2 %tmp_64, i2 1" [src/snn_top_hls.cpp:335->src/snn_top_hls.cpp:502]   --->   Operation 74 'icmp' 'icmp_ln335' <Predicate = (!icmp_ln483)> <Delay = 1.56> <CoreInst = "Cmp">   --->   Core 9 'Cmp' <Latency = 0> <II = 1> <Delay = 1.56> <FuncUnit> <Opcode : 'seteq' 'setne' 'setle' 'setge' 'setlt' 'setgt'> <InPorts = 2> <OutPorts = 1>
ST_5 : Operation 75 [1/1] (1.82ns)   --->   "%icmp_ln336 = icmp_slt  i9 %w, i9 384" [src/snn_top_hls.cpp:336->src/snn_top_hls.cpp:502]   --->   Operation 75 'icmp' 'icmp_ln336' <Predicate = (!icmp_ln483)> <Delay = 1.82> <CoreInst = "Cmp">   --->   Core 9 'Cmp' <Latency = 0> <II = 1> <Delay = 1.82> <FuncUnit> <Opcode : 'seteq' 'setne' 'setle' 'setge' 'setlt' 'setgt'> <InPorts = 2> <OutPorts = 1>
ST_5 : Operation 76 [1/1] (0.00ns) (grouped into LUT with out node select_ln335)   --->   "%select_ln335_3 = select i1 %icmp_ln335, i8 127, i8 128" [src/snn_top_hls.cpp:335->src/snn_top_hls.cpp:502]   --->   Operation 76 'select' 'select_ln335_3' <Predicate = (!icmp_ln483)> <Delay = 0.00> <CoreInst = "Sel">   --->   Core 73 'Sel' <Latency = 0> <II = 1> <Delay = 1.24> <FuncUnit> <Opcode : 'select'> <InPorts = 3> <OutPorts = 1>
ST_5 : Operation 77 [1/1] (0.00ns) (grouped into LUT with out node select_ln335)   --->   "%or_ln335 = or i1 %icmp_ln335, i1 %icmp_ln336" [src/snn_top_hls.cpp:335->src/snn_top_hls.cpp:502]   --->   Operation 77 'or' 'or_ln335' <Predicate = (!icmp_ln483)> <Delay = 0.00> <CoreInst = "LogicGate">   --->   Core 74 'LogicGate' <Latency = 0> <II = 1> <Delay = 0.97> <FuncUnit> <Opcode : 'and' 'or' 'xor'> <InPorts = 2> <OutPorts = 1>
ST_5 : Operation 78 [1/1] (1.24ns) (out node of the LUT)   --->   "%select_ln335 = select i1 %or_ln335, i8 %select_ln335_3, i8 %add_ln502" [src/snn_top_hls.cpp:335->src/snn_top_hls.cpp:502]   --->   Operation 78 'select' 'select_ln335' <Predicate = (!icmp_ln483)> <Delay = 1.24> <CoreInst = "Sel">   --->   Core 73 'Sel' <Latency = 0> <II = 1> <Delay = 1.24> <FuncUnit> <Opcode : 'select'> <InPorts = 3> <OutPorts = 1>
ST_5 : Operation 79 [1/1] ( I:3.25ns O:3.25ns )   --->   "%store_ln502 = store i8 %select_ln335, i15 %p_ZL13weight_memory_0_addr" [src/snn_top_hls.cpp:502]   --->   Operation 79 'store' 'store_ln502' <Predicate = (!icmp_ln483 & !trunc_ln479)> <Delay = 3.25> <CoreInst = "RAM_2P_BRAM">   --->   Core 90 'RAM_2P_BRAM' <Latency = 1> <II = 1> <Delay = 3.25> <Storage> <Opcode : 'load' 'store'> <Ports = 2> <Width = 8> <Depth = 32768> <RAM>
ST_5 : Operation 80 [1/1] (0.00ns)   --->   "%br_ln502 = br void %arrayidx471.exit" [src/snn_top_hls.cpp:502]   --->   Operation 80 'br' 'br_ln502' <Predicate = (!icmp_ln483 & !trunc_ln479)> <Delay = 0.00>
ST_5 : Operation 81 [1/1] ( I:3.25ns O:3.25ns )   --->   "%store_ln502 = store i8 %select_ln335, i15 %p_ZL13weight_memory_1_addr" [src/snn_top_hls.cpp:502]   --->   Operation 81 'store' 'store_ln502' <Predicate = (!icmp_ln483 & trunc_ln479)> <Delay = 3.25> <CoreInst = "RAM_2P_BRAM">   --->   Core 90 'RAM_2P_BRAM' <Latency = 1> <II = 1> <Delay = 3.25> <Storage> <Opcode : 'load' 'store'> <Ports = 2> <Width = 8> <Depth = 32768> <RAM>
ST_5 : Operation 82 [1/1] (0.00ns)   --->   "%br_ln502 = br void %arrayidx471.exit" [src/snn_top_hls.cpp:502]   --->   Operation 82 'br' 'br_ln502' <Predicate = (!icmp_ln483 & trunc_ln479)> <Delay = 0.00>


============================================================
+ Verbose Summary: Timing violations
============================================================
Target clock period: 10.000ns, clock uncertainty: 2.700ns.

 <State 1>: 4.999ns
The critical path consists of the following:
	'store' operation ('store_ln479', src/snn_top_hls.cpp:479) of constant 0 9 bit on local variable 'j', src/snn_top_hls.cpp:479 [19]  (1.588 ns)
	'load' operation 9 bit ('j', src/snn_top_hls.cpp:479) on local variable 'j', src/snn_top_hls.cpp:479 [22]  (0.000 ns)
	'icmp' operation 1 bit ('icmp_ln479', src/snn_top_hls.cpp:479) [23]  (1.823 ns)
	'store' operation ('store_ln479', src/snn_top_hls.cpp:479) of variable 'add_ln479', src/snn_top_hls.cpp:479 9 bit on local variable 'j', src/snn_top_hls.cpp:479 [85]  (1.588 ns)

 <State 2>: 6.417ns
The critical path consists of the following:
	'load' operation 8 bit ('p_ZL16post_eligibility_0_load', src/snn_top_hls.cpp:482) on array 'p_ZL16post_eligibility_0' [39]  (3.254 ns)
	'select' operation 8 bit ('post_elig', src/snn_top_hls.cpp:482) [41]  (1.248 ns)
	'icmp' operation 1 bit ('icmp_ln483', src/snn_top_hls.cpp:483) [42]  (1.915 ns)

 <State 3>: 5.877ns
The critical path consists of the following:
	'mul' operation 16 bit ('mul_ln486', src/snn_top_hls.cpp:486) [46]  (4.170 ns)
	'sparsemux' operation 7 bit ('scaled', src/snn_top_hls.cpp:489) [58]  (1.707 ns)

 <State 4>: 6.417ns
The critical path consists of the following:
	'load' operation 8 bit ('p_ZL13weight_memory_0_load', src/snn_top_hls.cpp:501) on array 'p_ZL13weight_memory_0' [63]  (3.254 ns)
	'select' operation 8 bit ('current_w', src/snn_top_hls.cpp:501) [65]  (1.248 ns)
	'add' operation 8 bit ('add_ln502', src/snn_top_hls.cpp:502) [67]  (1.915 ns)

 <State 5>: 6.325ns
The critical path consists of the following:
	'icmp' operation 1 bit ('icmp_ln336', src/snn_top_hls.cpp:336->src/snn_top_hls.cpp:502) [71]  (1.823 ns)
	'or' operation 1 bit ('or_ln335', src/snn_top_hls.cpp:335->src/snn_top_hls.cpp:502) [73]  (0.000 ns)
	'select' operation 8 bit ('select_ln335', src/snn_top_hls.cpp:335->src/snn_top_hls.cpp:502) [74]  (1.248 ns)
	'store' operation ('store_ln502', src/snn_top_hls.cpp:502) of variable 'select_ln335', src/snn_top_hls.cpp:335->src/snn_top_hls.cpp:502 8 bit on array 'p_ZL13weight_memory_0' [77]  (3.254 ns)


============================================================
+ Verbose Summary: Binding
============================================================
N/A
* FSMD analyzer results:
  - Output states:
 - Input state : 
  - Chain level:
	State 1
	State 2
	State 3
	State 4
	State 5


============================================================
+ Verbose Summary: Datapath Resource usage 
============================================================
N/A
