

================================================================
== Vitis HLS Report for 'apply_rstdp_reward'
================================================================
* Date:           Tue Feb 10 18:59:25 2026

* Version:        2025.2 (Build 6295257 on Nov 14 2025)
* Project:        hls_csim_output
* Solution:       hls (Vivado IP Flow Target)
* Product family: zynq
* Target device:  xc7z020-clg400-1


================================================================
== Performance Estimates
================================================================
+ Timing: 
    * Summary: 
    +--------+----------+----------+------------+
    |  Clock |  Target  | Estimated| Uncertainty|
    +--------+----------+----------+------------+
    |ap_clk  |  10.00 ns|  6.486 ns|     2.70 ns|
    +--------+----------+----------+------------+

+ Latency: 
    * Summary: 
    +---------+---------+-----------+----------+-----+-------+---------+
    |  Latency (cycles) |  Latency (absolute)  |   Interval  | Pipeline|
    |   min   |   max   |    min    |    max   | min |  max  |   Type  |
    +---------+---------+-----------+----------+-----+-------+---------+
    |        1|    67585|  10.000 ns|  0.676 ms|    1|  67585|       no|
    +---------+---------+-----------+----------+-----+-------+---------+

    + Detail: 
        * Instance: 
        N/A

        * Loop: 
        +---------------+---------+---------+----------+-----------+-----------+------+----------+
        |               |  Latency (cycles) | Iteration|  Initiation Interval  | Trip |          |
        |   Loop Name   |   min   |   max   |  Latency |  achieved |   target  | Count| Pipelined|
        +---------------+---------+---------+----------+-----------+-----------+------+----------+
        |- RSTDP_OUTER  |      768|    67584|   3 ~ 264|          -|          -|   256|        no|
        +---------------+---------+---------+----------+-----------+-----------+------+----------+

============================================================
+ Verbose Summary: Synthesis Manager
============================================================
InlineROM: 1
ExposeGlobal: 0
============================================================
+ Verbose Summary: CDFG Model
============================================================
IsTopModel: 0
ResetActiveHigh: 1
IsCombinational: 0
IsDatapathOnly: 0
HasWiredReturn: 1
HasMFsm: 0
HasVarLatency: 1
IsPipeline: 0
IsRtlPipelined: 0
IsInstanceOverlapped: 0
IsDontTouch: 0
HasImplIP: 0
IsGatedGlobalClock: 0


============================================================
+ Verbose Summary: Schedule
============================================================
* Number of FSM states : 4
* Pipeline : 0
* Dataflow Pipeline: 0

* FSM state transitions: 
1 --> 2 
2 --> 3 
3 --> 4 
4 --> 2 

* FSM state operations: 

State 1 <SV = 0> <Delay = 6.48>
ST_1 : Operation 5 [1/1] (0.00ns)   --->   "%specmemcore_ln0 = specmemcore void @_ssdm_op_SpecMemCore, i8 %p_ZL16post_eligibility_0, i64 666, i64 22, i64 18446744073709551615, i1 0"   --->   Operation 5 'specmemcore' 'specmemcore_ln0' <Predicate = true> <Delay = 0.00>
ST_1 : Operation 6 [1/1] (0.00ns)   --->   "%specmemcore_ln0 = specmemcore void @_ssdm_op_SpecMemCore, i8 %p_ZL16post_eligibility_1, i64 666, i64 22, i64 18446744073709551615, i1 0"   --->   Operation 6 'specmemcore' 'specmemcore_ln0' <Predicate = true> <Delay = 0.00>
ST_1 : Operation 7 [1/1] (0.00ns)   --->   "%specmemcore_ln0 = specmemcore void @_ssdm_op_SpecMemCore, i8 %p_ZL15pre_eligibility_0, i64 666, i64 22, i64 18446744073709551615, i1 0"   --->   Operation 7 'specmemcore' 'specmemcore_ln0' <Predicate = true> <Delay = 0.00>
ST_1 : Operation 8 [1/1] (0.00ns)   --->   "%specmemcore_ln0 = specmemcore void @_ssdm_op_SpecMemCore, i8 %p_ZL15pre_eligibility_1, i64 666, i64 22, i64 18446744073709551615, i1 0"   --->   Operation 8 'specmemcore' 'specmemcore_ln0' <Predicate = true> <Delay = 0.00>
ST_1 : Operation 9 [1/1] (0.00ns)   --->   "%specmemcore_ln0 = specmemcore void @_ssdm_op_SpecMemCore, i8 %p_ZL13weight_memory_0, i64 666, i64 22, i64 18446744073709551615, i1 0"   --->   Operation 9 'specmemcore' 'specmemcore_ln0' <Predicate = true> <Delay = 0.00>
ST_1 : Operation 10 [1/1] (0.00ns)   --->   "%specmemcore_ln0 = specmemcore void @_ssdm_op_SpecMemCore, i8 %p_ZL13weight_memory_1, i64 666, i64 22, i64 18446744073709551615, i1 0"   --->   Operation 10 'specmemcore' 'specmemcore_ln0' <Predicate = true> <Delay = 0.00>
ST_1 : Operation 11 [1/1] (0.00ns)   --->   "%params_rstdp_enable_val_read = read i1 @_ssdm_op_Read.ap_auto.i1, i1 %params_rstdp_enable_val" [src/snn_top_hls.cpp:452]   --->   Operation 11 'read' 'params_rstdp_enable_val_read' <Predicate = true> <Delay = 0.00>
ST_1 : Operation 12 [1/1] (0.00ns)   --->   "%reward_signal_read = read i8 @_ssdm_op_Read.ap_auto.i8, i8 %reward_signal" [src/snn_top_hls.cpp:452]   --->   Operation 12 'read' 'reward_signal_read' <Predicate = true> <Delay = 0.00>
ST_1 : Operation 13 [1/1] (1.91ns)   --->   "%icmp_ln458 = icmp_ne  i8 %reward_signal_read, i8 0" [src/snn_top_hls.cpp:458]   --->   Operation 13 'icmp' 'icmp_ln458' <Predicate = true> <Delay = 1.91> <CoreInst = "Cmp">   --->   Core 9 'Cmp' <Latency = 0> <II = 1> <Delay = 1.91> <FuncUnit> <Opcode : 'seteq' 'setne' 'setle' 'setge' 'setlt' 'setgt'> <InPorts = 2> <OutPorts = 1>
ST_1 : Operation 14 [1/1] (0.97ns)   --->   "%and_ln458 = and i1 %icmp_ln458, i1 %params_rstdp_enable_val_read" [src/snn_top_hls.cpp:458]   --->   Operation 14 'and' 'and_ln458' <Predicate = true> <Delay = 0.97> <CoreInst = "LogicGate">   --->   Core 74 'LogicGate' <Latency = 0> <II = 1> <Delay = 0.97> <FuncUnit> <Opcode : 'and' 'or' 'xor'> <InPorts = 2> <OutPorts = 1>
ST_1 : Operation 15 [1/1] (0.00ns)   --->   "%br_ln458 = br i1 %and_ln458, void %return, void %if.end_ifconv" [src/snn_top_hls.cpp:458]   --->   Operation 15 'br' 'br_ln458' <Predicate = true> <Delay = 0.00>
ST_1 : Operation 16 [1/1] (0.00ns)   --->   "%i = alloca i32 1" [src/snn_top_hls.cpp:473]   --->   Operation 16 'alloca' 'i' <Predicate = (and_ln458)> <Delay = 0.00>
ST_1 : Operation 17 [1/1] (0.00ns)   --->   "%tmp = bitselect i1 @_ssdm_op_BitSelect.i1.i8.i32, i8 %reward_signal_read, i32 7" [src/snn_top_hls.cpp:460]   --->   Operation 17 'bitselect' 'tmp' <Predicate = (and_ln458)> <Delay = 0.00>
ST_1 : Operation 18 [1/1] (1.91ns)   --->   "%reward_mag = sub i8 0, i8 %reward_signal_read" [src/snn_top_hls.cpp:461]   --->   Operation 18 'sub' 'reward_mag' <Predicate = (and_ln458)> <Delay = 1.91> <CoreInst = "Adder">   --->   Core 1 'Adder' <Latency = 0> <II = 1> <Delay = 1.91> <FuncUnit> <Opcode : 'add' 'sub'> <InPorts = 2> <OutPorts = 1>
ST_1 : Operation 19 [1/1] (1.24ns)   --->   "%reward_mag_1 = select i1 %tmp, i8 %reward_mag, i8 %reward_signal_read" [src/snn_top_hls.cpp:461]   --->   Operation 19 'select' 'reward_mag_1' <Predicate = (and_ln458)> <Delay = 1.24> <CoreInst = "Sel">   --->   Core 73 'Sel' <Latency = 0> <II = 1> <Delay = 1.24> <FuncUnit> <Opcode : 'select'> <InPorts = 3> <OutPorts = 1>
ST_1 : Operation 20 [1/1] (0.00ns)   --->   "%tmp_65 = partselect i2 @_ssdm_op_PartSelect.i2.i8.i32.i32, i8 %reward_mag_1, i32 6, i32 7" [src/snn_top_hls.cpp:465]   --->   Operation 20 'partselect' 'tmp_65' <Predicate = (and_ln458)> <Delay = 0.00>
ST_1 : Operation 21 [1/1] (1.56ns)   --->   "%icmp_ln465 = icmp_ne  i2 %tmp_65, i2 0" [src/snn_top_hls.cpp:465]   --->   Operation 21 'icmp' 'icmp_ln465' <Predicate = (and_ln458)> <Delay = 1.56> <CoreInst = "Cmp">   --->   Core 9 'Cmp' <Latency = 0> <II = 1> <Delay = 1.56> <FuncUnit> <Opcode : 'seteq' 'setne' 'setle' 'setge' 'setlt' 'setgt'> <InPorts = 2> <OutPorts = 1>
ST_1 : Operation 22 [1/1] (0.00ns)   --->   "%tmp_66 = partselect i3 @_ssdm_op_PartSelect.i3.i8.i32.i32, i8 %reward_mag_1, i32 5, i32 7" [src/snn_top_hls.cpp:466]   --->   Operation 22 'partselect' 'tmp_66' <Predicate = (and_ln458)> <Delay = 0.00>
ST_1 : Operation 23 [1/1] (1.65ns)   --->   "%icmp_ln466 = icmp_ne  i3 %tmp_66, i3 0" [src/snn_top_hls.cpp:466]   --->   Operation 23 'icmp' 'icmp_ln466' <Predicate = (and_ln458)> <Delay = 1.65> <CoreInst = "Cmp">   --->   Core 9 'Cmp' <Latency = 0> <II = 1> <Delay = 1.65> <FuncUnit> <Opcode : 'seteq' 'setne' 'setle' 'setge' 'setlt' 'setgt'> <InPorts = 2> <OutPorts = 1>
ST_1 : Operation 24 [1/1] (0.00ns)   --->   "%tmp_67 = partselect i4 @_ssdm_op_PartSelect.i4.i8.i32.i32, i8 %reward_mag_1, i32 4, i32 7" [src/snn_top_hls.cpp:467]   --->   Operation 24 'partselect' 'tmp_67' <Predicate = (and_ln458)> <Delay = 0.00>
ST_1 : Operation 25 [1/1] (1.73ns)   --->   "%icmp_ln467 = icmp_ne  i4 %tmp_67, i4 0" [src/snn_top_hls.cpp:467]   --->   Operation 25 'icmp' 'icmp_ln467' <Predicate = (and_ln458)> <Delay = 1.73> <CoreInst = "Cmp">   --->   Core 9 'Cmp' <Latency = 0> <II = 1> <Delay = 1.73> <FuncUnit> <Opcode : 'seteq' 'setne' 'setle' 'setge' 'setlt' 'setgt'> <InPorts = 2> <OutPorts = 1>
ST_1 : Operation 26 [1/1] (0.00ns) (grouped into LUT with out node shift_sel)   --->   "%select_ln467 = select i1 %icmp_ln467, i2 2, i2 3" [src/snn_top_hls.cpp:467]   --->   Operation 26 'select' 'select_ln467' <Predicate = (and_ln458)> <Delay = 0.00> <CoreInst = "Sel">   --->   Core 73 'Sel' <Latency = 0> <II = 1> <Delay = 0.99> <FuncUnit> <Opcode : 'select'> <InPorts = 3> <OutPorts = 1>
ST_1 : Operation 27 [1/1] (0.00ns) (grouped into LUT with out node shift_sel)   --->   "%xor_ln465 = xor i1 %icmp_ln465, i1 1" [src/snn_top_hls.cpp:465]   --->   Operation 27 'xor' 'xor_ln465' <Predicate = (and_ln458)> <Delay = 0.00> <CoreInst = "LogicGate">   --->   Core 74 'LogicGate' <Latency = 0> <II = 1> <Delay = 0.97> <FuncUnit> <Opcode : 'and' 'or' 'xor'> <InPorts = 2> <OutPorts = 1>
ST_1 : Operation 28 [1/1] (0.00ns) (grouped into LUT with out node shift_sel)   --->   "%and_ln466 = and i1 %icmp_ln466, i1 %xor_ln465" [src/snn_top_hls.cpp:466]   --->   Operation 28 'and' 'and_ln466' <Predicate = (and_ln458)> <Delay = 0.00> <CoreInst = "LogicGate">   --->   Core 74 'LogicGate' <Latency = 0> <II = 1> <Delay = 0.97> <FuncUnit> <Opcode : 'and' 'or' 'xor'> <InPorts = 2> <OutPorts = 1>
ST_1 : Operation 29 [1/1] (0.00ns) (grouped into LUT with out node shift_sel)   --->   "%sel_tmp7 = bitconcatenate i2 @_ssdm_op_BitConcatenate.i2.i1.i1, i1 %icmp_ln465, i1 %and_ln466" [src/snn_top_hls.cpp:465]   --->   Operation 29 'bitconcatenate' 'sel_tmp7' <Predicate = (and_ln458)> <Delay = 0.00>
ST_1 : Operation 30 [1/1] (1.58ns) (out node of the LUT)   --->   "%shift_sel = sparsemux i2 @_ssdm_op_SparseMux.ap_auto.3i2.i2.i2, i2 2, i2 0, i2 1, i2 1, i2 0, i2 %select_ln467, i2 0, i2 %sel_tmp7" [src/snn_top_hls.cpp:467]   --->   Operation 30 'sparsemux' 'shift_sel' <Predicate = (and_ln458)> <Delay = 1.58> <CoreInst = "OneHotSparseMux_HasDef">   --->   Core 140 'OneHotSparseMux_HasDef' <Latency = 0> <II = 1> <Delay = 1.58> <FuncUnit> <Opcode : 'sparsemux'> <InPorts = 2> <OutPorts = 1>
ST_1 : Operation 31 [1/1] (1.58ns)   --->   "%store_ln473 = store i9 0, i9 %i" [src/snn_top_hls.cpp:473]   --->   Operation 31 'store' 'store_ln473' <Predicate = (and_ln458)> <Delay = 1.58>
ST_1 : Operation 32 [1/1] (0.00ns)   --->   "%br_ln473 = br void %for.body" [src/snn_top_hls.cpp:473]   --->   Operation 32 'br' 'br_ln473' <Predicate = (and_ln458)> <Delay = 0.00>

State 2 <SV = 1> <Delay = 3.25>
ST_2 : Operation 33 [1/1] (0.00ns)   --->   "%i_8 = load i9 %i" [src/snn_top_hls.cpp:473]   --->   Operation 33 'load' 'i_8' <Predicate = (and_ln458)> <Delay = 0.00>
ST_2 : Operation 34 [1/1] (1.82ns)   --->   "%icmp_ln473 = icmp_eq  i9 %i_8, i9 256" [src/snn_top_hls.cpp:473]   --->   Operation 34 'icmp' 'icmp_ln473' <Predicate = (and_ln458)> <Delay = 1.82> <CoreInst = "Cmp">   --->   Core 9 'Cmp' <Latency = 0> <II = 1> <Delay = 1.82> <FuncUnit> <Opcode : 'seteq' 'setne' 'setle' 'setge' 'setlt' 'setgt'> <InPorts = 2> <OutPorts = 1>
ST_2 : Operation 35 [1/1] (0.00ns)   --->   "%speclooptripcount_ln0 = speclooptripcount void @_ssdm_op_SpecLoopTripCount, i64 256, i64 256, i64 256"   --->   Operation 35 'speclooptripcount' 'speclooptripcount_ln0' <Predicate = (and_ln458)> <Delay = 0.00>
ST_2 : Operation 36 [1/1] (1.82ns)   --->   "%add_ln473 = add i9 %i_8, i9 1" [src/snn_top_hls.cpp:473]   --->   Operation 36 'add' 'add_ln473' <Predicate = (and_ln458)> <Delay = 1.82> <CoreInst = "Adder">   --->   Core 1 'Adder' <Latency = 0> <II = 1> <Delay = 1.82> <FuncUnit> <Opcode : 'add' 'sub'> <InPorts = 2> <OutPorts = 1>
ST_2 : Operation 37 [1/1] (0.00ns)   --->   "%br_ln473 = br i1 %icmp_ln473, void %for.body.split, void %return.loopexit" [src/snn_top_hls.cpp:473]   --->   Operation 37 'br' 'br_ln473' <Predicate = (and_ln458)> <Delay = 0.00>
ST_2 : Operation 38 [1/1] (0.00ns)   --->   "%lshr_ln = partselect i7 @_ssdm_op_PartSelect.i7.i9.i32.i32, i9 %i_8, i32 1, i32 7" [src/snn_top_hls.cpp:473]   --->   Operation 38 'partselect' 'lshr_ln' <Predicate = (and_ln458 & !icmp_ln473)> <Delay = 0.00>
ST_2 : Operation 39 [1/1] (0.00ns)   --->   "%zext_ln473 = zext i7 %lshr_ln" [src/snn_top_hls.cpp:473]   --->   Operation 39 'zext' 'zext_ln473' <Predicate = (and_ln458 & !icmp_ln473)> <Delay = 0.00>
ST_2 : Operation 40 [1/1] (0.00ns)   --->   "%p_ZL15pre_eligibility_0_addr = getelementptr i8 %p_ZL15pre_eligibility_0, i64 0, i64 %zext_ln473" [src/snn_top_hls.cpp:476]   --->   Operation 40 'getelementptr' 'p_ZL15pre_eligibility_0_addr' <Predicate = (and_ln458 & !icmp_ln473)> <Delay = 0.00>
ST_2 : Operation 41 [1/1] (0.00ns)   --->   "%p_ZL15pre_eligibility_1_addr = getelementptr i8 %p_ZL15pre_eligibility_1, i64 0, i64 %zext_ln473" [src/snn_top_hls.cpp:476]   --->   Operation 41 'getelementptr' 'p_ZL15pre_eligibility_1_addr' <Predicate = (and_ln458 & !icmp_ln473)> <Delay = 0.00>
ST_2 : Operation 42 [2/2] (3.25ns)   --->   "%p_ZL15pre_eligibility_0_load = load i7 %p_ZL15pre_eligibility_0_addr" [src/snn_top_hls.cpp:476]   --->   Operation 42 'load' 'p_ZL15pre_eligibility_0_load' <Predicate = (and_ln458 & !icmp_ln473)> <Delay = 3.25> <CoreInst = "RAM_2P_BRAM">   --->   Core 90 'RAM_2P_BRAM' <Latency = 1> <II = 1> <Delay = 3.25> <Storage> <Opcode : 'load' 'store'> <Ports = 2> <Width = 8> <Depth = 128> <RAM>
ST_2 : Operation 43 [2/2] (3.25ns)   --->   "%p_ZL15pre_eligibility_1_load = load i7 %p_ZL15pre_eligibility_1_addr" [src/snn_top_hls.cpp:476]   --->   Operation 43 'load' 'p_ZL15pre_eligibility_1_load' <Predicate = (and_ln458 & !icmp_ln473)> <Delay = 3.25> <CoreInst = "RAM_2P_BRAM">   --->   Core 90 'RAM_2P_BRAM' <Latency = 1> <II = 1> <Delay = 3.25> <Storage> <Opcode : 'load' 'store'> <Ports = 2> <Width = 8> <Depth = 128> <RAM>
ST_2 : Operation 44 [1/1] (0.00ns)   --->   "%br_ln0 = br void %return"   --->   Operation 44 'br' 'br_ln0' <Predicate = (and_ln458 & icmp_ln473)> <Delay = 0.00>
ST_2 : Operation 45 [1/1] (0.00ns)   --->   "%ret_ln505 = ret" [src/snn_top_hls.cpp:505]   --->   Operation 45 'ret' 'ret_ln505' <Predicate = (icmp_ln473) | (!and_ln458)> <Delay = 0.00>

State 3 <SV = 2> <Delay = 6.41>
ST_3 : Operation 46 [1/1] (0.00ns)   --->   "%trunc_ln473 = trunc i9 %i_8" [src/snn_top_hls.cpp:473]   --->   Operation 46 'trunc' 'trunc_ln473' <Predicate = true> <Delay = 0.00>
ST_3 : Operation 47 [1/1] (0.00ns)   --->   "%trunc_ln473_1 = trunc i9 %i_8" [src/snn_top_hls.cpp:473]   --->   Operation 47 'trunc' 'trunc_ln473_1' <Predicate = true> <Delay = 0.00>
ST_3 : Operation 48 [1/1] (0.00ns)   --->   "%specloopname_ln473 = specloopname void @_ssdm_op_SpecLoopName, void @empty_6" [src/snn_top_hls.cpp:473]   --->   Operation 48 'specloopname' 'specloopname_ln473' <Predicate = true> <Delay = 0.00>
ST_3 : Operation 49 [1/2] ( I:3.25ns O:3.25ns )   --->   "%p_ZL15pre_eligibility_0_load = load i7 %p_ZL15pre_eligibility_0_addr" [src/snn_top_hls.cpp:476]   --->   Operation 49 'load' 'p_ZL15pre_eligibility_0_load' <Predicate = true> <Delay = 3.25> <CoreInst = "RAM_2P_BRAM">   --->   Core 90 'RAM_2P_BRAM' <Latency = 1> <II = 1> <Delay = 3.25> <Storage> <Opcode : 'load' 'store'> <Ports = 2> <Width = 8> <Depth = 128> <RAM>
ST_3 : Operation 50 [1/2] ( I:3.25ns O:3.25ns )   --->   "%p_ZL15pre_eligibility_1_load = load i7 %p_ZL15pre_eligibility_1_addr" [src/snn_top_hls.cpp:476]   --->   Operation 50 'load' 'p_ZL15pre_eligibility_1_load' <Predicate = true> <Delay = 3.25> <CoreInst = "RAM_2P_BRAM">   --->   Core 90 'RAM_2P_BRAM' <Latency = 1> <II = 1> <Delay = 3.25> <Storage> <Opcode : 'load' 'store'> <Ports = 2> <Width = 8> <Depth = 128> <RAM>
ST_3 : Operation 51 [1/1] (1.24ns)   --->   "%pre_elig = select i1 %trunc_ln473_1, i8 %p_ZL15pre_eligibility_1_load, i8 %p_ZL15pre_eligibility_0_load" [src/snn_top_hls.cpp:476]   --->   Operation 51 'select' 'pre_elig' <Predicate = true> <Delay = 1.24> <CoreInst = "Sel">   --->   Core 73 'Sel' <Latency = 0> <II = 1> <Delay = 1.24> <FuncUnit> <Opcode : 'select'> <InPorts = 3> <OutPorts = 1>
ST_3 : Operation 52 [1/1] (1.91ns)   --->   "%icmp_ln477 = icmp_eq  i8 %pre_elig, i8 0" [src/snn_top_hls.cpp:477]   --->   Operation 52 'icmp' 'icmp_ln477' <Predicate = true> <Delay = 1.91> <CoreInst = "Cmp">   --->   Core 9 'Cmp' <Latency = 0> <II = 1> <Delay = 1.91> <FuncUnit> <Opcode : 'seteq' 'setne' 'setle' 'setge' 'setlt' 'setgt'> <InPorts = 2> <OutPorts = 1>
ST_3 : Operation 53 [1/1] (0.00ns)   --->   "%br_ln477 = br i1 %icmp_ln477, void %RSTDP_INNER, void %for.inc59" [src/snn_top_hls.cpp:477]   --->   Operation 53 'br' 'br_ln477' <Predicate = true> <Delay = 0.00>
ST_3 : Operation 54 [2/2] (0.00ns)   --->   "%call_ln473 = call void @apply_rstdp_reward_Pipeline_RSTDP_INNER, i8 %trunc_ln473, i8 %pre_elig, i2 %shift_sel, i1 %tmp, i8 %p_ZL16post_eligibility_0, i8 %p_ZL16post_eligibility_1, i8 %p_ZL13weight_memory_0, i8 %p_ZL13weight_memory_1" [src/snn_top_hls.cpp:473]   --->   Operation 54 'call' 'call_ln473' <Predicate = (!icmp_ln477)> <Delay = 0.00> <CoreType = "Generic">   --->   Generic Core

State 4 <SV = 3> <Delay = 1.58>
ST_4 : Operation 55 [1/2] (0.00ns)   --->   "%call_ln473 = call void @apply_rstdp_reward_Pipeline_RSTDP_INNER, i8 %trunc_ln473, i8 %pre_elig, i2 %shift_sel, i1 %tmp, i8 %p_ZL16post_eligibility_0, i8 %p_ZL16post_eligibility_1, i8 %p_ZL13weight_memory_0, i8 %p_ZL13weight_memory_1" [src/snn_top_hls.cpp:473]   --->   Operation 55 'call' 'call_ln473' <Predicate = (!icmp_ln477)> <Delay = 0.00> <CoreType = "Generic">   --->   Generic Core
ST_4 : Operation 56 [1/1] (0.00ns)   --->   "%br_ln0 = br void %for.inc59"   --->   Operation 56 'br' 'br_ln0' <Predicate = (!icmp_ln477)> <Delay = 0.00>
ST_4 : Operation 57 [1/1] (1.58ns)   --->   "%store_ln473 = store i9 %add_ln473, i9 %i" [src/snn_top_hls.cpp:473]   --->   Operation 57 'store' 'store_ln473' <Predicate = true> <Delay = 1.58>
ST_4 : Operation 58 [1/1] (0.00ns)   --->   "%br_ln473 = br void %for.body" [src/snn_top_hls.cpp:473]   --->   Operation 58 'br' 'br_ln473' <Predicate = true> <Delay = 0.00>


============================================================
+ Verbose Summary: Timing violations
============================================================
Target clock period: 10.000ns, clock uncertainty: 2.700ns.

 <State 1>: 6.486ns
The critical path consists of the following:
	wire read operation ('reward_signal_read', src/snn_top_hls.cpp:452) on port 'reward_signal' (src/snn_top_hls.cpp:452) [16]  (0.000 ns)
	'sub' operation 8 bit ('reward_mag', src/snn_top_hls.cpp:461) [23]  (1.915 ns)
	'select' operation 8 bit ('reward_mag', src/snn_top_hls.cpp:461) [24]  (1.248 ns)
	'icmp' operation 1 bit ('icmp_ln467', src/snn_top_hls.cpp:467) [30]  (1.735 ns)
	'select' operation 2 bit ('select_ln467', src/snn_top_hls.cpp:467) [31]  (0.000 ns)
	'sparsemux' operation 2 bit ('shift_sel', src/snn_top_hls.cpp:467) [35]  (1.588 ns)

 <State 2>: 3.254ns
The critical path consists of the following:
	'load' operation 9 bit ('i', src/snn_top_hls.cpp:473) on local variable 'i', src/snn_top_hls.cpp:473 [39]  (0.000 ns)
	'getelementptr' operation 7 bit ('p_ZL15pre_eligibility_0_addr', src/snn_top_hls.cpp:476) [50]  (0.000 ns)
	'load' operation 8 bit ('p_ZL15pre_eligibility_0_load', src/snn_top_hls.cpp:476) on array 'p_ZL15pre_eligibility_0' [52]  (3.254 ns)

 <State 3>: 6.417ns
The critical path consists of the following:
	'load' operation 8 bit ('p_ZL15pre_eligibility_0_load', src/snn_top_hls.cpp:476) on array 'p_ZL15pre_eligibility_0' [52]  (3.254 ns)
	'select' operation 8 bit ('pre_elig', src/snn_top_hls.cpp:476) [54]  (1.248 ns)
	'icmp' operation 1 bit ('icmp_ln477', src/snn_top_hls.cpp:477) [55]  (1.915 ns)
	'call' operation ('call_ln473', src/snn_top_hls.cpp:473) to 'apply_rstdp_reward_Pipeline_RSTDP_INNER' [58]  (0.000 ns)

 <State 4>: 1.588ns
The critical path consists of the following:
	'store' operation ('store_ln473', src/snn_top_hls.cpp:473) of variable 'add_ln473', src/snn_top_hls.cpp:473 9 bit on local variable 'i', src/snn_top_hls.cpp:473 [61]  (1.588 ns)


============================================================
+ Verbose Summary: Binding
============================================================
N/A
* FSMD analyzer results:
  - Output states:
 - Input state : 
  - Chain level:
	State 1
	State 2
	State 3
	State 4


============================================================
+ Verbose Summary: Datapath Resource usage 
============================================================
N/A
