

================================================================
== Vitis HLS Report for 'decay_eligibility_traces_Pipeline_DECAY_PRE'
================================================================
* Date:           Tue Feb 10 18:59:27 2026

* Version:        2025.2 (Build 6295257 on Nov 14 2025)
* Project:        hls_csim_output
* Solution:       hls (Vivado IP Flow Target)
* Product family: zynq
* Target device:  xc7z020-clg400-1


================================================================
== Performance Estimates
================================================================
+ Timing: 
    * Summary: 
    +--------+----------+----------+------------+
    |  Clock |  Target  | Estimated| Uncertainty|
    +--------+----------+----------+------------+
    |ap_clk  |  10.00 ns|  5.169 ns|     2.70 ns|
    +--------+----------+----------+------------+

+ Latency: 
    * Summary: 
    +---------+---------+----------+----------+-----+-----+-------------------+
    |  Latency (cycles) |  Latency (absolute) |  Interval |      Pipeline     |
    |   min   |   max   |    min   |    max   | min | max |        Type       |
    +---------+---------+----------+----------+-----+-----+-------------------+
    |      131|      131|  1.310 us|  1.310 us|    0|    0|  loop pipeline stp|
    +---------+---------+----------+----------+-----+-----+-------------------+

    + Detail: 
        * Instance: 
        N/A

        * Loop: 
        +-------------+---------+---------+----------+-----------+-----------+------+----------+
        |             |  Latency (cycles) | Iteration|  Initiation Interval  | Trip |          |
        |  Loop Name  |   min   |   max   |  Latency |  achieved |   target  | Count| Pipelined|
        +-------------+---------+---------+----------+-----------+-----------+------+----------+
        |- DECAY_PRE  |      129|      129|         3|          1|          1|   128|       yes|
        +-------------+---------+---------+----------+-----------+-----------+------+----------+



================================================================
== Utilization Estimates
================================================================
* Summary: 
+-----------------+---------+-----+--------+-------+-----+
|       Name      | BRAM_18K| DSP |   FF   |  LUT  | URAM|
+-----------------+---------+-----+--------+-------+-----+
|DSP              |        -|    -|       -|      -|    -|
|Expression       |        -|    -|       0|     46|    -|
|FIFO             |        -|    -|       -|      -|    -|
|Instance         |        -|    -|       -|      -|    -|
|Memory           |        -|    -|       -|      -|    -|
|Multiplexer      |        -|    -|       0|     36|    -|
|Register         |        -|    -|      58|      -|    -|
+-----------------+---------+-----+--------+-------+-----+
|Total            |        0|    0|      58|     82|    0|
+-----------------+---------+-----+--------+-------+-----+
|Available        |      280|  220|  106400|  53200|    0|
+-----------------+---------+-----+--------+-------+-----+
|Utilization (%)  |        0|    0|      ~0|     ~0|    0|
+-----------------+---------+-----+--------+-------+-----+

+ Detail: 
    * Instance: 
    N/A

    * DSP: 
    N/A

    * Memory: 
    N/A

    * FIFO: 
    N/A

    * Expression: 
    +-----------------------+----------+----+---+----+------------+------------+
    |     Variable Name     | Operation| DSP| FF| LUT| Bitwidth P0| Bitwidth P1|
    +-----------------------+----------+----+---+----+------------+------------+
    |add_ln515_fu_120_p2    |         +|   0|  0|  14|           9|           2|
    |sub_ln521_1_fu_165_p2  |         -|   0|  0|  15|           8|           8|
    |sub_ln521_fu_145_p2    |         -|   0|  0|  15|           8|           8|
    |ap_enable_pp0          |       xor|   0|  0|   2|           1|           2|
    +-----------------------+----------+----+---+----+------------+------------+
    |Total                  |          |   0|  0|  46|          26|          20|
    +-----------------------+----------+----+---+----+------------+------------+

    * Multiplexer: 
    +-------------------------+----+-----------+-----+-----------+
    |           Name          | LUT| Input Size| Bits| Total Bits|
    +-------------------------+----+-----------+-----+-----------+
    |ap_done_int              |   9|          2|    1|          2|
    |ap_enable_reg_pp0_iter1  |   9|          2|    1|          2|
    |ap_sig_allocacmp_i_7     |   9|          2|    9|         18|
    |i_fu_50                  |   9|          2|    9|         18|
    +-------------------------+----+-----------+-----+-----------+
    |Total                    |  36|          8|   20|         40|
    +-------------------------+----+-----------+-----+-----------+

    * Register: 
    +----------------------------------------------------+---+----+-----+-----------+
    |                        Name                        | FF| LUT| Bits| Const Bits|
    +----------------------------------------------------+---+----+-----+-----------+
    |ap_CS_fsm                                           |  1|   0|    1|          0|
    |ap_done_reg                                         |  1|   0|    1|          0|
    |ap_enable_reg_pp0_iter1                             |  1|   0|    1|          0|
    |ap_enable_reg_pp0_iter2                             |  1|   0|    1|          0|
    |ap_loop_exit_ready_pp0_iter1_reg                    |  1|   0|    1|          0|
    |i_fu_50                                             |  9|   0|    9|          0|
    |p_ZL15pre_eligibility_0_addr_reg_182                |  7|   0|    7|          0|
    |p_ZL15pre_eligibility_0_addr_reg_182_pp0_iter1_reg  |  7|   0|    7|          0|
    |p_ZL15pre_eligibility_1_addr_reg_188                |  7|   0|    7|          0|
    |p_ZL15pre_eligibility_1_addr_reg_188_pp0_iter1_reg  |  7|   0|    7|          0|
    |sub_ln521_1_reg_199                                 |  8|   0|    8|          0|
    |sub_ln521_reg_194                                   |  8|   0|    8|          0|
    +----------------------------------------------------+---+----+-----+-----------+
    |Total                                               | 58|   0|   58|          0|
    +----------------------------------------------------+---+----+-----+-----------+



================================================================
== Interface
================================================================
* Summary: 
+----------------------------------+-----+-----+------------+---------------------------------------------+--------------+
|             RTL Ports            | Dir | Bits|  Protocol  |                Source Object                |    C Type    |
+----------------------------------+-----+-----+------------+---------------------------------------------+--------------+
|ap_clk                            |   in|    1|  ap_ctrl_hs|  decay_eligibility_traces_Pipeline_DECAY_PRE|  return value|
|ap_rst                            |   in|    1|  ap_ctrl_hs|  decay_eligibility_traces_Pipeline_DECAY_PRE|  return value|
|ap_start                          |   in|    1|  ap_ctrl_hs|  decay_eligibility_traces_Pipeline_DECAY_PRE|  return value|
|ap_done                           |  out|    1|  ap_ctrl_hs|  decay_eligibility_traces_Pipeline_DECAY_PRE|  return value|
|ap_idle                           |  out|    1|  ap_ctrl_hs|  decay_eligibility_traces_Pipeline_DECAY_PRE|  return value|
|ap_ready                          |  out|    1|  ap_ctrl_hs|  decay_eligibility_traces_Pipeline_DECAY_PRE|  return value|
|p_ZL15pre_eligibility_0_address0  |  out|    7|   ap_memory|                      p_ZL15pre_eligibility_0|         array|
|p_ZL15pre_eligibility_0_ce0       |  out|    1|   ap_memory|                      p_ZL15pre_eligibility_0|         array|
|p_ZL15pre_eligibility_0_q0        |   in|    8|   ap_memory|                      p_ZL15pre_eligibility_0|         array|
|p_ZL15pre_eligibility_0_address1  |  out|    7|   ap_memory|                      p_ZL15pre_eligibility_0|         array|
|p_ZL15pre_eligibility_0_ce1       |  out|    1|   ap_memory|                      p_ZL15pre_eligibility_0|         array|
|p_ZL15pre_eligibility_0_we1       |  out|    1|   ap_memory|                      p_ZL15pre_eligibility_0|         array|
|p_ZL15pre_eligibility_0_d1        |  out|    8|   ap_memory|                      p_ZL15pre_eligibility_0|         array|
|p_ZL15pre_eligibility_1_address0  |  out|    7|   ap_memory|                      p_ZL15pre_eligibility_1|         array|
|p_ZL15pre_eligibility_1_ce0       |  out|    1|   ap_memory|                      p_ZL15pre_eligibility_1|         array|
|p_ZL15pre_eligibility_1_q0        |   in|    8|   ap_memory|                      p_ZL15pre_eligibility_1|         array|
|p_ZL15pre_eligibility_1_address1  |  out|    7|   ap_memory|                      p_ZL15pre_eligibility_1|         array|
|p_ZL15pre_eligibility_1_ce1       |  out|    1|   ap_memory|                      p_ZL15pre_eligibility_1|         array|
|p_ZL15pre_eligibility_1_we1       |  out|    1|   ap_memory|                      p_ZL15pre_eligibility_1|         array|
|p_ZL15pre_eligibility_1_d1        |  out|    8|   ap_memory|                      p_ZL15pre_eligibility_1|         array|
+----------------------------------+-----+-----+------------+---------------------------------------------+--------------+

============================================================
+ Verbose Summary: Synthesis Manager
============================================================
InlineROM: 1
ExposeGlobal: 0
============================================================
+ Verbose Summary: CDFG Model
============================================================
IsTopModel: 0
ResetActiveHigh: 1
IsCombinational: 2
IsDatapathOnly: 2
HasWiredReturn: 1
HasMFsm: 2
HasVarLatency: 1
IsPipeline: 0
IsRtlPipelined: 0
IsInstanceOverlapped: 0
IsDontTouch: 0
HasImplIP: 0
IsGatedGlobalClock: 0

+ Individual pipeline summary: 
  * Pipeline-0: initiation interval (II) = 1, depth = 3


============================================================
+ Verbose Summary: Schedule
============================================================
* Number of FSM states : 3
* Pipeline : 1
  Pipeline-0 : II = 1, D = 3, States = { 1 2 3 }
* Dataflow Pipeline: 0

* FSM state transitions: 
1 --> 2 
2 --> 3 
3 --> 

* FSM state operations: 

State 1 <SV = 0> <Delay = 4.99>
ST_1 : Operation 6 [1/1] (0.00ns)   --->   "%i = alloca i32 1" [src/snn_top_hls.cpp:515]   --->   Operation 6 'alloca' 'i' <Predicate = true> <Delay = 0.00>
ST_1 : Operation 7 [1/1] (0.00ns)   --->   "%specmemcore_ln0 = specmemcore void @_ssdm_op_SpecMemCore, i8 %p_ZL15pre_eligibility_0, i64 666, i64 22, i64 18446744073709551615, i1 0"   --->   Operation 7 'specmemcore' 'specmemcore_ln0' <Predicate = true> <Delay = 0.00>
ST_1 : Operation 8 [1/1] (0.00ns)   --->   "%specmemcore_ln0 = specmemcore void @_ssdm_op_SpecMemCore, i8 %p_ZL15pre_eligibility_1, i64 666, i64 22, i64 18446744073709551615, i1 0"   --->   Operation 8 'specmemcore' 'specmemcore_ln0' <Predicate = true> <Delay = 0.00>
ST_1 : Operation 9 [1/1] (1.58ns)   --->   "%store_ln515 = store i9 0, i9 %i" [src/snn_top_hls.cpp:515]   --->   Operation 9 'store' 'store_ln515' <Predicate = true> <Delay = 1.58>
ST_1 : Operation 10 [1/1] (0.00ns)   --->   "%br_ln0 = br void %for.inc"   --->   Operation 10 'br' 'br_ln0' <Predicate = true> <Delay = 0.00>
ST_1 : Operation 11 [1/1] (0.00ns)   --->   "%i_7 = load i9 %i" [src/snn_top_hls.cpp:515]   --->   Operation 11 'load' 'i_7' <Predicate = true> <Delay = 0.00>
ST_1 : Operation 12 [1/1] (0.00ns)   --->   "%tmp = bitselect i1 @_ssdm_op_BitSelect.i1.i9.i32, i9 %i_7, i32 8" [src/snn_top_hls.cpp:515]   --->   Operation 12 'bitselect' 'tmp' <Predicate = true> <Delay = 0.00>
ST_1 : Operation 13 [1/1] (0.00ns)   --->   "%br_ln515 = br i1 %tmp, void %for.inc.split, void %for.inc17.preheader.exitStub" [src/snn_top_hls.cpp:515]   --->   Operation 13 'br' 'br_ln515' <Predicate = true> <Delay = 0.00>
ST_1 : Operation 14 [1/1] (0.00ns)   --->   "%lshr_ln = partselect i7 @_ssdm_op_PartSelect.i7.i9.i32.i32, i9 %i_7, i32 1, i32 7" [src/snn_top_hls.cpp:515]   --->   Operation 14 'partselect' 'lshr_ln' <Predicate = (!tmp)> <Delay = 0.00>
ST_1 : Operation 15 [1/1] (0.00ns)   --->   "%zext_ln515 = zext i7 %lshr_ln" [src/snn_top_hls.cpp:515]   --->   Operation 15 'zext' 'zext_ln515' <Predicate = (!tmp)> <Delay = 0.00>
ST_1 : Operation 16 [1/1] (0.00ns)   --->   "%p_ZL15pre_eligibility_0_addr = getelementptr i8 %p_ZL15pre_eligibility_0, i64 0, i64 %zext_ln515" [src/snn_top_hls.cpp:520]   --->   Operation 16 'getelementptr' 'p_ZL15pre_eligibility_0_addr' <Predicate = (!tmp)> <Delay = 0.00>
ST_1 : Operation 17 [2/2] (3.25ns)   --->   "%trace = load i7 %p_ZL15pre_eligibility_0_addr" [src/snn_top_hls.cpp:520]   --->   Operation 17 'load' 'trace' <Predicate = (!tmp)> <Delay = 3.25> <CoreInst = "RAM_2P_BRAM">   --->   Core 90 'RAM_2P_BRAM' <Latency = 1> <II = 1> <Delay = 3.25> <Storage> <Opcode : 'load' 'store'> <Ports = 2> <Width = 8> <Depth = 128> <RAM>
ST_1 : Operation 18 [1/1] (0.00ns)   --->   "%p_ZL15pre_eligibility_1_addr = getelementptr i8 %p_ZL15pre_eligibility_1, i64 0, i64 %zext_ln515" [src/snn_top_hls.cpp:520]   --->   Operation 18 'getelementptr' 'p_ZL15pre_eligibility_1_addr' <Predicate = (!tmp)> <Delay = 0.00>
ST_1 : Operation 19 [2/2] (3.25ns)   --->   "%trace_2 = load i7 %p_ZL15pre_eligibility_1_addr" [src/snn_top_hls.cpp:520]   --->   Operation 19 'load' 'trace_2' <Predicate = (!tmp)> <Delay = 3.25> <CoreInst = "RAM_2P_BRAM">   --->   Core 90 'RAM_2P_BRAM' <Latency = 1> <II = 1> <Delay = 3.25> <Storage> <Opcode : 'load' 'store'> <Ports = 2> <Width = 8> <Depth = 128> <RAM>
ST_1 : Operation 20 [1/1] (1.82ns)   --->   "%add_ln515 = add i9 %i_7, i9 2" [src/snn_top_hls.cpp:515]   --->   Operation 20 'add' 'add_ln515' <Predicate = (!tmp)> <Delay = 1.82> <CoreInst = "Adder">   --->   Core 1 'Adder' <Latency = 0> <II = 1> <Delay = 1.82> <FuncUnit> <Opcode : 'add' 'sub'> <InPorts = 2> <OutPorts = 1>
ST_1 : Operation 21 [1/1] (1.58ns)   --->   "%store_ln515 = store i9 %add_ln515, i9 %i" [src/snn_top_hls.cpp:515]   --->   Operation 21 'store' 'store_ln515' <Predicate = (!tmp)> <Delay = 1.58>

State 2 <SV = 1> <Delay = 5.16>
ST_2 : Operation 22 [1/2] ( I:3.25ns O:3.25ns )   --->   "%trace = load i7 %p_ZL15pre_eligibility_0_addr" [src/snn_top_hls.cpp:520]   --->   Operation 22 'load' 'trace' <Predicate = true> <Delay = 3.25> <CoreInst = "RAM_2P_BRAM">   --->   Core 90 'RAM_2P_BRAM' <Latency = 1> <II = 1> <Delay = 3.25> <Storage> <Opcode : 'load' 'store'> <Ports = 2> <Width = 8> <Depth = 128> <RAM>
ST_2 : Operation 23 [1/1] (0.00ns)   --->   "%trunc_ln = partselect i5 @_ssdm_op_PartSelect.i5.i8.i32.i32, i8 %trace, i32 3, i32 7" [src/snn_top_hls.cpp:521]   --->   Operation 23 'partselect' 'trunc_ln' <Predicate = true> <Delay = 0.00>
ST_2 : Operation 24 [1/1] (0.00ns)   --->   "%sext_ln521 = sext i5 %trunc_ln" [src/snn_top_hls.cpp:521]   --->   Operation 24 'sext' 'sext_ln521' <Predicate = true> <Delay = 0.00>
ST_2 : Operation 25 [1/1] (1.91ns)   --->   "%sub_ln521 = sub i8 %trace, i8 %sext_ln521" [src/snn_top_hls.cpp:521]   --->   Operation 25 'sub' 'sub_ln521' <Predicate = true> <Delay = 1.91> <CoreInst = "Adder">   --->   Core 1 'Adder' <Latency = 0> <II = 1> <Delay = 1.91> <FuncUnit> <Opcode : 'add' 'sub'> <InPorts = 2> <OutPorts = 1>
ST_2 : Operation 26 [1/2] ( I:3.25ns O:3.25ns )   --->   "%trace_2 = load i7 %p_ZL15pre_eligibility_1_addr" [src/snn_top_hls.cpp:520]   --->   Operation 26 'load' 'trace_2' <Predicate = true> <Delay = 3.25> <CoreInst = "RAM_2P_BRAM">   --->   Core 90 'RAM_2P_BRAM' <Latency = 1> <II = 1> <Delay = 3.25> <Storage> <Opcode : 'load' 'store'> <Ports = 2> <Width = 8> <Depth = 128> <RAM>
ST_2 : Operation 27 [1/1] (0.00ns)   --->   "%trunc_ln521_1 = partselect i5 @_ssdm_op_PartSelect.i5.i8.i32.i32, i8 %trace_2, i32 3, i32 7" [src/snn_top_hls.cpp:521]   --->   Operation 27 'partselect' 'trunc_ln521_1' <Predicate = true> <Delay = 0.00>
ST_2 : Operation 28 [1/1] (0.00ns)   --->   "%sext_ln521_1 = sext i5 %trunc_ln521_1" [src/snn_top_hls.cpp:521]   --->   Operation 28 'sext' 'sext_ln521_1' <Predicate = true> <Delay = 0.00>
ST_2 : Operation 29 [1/1] (1.91ns)   --->   "%sub_ln521_1 = sub i8 %trace_2, i8 %sext_ln521_1" [src/snn_top_hls.cpp:521]   --->   Operation 29 'sub' 'sub_ln521_1' <Predicate = true> <Delay = 1.91> <CoreInst = "Adder">   --->   Core 1 'Adder' <Latency = 0> <II = 1> <Delay = 1.91> <FuncUnit> <Opcode : 'add' 'sub'> <InPorts = 2> <OutPorts = 1>
ST_2 : Operation 36 [1/1] (1.58ns)   --->   "%ret_ln0 = ret"   --->   Operation 36 'ret' 'ret_ln0' <Predicate = (tmp)> <Delay = 1.58>

State 3 <SV = 2> <Delay = 3.25>
ST_3 : Operation 30 [1/1] (0.00ns)   --->   "%specpipeline_ln516 = specpipeline void @_ssdm_op_SpecPipeline, i32 1, i32 0, i32 0, i32 0, i32 4294967295, void @empty_3" [src/snn_top_hls.cpp:516]   --->   Operation 30 'specpipeline' 'specpipeline_ln516' <Predicate = true> <Delay = 0.00>
ST_3 : Operation 31 [1/1] (0.00ns)   --->   "%speclooptripcount_ln515 = speclooptripcount void @_ssdm_op_SpecLoopTripCount, i64 128, i64 128, i64 128" [src/snn_top_hls.cpp:515]   --->   Operation 31 'speclooptripcount' 'speclooptripcount_ln515' <Predicate = true> <Delay = 0.00>
ST_3 : Operation 32 [1/1] (0.00ns)   --->   "%specloopname_ln515 = specloopname void @_ssdm_op_SpecLoopName, void @empty_29" [src/snn_top_hls.cpp:515]   --->   Operation 32 'specloopname' 'specloopname_ln515' <Predicate = true> <Delay = 0.00>
ST_3 : Operation 33 [1/1] ( I:3.25ns O:3.25ns )   --->   "%store_ln521 = store i8 %sub_ln521, i7 %p_ZL15pre_eligibility_0_addr" [src/snn_top_hls.cpp:521]   --->   Operation 33 'store' 'store_ln521' <Predicate = true> <Delay = 3.25> <CoreInst = "RAM_2P_BRAM">   --->   Core 90 'RAM_2P_BRAM' <Latency = 1> <II = 1> <Delay = 3.25> <Storage> <Opcode : 'load' 'store'> <Ports = 2> <Width = 8> <Depth = 128> <RAM>
ST_3 : Operation 34 [1/1] ( I:3.25ns O:3.25ns )   --->   "%store_ln521 = store i8 %sub_ln521_1, i7 %p_ZL15pre_eligibility_1_addr" [src/snn_top_hls.cpp:521]   --->   Operation 34 'store' 'store_ln521' <Predicate = true> <Delay = 3.25> <CoreInst = "RAM_2P_BRAM">   --->   Core 90 'RAM_2P_BRAM' <Latency = 1> <II = 1> <Delay = 3.25> <Storage> <Opcode : 'load' 'store'> <Ports = 2> <Width = 8> <Depth = 128> <RAM>
ST_3 : Operation 35 [1/1] (0.00ns)   --->   "%br_ln515 = br void %for.inc" [src/snn_top_hls.cpp:515]   --->   Operation 35 'br' 'br_ln515' <Predicate = true> <Delay = 0.00>


============================================================
+ Verbose Summary: Binding
============================================================
STG Binding: 
---------------- STG Properties BEGIN ----------------
- Is combinational: 0
- Is one-state seq: 0
- Is datapath-only: 0
- Is pipelined: 0
- Is top level: 0
Port [ Return ] is wired: 1; IO mode=ap_ctrl_hs:ce=0
Port [ p_ZL15pre_eligibility_0]:  wired=1; compound=1; hidden=0; nouse=0; global=1; static=1; extern=0; dir=2; type=1; pingpong=0; private_global=0; MemPort=[10]; IO mode=ap_memory:ce=0
Port [ p_ZL15pre_eligibility_1]:  wired=1; compound=1; hidden=0; nouse=0; global=1; static=1; extern=0; dir=2; type=1; pingpong=0; private_global=0; MemPort=[10]; IO mode=ap_memory:ce=0
---------------- STG Properties END ------------------

---------------- Datapath Model BEGIN ----------------

<LifeTime>
<method=bitvector/>
i                            (alloca           ) [ 0100]
specmemcore_ln0              (specmemcore      ) [ 0000]
specmemcore_ln0              (specmemcore      ) [ 0000]
store_ln515                  (store            ) [ 0000]
br_ln0                       (br               ) [ 0000]
i_7                          (load             ) [ 0000]
tmp                          (bitselect        ) [ 0110]
br_ln515                     (br               ) [ 0000]
lshr_ln                      (partselect       ) [ 0000]
zext_ln515                   (zext             ) [ 0000]
p_ZL15pre_eligibility_0_addr (getelementptr    ) [ 0111]
p_ZL15pre_eligibility_1_addr (getelementptr    ) [ 0111]
add_ln515                    (add              ) [ 0000]
store_ln515                  (store            ) [ 0000]
trace                        (load             ) [ 0000]
trunc_ln                     (partselect       ) [ 0000]
sext_ln521                   (sext             ) [ 0000]
sub_ln521                    (sub              ) [ 0101]
trace_2                      (load             ) [ 0000]
trunc_ln521_1                (partselect       ) [ 0000]
sext_ln521_1                 (sext             ) [ 0000]
sub_ln521_1                  (sub              ) [ 0101]
specpipeline_ln516           (specpipeline     ) [ 0000]
speclooptripcount_ln515      (speclooptripcount) [ 0000]
specloopname_ln515           (specloopname     ) [ 0000]
store_ln521                  (store            ) [ 0000]
store_ln521                  (store            ) [ 0000]
br_ln515                     (br               ) [ 0000]
ret_ln0                      (ret              ) [ 0000]
</LifeTime>

<model>

<comp_list>
<comp id="0" class="1000" name="p_ZL15pre_eligibility_0">
<pin_list>
<pin id="1" dir="1" index="0" bw="1" slack="0"/>
</pin_list>
<bind>
<StgValue><ssdm name="p_ZL15pre_eligibility_0"/><MemPortTyVec>1 0 </MemPortTyVec>
</StgValue>
</bind>
</comp>

<comp id="2" class="1000" name="p_ZL15pre_eligibility_1">
<pin_list>
<pin id="3" dir="1" index="0" bw="1" slack="0"/>
</pin_list>
<bind>
<StgValue><ssdm name="p_ZL15pre_eligibility_1"/><MemPortTyVec>1 0 </MemPortTyVec>
</StgValue>
</bind>
</comp>

<comp id="4" class="1001" name="const_4">
<pin_list>
<pin id="5" dir="1" index="0" bw="1" slack="0"/>
</pin_list>
<bind>
<StgValue><ssdm name=""/></StgValue>
</bind>
</comp>

<comp id="6" class="1001" name="const_6">
<pin_list>
<pin id="7" dir="1" index="0" bw="1" slack="2147483647"/>
</pin_list>
<bind>
<StgValue><ssdm name="_ssdm_op_SpecMemCore"/></StgValue>
</bind>
</comp>

<comp id="8" class="1001" name="const_8">
<pin_list>
<pin id="9" dir="1" index="0" bw="1" slack="2147483647"/>
</pin_list>
<bind>
<StgValue><ssdm name=""/></StgValue>
</bind>
</comp>

<comp id="10" class="1001" name="const_10">
<pin_list>
<pin id="11" dir="1" index="0" bw="1" slack="2147483647"/>
</pin_list>
<bind>
<StgValue><ssdm name=""/></StgValue>
</bind>
</comp>

<comp id="12" class="1001" name="const_12">
<pin_list>
<pin id="13" dir="1" index="0" bw="1" slack="2147483647"/>
</pin_list>
<bind>
<StgValue><ssdm name=""/></StgValue>
</bind>
</comp>

<comp id="14" class="1001" name="const_14">
<pin_list>
<pin id="15" dir="1" index="0" bw="1" slack="2147483647"/>
</pin_list>
<bind>
<StgValue><ssdm name=""/></StgValue>
</bind>
</comp>

<comp id="16" class="1001" name="const_16">
<pin_list>
<pin id="17" dir="1" index="0" bw="1" slack="0"/>
</pin_list>
<bind>
<StgValue><ssdm name=""/></StgValue>
</bind>
</comp>

<comp id="18" class="1001" name="const_18">
<pin_list>
<pin id="19" dir="1" index="0" bw="1" slack="0"/>
</pin_list>
<bind>
<StgValue><ssdm name="_ssdm_op_BitSelect.i1.i9.i32"/></StgValue>
</bind>
</comp>

<comp id="20" class="1001" name="const_20">
<pin_list>
<pin id="21" dir="1" index="0" bw="1" slack="0"/>
</pin_list>
<bind>
<StgValue><ssdm name=""/></StgValue>
</bind>
</comp>

<comp id="22" class="1001" name="const_22">
<pin_list>
<pin id="23" dir="1" index="0" bw="1" slack="0"/>
</pin_list>
<bind>
<StgValue><ssdm name="_ssdm_op_PartSelect.i7.i9.i32.i32"/></StgValue>
</bind>
</comp>

<comp id="24" class="1001" name="const_24">
<pin_list>
<pin id="25" dir="1" index="0" bw="1" slack="0"/>
</pin_list>
<bind>
<StgValue><ssdm name=""/></StgValue>
</bind>
</comp>

<comp id="26" class="1001" name="const_26">
<pin_list>
<pin id="27" dir="1" index="0" bw="1" slack="0"/>
</pin_list>
<bind>
<StgValue><ssdm name=""/></StgValue>
</bind>
</comp>

<comp id="28" class="1001" name="const_28">
<pin_list>
<pin id="29" dir="1" index="0" bw="1" slack="0"/>
</pin_list>
<bind>
<StgValue><ssdm name=""/></StgValue>
</bind>
</comp>

<comp id="30" class="1001" name="const_30">
<pin_list>
<pin id="31" dir="1" index="0" bw="1" slack="0"/>
</pin_list>
<bind>
<StgValue><ssdm name="_ssdm_op_PartSelect.i5.i8.i32.i32"/></StgValue>
</bind>
</comp>

<comp id="32" class="1001" name="const_32">
<pin_list>
<pin id="33" dir="1" index="0" bw="1" slack="0"/>
</pin_list>
<bind>
<StgValue><ssdm name=""/></StgValue>
</bind>
</comp>

<comp id="34" class="1001" name="const_34">
<pin_list>
<pin id="35" dir="1" index="0" bw="1" slack="2147483647"/>
</pin_list>
<bind>
<StgValue><ssdm name="_ssdm_op_SpecPipeline"/></StgValue>
</bind>
</comp>

<comp id="36" class="1001" name="const_36">
<pin_list>
<pin id="37" dir="1" index="0" bw="1" slack="2147483647"/>
</pin_list>
<bind>
<StgValue><ssdm name=""/></StgValue>
</bind>
</comp>

<comp id="38" class="1001" name="const_38">
<pin_list>
<pin id="39" dir="1" index="0" bw="1" slack="2147483647"/>
</pin_list>
<bind>
<StgValue><ssdm name=""/></StgValue>
</bind>
</comp>

<comp id="40" class="1001" name="const_40">
<pin_list>
<pin id="41" dir="1" index="0" bw="1" slack="2147483647"/>
</pin_list>
<bind>
<StgValue><ssdm name="empty_3"/></StgValue>
</bind>
</comp>

<comp id="42" class="1001" name="const_42">
<pin_list>
<pin id="43" dir="1" index="0" bw="1" slack="2147483647"/>
</pin_list>
<bind>
<StgValue><ssdm name="_ssdm_op_SpecLoopTripCount"/></StgValue>
</bind>
</comp>

<comp id="44" class="1001" name="const_44">
<pin_list>
<pin id="45" dir="1" index="0" bw="1" slack="2147483647"/>
</pin_list>
<bind>
<StgValue><ssdm name=""/></StgValue>
</bind>
</comp>

<comp id="46" class="1001" name="const_46">
<pin_list>
<pin id="47" dir="1" index="0" bw="1" slack="2147483647"/>
</pin_list>
<bind>
<StgValue><ssdm name="_ssdm_op_SpecLoopName"/></StgValue>
</bind>
</comp>

<comp id="48" class="1001" name="const_48">
<pin_list>
<pin id="49" dir="1" index="0" bw="1" slack="2147483647"/>
</pin_list>
<bind>
<StgValue><ssdm name="empty_29"/></StgValue>
</bind>
</comp>

<comp id="50" class="1004" name="i_fu_50">
<pin_list>
<pin id="51" dir="0" index="0" bw="1" slack="0"/>
<pin id="52" dir="1" index="1" bw="9" slack="0"/>
</pin_list>
<bind>
<opcode="alloca(26) " fcode="alloca"/>
<opset="i/1 "/>
</bind>
</comp>

<comp id="54" class="1004" name="p_ZL15pre_eligibility_0_addr_gep_fu_54">
<pin_list>
<pin id="55" dir="0" index="0" bw="8" slack="0"/>
<pin id="56" dir="0" index="1" bw="1" slack="0"/>
<pin id="57" dir="0" index="2" bw="7" slack="0"/>
<pin id="58" dir="1" index="3" bw="7" slack="0"/>
</pin_list>
<bind>
<opcode="getelementptr(29) " fcode="getelementptr"/>
<opset="p_ZL15pre_eligibility_0_addr/1 "/>
</bind>
</comp>

<comp id="61" class="1004" name="grp_access_fu_61">
<pin_list>
<pin id="62" dir="0" index="0" bw="7" slack="0"/>
<pin id="63" dir="0" index="1" bw="8" slack="2147483647"/>
<pin id="64" dir="0" index="2" bw="0" slack="2"/>
<pin id="80" dir="0" index="4" bw="7" slack="1"/>
<pin id="81" dir="0" index="5" bw="8" slack="2147483647"/>
<pin id="82" dir="0" index="6" bw="0" slack="2147483647"/>
<pin id="65" dir="1" index="3" bw="8" slack="0"/>
<pin id="83" dir="1" index="7" bw="8" slack="2147483647"/>
</pin_list>
<bind>
<opcode="load(27) store(28) " fcode="store"/>
<opset="trace/1 store_ln521/3 "/>
</bind>
</comp>

<comp id="67" class="1004" name="p_ZL15pre_eligibility_1_addr_gep_fu_67">
<pin_list>
<pin id="68" dir="0" index="0" bw="8" slack="0"/>
<pin id="69" dir="0" index="1" bw="1" slack="0"/>
<pin id="70" dir="0" index="2" bw="7" slack="0"/>
<pin id="71" dir="1" index="3" bw="7" slack="0"/>
</pin_list>
<bind>
<opcode="getelementptr(29) " fcode="getelementptr"/>
<opset="p_ZL15pre_eligibility_1_addr/1 "/>
</bind>
</comp>

<comp id="74" class="1004" name="grp_access_fu_74">
<pin_list>
<pin id="75" dir="0" index="0" bw="7" slack="0"/>
<pin id="76" dir="0" index="1" bw="8" slack="2147483647"/>
<pin id="77" dir="0" index="2" bw="0" slack="2"/>
<pin id="84" dir="0" index="4" bw="7" slack="1"/>
<pin id="85" dir="0" index="5" bw="8" slack="2147483647"/>
<pin id="86" dir="0" index="6" bw="0" slack="2147483647"/>
<pin id="78" dir="1" index="3" bw="8" slack="0"/>
<pin id="87" dir="1" index="7" bw="8" slack="2147483647"/>
</pin_list>
<bind>
<opcode="load(27) store(28) " fcode="store"/>
<opset="trace_2/1 store_ln521/3 "/>
</bind>
</comp>

<comp id="88" class="1004" name="store_ln515_store_fu_88">
<pin_list>
<pin id="89" dir="0" index="0" bw="1" slack="0"/>
<pin id="90" dir="0" index="1" bw="9" slack="0"/>
<pin id="91" dir="1" index="2" bw="0" slack="2147483647"/>
</pin_list>
<bind>
<opcode="store(28) " fcode="store"/>
<opset="store_ln515/1 "/>
</bind>
</comp>

<comp id="93" class="1004" name="i_7_load_fu_93">
<pin_list>
<pin id="94" dir="0" index="0" bw="9" slack="0"/>
<pin id="95" dir="1" index="1" bw="9" slack="0"/>
</pin_list>
<bind>
<opcode="load(27) " fcode="load"/>
<opset="i_7/1 "/>
</bind>
</comp>

<comp id="96" class="1004" name="tmp_fu_96">
<pin_list>
<pin id="97" dir="0" index="0" bw="1" slack="0"/>
<pin id="98" dir="0" index="1" bw="9" slack="0"/>
<pin id="99" dir="0" index="2" bw="5" slack="0"/>
<pin id="100" dir="1" index="3" bw="1" slack="1"/>
</pin_list>
<bind>
<opcode="bitselect(1000) " fcode="bitselect"/>
<opset="tmp/1 "/>
</bind>
</comp>

<comp id="104" class="1004" name="lshr_ln_fu_104">
<pin_list>
<pin id="105" dir="0" index="0" bw="7" slack="0"/>
<pin id="106" dir="0" index="1" bw="9" slack="0"/>
<pin id="107" dir="0" index="2" bw="1" slack="0"/>
<pin id="108" dir="0" index="3" bw="4" slack="0"/>
<pin id="109" dir="1" index="4" bw="7" slack="0"/>
</pin_list>
<bind>
<opcode="partselect(1002) " fcode="partselect"/>
<opset="lshr_ln/1 "/>
</bind>
</comp>

<comp id="114" class="1004" name="zext_ln515_fu_114">
<pin_list>
<pin id="115" dir="0" index="0" bw="7" slack="0"/>
<pin id="116" dir="1" index="1" bw="64" slack="0"/>
</pin_list>
<bind>
<opcode="zext(34) " fcode="zext"/>
<opset="zext_ln515/1 "/>
</bind>
</comp>

<comp id="120" class="1004" name="add_ln515_fu_120">
<pin_list>
<pin id="121" dir="0" index="0" bw="9" slack="0"/>
<pin id="122" dir="0" index="1" bw="3" slack="0"/>
<pin id="123" dir="1" index="2" bw="9" slack="0"/>
</pin_list>
<bind>
<opcode="add(8) " fcode="add"/>
<opset="add_ln515/1 "/>
</bind>
</comp>

<comp id="126" class="1004" name="store_ln515_store_fu_126">
<pin_list>
<pin id="127" dir="0" index="0" bw="9" slack="0"/>
<pin id="128" dir="0" index="1" bw="9" slack="0"/>
<pin id="129" dir="1" index="2" bw="0" slack="2147483647"/>
</pin_list>
<bind>
<opcode="store(28) " fcode="store"/>
<opset="store_ln515/1 "/>
</bind>
</comp>

<comp id="131" class="1004" name="trunc_ln_fu_131">
<pin_list>
<pin id="132" dir="0" index="0" bw="5" slack="0"/>
<pin id="133" dir="0" index="1" bw="8" slack="0"/>
<pin id="134" dir="0" index="2" bw="3" slack="0"/>
<pin id="135" dir="0" index="3" bw="4" slack="0"/>
<pin id="136" dir="1" index="4" bw="5" slack="0"/>
</pin_list>
<bind>
<opcode="partselect(1002) " fcode="partselect"/>
<opset="trunc_ln/2 "/>
</bind>
</comp>

<comp id="141" class="1004" name="sext_ln521_fu_141">
<pin_list>
<pin id="142" dir="0" index="0" bw="5" slack="0"/>
<pin id="143" dir="1" index="1" bw="8" slack="0"/>
</pin_list>
<bind>
<opcode="sext(35) " fcode="sext"/>
<opset="sext_ln521/2 "/>
</bind>
</comp>

<comp id="145" class="1004" name="sub_ln521_fu_145">
<pin_list>
<pin id="146" dir="0" index="0" bw="8" slack="0"/>
<pin id="147" dir="0" index="1" bw="5" slack="0"/>
<pin id="148" dir="1" index="2" bw="8" slack="1"/>
</pin_list>
<bind>
<opcode="sub(10) " fcode="sub"/>
<opset="sub_ln521/2 "/>
</bind>
</comp>

<comp id="151" class="1004" name="trunc_ln521_1_fu_151">
<pin_list>
<pin id="152" dir="0" index="0" bw="5" slack="0"/>
<pin id="153" dir="0" index="1" bw="8" slack="0"/>
<pin id="154" dir="0" index="2" bw="3" slack="0"/>
<pin id="155" dir="0" index="3" bw="4" slack="0"/>
<pin id="156" dir="1" index="4" bw="5" slack="0"/>
</pin_list>
<bind>
<opcode="partselect(1002) " fcode="partselect"/>
<opset="trunc_ln521_1/2 "/>
</bind>
</comp>

<comp id="161" class="1004" name="sext_ln521_1_fu_161">
<pin_list>
<pin id="162" dir="0" index="0" bw="5" slack="0"/>
<pin id="163" dir="1" index="1" bw="8" slack="0"/>
</pin_list>
<bind>
<opcode="sext(35) " fcode="sext"/>
<opset="sext_ln521_1/2 "/>
</bind>
</comp>

<comp id="165" class="1004" name="sub_ln521_1_fu_165">
<pin_list>
<pin id="166" dir="0" index="0" bw="8" slack="0"/>
<pin id="167" dir="0" index="1" bw="5" slack="0"/>
<pin id="168" dir="1" index="2" bw="8" slack="1"/>
</pin_list>
<bind>
<opcode="sub(10) " fcode="sub"/>
<opset="sub_ln521_1/2 "/>
</bind>
</comp>

<comp id="171" class="1005" name="i_reg_171">
<pin_list>
<pin id="172" dir="0" index="0" bw="9" slack="0"/>
<pin id="173" dir="1" index="1" bw="9" slack="0"/>
</pin_list>
<bind>
<opset="i "/>
</bind>
</comp>

<comp id="178" class="1005" name="tmp_reg_178">
<pin_list>
<pin id="179" dir="0" index="0" bw="1" slack="1"/>
<pin id="180" dir="1" index="1" bw="1" slack="2147483647"/>
</pin_list>
<bind>
<opset="tmp "/>
</bind>
</comp>

<comp id="182" class="1005" name="p_ZL15pre_eligibility_0_addr_reg_182">
<pin_list>
<pin id="183" dir="0" index="0" bw="7" slack="1"/>
<pin id="184" dir="1" index="1" bw="7" slack="1"/>
</pin_list>
<bind>
<opset="p_ZL15pre_eligibility_0_addr "/>
</bind>
</comp>

<comp id="188" class="1005" name="p_ZL15pre_eligibility_1_addr_reg_188">
<pin_list>
<pin id="189" dir="0" index="0" bw="7" slack="1"/>
<pin id="190" dir="1" index="1" bw="7" slack="1"/>
</pin_list>
<bind>
<opset="p_ZL15pre_eligibility_1_addr "/>
</bind>
</comp>

<comp id="194" class="1005" name="sub_ln521_reg_194">
<pin_list>
<pin id="195" dir="0" index="0" bw="8" slack="1"/>
<pin id="196" dir="1" index="1" bw="8" slack="1"/>
</pin_list>
<bind>
<opset="sub_ln521 "/>
</bind>
</comp>

<comp id="199" class="1005" name="sub_ln521_1_reg_199">
<pin_list>
<pin id="200" dir="0" index="0" bw="8" slack="1"/>
<pin id="201" dir="1" index="1" bw="8" slack="1"/>
</pin_list>
<bind>
<opset="sub_ln521_1 "/>
</bind>
</comp>

</comp_list>

<net_list>
<net id="53"><net_src comp="4" pin="0"/><net_sink comp="50" pin=0"/></net>

<net id="59"><net_src comp="0" pin="0"/><net_sink comp="54" pin=0"/></net>

<net id="60"><net_src comp="26" pin="0"/><net_sink comp="54" pin=1"/></net>

<net id="66"><net_src comp="54" pin="3"/><net_sink comp="61" pin=0"/></net>

<net id="72"><net_src comp="2" pin="0"/><net_sink comp="67" pin=0"/></net>

<net id="73"><net_src comp="26" pin="0"/><net_sink comp="67" pin=1"/></net>

<net id="79"><net_src comp="67" pin="3"/><net_sink comp="74" pin=0"/></net>

<net id="92"><net_src comp="16" pin="0"/><net_sink comp="88" pin=0"/></net>

<net id="101"><net_src comp="18" pin="0"/><net_sink comp="96" pin=0"/></net>

<net id="102"><net_src comp="93" pin="1"/><net_sink comp="96" pin=1"/></net>

<net id="103"><net_src comp="20" pin="0"/><net_sink comp="96" pin=2"/></net>

<net id="110"><net_src comp="22" pin="0"/><net_sink comp="104" pin=0"/></net>

<net id="111"><net_src comp="93" pin="1"/><net_sink comp="104" pin=1"/></net>

<net id="112"><net_src comp="4" pin="0"/><net_sink comp="104" pin=2"/></net>

<net id="113"><net_src comp="24" pin="0"/><net_sink comp="104" pin=3"/></net>

<net id="117"><net_src comp="104" pin="4"/><net_sink comp="114" pin=0"/></net>

<net id="118"><net_src comp="114" pin="1"/><net_sink comp="54" pin=2"/></net>

<net id="119"><net_src comp="114" pin="1"/><net_sink comp="67" pin=2"/></net>

<net id="124"><net_src comp="93" pin="1"/><net_sink comp="120" pin=0"/></net>

<net id="125"><net_src comp="28" pin="0"/><net_sink comp="120" pin=1"/></net>

<net id="130"><net_src comp="120" pin="2"/><net_sink comp="126" pin=0"/></net>

<net id="137"><net_src comp="30" pin="0"/><net_sink comp="131" pin=0"/></net>

<net id="138"><net_src comp="61" pin="3"/><net_sink comp="131" pin=1"/></net>

<net id="139"><net_src comp="32" pin="0"/><net_sink comp="131" pin=2"/></net>

<net id="140"><net_src comp="24" pin="0"/><net_sink comp="131" pin=3"/></net>

<net id="144"><net_src comp="131" pin="4"/><net_sink comp="141" pin=0"/></net>

<net id="149"><net_src comp="61" pin="3"/><net_sink comp="145" pin=0"/></net>

<net id="150"><net_src comp="141" pin="1"/><net_sink comp="145" pin=1"/></net>

<net id="157"><net_src comp="30" pin="0"/><net_sink comp="151" pin=0"/></net>

<net id="158"><net_src comp="74" pin="3"/><net_sink comp="151" pin=1"/></net>

<net id="159"><net_src comp="32" pin="0"/><net_sink comp="151" pin=2"/></net>

<net id="160"><net_src comp="24" pin="0"/><net_sink comp="151" pin=3"/></net>

<net id="164"><net_src comp="151" pin="4"/><net_sink comp="161" pin=0"/></net>

<net id="169"><net_src comp="74" pin="3"/><net_sink comp="165" pin=0"/></net>

<net id="170"><net_src comp="161" pin="1"/><net_sink comp="165" pin=1"/></net>

<net id="174"><net_src comp="50" pin="1"/><net_sink comp="171" pin=0"/></net>

<net id="175"><net_src comp="171" pin="1"/><net_sink comp="88" pin=1"/></net>

<net id="176"><net_src comp="171" pin="1"/><net_sink comp="93" pin=0"/></net>

<net id="177"><net_src comp="171" pin="1"/><net_sink comp="126" pin=1"/></net>

<net id="181"><net_src comp="96" pin="3"/><net_sink comp="178" pin=0"/></net>

<net id="185"><net_src comp="54" pin="3"/><net_sink comp="182" pin=0"/></net>

<net id="186"><net_src comp="182" pin="1"/><net_sink comp="61" pin=0"/></net>

<net id="187"><net_src comp="182" pin="1"/><net_sink comp="61" pin=2"/></net>

<net id="191"><net_src comp="67" pin="3"/><net_sink comp="188" pin=0"/></net>

<net id="192"><net_src comp="188" pin="1"/><net_sink comp="74" pin=0"/></net>

<net id="193"><net_src comp="188" pin="1"/><net_sink comp="74" pin=2"/></net>

<net id="197"><net_src comp="145" pin="2"/><net_sink comp="194" pin=0"/></net>

<net id="198"><net_src comp="194" pin="1"/><net_sink comp="61" pin=4"/></net>

<net id="202"><net_src comp="165" pin="2"/><net_sink comp="199" pin=0"/></net>

<net id="203"><net_src comp="199" pin="1"/><net_sink comp="74" pin=4"/></net>

</net_list>

</model> 
---------------- Datapath Model END ------------------

* FSMD analyzer results:
  - Output states:
	Port: p_ZL15pre_eligibility_0 | {3 }
	Port: p_ZL15pre_eligibility_1 | {3 }
 - Input state : 
	Port: decay_eligibility_traces_Pipeline_DECAY_PRE : p_ZL15pre_eligibility_0 | {1 2 }
	Port: decay_eligibility_traces_Pipeline_DECAY_PRE : p_ZL15pre_eligibility_1 | {1 2 }
  - Chain level:
	State 1
		store_ln515 : 1
		i_7 : 1
		tmp : 2
		br_ln515 : 3
		lshr_ln : 2
		zext_ln515 : 3
		p_ZL15pre_eligibility_0_addr : 4
		trace : 5
		p_ZL15pre_eligibility_1_addr : 4
		trace_2 : 5
		add_ln515 : 2
		store_ln515 : 3
	State 2
		trunc_ln : 1
		sext_ln521 : 2
		sub_ln521 : 3
		trunc_ln521_1 : 1
		sext_ln521_1 : 2
		sub_ln521_1 : 3
	State 3


============================================================
+ Verbose Summary: Datapath Resource usage 
============================================================

* Functional unit list:
|----------|----------------------|---------|---------|
| Operation|    Functional Unit   |    FF   |   LUT   |
|----------|----------------------|---------|---------|
|    sub   |   sub_ln521_fu_145   |    0    |    15   |
|          |  sub_ln521_1_fu_165  |    0    |    15   |
|----------|----------------------|---------|---------|
|    add   |   add_ln515_fu_120   |    0    |    14   |
|----------|----------------------|---------|---------|
| bitselect|       tmp_fu_96      |    0    |    0    |
|----------|----------------------|---------|---------|
|          |    lshr_ln_fu_104    |    0    |    0    |
|partselect|    trunc_ln_fu_131   |    0    |    0    |
|          | trunc_ln521_1_fu_151 |    0    |    0    |
|----------|----------------------|---------|---------|
|   zext   |   zext_ln515_fu_114  |    0    |    0    |
|----------|----------------------|---------|---------|
|   sext   |   sext_ln521_fu_141  |    0    |    0    |
|          |  sext_ln521_1_fu_161 |    0    |    0    |
|----------|----------------------|---------|---------|
|   Total  |                      |    0    |    44   |
|----------|----------------------|---------|---------|

Memories:
N/A

* Register list:
+------------------------------------+--------+
|                                    |   FF   |
+------------------------------------+--------+
|              i_reg_171             |    9   |
|p_ZL15pre_eligibility_0_addr_reg_182|    7   |
|p_ZL15pre_eligibility_1_addr_reg_188|    7   |
|         sub_ln521_1_reg_199        |    8   |
|          sub_ln521_reg_194         |    8   |
|             tmp_reg_178            |    1   |
+------------------------------------+--------+
|                Total               |   40   |
+------------------------------------+--------+

* Multiplexer (MUX) list: 
|------------------|------|------|------|--------||---------||---------||---------|
|       Comp       |  Pin | Size |  BW  | S x BW ||  Delay  ||    FF   ||   LUT   |
|------------------|------|------|------|--------||---------||---------||---------|
| grp_access_fu_61 |  p0  |   2  |   7  |   14   ||    0    ||    9    |
| grp_access_fu_74 |  p0  |   2  |   7  |   14   ||    0    ||    9    |
|------------------|------|------|------|--------||---------||---------||---------|
|       Total      |      |      |      |   28   ||  3.176  ||    0    ||    18   |
|------------------|------|------|------|--------||---------||---------||---------|



* Summary:
+-----------+--------+--------+--------+
|           |  Delay |   FF   |   LUT  |
+-----------+--------+--------+--------+
|  Function |    -   |    0   |   44   |
|   Memory  |    -   |    -   |    -   |
|Multiplexer|    3   |    0   |   18   |
|  Register |    -   |   40   |    -   |
+-----------+--------+--------+--------+
|   Total   |    3   |   40   |   62   |
+-----------+--------+--------+--------+
