

================================================================
== Vitis HLS Report for 'decay_eligibility_traces_Pipeline_DECAY_POST'
================================================================
* Date:           Tue Feb 10 18:59:25 2026

* Version:        2025.2 (Build 6295257 on Nov 14 2025)
* Project:        hls_csim_output
* Solution:       hls (Vivado IP Flow Target)
* Product family: zynq
* Target device:  xc7z020-clg400-1


================================================================
== Performance Estimates
================================================================
+ Timing: 
    * Summary: 
    +--------+----------+----------+------------+
    |  Clock |  Target  | Estimated| Uncertainty|
    +--------+----------+----------+------------+
    |ap_clk  |  10.00 ns|  5.169 ns|     2.70 ns|
    +--------+----------+----------+------------+

+ Latency: 
    * Summary: 
    +---------+---------+----------+----------+-----+-----+-------------------+
    |  Latency (cycles) |  Latency (absolute) |  Interval |      Pipeline     |
    |   min   |   max   |    min   |    max   | min | max |        Type       |
    +---------+---------+----------+----------+-----+-----+-------------------+
    |      131|      131|  1.310 us|  1.310 us|    0|    0|  loop pipeline stp|
    +---------+---------+----------+----------+-----+-----+-------------------+

    + Detail: 
        * Instance: 
        N/A

        * Loop: 
        +--------------+---------+---------+----------+-----------+-----------+------+----------+
        |              |  Latency (cycles) | Iteration|  Initiation Interval  | Trip |          |
        |   Loop Name  |   min   |   max   |  Latency |  achieved |   target  | Count| Pipelined|
        +--------------+---------+---------+----------+-----------+-----------+------+----------+
        |- DECAY_POST  |      129|      129|         3|          1|          1|   128|       yes|
        +--------------+---------+---------+----------+-----------+-----------+------+----------+

============================================================
+ Verbose Summary: Synthesis Manager
============================================================
InlineROM: 1
ExposeGlobal: 0
============================================================
+ Verbose Summary: CDFG Model
============================================================
IsTopModel: 0
ResetActiveHigh: 1
IsCombinational: 0
IsDatapathOnly: 0
HasWiredReturn: 1
HasMFsm: 2
HasVarLatency: 1
IsPipeline: 0
IsRtlPipelined: 0
IsInstanceOverlapped: 0
IsDontTouch: 0
HasImplIP: 0
IsGatedGlobalClock: 0

+ Individual pipeline summary: 
  * Pipeline-0: initiation interval (II) = 1, depth = 3


============================================================
+ Verbose Summary: Schedule
============================================================
* Number of FSM states : 3
* Pipeline : 1
  Pipeline-0 : II = 1, D = 3, States = { 1 2 3 }
* Dataflow Pipeline: 0

* FSM state transitions: 
1 --> 2 
2 --> 3 
3 --> 

* FSM state operations: 

State 1 <SV = 0> <Delay = 4.99>
ST_1 : Operation 6 [1/1] (0.00ns)   --->   "%j = alloca i32 1" [src/snn_top_hls.cpp:525]   --->   Operation 6 'alloca' 'j' <Predicate = true> <Delay = 0.00>
ST_1 : Operation 7 [1/1] (0.00ns)   --->   "%specmemcore_ln0 = specmemcore void @_ssdm_op_SpecMemCore, i8 %p_ZL16post_eligibility_0, i64 666, i64 22, i64 18446744073709551615, i1 0"   --->   Operation 7 'specmemcore' 'specmemcore_ln0' <Predicate = true> <Delay = 0.00>
ST_1 : Operation 8 [1/1] (0.00ns)   --->   "%specmemcore_ln0 = specmemcore void @_ssdm_op_SpecMemCore, i8 %p_ZL16post_eligibility_1, i64 666, i64 22, i64 18446744073709551615, i1 0"   --->   Operation 8 'specmemcore' 'specmemcore_ln0' <Predicate = true> <Delay = 0.00>
ST_1 : Operation 9 [1/1] (1.58ns)   --->   "%store_ln525 = store i9 0, i9 %j" [src/snn_top_hls.cpp:525]   --->   Operation 9 'store' 'store_ln525' <Predicate = true> <Delay = 1.58>
ST_1 : Operation 10 [1/1] (0.00ns)   --->   "%br_ln0 = br void %for.inc17"   --->   Operation 10 'br' 'br_ln0' <Predicate = true> <Delay = 0.00>
ST_1 : Operation 11 [1/1] (0.00ns)   --->   "%j_2 = load i9 %j" [src/snn_top_hls.cpp:525]   --->   Operation 11 'load' 'j_2' <Predicate = true> <Delay = 0.00>
ST_1 : Operation 12 [1/1] (0.00ns)   --->   "%tmp = bitselect i1 @_ssdm_op_BitSelect.i1.i9.i32, i9 %j_2, i32 8" [src/snn_top_hls.cpp:525]   --->   Operation 12 'bitselect' 'tmp' <Predicate = true> <Delay = 0.00>
ST_1 : Operation 13 [1/1] (0.00ns)   --->   "%br_ln525 = br i1 %tmp, void %for.inc17.split, void %for.end19.exitStub" [src/snn_top_hls.cpp:525]   --->   Operation 13 'br' 'br_ln525' <Predicate = true> <Delay = 0.00>
ST_1 : Operation 14 [1/1] (0.00ns)   --->   "%lshr_ln = partselect i7 @_ssdm_op_PartSelect.i7.i9.i32.i32, i9 %j_2, i32 1, i32 7" [src/snn_top_hls.cpp:525]   --->   Operation 14 'partselect' 'lshr_ln' <Predicate = (!tmp)> <Delay = 0.00>
ST_1 : Operation 15 [1/1] (0.00ns)   --->   "%zext_ln525 = zext i7 %lshr_ln" [src/snn_top_hls.cpp:525]   --->   Operation 15 'zext' 'zext_ln525' <Predicate = (!tmp)> <Delay = 0.00>
ST_1 : Operation 16 [1/1] (0.00ns)   --->   "%p_ZL16post_eligibility_0_addr = getelementptr i8 %p_ZL16post_eligibility_0, i64 0, i64 %zext_ln525" [src/snn_top_hls.cpp:529]   --->   Operation 16 'getelementptr' 'p_ZL16post_eligibility_0_addr' <Predicate = (!tmp)> <Delay = 0.00>
ST_1 : Operation 17 [2/2] (3.25ns)   --->   "%trace = load i7 %p_ZL16post_eligibility_0_addr" [src/snn_top_hls.cpp:529]   --->   Operation 17 'load' 'trace' <Predicate = (!tmp)> <Delay = 3.25> <CoreInst = "RAM_2P_BRAM">   --->   Core 90 'RAM_2P_BRAM' <Latency = 1> <II = 1> <Delay = 3.25> <Storage> <Opcode : 'load' 'store'> <Ports = 2> <Width = 8> <Depth = 128> <RAM>
ST_1 : Operation 18 [1/1] (0.00ns)   --->   "%p_ZL16post_eligibility_1_addr = getelementptr i8 %p_ZL16post_eligibility_1, i64 0, i64 %zext_ln525" [src/snn_top_hls.cpp:529]   --->   Operation 18 'getelementptr' 'p_ZL16post_eligibility_1_addr' <Predicate = (!tmp)> <Delay = 0.00>
ST_1 : Operation 19 [2/2] (3.25ns)   --->   "%trace_4 = load i7 %p_ZL16post_eligibility_1_addr" [src/snn_top_hls.cpp:529]   --->   Operation 19 'load' 'trace_4' <Predicate = (!tmp)> <Delay = 3.25> <CoreInst = "RAM_2P_BRAM">   --->   Core 90 'RAM_2P_BRAM' <Latency = 1> <II = 1> <Delay = 3.25> <Storage> <Opcode : 'load' 'store'> <Ports = 2> <Width = 8> <Depth = 128> <RAM>
ST_1 : Operation 20 [1/1] (1.82ns)   --->   "%add_ln525 = add i9 %j_2, i9 2" [src/snn_top_hls.cpp:525]   --->   Operation 20 'add' 'add_ln525' <Predicate = (!tmp)> <Delay = 1.82> <CoreInst = "Adder">   --->   Core 1 'Adder' <Latency = 0> <II = 1> <Delay = 1.82> <FuncUnit> <Opcode : 'add' 'sub'> <InPorts = 2> <OutPorts = 1>
ST_1 : Operation 21 [1/1] (1.58ns)   --->   "%store_ln525 = store i9 %add_ln525, i9 %j" [src/snn_top_hls.cpp:525]   --->   Operation 21 'store' 'store_ln525' <Predicate = (!tmp)> <Delay = 1.58>

State 2 <SV = 1> <Delay = 5.16>
ST_2 : Operation 22 [1/2] ( I:3.25ns O:3.25ns )   --->   "%trace = load i7 %p_ZL16post_eligibility_0_addr" [src/snn_top_hls.cpp:529]   --->   Operation 22 'load' 'trace' <Predicate = true> <Delay = 3.25> <CoreInst = "RAM_2P_BRAM">   --->   Core 90 'RAM_2P_BRAM' <Latency = 1> <II = 1> <Delay = 3.25> <Storage> <Opcode : 'load' 'store'> <Ports = 2> <Width = 8> <Depth = 128> <RAM>
ST_2 : Operation 23 [1/1] (0.00ns)   --->   "%trunc_ln = partselect i5 @_ssdm_op_PartSelect.i5.i8.i32.i32, i8 %trace, i32 3, i32 7" [src/snn_top_hls.cpp:530]   --->   Operation 23 'partselect' 'trunc_ln' <Predicate = true> <Delay = 0.00>
ST_2 : Operation 24 [1/1] (0.00ns)   --->   "%sext_ln530 = sext i5 %trunc_ln" [src/snn_top_hls.cpp:530]   --->   Operation 24 'sext' 'sext_ln530' <Predicate = true> <Delay = 0.00>
ST_2 : Operation 25 [1/1] (1.91ns)   --->   "%sub_ln530 = sub i8 %trace, i8 %sext_ln530" [src/snn_top_hls.cpp:530]   --->   Operation 25 'sub' 'sub_ln530' <Predicate = true> <Delay = 1.91> <CoreInst = "Adder">   --->   Core 1 'Adder' <Latency = 0> <II = 1> <Delay = 1.91> <FuncUnit> <Opcode : 'add' 'sub'> <InPorts = 2> <OutPorts = 1>
ST_2 : Operation 26 [1/2] ( I:3.25ns O:3.25ns )   --->   "%trace_4 = load i7 %p_ZL16post_eligibility_1_addr" [src/snn_top_hls.cpp:529]   --->   Operation 26 'load' 'trace_4' <Predicate = true> <Delay = 3.25> <CoreInst = "RAM_2P_BRAM">   --->   Core 90 'RAM_2P_BRAM' <Latency = 1> <II = 1> <Delay = 3.25> <Storage> <Opcode : 'load' 'store'> <Ports = 2> <Width = 8> <Depth = 128> <RAM>
ST_2 : Operation 27 [1/1] (0.00ns)   --->   "%trunc_ln530_1 = partselect i5 @_ssdm_op_PartSelect.i5.i8.i32.i32, i8 %trace_4, i32 3, i32 7" [src/snn_top_hls.cpp:530]   --->   Operation 27 'partselect' 'trunc_ln530_1' <Predicate = true> <Delay = 0.00>
ST_2 : Operation 28 [1/1] (0.00ns)   --->   "%sext_ln530_1 = sext i5 %trunc_ln530_1" [src/snn_top_hls.cpp:530]   --->   Operation 28 'sext' 'sext_ln530_1' <Predicate = true> <Delay = 0.00>
ST_2 : Operation 29 [1/1] (1.91ns)   --->   "%sub_ln530_1 = sub i8 %trace_4, i8 %sext_ln530_1" [src/snn_top_hls.cpp:530]   --->   Operation 29 'sub' 'sub_ln530_1' <Predicate = true> <Delay = 1.91> <CoreInst = "Adder">   --->   Core 1 'Adder' <Latency = 0> <II = 1> <Delay = 1.91> <FuncUnit> <Opcode : 'add' 'sub'> <InPorts = 2> <OutPorts = 1>
ST_2 : Operation 36 [1/1] (1.58ns)   --->   "%ret_ln0 = ret"   --->   Operation 36 'ret' 'ret_ln0' <Predicate = (tmp)> <Delay = 1.58>

State 3 <SV = 2> <Delay = 3.25>
ST_3 : Operation 30 [1/1] (0.00ns)   --->   "%specpipeline_ln526 = specpipeline void @_ssdm_op_SpecPipeline, i32 1, i32 0, i32 0, i32 0, i32 4294967295, void @empty_3" [src/snn_top_hls.cpp:526]   --->   Operation 30 'specpipeline' 'specpipeline_ln526' <Predicate = true> <Delay = 0.00>
ST_3 : Operation 31 [1/1] (0.00ns)   --->   "%speclooptripcount_ln525 = speclooptripcount void @_ssdm_op_SpecLoopTripCount, i64 128, i64 128, i64 128" [src/snn_top_hls.cpp:525]   --->   Operation 31 'speclooptripcount' 'speclooptripcount_ln525' <Predicate = true> <Delay = 0.00>
ST_3 : Operation 32 [1/1] (0.00ns)   --->   "%specloopname_ln525 = specloopname void @_ssdm_op_SpecLoopName, void @empty_28" [src/snn_top_hls.cpp:525]   --->   Operation 32 'specloopname' 'specloopname_ln525' <Predicate = true> <Delay = 0.00>
ST_3 : Operation 33 [1/1] ( I:3.25ns O:3.25ns )   --->   "%store_ln530 = store i8 %sub_ln530, i7 %p_ZL16post_eligibility_0_addr" [src/snn_top_hls.cpp:530]   --->   Operation 33 'store' 'store_ln530' <Predicate = true> <Delay = 3.25> <CoreInst = "RAM_2P_BRAM">   --->   Core 90 'RAM_2P_BRAM' <Latency = 1> <II = 1> <Delay = 3.25> <Storage> <Opcode : 'load' 'store'> <Ports = 2> <Width = 8> <Depth = 128> <RAM>
ST_3 : Operation 34 [1/1] ( I:3.25ns O:3.25ns )   --->   "%store_ln530 = store i8 %sub_ln530_1, i7 %p_ZL16post_eligibility_1_addr" [src/snn_top_hls.cpp:530]   --->   Operation 34 'store' 'store_ln530' <Predicate = true> <Delay = 3.25> <CoreInst = "RAM_2P_BRAM">   --->   Core 90 'RAM_2P_BRAM' <Latency = 1> <II = 1> <Delay = 3.25> <Storage> <Opcode : 'load' 'store'> <Ports = 2> <Width = 8> <Depth = 128> <RAM>
ST_3 : Operation 35 [1/1] (0.00ns)   --->   "%br_ln525 = br void %for.inc17" [src/snn_top_hls.cpp:525]   --->   Operation 35 'br' 'br_ln525' <Predicate = true> <Delay = 0.00>


============================================================
+ Verbose Summary: Timing violations
============================================================
Target clock period: 10.000ns, clock uncertainty: 2.700ns.

 <State 1>: 4.999ns
The critical path consists of the following:
	'store' operation ('store_ln525', src/snn_top_hls.cpp:525) of constant 0 9 bit on local variable 'j', src/snn_top_hls.cpp:525 [6]  (1.588 ns)
	'load' operation 9 bit ('j', src/snn_top_hls.cpp:525) on local variable 'j', src/snn_top_hls.cpp:525 [9]  (0.000 ns)
	'add' operation 9 bit ('add_ln525', src/snn_top_hls.cpp:525) [30]  (1.823 ns)
	'store' operation ('store_ln525', src/snn_top_hls.cpp:525) of variable 'add_ln525', src/snn_top_hls.cpp:525 9 bit on local variable 'j', src/snn_top_hls.cpp:525 [31]  (1.588 ns)

 <State 2>: 5.169ns
The critical path consists of the following:
	'load' operation 8 bit ('trace', src/snn_top_hls.cpp:529) on array 'p_ZL16post_eligibility_0' [19]  (3.254 ns)
	'sub' operation 8 bit ('sub_ln530', src/snn_top_hls.cpp:530) [22]  (1.915 ns)

 <State 3>: 3.254ns
The critical path consists of the following:
	'store' operation ('store_ln530', src/snn_top_hls.cpp:530) of variable 'sub_ln530', src/snn_top_hls.cpp:530 8 bit on array 'p_ZL16post_eligibility_0' [28]  (3.254 ns)


============================================================
+ Verbose Summary: Binding
============================================================
N/A
* FSMD analyzer results:
  - Output states:
 - Input state : 
  - Chain level:
	State 1
	State 2
	State 3


============================================================
+ Verbose Summary: Datapath Resource usage 
============================================================
N/A
