

================================================================
== Vitis HLS Report for 'encoder_reset_temporal_state'
================================================================
* Date:           Tue Feb 10 18:59:24 2026

* Version:        2025.2 (Build 6295257 on Nov 14 2025)
* Project:        hls_csim_output
* Solution:       hls (Vivado IP Flow Target)
* Product family: zynq
* Target device:  xc7z020-clg400-1


================================================================
== Performance Estimates
================================================================
+ Timing: 
    * Summary: 
    +--------+----------+----------+------------+
    |  Clock |  Target  | Estimated| Uncertainty|
    +--------+----------+----------+------------+
    |ap_clk  |  10.00 ns|  6.573 ns|     2.70 ns|
    +--------+----------+----------+------------+

+ Latency: 
    * Summary: 
    +---------+---------+----------+----------+-----+-----+-------------------+
    |  Latency (cycles) |  Latency (absolute) |  Interval |      Pipeline     |
    |   min   |   max   |    min   |    max   | min | max |        Type       |
    +---------+---------+----------+----------+-----+-----+-------------------+
    |      786|      786|  7.860 us|  7.860 us|    0|    0|  loop pipeline stp|
    +---------+---------+----------+----------+-----+-----+-------------------+

    + Detail: 
        * Instance: 
        N/A

        * Loop: 
        +-------------------+---------+---------+----------+-----------+-----------+------+----------+
        |                   |  Latency (cycles) | Iteration|  Initiation Interval  | Trip |          |
        |     Loop Name     |   min   |   max   |  Latency |  achieved |   target  | Count| Pipelined|
        +-------------------+---------+---------+----------+-----------+-----------+------+----------+
        |- VITIS_LOOP_48_1  |      784|      784|         1|          1|          1|   784|       yes|
        +-------------------+---------+---------+----------+-----------+-----------+------+----------+

============================================================
+ Verbose Summary: Synthesis Manager
============================================================
InlineROM: 1
ExposeGlobal: 0
============================================================
+ Verbose Summary: CDFG Model
============================================================
IsTopModel: 0
ResetActiveHigh: 1
IsCombinational: 0
IsDatapathOnly: 0
HasWiredReturn: 1
HasMFsm: 2
HasVarLatency: 1
IsPipeline: 0
IsRtlPipelined: 0
IsInstanceOverlapped: 0
IsDontTouch: 0
HasImplIP: 0
IsGatedGlobalClock: 0

+ Individual pipeline summary: 
  * Pipeline-0: initiation interval (II) = 1, depth = 1


============================================================
+ Verbose Summary: Schedule
============================================================
* Number of FSM states : 1
* Pipeline : 1
  Pipeline-0 : II = 1, D = 1, States = { 1 }
* Dataflow Pipeline: 0

* FSM state transitions: 
1 --> 

* FSM state operations: 

State 1 <SV = 0> <Delay = 6.57>
ST_1 : Operation 4 [1/1] (0.00ns)   --->   "%i = alloca i32 1" [src/snn_top_hls.cpp:48]   --->   Operation 4 'alloca' 'i' <Predicate = true> <Delay = 0.00>
ST_1 : Operation 5 [1/1] (0.00ns)   --->   "%specmemcore_ln0 = specmemcore void @_ssdm_op_SpecMemCore, i32 %p_ZL22encoder_temporal_start_0, i64 666, i64 22, i64 18446744073709551615, i1 0"   --->   Operation 5 'specmemcore' 'specmemcore_ln0' <Predicate = true> <Delay = 0.00>
ST_1 : Operation 6 [1/1] (0.00ns)   --->   "%specmemcore_ln0 = specmemcore void @_ssdm_op_SpecMemCore, i32 %p_ZL22encoder_temporal_start_1, i64 666, i64 22, i64 18446744073709551615, i1 0"   --->   Operation 6 'specmemcore' 'specmemcore_ln0' <Predicate = true> <Delay = 0.00>
ST_1 : Operation 7 [1/1] (0.00ns)   --->   "%specmemcore_ln0 = specmemcore void @_ssdm_op_SpecMemCore, i1 %p_ZL22encoder_temporal_fired_0, i64 666, i64 22, i64 18446744073709551615, i1 0"   --->   Operation 7 'specmemcore' 'specmemcore_ln0' <Predicate = true> <Delay = 0.00>
ST_1 : Operation 8 [1/1] (0.00ns)   --->   "%specmemcore_ln0 = specmemcore void @_ssdm_op_SpecMemCore, i1 %p_ZL22encoder_temporal_fired_1, i64 666, i64 22, i64 18446744073709551615, i1 0"   --->   Operation 8 'specmemcore' 'specmemcore_ln0' <Predicate = true> <Delay = 0.00>
ST_1 : Operation 9 [1/1] (0.00ns)   --->   "%now_val_read = read i32 @_ssdm_op_Read.ap_auto.i32, i32 %now_val" [src/snn_top_hls.cpp:48]   --->   Operation 9 'read' 'now_val_read' <Predicate = true> <Delay = 0.00>
ST_1 : Operation 10 [1/1] (1.58ns)   --->   "%store_ln48 = store i10 0, i10 %i" [src/snn_top_hls.cpp:48]   --->   Operation 10 'store' 'store_ln48' <Predicate = true> <Delay = 1.58>
ST_1 : Operation 11 [1/1] (0.00ns)   --->   "%br_ln48 = br void %for.inc" [src/snn_top_hls.cpp:48]   --->   Operation 11 'br' 'br_ln48' <Predicate = true> <Delay = 0.00>
ST_1 : Operation 12 [1/1] (0.00ns)   --->   "%i_6 = load i10 %i" [src/snn_top_hls.cpp:48]   --->   Operation 12 'load' 'i_6' <Predicate = true> <Delay = 0.00>
ST_1 : Operation 13 [1/1] (1.73ns)   --->   "%icmp_ln48 = icmp_eq  i10 %i_6, i10 784" [src/snn_top_hls.cpp:48]   --->   Operation 13 'icmp' 'icmp_ln48' <Predicate = true> <Delay = 1.73> <CoreInst = "Cmp">   --->   Core 9 'Cmp' <Latency = 0> <II = 1> <Delay = 1.73> <FuncUnit> <Opcode : 'seteq' 'setne' 'setle' 'setge' 'setlt' 'setgt'> <InPorts = 2> <OutPorts = 1>
ST_1 : Operation 14 [1/1] (1.73ns)   --->   "%add_ln48 = add i10 %i_6, i10 1" [src/snn_top_hls.cpp:48]   --->   Operation 14 'add' 'add_ln48' <Predicate = true> <Delay = 1.73> <CoreInst = "Adder">   --->   Core 1 'Adder' <Latency = 0> <II = 1> <Delay = 1.73> <FuncUnit> <Opcode : 'add' 'sub'> <InPorts = 2> <OutPorts = 1>
ST_1 : Operation 15 [1/1] (0.00ns)   --->   "%br_ln48 = br i1 %icmp_ln48, void %for.inc.split, void %for.end" [src/snn_top_hls.cpp:48]   --->   Operation 15 'br' 'br_ln48' <Predicate = true> <Delay = 0.00>
ST_1 : Operation 16 [1/1] (0.00ns)   --->   "%trunc_ln48 = trunc i10 %i_6" [src/snn_top_hls.cpp:48]   --->   Operation 16 'trunc' 'trunc_ln48' <Predicate = (!icmp_ln48)> <Delay = 0.00>
ST_1 : Operation 17 [1/1] (0.00ns)   --->   "%specpipeline_ln49 = specpipeline void @_ssdm_op_SpecPipeline, i32 1, i32 0, i32 0, i32 0, i32 4294967295, void @empty_3" [src/snn_top_hls.cpp:49]   --->   Operation 17 'specpipeline' 'specpipeline_ln49' <Predicate = (!icmp_ln48)> <Delay = 0.00>
ST_1 : Operation 18 [1/1] (0.00ns)   --->   "%speclooptripcount_ln48 = speclooptripcount void @_ssdm_op_SpecLoopTripCount, i64 784, i64 784, i64 784" [src/snn_top_hls.cpp:48]   --->   Operation 18 'speclooptripcount' 'speclooptripcount_ln48' <Predicate = (!icmp_ln48)> <Delay = 0.00>
ST_1 : Operation 19 [1/1] (0.00ns)   --->   "%specloopname_ln48 = specloopname void @_ssdm_op_SpecLoopName, void @empty_24" [src/snn_top_hls.cpp:48]   --->   Operation 19 'specloopname' 'specloopname_ln48' <Predicate = (!icmp_ln48)> <Delay = 0.00>
ST_1 : Operation 20 [1/1] (0.00ns)   --->   "%lshr_ln = partselect i9 @_ssdm_op_PartSelect.i9.i10.i32.i32, i10 %i_6, i32 1, i32 9" [src/snn_top_hls.cpp:48]   --->   Operation 20 'partselect' 'lshr_ln' <Predicate = (!icmp_ln48)> <Delay = 0.00>
ST_1 : Operation 21 [1/1] (0.00ns)   --->   "%zext_ln48 = zext i9 %lshr_ln" [src/snn_top_hls.cpp:48]   --->   Operation 21 'zext' 'zext_ln48' <Predicate = (!icmp_ln48)> <Delay = 0.00>
ST_1 : Operation 22 [1/1] (0.00ns)   --->   "%p_ZL22encoder_temporal_fired_0_addr = getelementptr i1 %p_ZL22encoder_temporal_fired_0, i64 0, i64 %zext_ln48" [src/snn_top_hls.cpp:50]   --->   Operation 22 'getelementptr' 'p_ZL22encoder_temporal_fired_0_addr' <Predicate = (!icmp_ln48)> <Delay = 0.00>
ST_1 : Operation 23 [1/1] (0.00ns)   --->   "%p_ZL22encoder_temporal_fired_1_addr = getelementptr i1 %p_ZL22encoder_temporal_fired_1, i64 0, i64 %zext_ln48" [src/snn_top_hls.cpp:50]   --->   Operation 23 'getelementptr' 'p_ZL22encoder_temporal_fired_1_addr' <Predicate = (!icmp_ln48)> <Delay = 0.00>
ST_1 : Operation 24 [1/1] (0.00ns)   --->   "%p_ZL22encoder_temporal_start_0_addr = getelementptr i32 %p_ZL22encoder_temporal_start_0, i64 0, i64 %zext_ln48" [src/snn_top_hls.cpp:51]   --->   Operation 24 'getelementptr' 'p_ZL22encoder_temporal_start_0_addr' <Predicate = (!icmp_ln48)> <Delay = 0.00>
ST_1 : Operation 25 [1/1] (0.00ns)   --->   "%p_ZL22encoder_temporal_start_1_addr = getelementptr i32 %p_ZL22encoder_temporal_start_1, i64 0, i64 %zext_ln48" [src/snn_top_hls.cpp:51]   --->   Operation 25 'getelementptr' 'p_ZL22encoder_temporal_start_1_addr' <Predicate = (!icmp_ln48)> <Delay = 0.00>
ST_1 : Operation 26 [1/1] (0.00ns)   --->   "%br_ln50 = br i1 %trunc_ln48, void %arrayidx2.case.0, void %arrayidx2.case.1" [src/snn_top_hls.cpp:50]   --->   Operation 26 'br' 'br_ln50' <Predicate = (!icmp_ln48)> <Delay = 0.00>
ST_1 : Operation 27 [1/1] ( I:3.25ns O:3.25ns )   --->   "%store_ln50 = store i1 0, i9 %p_ZL22encoder_temporal_fired_0_addr" [src/snn_top_hls.cpp:50]   --->   Operation 27 'store' 'store_ln50' <Predicate = (!icmp_ln48 & !trunc_ln48)> <Delay = 3.25> <CoreInst = "RAM_2P_BRAM">   --->   Core 90 'RAM_2P_BRAM' <Latency = 1> <II = 1> <Delay = 3.25> <Storage> <Opcode : 'load' 'store'> <Ports = 2> <Width = 1> <Depth = 392> <RAM>
ST_1 : Operation 28 [1/1] ( I:3.25ns O:3.25ns )   --->   "%store_ln51 = store i32 %now_val_read, i9 %p_ZL22encoder_temporal_start_0_addr" [src/snn_top_hls.cpp:51]   --->   Operation 28 'store' 'store_ln51' <Predicate = (!icmp_ln48 & !trunc_ln48)> <Delay = 3.25> <CoreInst = "RAM_2P_BRAM">   --->   Core 90 'RAM_2P_BRAM' <Latency = 1> <II = 1> <Delay = 3.25> <Storage> <Opcode : 'load' 'store'> <Ports = 2> <Width = 32> <Depth = 392> <RAM>
ST_1 : Operation 29 [1/1] (0.00ns)   --->   "%br_ln51 = br void %arrayidx2.exit" [src/snn_top_hls.cpp:51]   --->   Operation 29 'br' 'br_ln51' <Predicate = (!icmp_ln48 & !trunc_ln48)> <Delay = 0.00>
ST_1 : Operation 30 [1/1] ( I:3.25ns O:3.25ns )   --->   "%store_ln50 = store i1 0, i9 %p_ZL22encoder_temporal_fired_1_addr" [src/snn_top_hls.cpp:50]   --->   Operation 30 'store' 'store_ln50' <Predicate = (!icmp_ln48 & trunc_ln48)> <Delay = 3.25> <CoreInst = "RAM_2P_BRAM">   --->   Core 90 'RAM_2P_BRAM' <Latency = 1> <II = 1> <Delay = 3.25> <Storage> <Opcode : 'load' 'store'> <Ports = 2> <Width = 1> <Depth = 392> <RAM>
ST_1 : Operation 31 [1/1] ( I:3.25ns O:3.25ns )   --->   "%store_ln51 = store i32 %now_val_read, i9 %p_ZL22encoder_temporal_start_1_addr" [src/snn_top_hls.cpp:51]   --->   Operation 31 'store' 'store_ln51' <Predicate = (!icmp_ln48 & trunc_ln48)> <Delay = 3.25> <CoreInst = "RAM_2P_BRAM">   --->   Core 90 'RAM_2P_BRAM' <Latency = 1> <II = 1> <Delay = 3.25> <Storage> <Opcode : 'load' 'store'> <Ports = 2> <Width = 32> <Depth = 392> <RAM>
ST_1 : Operation 32 [1/1] (0.00ns)   --->   "%br_ln51 = br void %arrayidx2.exit" [src/snn_top_hls.cpp:51]   --->   Operation 32 'br' 'br_ln51' <Predicate = (!icmp_ln48 & trunc_ln48)> <Delay = 0.00>
ST_1 : Operation 33 [1/1] (1.58ns)   --->   "%store_ln48 = store i10 %add_ln48, i10 %i" [src/snn_top_hls.cpp:48]   --->   Operation 33 'store' 'store_ln48' <Predicate = (!icmp_ln48)> <Delay = 1.58>
ST_1 : Operation 34 [1/1] (0.00ns)   --->   "%br_ln48 = br void %for.inc" [src/snn_top_hls.cpp:48]   --->   Operation 34 'br' 'br_ln48' <Predicate = (!icmp_ln48)> <Delay = 0.00>
ST_1 : Operation 35 [1/1] (1.58ns)   --->   "%ret_ln53 = ret" [src/snn_top_hls.cpp:53]   --->   Operation 35 'ret' 'ret_ln53' <Predicate = (icmp_ln48)> <Delay = 1.58>


============================================================
+ Verbose Summary: Timing violations
============================================================
Target clock period: 10.000ns, clock uncertainty: 2.700ns.

 <State 1>: 6.573ns
The critical path consists of the following:
	'store' operation ('store_ln48', src/snn_top_hls.cpp:48) of constant 0 10 bit on local variable 'i', src/snn_top_hls.cpp:48 [12]  (1.588 ns)
	'load' operation 10 bit ('i', src/snn_top_hls.cpp:48) on local variable 'i', src/snn_top_hls.cpp:48 [15]  (0.000 ns)
	'icmp' operation 1 bit ('icmp_ln48', src/snn_top_hls.cpp:48) [16]  (1.731 ns)
	'store' operation ('store_ln50', src/snn_top_hls.cpp:50) of constant 0 1 bit on array 'p_ZL22encoder_temporal_fired_1' [36]  (3.254 ns)


============================================================
+ Verbose Summary: Binding
============================================================
N/A
* FSMD analyzer results:
  - Output states:
 - Input state : 
  - Chain level:
	State 1


============================================================
+ Verbose Summary: Datapath Resource usage 
============================================================
N/A
