

================================================================
== Vitis HLS Report for 'encoder_reset_temporal_state'
================================================================
* Date:           Tue Feb 10 18:59:24 2026

* Version:        2025.2 (Build 6295257 on Nov 14 2025)
* Project:        hls_csim_output
* Solution:       hls (Vivado IP Flow Target)
* Product family: zynq
* Target device:  xc7z020-clg400-1


================================================================
== Performance Estimates
================================================================
+ Timing: 
    * Summary: 
    +--------+----------+----------+------------+
    |  Clock |  Target  | Estimated| Uncertainty|
    +--------+----------+----------+------------+
    |ap_clk  |  10.00 ns|  6.573 ns|     2.70 ns|
    +--------+----------+----------+------------+

+ Latency: 
    * Summary: 
    +---------+---------+----------+----------+-----+-----+-------------------+
    |  Latency (cycles) |  Latency (absolute) |  Interval |      Pipeline     |
    |   min   |   max   |    min   |    max   | min | max |        Type       |
    +---------+---------+----------+----------+-----+-----+-------------------+
    |      786|      786|  7.860 us|  7.860 us|    0|    0|  loop pipeline stp|
    +---------+---------+----------+----------+-----+-----+-------------------+

    + Detail: 
        * Instance: 
        N/A

        * Loop: 
        +-------------------+---------+---------+----------+-----------+-----------+------+----------+
        |                   |  Latency (cycles) | Iteration|  Initiation Interval  | Trip |          |
        |     Loop Name     |   min   |   max   |  Latency |  achieved |   target  | Count| Pipelined|
        +-------------------+---------+---------+----------+-----------+-----------+------+----------+
        |- VITIS_LOOP_48_1  |      784|      784|         1|          1|          1|   784|       yes|
        +-------------------+---------+---------+----------+-----------+-----------+------+----------+

============================================================
+ Verbose Summary: Synthesis Manager
============================================================
InlineROM: 1
ExposeGlobal: 0
============================================================
+ Verbose Summary: CDFG Model
============================================================
IsTopModel: 0
ResetActiveHigh: 1
IsCombinational: 0
IsDatapathOnly: 0
HasWiredReturn: 1
HasMFsm: 2
HasVarLatency: 1
IsPipeline: 0
IsRtlPipelined: 0
IsInstanceOverlapped: 0
IsDontTouch: 0
HasImplIP: 0
IsGatedGlobalClock: 0

+ Individual pipeline summary: 
  * Pipeline-0: initiation interval (II) = 1, depth = 1


============================================================
+ Verbose Summary: Schedule
============================================================
* Number of FSM states : 1
* Pipeline : 1
  Pipeline-0 : II = 1, D = 1, States = { 1 }
* Dataflow Pipeline: 0

* FSM state transitions: 
1 --> 

* FSM state operations: 

State 1 <SV = 0> <Delay = 6.57>
ST_1 : Operation 4 [1/1] (0.00ns)   --->   "%i = alloca i32 1" [src/snn_top_hls.cpp:48]   --->   Operation 4 'alloca' 'i' <Predicate = true> <Delay = 0.00>
ST_1 : Operation 5 [1/1] (0.00ns)   --->   "%specmemcore_ln0 = specmemcore void @_ssdm_op_SpecMemCore, i32 %p_ZL22encoder_temporal_start_0, i64 666, i64 22, i64 18446744073709551615, i1 0"   --->   Operation 5 'specmemcore' 'specmemcore_ln0' <Predicate = true> <Delay = 0.00>
ST_1 : Operation 6 [1/1] (0.00ns)   --->   "%specmemcore_ln0 = specmemcore void @_ssdm_op_SpecMemCore, i32 %p_ZL22encoder_temporal_start_1, i64 666, i64 22, i64 18446744073709551615, i1 0"   --->   Operation 6 'specmemcore' 'specmemcore_ln0' <Predicate = true> <Delay = 0.00>
ST_1 : Operation 7 [1/1] (0.00ns)   --->   "%specmemcore_ln0 = specmemcore void @_ssdm_op_SpecMemCore, i1 %p_ZL22encoder_temporal_fired_0, i64 666, i64 22, i64 18446744073709551615, i1 0"   --->   Operation 7 'specmemcore' 'specmemcore_ln0' <Predicate = true> <Delay = 0.00>
ST_1 : Operation 8 [1/1] (0.00ns)   --->   "%specmemcore_ln0 = specmemcore void @_ssdm_op_SpecMemCore, i1 %p_ZL22encoder_temporal_fired_1, i64 666, i64 22, i64 18446744073709551615, i1 0"   --->   Operation 8 'specmemcore' 'specmemcore_ln0' <Predicate = true> <Delay = 0.00>
ST_1 : Operation 9 [1/1] (0.00ns)   --->   "%now_val_read = read i32 @_ssdm_op_Read.ap_auto.i32, i32 %now_val" [src/snn_top_hls.cpp:48]   --->   Operation 9 'read' 'now_val_read' <Predicate = true> <Delay = 0.00>
ST_1 : Operation 10 [1/1] (1.58ns)   --->   "%store_ln48 = store i10 0, i10 %i" [src/snn_top_hls.cpp:48]   --->   Operation 10 'store' 'store_ln48' <Predicate = true> <Delay = 1.58>
ST_1 : Operation 11 [1/1] (0.00ns)   --->   "%br_ln48 = br void %for.inc" [src/snn_top_hls.cpp:48]   --->   Operation 11 'br' 'br_ln48' <Predicate = true> <Delay = 0.00>
ST_1 : Operation 12 [1/1] (0.00ns)   --->   "%i_6 = load i10 %i" [src/snn_top_hls.cpp:48]   --->   Operation 12 'load' 'i_6' <Predicate = true> <Delay = 0.00>
ST_1 : Operation 13 [1/1] (1.73ns)   --->   "%icmp_ln48 = icmp_eq  i10 %i_6, i10 784" [src/snn_top_hls.cpp:48]   --->   Operation 13 'icmp' 'icmp_ln48' <Predicate = true> <Delay = 1.73> <CoreInst = "Cmp">   --->   Core 9 'Cmp' <Latency = 0> <II = 1> <Delay = 1.73> <FuncUnit> <Opcode : 'seteq' 'setne' 'setle' 'setge' 'setlt' 'setgt'> <InPorts = 2> <OutPorts = 1>
ST_1 : Operation 14 [1/1] (1.73ns)   --->   "%add_ln48 = add i10 %i_6, i10 1" [src/snn_top_hls.cpp:48]   --->   Operation 14 'add' 'add_ln48' <Predicate = true> <Delay = 1.73> <CoreInst = "Adder">   --->   Core 1 'Adder' <Latency = 0> <II = 1> <Delay = 1.73> <FuncUnit> <Opcode : 'add' 'sub'> <InPorts = 2> <OutPorts = 1>
ST_1 : Operation 15 [1/1] (0.00ns)   --->   "%br_ln48 = br i1 %icmp_ln48, void %for.inc.split, void %for.end" [src/snn_top_hls.cpp:48]   --->   Operation 15 'br' 'br_ln48' <Predicate = true> <Delay = 0.00>
ST_1 : Operation 16 [1/1] (0.00ns)   --->   "%trunc_ln48 = trunc i10 %i_6" [src/snn_top_hls.cpp:48]   --->   Operation 16 'trunc' 'trunc_ln48' <Predicate = (!icmp_ln48)> <Delay = 0.00>
ST_1 : Operation 17 [1/1] (0.00ns)   --->   "%specpipeline_ln49 = specpipeline void @_ssdm_op_SpecPipeline, i32 1, i32 0, i32 0, i32 0, i32 4294967295, void @empty_3" [src/snn_top_hls.cpp:49]   --->   Operation 17 'specpipeline' 'specpipeline_ln49' <Predicate = (!icmp_ln48)> <Delay = 0.00>
ST_1 : Operation 18 [1/1] (0.00ns)   --->   "%speclooptripcount_ln48 = speclooptripcount void @_ssdm_op_SpecLoopTripCount, i64 784, i64 784, i64 784" [src/snn_top_hls.cpp:48]   --->   Operation 18 'speclooptripcount' 'speclooptripcount_ln48' <Predicate = (!icmp_ln48)> <Delay = 0.00>
ST_1 : Operation 19 [1/1] (0.00ns)   --->   "%specloopname_ln48 = specloopname void @_ssdm_op_SpecLoopName, void @empty_24" [src/snn_top_hls.cpp:48]   --->   Operation 19 'specloopname' 'specloopname_ln48' <Predicate = (!icmp_ln48)> <Delay = 0.00>
ST_1 : Operation 20 [1/1] (0.00ns)   --->   "%lshr_ln = partselect i9 @_ssdm_op_PartSelect.i9.i10.i32.i32, i10 %i_6, i32 1, i32 9" [src/snn_top_hls.cpp:48]   --->   Operation 20 'partselect' 'lshr_ln' <Predicate = (!icmp_ln48)> <Delay = 0.00>
ST_1 : Operation 21 [1/1] (0.00ns)   --->   "%zext_ln48 = zext i9 %lshr_ln" [src/snn_top_hls.cpp:48]   --->   Operation 21 'zext' 'zext_ln48' <Predicate = (!icmp_ln48)> <Delay = 0.00>
ST_1 : Operation 22 [1/1] (0.00ns)   --->   "%p_ZL22encoder_temporal_fired_0_addr = getelementptr i1 %p_ZL22encoder_temporal_fired_0, i64 0, i64 %zext_ln48" [src/snn_top_hls.cpp:50]   --->   Operation 22 'getelementptr' 'p_ZL22encoder_temporal_fired_0_addr' <Predicate = (!icmp_ln48)> <Delay = 0.00>
ST_1 : Operation 23 [1/1] (0.00ns)   --->   "%p_ZL22encoder_temporal_fired_1_addr = getelementptr i1 %p_ZL22encoder_temporal_fired_1, i64 0, i64 %zext_ln48" [src/snn_top_hls.cpp:50]   --->   Operation 23 'getelementptr' 'p_ZL22encoder_temporal_fired_1_addr' <Predicate = (!icmp_ln48)> <Delay = 0.00>
ST_1 : Operation 24 [1/1] (0.00ns)   --->   "%p_ZL22encoder_temporal_start_0_addr = getelementptr i32 %p_ZL22encoder_temporal_start_0, i64 0, i64 %zext_ln48" [src/snn_top_hls.cpp:51]   --->   Operation 24 'getelementptr' 'p_ZL22encoder_temporal_start_0_addr' <Predicate = (!icmp_ln48)> <Delay = 0.00>
ST_1 : Operation 25 [1/1] (0.00ns)   --->   "%p_ZL22encoder_temporal_start_1_addr = getelementptr i32 %p_ZL22encoder_temporal_start_1, i64 0, i64 %zext_ln48" [src/snn_top_hls.cpp:51]   --->   Operation 25 'getelementptr' 'p_ZL22encoder_temporal_start_1_addr' <Predicate = (!icmp_ln48)> <Delay = 0.00>
ST_1 : Operation 26 [1/1] (0.00ns)   --->   "%br_ln50 = br i1 %trunc_ln48, void %arrayidx2.case.0, void %arrayidx2.case.1" [src/snn_top_hls.cpp:50]   --->   Operation 26 'br' 'br_ln50' <Predicate = (!icmp_ln48)> <Delay = 0.00>
ST_1 : Operation 27 [1/1] ( I:3.25ns O:3.25ns )   --->   "%store_ln50 = store i1 0, i9 %p_ZL22encoder_temporal_fired_0_addr" [src/snn_top_hls.cpp:50]   --->   Operation 27 'store' 'store_ln50' <Predicate = (!icmp_ln48 & !trunc_ln48)> <Delay = 3.25> <CoreInst = "RAM_2P_BRAM">   --->   Core 90 'RAM_2P_BRAM' <Latency = 1> <II = 1> <Delay = 3.25> <Storage> <Opcode : 'load' 'store'> <Ports = 2> <Width = 1> <Depth = 392> <RAM>
ST_1 : Operation 28 [1/1] ( I:3.25ns O:3.25ns )   --->   "%store_ln51 = store i32 %now_val_read, i9 %p_ZL22encoder_temporal_start_0_addr" [src/snn_top_hls.cpp:51]   --->   Operation 28 'store' 'store_ln51' <Predicate = (!icmp_ln48 & !trunc_ln48)> <Delay = 3.25> <CoreInst = "RAM_2P_BRAM">   --->   Core 90 'RAM_2P_BRAM' <Latency = 1> <II = 1> <Delay = 3.25> <Storage> <Opcode : 'load' 'store'> <Ports = 2> <Width = 32> <Depth = 392> <RAM>
ST_1 : Operation 29 [1/1] (0.00ns)   --->   "%br_ln51 = br void %arrayidx2.exit" [src/snn_top_hls.cpp:51]   --->   Operation 29 'br' 'br_ln51' <Predicate = (!icmp_ln48 & !trunc_ln48)> <Delay = 0.00>
ST_1 : Operation 30 [1/1] ( I:3.25ns O:3.25ns )   --->   "%store_ln50 = store i1 0, i9 %p_ZL22encoder_temporal_fired_1_addr" [src/snn_top_hls.cpp:50]   --->   Operation 30 'store' 'store_ln50' <Predicate = (!icmp_ln48 & trunc_ln48)> <Delay = 3.25> <CoreInst = "RAM_2P_BRAM">   --->   Core 90 'RAM_2P_BRAM' <Latency = 1> <II = 1> <Delay = 3.25> <Storage> <Opcode : 'load' 'store'> <Ports = 2> <Width = 1> <Depth = 392> <RAM>
ST_1 : Operation 31 [1/1] ( I:3.25ns O:3.25ns )   --->   "%store_ln51 = store i32 %now_val_read, i9 %p_ZL22encoder_temporal_start_1_addr" [src/snn_top_hls.cpp:51]   --->   Operation 31 'store' 'store_ln51' <Predicate = (!icmp_ln48 & trunc_ln48)> <Delay = 3.25> <CoreInst = "RAM_2P_BRAM">   --->   Core 90 'RAM_2P_BRAM' <Latency = 1> <II = 1> <Delay = 3.25> <Storage> <Opcode : 'load' 'store'> <Ports = 2> <Width = 32> <Depth = 392> <RAM>
ST_1 : Operation 32 [1/1] (0.00ns)   --->   "%br_ln51 = br void %arrayidx2.exit" [src/snn_top_hls.cpp:51]   --->   Operation 32 'br' 'br_ln51' <Predicate = (!icmp_ln48 & trunc_ln48)> <Delay = 0.00>
ST_1 : Operation 33 [1/1] (1.58ns)   --->   "%store_ln48 = store i10 %add_ln48, i10 %i" [src/snn_top_hls.cpp:48]   --->   Operation 33 'store' 'store_ln48' <Predicate = (!icmp_ln48)> <Delay = 1.58>
ST_1 : Operation 34 [1/1] (0.00ns)   --->   "%br_ln48 = br void %for.inc" [src/snn_top_hls.cpp:48]   --->   Operation 34 'br' 'br_ln48' <Predicate = (!icmp_ln48)> <Delay = 0.00>
ST_1 : Operation 35 [1/1] (1.58ns)   --->   "%ret_ln53 = ret" [src/snn_top_hls.cpp:53]   --->   Operation 35 'ret' 'ret_ln53' <Predicate = (icmp_ln48)> <Delay = 1.58>


============================================================
+ Verbose Summary: Binding
============================================================
STG Binding: 
---------------- STG Properties BEGIN ----------------
- Is combinational: 0
- Is one-state seq: 0
- Is datapath-only: 0
- Is pipelined: 0
- Is top level: 0
Port [ Return ] is wired: 1; IO mode=ap_ctrl_hs:ce=0
Port [ now_val]:  wired=1; compound=0; hidden=0; nouse=0; global=0; static=0; extern=0; dir=0; type=0; pingpong=0; private_global=0; IO mode=ap_none:ce=0
Port [ p_ZL22encoder_temporal_fired_0]:  wired=1; compound=1; hidden=0; nouse=0; global=1; static=1; extern=0; dir=1; type=1; pingpong=0; private_global=0; MemPort=[30]; IO mode=ap_memory:ce=0
Port [ p_ZL22encoder_temporal_start_0]:  wired=1; compound=1; hidden=0; nouse=0; global=1; static=1; extern=0; dir=1; type=1; pingpong=0; private_global=0; MemPort=[30]; IO mode=ap_memory:ce=0
Port [ p_ZL22encoder_temporal_fired_1]:  wired=1; compound=1; hidden=0; nouse=0; global=1; static=1; extern=0; dir=1; type=1; pingpong=0; private_global=0; MemPort=[30]; IO mode=ap_memory:ce=0
Port [ p_ZL22encoder_temporal_start_1]:  wired=1; compound=1; hidden=0; nouse=0; global=1; static=1; extern=0; dir=1; type=1; pingpong=0; private_global=0; MemPort=[30]; IO mode=ap_memory:ce=0
---------------- STG Properties END ------------------

---------------- Datapath Model BEGIN ----------------

<LifeTime>
<method=bitvector/>
i                                   (alloca           ) [ 01]
specmemcore_ln0                     (specmemcore      ) [ 00]
specmemcore_ln0                     (specmemcore      ) [ 00]
specmemcore_ln0                     (specmemcore      ) [ 00]
specmemcore_ln0                     (specmemcore      ) [ 00]
now_val_read                        (read             ) [ 00]
store_ln48                          (store            ) [ 00]
br_ln48                             (br               ) [ 00]
i_6                                 (load             ) [ 00]
icmp_ln48                           (icmp             ) [ 01]
add_ln48                            (add              ) [ 00]
br_ln48                             (br               ) [ 00]
trunc_ln48                          (trunc            ) [ 01]
specpipeline_ln49                   (specpipeline     ) [ 00]
speclooptripcount_ln48              (speclooptripcount) [ 00]
specloopname_ln48                   (specloopname     ) [ 00]
lshr_ln                             (partselect       ) [ 00]
zext_ln48                           (zext             ) [ 00]
p_ZL22encoder_temporal_fired_0_addr (getelementptr    ) [ 00]
p_ZL22encoder_temporal_fired_1_addr (getelementptr    ) [ 00]
p_ZL22encoder_temporal_start_0_addr (getelementptr    ) [ 00]
p_ZL22encoder_temporal_start_1_addr (getelementptr    ) [ 00]
br_ln50                             (br               ) [ 00]
store_ln50                          (store            ) [ 00]
store_ln51                          (store            ) [ 00]
br_ln51                             (br               ) [ 00]
store_ln50                          (store            ) [ 00]
store_ln51                          (store            ) [ 00]
br_ln51                             (br               ) [ 00]
store_ln48                          (store            ) [ 00]
br_ln48                             (br               ) [ 00]
ret_ln53                            (ret              ) [ 00]
</LifeTime>

<model>

<comp_list>
<comp id="0" class="1000" name="now_val">
<pin_list>
<pin id="1" dir="1" index="0" bw="1" slack="0"/>
</pin_list>
<bind>
<StgValue><ssdm name="now_val"/></StgValue>
</bind>
</comp>

<comp id="2" class="1000" name="p_ZL22encoder_temporal_fired_0">
<pin_list>
<pin id="3" dir="1" index="0" bw="1" slack="0"/>
</pin_list>
<bind>
<StgValue><ssdm name="p_ZL22encoder_temporal_fired_0"/><MemPortTyVec>3 0 </MemPortTyVec>
</StgValue>
</bind>
</comp>

<comp id="4" class="1000" name="p_ZL22encoder_temporal_start_0">
<pin_list>
<pin id="5" dir="1" index="0" bw="1" slack="0"/>
</pin_list>
<bind>
<StgValue><ssdm name="p_ZL22encoder_temporal_start_0"/><MemPortTyVec>3 0 </MemPortTyVec>
</StgValue>
</bind>
</comp>

<comp id="6" class="1000" name="p_ZL22encoder_temporal_fired_1">
<pin_list>
<pin id="7" dir="1" index="0" bw="1" slack="0"/>
</pin_list>
<bind>
<StgValue><ssdm name="p_ZL22encoder_temporal_fired_1"/><MemPortTyVec>3 0 </MemPortTyVec>
</StgValue>
</bind>
</comp>

<comp id="8" class="1000" name="p_ZL22encoder_temporal_start_1">
<pin_list>
<pin id="9" dir="1" index="0" bw="1" slack="0"/>
</pin_list>
<bind>
<StgValue><ssdm name="p_ZL22encoder_temporal_start_1"/><MemPortTyVec>3 0 </MemPortTyVec>
</StgValue>
</bind>
</comp>

<comp id="10" class="1001" name="const_10">
<pin_list>
<pin id="11" dir="1" index="0" bw="1" slack="0"/>
</pin_list>
<bind>
<StgValue><ssdm name=""/></StgValue>
</bind>
</comp>

<comp id="12" class="1001" name="const_12">
<pin_list>
<pin id="13" dir="1" index="0" bw="1" slack="2147483647"/>
</pin_list>
<bind>
<StgValue><ssdm name="_ssdm_op_SpecMemCore"/></StgValue>
</bind>
</comp>

<comp id="14" class="1001" name="const_14">
<pin_list>
<pin id="15" dir="1" index="0" bw="1" slack="2147483647"/>
</pin_list>
<bind>
<StgValue><ssdm name=""/></StgValue>
</bind>
</comp>

<comp id="16" class="1001" name="const_16">
<pin_list>
<pin id="17" dir="1" index="0" bw="1" slack="2147483647"/>
</pin_list>
<bind>
<StgValue><ssdm name=""/></StgValue>
</bind>
</comp>

<comp id="18" class="1001" name="const_18">
<pin_list>
<pin id="19" dir="1" index="0" bw="1" slack="2147483647"/>
</pin_list>
<bind>
<StgValue><ssdm name=""/></StgValue>
</bind>
</comp>

<comp id="20" class="1001" name="const_20">
<pin_list>
<pin id="21" dir="1" index="0" bw="1" slack="0"/>
</pin_list>
<bind>
<StgValue><ssdm name=""/></StgValue>
</bind>
</comp>

<comp id="22" class="1001" name="const_22">
<pin_list>
<pin id="23" dir="1" index="0" bw="1" slack="0"/>
</pin_list>
<bind>
<StgValue><ssdm name="_ssdm_op_Read.ap_auto.i32"/></StgValue>
</bind>
</comp>

<comp id="24" class="1001" name="const_24">
<pin_list>
<pin id="25" dir="1" index="0" bw="1" slack="0"/>
</pin_list>
<bind>
<StgValue><ssdm name=""/></StgValue>
</bind>
</comp>

<comp id="26" class="1001" name="const_26">
<pin_list>
<pin id="27" dir="1" index="0" bw="1" slack="0"/>
</pin_list>
<bind>
<StgValue><ssdm name=""/></StgValue>
</bind>
</comp>

<comp id="28" class="1001" name="const_28">
<pin_list>
<pin id="29" dir="1" index="0" bw="1" slack="0"/>
</pin_list>
<bind>
<StgValue><ssdm name=""/></StgValue>
</bind>
</comp>

<comp id="30" class="1001" name="const_30">
<pin_list>
<pin id="31" dir="1" index="0" bw="1" slack="2147483647"/>
</pin_list>
<bind>
<StgValue><ssdm name="_ssdm_op_SpecPipeline"/></StgValue>
</bind>
</comp>

<comp id="32" class="1001" name="const_32">
<pin_list>
<pin id="33" dir="1" index="0" bw="1" slack="2147483647"/>
</pin_list>
<bind>
<StgValue><ssdm name=""/></StgValue>
</bind>
</comp>

<comp id="34" class="1001" name="const_34">
<pin_list>
<pin id="35" dir="1" index="0" bw="1" slack="2147483647"/>
</pin_list>
<bind>
<StgValue><ssdm name=""/></StgValue>
</bind>
</comp>

<comp id="36" class="1001" name="const_36">
<pin_list>
<pin id="37" dir="1" index="0" bw="1" slack="2147483647"/>
</pin_list>
<bind>
<StgValue><ssdm name="empty_3"/></StgValue>
</bind>
</comp>

<comp id="38" class="1001" name="const_38">
<pin_list>
<pin id="39" dir="1" index="0" bw="1" slack="2147483647"/>
</pin_list>
<bind>
<StgValue><ssdm name="_ssdm_op_SpecLoopTripCount"/></StgValue>
</bind>
</comp>

<comp id="40" class="1001" name="const_40">
<pin_list>
<pin id="41" dir="1" index="0" bw="1" slack="2147483647"/>
</pin_list>
<bind>
<StgValue><ssdm name=""/></StgValue>
</bind>
</comp>

<comp id="42" class="1001" name="const_42">
<pin_list>
<pin id="43" dir="1" index="0" bw="1" slack="2147483647"/>
</pin_list>
<bind>
<StgValue><ssdm name="_ssdm_op_SpecLoopName"/></StgValue>
</bind>
</comp>

<comp id="44" class="1001" name="const_44">
<pin_list>
<pin id="45" dir="1" index="0" bw="1" slack="2147483647"/>
</pin_list>
<bind>
<StgValue><ssdm name="empty_24"/></StgValue>
</bind>
</comp>

<comp id="46" class="1001" name="const_46">
<pin_list>
<pin id="47" dir="1" index="0" bw="1" slack="0"/>
</pin_list>
<bind>
<StgValue><ssdm name="_ssdm_op_PartSelect.i9.i10.i32.i32"/></StgValue>
</bind>
</comp>

<comp id="48" class="1001" name="const_48">
<pin_list>
<pin id="49" dir="1" index="0" bw="1" slack="0"/>
</pin_list>
<bind>
<StgValue><ssdm name=""/></StgValue>
</bind>
</comp>

<comp id="50" class="1001" name="const_50">
<pin_list>
<pin id="51" dir="1" index="0" bw="1" slack="0"/>
</pin_list>
<bind>
<StgValue><ssdm name=""/></StgValue>
</bind>
</comp>

<comp id="52" class="1004" name="i_fu_52">
<pin_list>
<pin id="53" dir="0" index="0" bw="1" slack="0"/>
<pin id="54" dir="1" index="1" bw="10" slack="0"/>
</pin_list>
<bind>
<opcode="alloca(26) " fcode="alloca"/>
<opset="i/1 "/>
</bind>
</comp>

<comp id="56" class="1004" name="now_val_read_read_fu_56">
<pin_list>
<pin id="57" dir="0" index="0" bw="32" slack="0"/>
<pin id="58" dir="0" index="1" bw="32" slack="0"/>
<pin id="59" dir="1" index="2" bw="32" slack="0"/>
</pin_list>
<bind>
<opcode="read(1150) " fcode="read"/>
<opset="now_val_read/1 "/>
</bind>
</comp>

<comp id="62" class="1004" name="p_ZL22encoder_temporal_fired_0_addr_gep_fu_62">
<pin_list>
<pin id="63" dir="0" index="0" bw="1" slack="0"/>
<pin id="64" dir="0" index="1" bw="1" slack="0"/>
<pin id="65" dir="0" index="2" bw="9" slack="0"/>
<pin id="66" dir="1" index="3" bw="9" slack="0"/>
</pin_list>
<bind>
<opcode="getelementptr(29) " fcode="getelementptr"/>
<opset="p_ZL22encoder_temporal_fired_0_addr/1 "/>
</bind>
</comp>

<comp id="69" class="1004" name="p_ZL22encoder_temporal_fired_1_addr_gep_fu_69">
<pin_list>
<pin id="70" dir="0" index="0" bw="1" slack="0"/>
<pin id="71" dir="0" index="1" bw="1" slack="0"/>
<pin id="72" dir="0" index="2" bw="9" slack="0"/>
<pin id="73" dir="1" index="3" bw="9" slack="0"/>
</pin_list>
<bind>
<opcode="getelementptr(29) " fcode="getelementptr"/>
<opset="p_ZL22encoder_temporal_fired_1_addr/1 "/>
</bind>
</comp>

<comp id="76" class="1004" name="p_ZL22encoder_temporal_start_0_addr_gep_fu_76">
<pin_list>
<pin id="77" dir="0" index="0" bw="32" slack="0"/>
<pin id="78" dir="0" index="1" bw="1" slack="0"/>
<pin id="79" dir="0" index="2" bw="9" slack="0"/>
<pin id="80" dir="1" index="3" bw="9" slack="0"/>
</pin_list>
<bind>
<opcode="getelementptr(29) " fcode="getelementptr"/>
<opset="p_ZL22encoder_temporal_start_0_addr/1 "/>
</bind>
</comp>

<comp id="83" class="1004" name="p_ZL22encoder_temporal_start_1_addr_gep_fu_83">
<pin_list>
<pin id="84" dir="0" index="0" bw="32" slack="0"/>
<pin id="85" dir="0" index="1" bw="1" slack="0"/>
<pin id="86" dir="0" index="2" bw="9" slack="0"/>
<pin id="87" dir="1" index="3" bw="9" slack="0"/>
</pin_list>
<bind>
<opcode="getelementptr(29) " fcode="getelementptr"/>
<opset="p_ZL22encoder_temporal_start_1_addr/1 "/>
</bind>
</comp>

<comp id="90" class="1004" name="store_ln50_access_fu_90">
<pin_list>
<pin id="91" dir="0" index="0" bw="9" slack="2147483647"/>
<pin id="92" dir="0" index="1" bw="1" slack="2147483647"/>
<pin id="93" dir="0" index="2" bw="0" slack="0"/>
<pin id="95" dir="0" index="4" bw="9" slack="0"/>
<pin id="96" dir="0" index="5" bw="1" slack="2147483647"/>
<pin id="97" dir="0" index="6" bw="0" slack="2147483647"/>
<pin id="94" dir="1" index="3" bw="1" slack="2147483647"/>
<pin id="98" dir="1" index="7" bw="1" slack="2147483647"/>
</pin_list>
<bind>
<opcode="store(28) " fcode="store"/>
<opset="store_ln50/1 "/>
</bind>
</comp>

<comp id="101" class="1004" name="store_ln51_access_fu_101">
<pin_list>
<pin id="102" dir="0" index="0" bw="9" slack="2147483647"/>
<pin id="103" dir="0" index="1" bw="32" slack="2147483647"/>
<pin id="104" dir="0" index="2" bw="0" slack="0"/>
<pin id="106" dir="0" index="4" bw="9" slack="0"/>
<pin id="107" dir="0" index="5" bw="32" slack="2147483647"/>
<pin id="108" dir="0" index="6" bw="0" slack="2147483647"/>
<pin id="105" dir="1" index="3" bw="32" slack="2147483647"/>
<pin id="109" dir="1" index="7" bw="32" slack="2147483647"/>
</pin_list>
<bind>
<opcode="store(28) " fcode="store"/>
<opset="store_ln51/1 "/>
</bind>
</comp>

<comp id="112" class="1004" name="store_ln50_access_fu_112">
<pin_list>
<pin id="113" dir="0" index="0" bw="9" slack="2147483647"/>
<pin id="114" dir="0" index="1" bw="1" slack="2147483647"/>
<pin id="115" dir="0" index="2" bw="0" slack="0"/>
<pin id="117" dir="0" index="4" bw="9" slack="0"/>
<pin id="118" dir="0" index="5" bw="1" slack="2147483647"/>
<pin id="119" dir="0" index="6" bw="0" slack="2147483647"/>
<pin id="116" dir="1" index="3" bw="1" slack="2147483647"/>
<pin id="120" dir="1" index="7" bw="1" slack="2147483647"/>
</pin_list>
<bind>
<opcode="store(28) " fcode="store"/>
<opset="store_ln50/1 "/>
</bind>
</comp>

<comp id="123" class="1004" name="store_ln51_access_fu_123">
<pin_list>
<pin id="124" dir="0" index="0" bw="9" slack="2147483647"/>
<pin id="125" dir="0" index="1" bw="32" slack="2147483647"/>
<pin id="126" dir="0" index="2" bw="0" slack="0"/>
<pin id="128" dir="0" index="4" bw="9" slack="0"/>
<pin id="129" dir="0" index="5" bw="32" slack="2147483647"/>
<pin id="130" dir="0" index="6" bw="0" slack="2147483647"/>
<pin id="127" dir="1" index="3" bw="32" slack="2147483647"/>
<pin id="131" dir="1" index="7" bw="32" slack="2147483647"/>
</pin_list>
<bind>
<opcode="store(28) " fcode="store"/>
<opset="store_ln51/1 "/>
</bind>
</comp>

<comp id="134" class="1004" name="store_ln48_store_fu_134">
<pin_list>
<pin id="135" dir="0" index="0" bw="1" slack="0"/>
<pin id="136" dir="0" index="1" bw="10" slack="0"/>
<pin id="137" dir="1" index="2" bw="0" slack="2147483647"/>
</pin_list>
<bind>
<opcode="store(28) " fcode="store"/>
<opset="store_ln48/1 "/>
</bind>
</comp>

<comp id="139" class="1004" name="i_6_load_fu_139">
<pin_list>
<pin id="140" dir="0" index="0" bw="10" slack="0"/>
<pin id="141" dir="1" index="1" bw="10" slack="0"/>
</pin_list>
<bind>
<opcode="load(27) " fcode="load"/>
<opset="i_6/1 "/>
</bind>
</comp>

<comp id="142" class="1004" name="icmp_ln48_fu_142">
<pin_list>
<pin id="143" dir="0" index="0" bw="10" slack="0"/>
<pin id="144" dir="0" index="1" bw="9" slack="0"/>
<pin id="145" dir="1" index="2" bw="1" slack="2147483647"/>
</pin_list>
<bind>
<opcode="icmp(45) " fcode="icmp"/>
<opset="icmp_ln48/1 "/>
</bind>
</comp>

<comp id="148" class="1004" name="add_ln48_fu_148">
<pin_list>
<pin id="149" dir="0" index="0" bw="10" slack="0"/>
<pin id="150" dir="0" index="1" bw="1" slack="0"/>
<pin id="151" dir="1" index="2" bw="10" slack="0"/>
</pin_list>
<bind>
<opcode="add(8) " fcode="add"/>
<opset="add_ln48/1 "/>
</bind>
</comp>

<comp id="154" class="1004" name="trunc_ln48_fu_154">
<pin_list>
<pin id="155" dir="0" index="0" bw="10" slack="0"/>
<pin id="156" dir="1" index="1" bw="1" slack="2147483647"/>
</pin_list>
<bind>
<opcode="trunc(33) " fcode="trunc"/>
<opset="trunc_ln48/1 "/>
</bind>
</comp>

<comp id="158" class="1004" name="lshr_ln_fu_158">
<pin_list>
<pin id="159" dir="0" index="0" bw="9" slack="0"/>
<pin id="160" dir="0" index="1" bw="10" slack="0"/>
<pin id="161" dir="0" index="2" bw="1" slack="0"/>
<pin id="162" dir="0" index="3" bw="5" slack="0"/>
<pin id="163" dir="1" index="4" bw="9" slack="0"/>
</pin_list>
<bind>
<opcode="partselect(1002) " fcode="partselect"/>
<opset="lshr_ln/1 "/>
</bind>
</comp>

<comp id="168" class="1004" name="zext_ln48_fu_168">
<pin_list>
<pin id="169" dir="0" index="0" bw="9" slack="0"/>
<pin id="170" dir="1" index="1" bw="64" slack="0"/>
</pin_list>
<bind>
<opcode="zext(34) " fcode="zext"/>
<opset="zext_ln48/1 "/>
</bind>
</comp>

<comp id="176" class="1004" name="store_ln48_store_fu_176">
<pin_list>
<pin id="177" dir="0" index="0" bw="10" slack="0"/>
<pin id="178" dir="0" index="1" bw="10" slack="0"/>
<pin id="179" dir="1" index="2" bw="0" slack="2147483647"/>
</pin_list>
<bind>
<opcode="store(28) " fcode="store"/>
<opset="store_ln48/1 "/>
</bind>
</comp>

<comp id="181" class="1005" name="i_reg_181">
<pin_list>
<pin id="182" dir="0" index="0" bw="10" slack="0"/>
<pin id="183" dir="1" index="1" bw="10" slack="0"/>
</pin_list>
<bind>
<opset="i "/>
</bind>
</comp>

</comp_list>

<net_list>
<net id="55"><net_src comp="10" pin="0"/><net_sink comp="52" pin=0"/></net>

<net id="60"><net_src comp="22" pin="0"/><net_sink comp="56" pin=0"/></net>

<net id="61"><net_src comp="0" pin="0"/><net_sink comp="56" pin=1"/></net>

<net id="67"><net_src comp="2" pin="0"/><net_sink comp="62" pin=0"/></net>

<net id="68"><net_src comp="50" pin="0"/><net_sink comp="62" pin=1"/></net>

<net id="74"><net_src comp="6" pin="0"/><net_sink comp="69" pin=0"/></net>

<net id="75"><net_src comp="50" pin="0"/><net_sink comp="69" pin=1"/></net>

<net id="81"><net_src comp="4" pin="0"/><net_sink comp="76" pin=0"/></net>

<net id="82"><net_src comp="50" pin="0"/><net_sink comp="76" pin=1"/></net>

<net id="88"><net_src comp="8" pin="0"/><net_sink comp="83" pin=0"/></net>

<net id="89"><net_src comp="50" pin="0"/><net_sink comp="83" pin=1"/></net>

<net id="99"><net_src comp="20" pin="0"/><net_sink comp="90" pin=4"/></net>

<net id="100"><net_src comp="62" pin="3"/><net_sink comp="90" pin=2"/></net>

<net id="110"><net_src comp="56" pin="2"/><net_sink comp="101" pin=4"/></net>

<net id="111"><net_src comp="76" pin="3"/><net_sink comp="101" pin=2"/></net>

<net id="121"><net_src comp="20" pin="0"/><net_sink comp="112" pin=4"/></net>

<net id="122"><net_src comp="69" pin="3"/><net_sink comp="112" pin=2"/></net>

<net id="132"><net_src comp="56" pin="2"/><net_sink comp="123" pin=4"/></net>

<net id="133"><net_src comp="83" pin="3"/><net_sink comp="123" pin=2"/></net>

<net id="138"><net_src comp="24" pin="0"/><net_sink comp="134" pin=0"/></net>

<net id="146"><net_src comp="139" pin="1"/><net_sink comp="142" pin=0"/></net>

<net id="147"><net_src comp="26" pin="0"/><net_sink comp="142" pin=1"/></net>

<net id="152"><net_src comp="139" pin="1"/><net_sink comp="148" pin=0"/></net>

<net id="153"><net_src comp="28" pin="0"/><net_sink comp="148" pin=1"/></net>

<net id="157"><net_src comp="139" pin="1"/><net_sink comp="154" pin=0"/></net>

<net id="164"><net_src comp="46" pin="0"/><net_sink comp="158" pin=0"/></net>

<net id="165"><net_src comp="139" pin="1"/><net_sink comp="158" pin=1"/></net>

<net id="166"><net_src comp="10" pin="0"/><net_sink comp="158" pin=2"/></net>

<net id="167"><net_src comp="48" pin="0"/><net_sink comp="158" pin=3"/></net>

<net id="171"><net_src comp="158" pin="4"/><net_sink comp="168" pin=0"/></net>

<net id="172"><net_src comp="168" pin="1"/><net_sink comp="62" pin=2"/></net>

<net id="173"><net_src comp="168" pin="1"/><net_sink comp="69" pin=2"/></net>

<net id="174"><net_src comp="168" pin="1"/><net_sink comp="76" pin=2"/></net>

<net id="175"><net_src comp="168" pin="1"/><net_sink comp="83" pin=2"/></net>

<net id="180"><net_src comp="148" pin="2"/><net_sink comp="176" pin=0"/></net>

<net id="184"><net_src comp="52" pin="1"/><net_sink comp="181" pin=0"/></net>

<net id="185"><net_src comp="181" pin="1"/><net_sink comp="134" pin=1"/></net>

<net id="186"><net_src comp="181" pin="1"/><net_sink comp="139" pin=0"/></net>

<net id="187"><net_src comp="181" pin="1"/><net_sink comp="176" pin=1"/></net>

</net_list>

</model> 
---------------- Datapath Model END ------------------

* FSMD analyzer results:
  - Output states:
	Port: p_ZL22encoder_temporal_fired_0 | {1 }
	Port: p_ZL22encoder_temporal_start_0 | {1 }
	Port: p_ZL22encoder_temporal_fired_1 | {1 }
	Port: p_ZL22encoder_temporal_start_1 | {1 }
 - Input state : 
	Port: encoder_reset_temporal_state : now_val | {1 }
  - Chain level:
	State 1
		store_ln48 : 1
		i_6 : 1
		icmp_ln48 : 2
		add_ln48 : 2
		br_ln48 : 3
		trunc_ln48 : 2
		lshr_ln : 2
		zext_ln48 : 3
		p_ZL22encoder_temporal_fired_0_addr : 4
		p_ZL22encoder_temporal_fired_1_addr : 4
		p_ZL22encoder_temporal_start_0_addr : 4
		p_ZL22encoder_temporal_start_1_addr : 4
		br_ln50 : 3
		store_ln50 : 5
		store_ln51 : 5
		store_ln50 : 5
		store_ln51 : 5
		store_ln48 : 3


============================================================
+ Verbose Summary: Datapath Resource usage 
============================================================

* Functional unit list:
|----------|-------------------------|---------|---------|
| Operation|     Functional Unit     |    FF   |   LUT   |
|----------|-------------------------|---------|---------|
|   icmp   |     icmp_ln48_fu_142    |    0    |    13   |
|----------|-------------------------|---------|---------|
|    add   |     add_ln48_fu_148     |    0    |    13   |
|----------|-------------------------|---------|---------|
|   read   | now_val_read_read_fu_56 |    0    |    0    |
|----------|-------------------------|---------|---------|
|   trunc  |    trunc_ln48_fu_154    |    0    |    0    |
|----------|-------------------------|---------|---------|
|partselect|      lshr_ln_fu_158     |    0    |    0    |
|----------|-------------------------|---------|---------|
|   zext   |     zext_ln48_fu_168    |    0    |    0    |
|----------|-------------------------|---------|---------|
|   Total  |                         |    0    |    26   |
|----------|-------------------------|---------|---------|

Memories:
N/A

* Register list:
+---------+--------+
|         |   FF   |
+---------+--------+
|i_reg_181|   10   |
+---------+--------+
|  Total  |   10   |
+---------+--------+

* Multiplexer (MUX) list: 
|--------|------|------|------|--------|
|  Comp  |  Pin | Size |  BW  | S x BW |
|--------|------|------|------|--------|
|  Total |      |      |      |    0   |
|--------|------|------|------|--------|



* Summary:
+-----------+--------+--------+
|           |   FF   |   LUT  |
+-----------+--------+--------+
|  Function |    0   |   26   |
|   Memory  |    -   |    -   |
|Multiplexer|    -   |    -   |
|  Register |   10   |    -   |
+-----------+--------+--------+
|   Total   |   10   |   26   |
+-----------+--------+--------+
