

================================================================
== Vitis HLS Report for 'process_pre_spike_aer'
================================================================
* Date:           Tue Feb 10 18:59:25 2026

* Version:        2025.2 (Build 6295257 on Nov 14 2025)
* Project:        hls_csim_output
* Solution:       hls (Vivado IP Flow Target)
* Product family: zynq
* Target device:  xc7z020-clg400-1


================================================================
== Performance Estimates
================================================================
+ Timing: 
    * Summary: 
    +--------+----------+----------+------------+
    |  Clock |  Target  | Estimated| Uncertainty|
    +--------+----------+----------+------------+
    |ap_clk  |  10.00 ns|  7.241 ns|     2.70 ns|
    +--------+----------+----------+------------+

+ Latency: 
    * Summary: 
    +---------+---------+----------+----------+-----+-----+---------+
    |  Latency (cycles) |  Latency (absolute) |  Interval | Pipeline|
    |   min   |   max   |    min   |    max   | min | max |   Type  |
    +---------+---------+----------+----------+-----+-----+---------+
    |      271|      271|  2.710 us|  2.710 us|  271|  271|       no|
    +---------+---------+----------+----------+-----+-----+---------+

    + Detail: 
        * Instance: 
        +----------------------------------------------------+-----------------------------------------+---------+---------+----------+----------+-----+-----+-------------------+
        |                                                    |                                         |  Latency (cycles) |  Latency (absolute) |  Interval |      Pipeline     |
        |                      Instance                      |                  Module                 |   min   |   max   |    min   |    max   | min | max |        Type       |
        +----------------------------------------------------+-----------------------------------------+---------+---------+----------+----------+-----+-----+-------------------+
        |grp_process_pre_spike_aer_Pipeline_LTD_LOOP_fu_161  |process_pre_spike_aer_Pipeline_LTD_LOOP  |      264|      264|  2.640 us|  2.640 us|    0|    0|  loop pipeline stp|
        +----------------------------------------------------+-----------------------------------------+---------+---------+----------+----------+-----+-----+-------------------+

        * Loop: 
        N/A

============================================================
+ Verbose Summary: Synthesis Manager
============================================================
InlineROM: 1
ExposeGlobal: 0
============================================================
+ Verbose Summary: CDFG Model
============================================================
IsTopModel: 0
ResetActiveHigh: 1
IsCombinational: 0
IsDatapathOnly: 0
HasWiredReturn: 1
HasMFsm: 0
HasVarLatency: 1
IsPipeline: 0
IsRtlPipelined: 0
IsInstanceOverlapped: 0
IsDontTouch: 0
HasImplIP: 0
IsGatedGlobalClock: 0


============================================================
+ Verbose Summary: Schedule
============================================================
* Number of FSM states : 8
* Pipeline : 0
* Dataflow Pipeline: 0

* FSM state transitions: 
1 --> 2 
2 --> 3 
3 --> 4 
4 --> 5 
5 --> 6 
6 --> 7 
7 --> 8 
8 --> 

* FSM state operations: 

State 1 <SV = 0> <Delay = 3.25>
ST_1 : Operation 9 [1/1] (0.00ns)   --->   "%pre_id_read = read i8 @_ssdm_op_Read.ap_auto.i8, i8 %pre_id" [src/snn_top_hls.cpp:350]   --->   Operation 9 'read' 'pre_id_read' <Predicate = true> <Delay = 0.00>
ST_1 : Operation 10 [1/1] (0.00ns)   --->   "%trunc_ln356 = trunc i8 %pre_id_read" [src/snn_top_hls.cpp:356]   --->   Operation 10 'trunc' 'trunc_ln356' <Predicate = true> <Delay = 0.00>
ST_1 : Operation 11 [1/1] (0.00ns)   --->   "%lshr_ln = partselect i7 @_ssdm_op_PartSelect.i7.i8.i32.i32, i8 %pre_id_read, i32 1, i32 7" [src/snn_top_hls.cpp:356]   --->   Operation 11 'partselect' 'lshr_ln' <Predicate = true> <Delay = 0.00>
ST_1 : Operation 12 [1/1] (0.00ns)   --->   "%zext_ln356 = zext i7 %lshr_ln" [src/snn_top_hls.cpp:356]   --->   Operation 12 'zext' 'zext_ln356' <Predicate = true> <Delay = 0.00>
ST_1 : Operation 13 [1/1] (0.00ns)   --->   "%pre_traces_trace_0_addr = getelementptr i8 %pre_traces_trace_0, i64 0, i64 %zext_ln356" [src/snn_top_hls.cpp:356]   --->   Operation 13 'getelementptr' 'pre_traces_trace_0_addr' <Predicate = true> <Delay = 0.00>
ST_1 : Operation 14 [1/1] (0.00ns)   --->   "%pre_traces_trace_1_addr = getelementptr i8 %pre_traces_trace_1, i64 0, i64 %zext_ln356" [src/snn_top_hls.cpp:356]   --->   Operation 14 'getelementptr' 'pre_traces_trace_1_addr' <Predicate = true> <Delay = 0.00>
ST_1 : Operation 15 [1/1] (0.00ns)   --->   "%pre_traces_last_spike_time_0_addr = getelementptr i16 %pre_traces_last_spike_time_0, i64 0, i64 %zext_ln356" [src/snn_top_hls.cpp:356]   --->   Operation 15 'getelementptr' 'pre_traces_last_spike_time_0_addr' <Predicate = true> <Delay = 0.00>
ST_1 : Operation 16 [1/1] (0.00ns)   --->   "%pre_traces_last_spike_time_1_addr = getelementptr i16 %pre_traces_last_spike_time_1, i64 0, i64 %zext_ln356" [src/snn_top_hls.cpp:356]   --->   Operation 16 'getelementptr' 'pre_traces_last_spike_time_1_addr' <Predicate = true> <Delay = 0.00>
ST_1 : Operation 17 [2/2] (3.25ns)   --->   "%pre_traces_last_spike_time_0_load = load i7 %pre_traces_last_spike_time_0_addr" [src/snn_top_hls.cpp:356]   --->   Operation 17 'load' 'pre_traces_last_spike_time_0_load' <Predicate = true> <Delay = 3.25> <CoreInst = "RAM_2P_BRAM">   --->   Core 90 'RAM_2P_BRAM' <Latency = 1> <II = 1> <Delay = 3.25> <Storage> <Opcode : 'load' 'store'> <Ports = 2> <Width = 16> <Depth = 128> <RAM>
ST_1 : Operation 18 [2/2] (3.25ns)   --->   "%pre_traces_last_spike_time_1_load = load i7 %pre_traces_last_spike_time_1_addr" [src/snn_top_hls.cpp:356]   --->   Operation 18 'load' 'pre_traces_last_spike_time_1_load' <Predicate = true> <Delay = 3.25> <CoreInst = "RAM_2P_BRAM">   --->   Core 90 'RAM_2P_BRAM' <Latency = 1> <II = 1> <Delay = 3.25> <Storage> <Opcode : 'load' 'store'> <Ports = 2> <Width = 16> <Depth = 128> <RAM>

State 2 <SV = 1> <Delay = 4.05>
ST_2 : Operation 19 [1/2] ( I:3.25ns O:3.25ns )   --->   "%pre_traces_last_spike_time_0_load = load i7 %pre_traces_last_spike_time_0_addr" [src/snn_top_hls.cpp:356]   --->   Operation 19 'load' 'pre_traces_last_spike_time_0_load' <Predicate = true> <Delay = 3.25> <CoreInst = "RAM_2P_BRAM">   --->   Core 90 'RAM_2P_BRAM' <Latency = 1> <II = 1> <Delay = 3.25> <Storage> <Opcode : 'load' 'store'> <Ports = 2> <Width = 16> <Depth = 128> <RAM>
ST_2 : Operation 20 [1/2] ( I:3.25ns O:3.25ns )   --->   "%pre_traces_last_spike_time_1_load = load i7 %pre_traces_last_spike_time_1_addr" [src/snn_top_hls.cpp:356]   --->   Operation 20 'load' 'pre_traces_last_spike_time_1_load' <Predicate = true> <Delay = 3.25> <CoreInst = "RAM_2P_BRAM">   --->   Core 90 'RAM_2P_BRAM' <Latency = 1> <II = 1> <Delay = 3.25> <Storage> <Opcode : 'load' 'store'> <Ports = 2> <Width = 16> <Depth = 128> <RAM>
ST_2 : Operation 21 [1/1] (0.80ns)   --->   "%old_pre_last_spike_time = select i1 %trunc_ln356, i16 %pre_traces_last_spike_time_1_load, i16 %pre_traces_last_spike_time_0_load" [src/snn_top_hls.cpp:356]   --->   Operation 21 'select' 'old_pre_last_spike_time' <Predicate = true> <Delay = 0.80> <CoreInst = "Sel">   --->   Core 73 'Sel' <Latency = 0> <II = 1> <Delay = 0.80> <FuncUnit> <Opcode : 'select'> <InPorts = 3> <OutPorts = 1>

State 3 <SV = 2> <Delay = 4.39>
ST_3 : Operation 22 [1/1] (0.00ns)   --->   "%current_time_read = read i16 @_ssdm_op_Read.ap_auto.i16, i16 %current_time" [src/snn_top_hls.cpp:350]   --->   Operation 22 'read' 'current_time_read' <Predicate = true> <Delay = 0.00>
ST_3 : Operation 23 [2/2] (3.25ns)   --->   "%pre_traces_trace_0_load = load i7 %pre_traces_trace_0_addr" [src/snn_top_hls.cpp:356]   --->   Operation 23 'load' 'pre_traces_trace_0_load' <Predicate = (!trunc_ln356)> <Delay = 3.25> <CoreInst = "RAM_2P_BRAM">   --->   Core 90 'RAM_2P_BRAM' <Latency = 1> <II = 1> <Delay = 3.25> <Storage> <Opcode : 'load' 'store'> <Ports = 2> <Width = 8> <Depth = 128> <RAM>
ST_3 : Operation 24 [2/2] (3.25ns)   --->   "%pre_traces_trace_1_load = load i7 %pre_traces_trace_1_addr" [src/snn_top_hls.cpp:356]   --->   Operation 24 'load' 'pre_traces_trace_1_load' <Predicate = (trunc_ln356)> <Delay = 3.25> <CoreInst = "RAM_2P_BRAM">   --->   Core 90 'RAM_2P_BRAM' <Latency = 1> <II = 1> <Delay = 3.25> <Storage> <Opcode : 'load' 'store'> <Ports = 2> <Width = 8> <Depth = 128> <RAM>
ST_3 : Operation 25 [1/1] (2.07ns)   --->   "%dt = sub i16 %current_time_read, i16 %old_pre_last_spike_time" [src/snn_top_hls.cpp:318->src/snn_top_hls.cpp:357]   --->   Operation 25 'sub' 'dt' <Predicate = true> <Delay = 2.07> <CoreInst = "Adder">   --->   Core 1 'Adder' <Latency = 0> <II = 1> <Delay = 2.07> <FuncUnit> <Opcode : 'add' 'sub'> <InPorts = 2> <OutPorts = 1>
ST_3 : Operation 26 [1/1] (0.00ns)   --->   "%tmp = partselect i12 @_ssdm_op_PartSelect.i12.i16.i32.i32, i16 %dt, i32 4, i32 15" [src/snn_top_hls.cpp:321->src/snn_top_hls.cpp:357]   --->   Operation 26 'partselect' 'tmp' <Predicate = true> <Delay = 0.00>
ST_3 : Operation 27 [1/1] (1.54ns)   --->   "%icmp_ln321 = icmp_ne  i12 %tmp, i12 0" [src/snn_top_hls.cpp:321->src/snn_top_hls.cpp:357]   --->   Operation 27 'icmp' 'icmp_ln321' <Predicate = true> <Delay = 1.54> <CoreInst = "Cmp">   --->   Core 9 'Cmp' <Latency = 0> <II = 1> <Delay = 1.54> <FuncUnit> <Opcode : 'seteq' 'setne' 'setle' 'setge' 'setlt' 'setgt'> <InPorts = 2> <OutPorts = 1>
ST_3 : Operation 28 [1/1] (0.00ns)   --->   "%zext_ln325_1 = zext i16 %dt" [src/snn_top_hls.cpp:325->src/snn_top_hls.cpp:357]   --->   Operation 28 'zext' 'zext_ln325_1' <Predicate = true> <Delay = 0.00>
ST_3 : Operation 29 [1/1] (0.00ns)   --->   "%EXP_DECAY_LUT_addr = getelementptr i8 %EXP_DECAY_LUT, i64 0, i64 %zext_ln325_1" [src/snn_top_hls.cpp:325->src/snn_top_hls.cpp:357]   --->   Operation 29 'getelementptr' 'EXP_DECAY_LUT_addr' <Predicate = true> <Delay = 0.00>
ST_3 : Operation 30 [2/2] (2.32ns)   --->   "%EXP_DECAY_LUT_load = load i4 %EXP_DECAY_LUT_addr" [src/snn_top_hls.cpp:325->src/snn_top_hls.cpp:357]   --->   Operation 30 'load' 'EXP_DECAY_LUT_load' <Predicate = true> <Delay = 2.32> <CoreInst = "ROM">   --->   Core 94 'ROM' <Latency = 1> <II = 1> <Delay = 2.32> <Storage> <Opcode : 'load'> <Ports = 0> <Width = 8> <Depth = 16> <ROM>

State 4 <SV = 3> <Delay = 4.50>
ST_4 : Operation 31 [1/2] ( I:3.25ns O:3.25ns )   --->   "%pre_traces_trace_0_load = load i7 %pre_traces_trace_0_addr" [src/snn_top_hls.cpp:356]   --->   Operation 31 'load' 'pre_traces_trace_0_load' <Predicate = (!trunc_ln356)> <Delay = 3.25> <CoreInst = "RAM_2P_BRAM">   --->   Core 90 'RAM_2P_BRAM' <Latency = 1> <II = 1> <Delay = 3.25> <Storage> <Opcode : 'load' 'store'> <Ports = 2> <Width = 8> <Depth = 128> <RAM>
ST_4 : Operation 32 [1/2] ( I:3.25ns O:3.25ns )   --->   "%pre_traces_trace_1_load = load i7 %pre_traces_trace_1_addr" [src/snn_top_hls.cpp:356]   --->   Operation 32 'load' 'pre_traces_trace_1_load' <Predicate = (trunc_ln356)> <Delay = 3.25> <CoreInst = "RAM_2P_BRAM">   --->   Core 90 'RAM_2P_BRAM' <Latency = 1> <II = 1> <Delay = 3.25> <Storage> <Opcode : 'load' 'store'> <Ports = 2> <Width = 8> <Depth = 128> <RAM>
ST_4 : Operation 33 [1/1] (1.24ns)   --->   "%old_pre_trace = select i1 %trunc_ln356, i8 %pre_traces_trace_1_load, i8 %pre_traces_trace_0_load" [src/snn_top_hls.cpp:356]   --->   Operation 33 'select' 'old_pre_trace' <Predicate = true> <Delay = 1.24> <CoreInst = "Sel">   --->   Core 73 'Sel' <Latency = 0> <II = 1> <Delay = 1.24> <FuncUnit> <Opcode : 'select'> <InPorts = 3> <OutPorts = 1>
ST_4 : Operation 34 [1/2] ( I:2.32ns O:2.32ns )   --->   "%EXP_DECAY_LUT_load = load i4 %EXP_DECAY_LUT_addr" [src/snn_top_hls.cpp:325->src/snn_top_hls.cpp:357]   --->   Operation 34 'load' 'EXP_DECAY_LUT_load' <Predicate = true> <Delay = 2.32> <CoreInst = "ROM">   --->   Core 94 'ROM' <Latency = 1> <II = 1> <Delay = 2.32> <Storage> <Opcode : 'load'> <Ports = 0> <Width = 8> <Depth = 16> <ROM>

State 5 <SV = 4> <Delay = 7.24>
ST_5 : Operation 35 [1/1] (0.00ns)   --->   "%specmemcore_ln0 = specmemcore void @_ssdm_op_SpecMemCore, i16 %post_traces_last_spike_time_0, i64 666, i64 22, i64 18446744073709551615, i1 0"   --->   Operation 35 'specmemcore' 'specmemcore_ln0' <Predicate = true> <Delay = 0.00>
ST_5 : Operation 36 [1/1] (0.00ns)   --->   "%specmemcore_ln0 = specmemcore void @_ssdm_op_SpecMemCore, i16 %post_traces_last_spike_time_1, i64 666, i64 22, i64 18446744073709551615, i1 0"   --->   Operation 36 'specmemcore' 'specmemcore_ln0' <Predicate = true> <Delay = 0.00>
ST_5 : Operation 37 [1/1] (0.00ns)   --->   "%specmemcore_ln0 = specmemcore void @_ssdm_op_SpecMemCore, i8 %post_traces_trace_0, i64 666, i64 22, i64 18446744073709551615, i1 0"   --->   Operation 37 'specmemcore' 'specmemcore_ln0' <Predicate = true> <Delay = 0.00>
ST_5 : Operation 38 [1/1] (0.00ns)   --->   "%specmemcore_ln0 = specmemcore void @_ssdm_op_SpecMemCore, i8 %post_traces_trace_1, i64 666, i64 22, i64 18446744073709551615, i1 0"   --->   Operation 38 'specmemcore' 'specmemcore_ln0' <Predicate = true> <Delay = 0.00>
ST_5 : Operation 39 [1/1] (0.00ns)   --->   "%specmemcore_ln0 = specmemcore void @_ssdm_op_SpecMemCore, i16 %pre_traces_last_spike_time_0, i64 666, i64 22, i64 18446744073709551615, i1 0"   --->   Operation 39 'specmemcore' 'specmemcore_ln0' <Predicate = true> <Delay = 0.00>
ST_5 : Operation 40 [1/1] (0.00ns)   --->   "%specmemcore_ln0 = specmemcore void @_ssdm_op_SpecMemCore, i16 %pre_traces_last_spike_time_1, i64 666, i64 22, i64 18446744073709551615, i1 0"   --->   Operation 40 'specmemcore' 'specmemcore_ln0' <Predicate = true> <Delay = 0.00>
ST_5 : Operation 41 [1/1] (0.00ns)   --->   "%specmemcore_ln0 = specmemcore void @_ssdm_op_SpecMemCore, i8 %pre_traces_trace_0, i64 666, i64 22, i64 18446744073709551615, i1 0"   --->   Operation 41 'specmemcore' 'specmemcore_ln0' <Predicate = true> <Delay = 0.00>
ST_5 : Operation 42 [1/1] (0.00ns)   --->   "%specmemcore_ln0 = specmemcore void @_ssdm_op_SpecMemCore, i8 %pre_traces_trace_1, i64 666, i64 22, i64 18446744073709551615, i1 0"   --->   Operation 42 'specmemcore' 'specmemcore_ln0' <Predicate = true> <Delay = 0.00>
ST_5 : Operation 43 [1/1] (0.00ns)   --->   "%specmemcore_ln0 = specmemcore void @_ssdm_op_SpecMemCore, i8 %p_ZL13weight_memory_0, i64 666, i64 22, i64 18446744073709551615, i1 0"   --->   Operation 43 'specmemcore' 'specmemcore_ln0' <Predicate = true> <Delay = 0.00>
ST_5 : Operation 44 [1/1] (0.00ns)   --->   "%specmemcore_ln0 = specmemcore void @_ssdm_op_SpecMemCore, i8 %p_ZL13weight_memory_1, i64 666, i64 22, i64 18446744073709551615, i1 0"   --->   Operation 44 'specmemcore' 'specmemcore_ln0' <Predicate = true> <Delay = 0.00>
ST_5 : Operation 45 [1/1] (1.91ns)   --->   "%icmp_ln315 = icmp_eq  i8 %old_pre_trace, i8 0" [src/snn_top_hls.cpp:315->src/snn_top_hls.cpp:357]   --->   Operation 45 'icmp' 'icmp_ln315' <Predicate = true> <Delay = 1.91> <CoreInst = "Cmp">   --->   Core 9 'Cmp' <Latency = 0> <II = 1> <Delay = 1.91> <FuncUnit> <Opcode : 'seteq' 'setne' 'setle' 'setge' 'setlt' 'setgt'> <InPorts = 2> <OutPorts = 1>
ST_5 : Operation 46 [1/1] (0.00ns)   --->   "%zext_ln325 = zext i8 %old_pre_trace" [src/snn_top_hls.cpp:325->src/snn_top_hls.cpp:357]   --->   Operation 46 'zext' 'zext_ln325' <Predicate = true> <Delay = 0.00>
ST_5 : Operation 47 [1/1] (0.00ns)   --->   "%zext_ln325_2 = zext i8 %EXP_DECAY_LUT_load" [src/snn_top_hls.cpp:325->src/snn_top_hls.cpp:357]   --->   Operation 47 'zext' 'zext_ln325_2' <Predicate = true> <Delay = 0.00>
ST_5 : Operation 48 [1/1] (4.17ns)   --->   "%mul_ln325 = mul i16 %zext_ln325_2, i16 %zext_ln325" [src/snn_top_hls.cpp:325->src/snn_top_hls.cpp:357]   --->   Operation 48 'mul' 'mul_ln325' <Predicate = true> <Delay = 4.17> <CoreInst = "Multiplier">   --->   Core 3 'Multiplier' <Latency = 0> <II = 1> <Delay = 4.17> <FuncUnit> <Opcode : 'mul'> <InPorts = 2> <OutPorts = 1>
ST_5 : Operation 49 [1/1] (0.00ns) (grouped into LUT with out node new_trace)   --->   "%decayed_pre = partselect i8 @_ssdm_op_PartSelect.i8.i16.i32.i32, i16 %mul_ln325, i32 8, i32 15" [src/snn_top_hls.cpp:327->src/snn_top_hls.cpp:357]   --->   Operation 49 'partselect' 'decayed_pre' <Predicate = true> <Delay = 0.00>
ST_5 : Operation 50 [1/1] (0.00ns) (grouped into LUT with out node new_trace)   --->   "%or_ln321 = or i1 %icmp_ln315, i1 %icmp_ln321" [src/snn_top_hls.cpp:321->src/snn_top_hls.cpp:357]   --->   Operation 50 'or' 'or_ln321' <Predicate = true> <Delay = 0.00> <CoreInst = "LogicGate">   --->   Core 74 'LogicGate' <Latency = 0> <II = 1> <Delay = 0.97> <FuncUnit> <Opcode : 'and' 'or' 'xor'> <InPorts = 2> <OutPorts = 1>
ST_5 : Operation 51 [1/1] (0.00ns) (grouped into LUT with out node new_trace)   --->   "%decayed_pre_1 = select i1 %or_ln321, i8 0, i8 %decayed_pre" [src/snn_top_hls.cpp:321->src/snn_top_hls.cpp:357]   --->   Operation 51 'select' 'decayed_pre_1' <Predicate = true> <Delay = 0.00> <CoreInst = "Sel">   --->   Core 73 'Sel' <Latency = 0> <II = 1> <Delay = 1.24> <FuncUnit> <Opcode : 'select'> <InPorts = 3> <OutPorts = 1>
ST_5 : Operation 52 [1/1] (0.00ns) (grouped into LUT with out node new_trace)   --->   "%zext_ln360 = zext i8 %decayed_pre_1" [src/snn_top_hls.cpp:360]   --->   Operation 52 'zext' 'zext_ln360' <Predicate = true> <Delay = 0.00>
ST_5 : Operation 53 [1/1] (1.82ns) (out node of the LUT)   --->   "%new_trace = add i9 %zext_ln360, i9 128" [src/snn_top_hls.cpp:360]   --->   Operation 53 'add' 'new_trace' <Predicate = true> <Delay = 1.82> <CoreInst = "Adder">   --->   Core 1 'Adder' <Latency = 0> <II = 1> <Delay = 1.82> <FuncUnit> <Opcode : 'add' 'sub'> <InPorts = 2> <OutPorts = 1>
ST_5 : Operation 54 [1/1] (0.00ns)   --->   "%tmp_56 = bitselect i1 @_ssdm_op_BitSelect.i1.i9.i32, i9 %new_trace, i32 8" [src/snn_top_hls.cpp:361]   --->   Operation 54 'bitselect' 'tmp_56' <Predicate = true> <Delay = 0.00>
ST_5 : Operation 55 [1/1] (0.00ns)   --->   "%trunc_ln361 = trunc i9 %new_trace" [src/snn_top_hls.cpp:361]   --->   Operation 55 'trunc' 'trunc_ln361' <Predicate = true> <Delay = 0.00>
ST_5 : Operation 56 [1/1] (1.24ns)   --->   "%select_ln361 = select i1 %tmp_56, i8 255, i8 %trunc_ln361" [src/snn_top_hls.cpp:361]   --->   Operation 56 'select' 'select_ln361' <Predicate = true> <Delay = 1.24> <CoreInst = "Sel">   --->   Core 73 'Sel' <Latency = 0> <II = 1> <Delay = 1.24> <FuncUnit> <Opcode : 'select'> <InPorts = 3> <OutPorts = 1>
ST_5 : Operation 57 [1/1] (0.00ns)   --->   "%br_ln361 = br i1 %trunc_ln356, void %arrayidx.1.case.0, void %arrayidx.1.case.1" [src/snn_top_hls.cpp:361]   --->   Operation 57 'br' 'br_ln361' <Predicate = true> <Delay = 0.00>
ST_5 : Operation 58 [1/1] ( I:3.25ns O:3.25ns )   --->   "%store_ln362 = store i16 %current_time_read, i7 %pre_traces_last_spike_time_0_addr" [src/snn_top_hls.cpp:362]   --->   Operation 58 'store' 'store_ln362' <Predicate = (!trunc_ln356)> <Delay = 3.25> <CoreInst = "RAM_2P_BRAM">   --->   Core 90 'RAM_2P_BRAM' <Latency = 1> <II = 1> <Delay = 3.25> <Storage> <Opcode : 'load' 'store'> <Ports = 2> <Width = 16> <Depth = 128> <RAM>
ST_5 : Operation 59 [1/1] ( I:3.25ns O:3.25ns )   --->   "%store_ln362 = store i16 %current_time_read, i7 %pre_traces_last_spike_time_1_addr" [src/snn_top_hls.cpp:362]   --->   Operation 59 'store' 'store_ln362' <Predicate = (trunc_ln356)> <Delay = 3.25> <CoreInst = "RAM_2P_BRAM">   --->   Core 90 'RAM_2P_BRAM' <Latency = 1> <II = 1> <Delay = 3.25> <Storage> <Opcode : 'load' 'store'> <Ports = 2> <Width = 16> <Depth = 128> <RAM>

State 6 <SV = 5> <Delay = 3.25>
ST_6 : Operation 60 [1/1] ( I:3.25ns O:3.25ns )   --->   "%store_ln361 = store i8 %select_ln361, i7 %pre_traces_trace_0_addr" [src/snn_top_hls.cpp:361]   --->   Operation 60 'store' 'store_ln361' <Predicate = (!trunc_ln356)> <Delay = 3.25> <CoreInst = "RAM_2P_BRAM">   --->   Core 90 'RAM_2P_BRAM' <Latency = 1> <II = 1> <Delay = 3.25> <Storage> <Opcode : 'load' 'store'> <Ports = 2> <Width = 8> <Depth = 128> <RAM>
ST_6 : Operation 61 [1/1] (0.00ns)   --->   "%br_ln362 = br void %arrayidx.1.exit" [src/snn_top_hls.cpp:362]   --->   Operation 61 'br' 'br_ln362' <Predicate = (!trunc_ln356)> <Delay = 0.00>
ST_6 : Operation 62 [1/1] ( I:3.25ns O:3.25ns )   --->   "%store_ln361 = store i8 %select_ln361, i7 %pre_traces_trace_1_addr" [src/snn_top_hls.cpp:361]   --->   Operation 62 'store' 'store_ln361' <Predicate = (trunc_ln356)> <Delay = 3.25> <CoreInst = "RAM_2P_BRAM">   --->   Core 90 'RAM_2P_BRAM' <Latency = 1> <II = 1> <Delay = 3.25> <Storage> <Opcode : 'load' 'store'> <Ports = 2> <Width = 8> <Depth = 128> <RAM>
ST_6 : Operation 63 [1/1] (0.00ns)   --->   "%br_ln362 = br void %arrayidx.1.exit" [src/snn_top_hls.cpp:362]   --->   Operation 63 'br' 'br_ln362' <Predicate = (trunc_ln356)> <Delay = 0.00>

State 7 <SV = 6> <Delay = 0.00>
ST_7 : Operation 64 [2/2] (0.00ns)   --->   "%call_ln350 = call void @process_pre_spike_aer_Pipeline_LTD_LOOP, i16 %current_time_read, i8 %pre_id_read, i8 %post_traces_trace_1, i16 %post_traces_last_spike_time_1, i8 %EXP_DECAY_LUT, i8 %post_traces_trace_0, i16 %post_traces_last_spike_time_0, i8 %p_ZL13weight_memory_0, i8 %p_ZL13weight_memory_1" [src/snn_top_hls.cpp:350]   --->   Operation 64 'call' 'call_ln350' <Predicate = true> <Delay = 0.00> <CoreType = "Generic">   --->   Generic Core

State 8 <SV = 7> <Delay = 0.00>
ST_8 : Operation 65 [1/2] (0.00ns)   --->   "%call_ln350 = call void @process_pre_spike_aer_Pipeline_LTD_LOOP, i16 %current_time_read, i8 %pre_id_read, i8 %post_traces_trace_1, i16 %post_traces_last_spike_time_1, i8 %EXP_DECAY_LUT, i8 %post_traces_trace_0, i16 %post_traces_last_spike_time_0, i8 %p_ZL13weight_memory_0, i8 %p_ZL13weight_memory_1" [src/snn_top_hls.cpp:350]   --->   Operation 65 'call' 'call_ln350' <Predicate = true> <Delay = 0.00> <CoreType = "Generic">   --->   Generic Core
ST_8 : Operation 66 [1/1] (0.00ns)   --->   "%ret_ln389 = ret" [src/snn_top_hls.cpp:389]   --->   Operation 66 'ret' 'ret_ln389' <Predicate = true> <Delay = 0.00>


============================================================
+ Verbose Summary: Binding
============================================================
STG Binding: 
---------------- STG Properties BEGIN ----------------
- Is combinational: 0
- Is one-state seq: 0
- Is datapath-only: 0
- Is pipelined: 0
- Is top level: 0
Port [ Return ] is wired: 1; IO mode=ap_ctrl_hs:ce=0
Port [ pre_id]:  wired=1; compound=0; hidden=0; nouse=0; global=0; static=0; extern=0; dir=0; type=0; pingpong=0; private_global=0; IO mode=ap_none:ce=0
Port [ current_time]:  wired=1; compound=0; hidden=0; nouse=0; global=0; static=0; extern=0; dir=0; type=0; pingpong=0; private_global=0; IO mode=ap_none:ce=0
Port [ pre_traces_trace_0]:  wired=1; compound=1; hidden=0; nouse=0; global=1; static=1; extern=0; dir=2; type=1; pingpong=0; private_global=0; MemPort=[10]; IO mode=ap_memory:ce=0
Port [ pre_traces_trace_1]:  wired=1; compound=1; hidden=0; nouse=0; global=1; static=1; extern=0; dir=2; type=1; pingpong=0; private_global=0; MemPort=[10]; IO mode=ap_memory:ce=0
Port [ pre_traces_last_spike_time_0]:  wired=1; compound=1; hidden=0; nouse=0; global=1; static=1; extern=0; dir=2; type=1; pingpong=0; private_global=0; MemPort=[10]; IO mode=ap_memory:ce=0
Port [ pre_traces_last_spike_time_1]:  wired=1; compound=1; hidden=0; nouse=0; global=1; static=1; extern=0; dir=2; type=1; pingpong=0; private_global=0; MemPort=[10]; IO mode=ap_memory:ce=0
Port [ EXP_DECAY_LUT]:  wired=0; compound=1; hidden=1; nouse=0; global=1; static=1; extern=0; dir=0; type=1; pingpong=0; private_global=0; MemPort=[1]; IO mode=ap_memory:ce=0
Port [ post_traces_trace_1]:  wired=1; compound=1; hidden=0; nouse=0; global=1; static=1; extern=0; dir=0; type=1; pingpong=0; private_global=0; MemPort=[13]; IO mode=ap_memory:ce=0
Port [ post_traces_last_spike_time_1]:  wired=1; compound=1; hidden=0; nouse=0; global=1; static=1; extern=0; dir=0; type=1; pingpong=0; private_global=0; MemPort=[13]; IO mode=ap_memory:ce=0
Port [ post_traces_trace_0]:  wired=1; compound=1; hidden=0; nouse=0; global=1; static=1; extern=0; dir=0; type=1; pingpong=0; private_global=0; MemPort=[13]; IO mode=ap_memory:ce=0
Port [ post_traces_last_spike_time_0]:  wired=1; compound=1; hidden=0; nouse=0; global=1; static=1; extern=0; dir=0; type=1; pingpong=0; private_global=0; MemPort=[13]; IO mode=ap_memory:ce=0
Port [ p_ZL13weight_memory_0]:  wired=1; compound=1; hidden=0; nouse=0; global=1; static=1; extern=0; dir=2; type=1; pingpong=0; private_global=0; MemPort=[10]; IO mode=ap_memory:ce=0
Port [ p_ZL13weight_memory_1]:  wired=1; compound=1; hidden=0; nouse=0; global=1; static=1; extern=0; dir=2; type=1; pingpong=0; private_global=0; MemPort=[10]; IO mode=ap_memory:ce=0
---------------- STG Properties END ------------------

---------------- Datapath Model BEGIN ----------------

<LifeTime>
<method=bitvector/>
pre_id_read                       (read         ) [ 001111111]
trunc_ln356                       (trunc        ) [ 001111100]
lshr_ln                           (partselect   ) [ 000000000]
zext_ln356                        (zext         ) [ 000000000]
pre_traces_trace_0_addr           (getelementptr) [ 001111100]
pre_traces_trace_1_addr           (getelementptr) [ 001111100]
pre_traces_last_spike_time_0_addr (getelementptr) [ 001111000]
pre_traces_last_spike_time_1_addr (getelementptr) [ 001111000]
pre_traces_last_spike_time_0_load (load         ) [ 000000000]
pre_traces_last_spike_time_1_load (load         ) [ 000000000]
old_pre_last_spike_time           (select       ) [ 000100000]
current_time_read                 (read         ) [ 000011111]
dt                                (sub          ) [ 000000000]
tmp                               (partselect   ) [ 000000000]
icmp_ln321                        (icmp         ) [ 000011000]
zext_ln325_1                      (zext         ) [ 000000000]
EXP_DECAY_LUT_addr                (getelementptr) [ 000010000]
pre_traces_trace_0_load           (load         ) [ 000000000]
pre_traces_trace_1_load           (load         ) [ 000000000]
old_pre_trace                     (select       ) [ 000001000]
EXP_DECAY_LUT_load                (load         ) [ 000001000]
specmemcore_ln0                   (specmemcore  ) [ 000000000]
specmemcore_ln0                   (specmemcore  ) [ 000000000]
specmemcore_ln0                   (specmemcore  ) [ 000000000]
specmemcore_ln0                   (specmemcore  ) [ 000000000]
specmemcore_ln0                   (specmemcore  ) [ 000000000]
specmemcore_ln0                   (specmemcore  ) [ 000000000]
specmemcore_ln0                   (specmemcore  ) [ 000000000]
specmemcore_ln0                   (specmemcore  ) [ 000000000]
specmemcore_ln0                   (specmemcore  ) [ 000000000]
specmemcore_ln0                   (specmemcore  ) [ 000000000]
icmp_ln315                        (icmp         ) [ 000000000]
zext_ln325                        (zext         ) [ 000000000]
zext_ln325_2                      (zext         ) [ 000000000]
mul_ln325                         (mul          ) [ 000000000]
decayed_pre                       (partselect   ) [ 000000000]
or_ln321                          (or           ) [ 000000000]
decayed_pre_1                     (select       ) [ 000000000]
zext_ln360                        (zext         ) [ 000000000]
new_trace                         (add          ) [ 000000000]
tmp_56                            (bitselect    ) [ 000000000]
trunc_ln361                       (trunc        ) [ 000000000]
select_ln361                      (select       ) [ 000000100]
br_ln361                          (br           ) [ 000000000]
store_ln362                       (store        ) [ 000000000]
store_ln362                       (store        ) [ 000000000]
store_ln361                       (store        ) [ 000000000]
br_ln362                          (br           ) [ 000000000]
store_ln361                       (store        ) [ 000000000]
br_ln362                          (br           ) [ 000000000]
call_ln350                        (call         ) [ 000000000]
ret_ln389                         (ret          ) [ 000000000]
</LifeTime>

<model>

<comp_list>
<comp id="0" class="1000" name="pre_id">
<pin_list>
<pin id="1" dir="1" index="0" bw="1" slack="0"/>
</pin_list>
<bind>
<StgValue><ssdm name="pre_id"/></StgValue>
</bind>
</comp>

<comp id="2" class="1000" name="current_time">
<pin_list>
<pin id="3" dir="1" index="0" bw="1" slack="0"/>
</pin_list>
<bind>
<StgValue><ssdm name="current_time"/></StgValue>
</bind>
</comp>

<comp id="4" class="1000" name="pre_traces_trace_0">
<pin_list>
<pin id="5" dir="1" index="0" bw="1" slack="0"/>
</pin_list>
<bind>
<StgValue><ssdm name="pre_traces_trace_0"/><MemPortTyVec>1 0 </MemPortTyVec>
</StgValue>
</bind>
</comp>

<comp id="6" class="1000" name="pre_traces_trace_1">
<pin_list>
<pin id="7" dir="1" index="0" bw="1" slack="0"/>
</pin_list>
<bind>
<StgValue><ssdm name="pre_traces_trace_1"/><MemPortTyVec>1 0 </MemPortTyVec>
</StgValue>
</bind>
</comp>

<comp id="8" class="1000" name="pre_traces_last_spike_time_0">
<pin_list>
<pin id="9" dir="1" index="0" bw="1" slack="0"/>
</pin_list>
<bind>
<StgValue><ssdm name="pre_traces_last_spike_time_0"/><MemPortTyVec>1 0 </MemPortTyVec>
</StgValue>
</bind>
</comp>

<comp id="10" class="1000" name="pre_traces_last_spike_time_1">
<pin_list>
<pin id="11" dir="1" index="0" bw="1" slack="0"/>
</pin_list>
<bind>
<StgValue><ssdm name="pre_traces_last_spike_time_1"/><MemPortTyVec>1 0 </MemPortTyVec>
</StgValue>
</bind>
</comp>

<comp id="12" class="1000" name="EXP_DECAY_LUT">
<pin_list>
<pin id="13" dir="1" index="0" bw="1" slack="0"/>
</pin_list>
<bind>
<StgValue><ssdm name="EXP_DECAY_LUT"/><MemPortTyVec>1 </MemPortTyVec>
</StgValue>
</bind>
</comp>

<comp id="14" class="1000" name="post_traces_trace_1">
<pin_list>
<pin id="15" dir="1" index="0" bw="1" slack="0"/>
</pin_list>
<bind>
<StgValue><ssdm name="post_traces_trace_1"/><MemPortTyVec>1 3 </MemPortTyVec>
</StgValue>
</bind>
</comp>

<comp id="16" class="1000" name="post_traces_last_spike_time_1">
<pin_list>
<pin id="17" dir="1" index="0" bw="1" slack="0"/>
</pin_list>
<bind>
<StgValue><ssdm name="post_traces_last_spike_time_1"/><MemPortTyVec>1 3 </MemPortTyVec>
</StgValue>
</bind>
</comp>

<comp id="18" class="1000" name="post_traces_trace_0">
<pin_list>
<pin id="19" dir="1" index="0" bw="1" slack="0"/>
</pin_list>
<bind>
<StgValue><ssdm name="post_traces_trace_0"/><MemPortTyVec>1 3 </MemPortTyVec>
</StgValue>
</bind>
</comp>

<comp id="20" class="1000" name="post_traces_last_spike_time_0">
<pin_list>
<pin id="21" dir="1" index="0" bw="1" slack="0"/>
</pin_list>
<bind>
<StgValue><ssdm name="post_traces_last_spike_time_0"/><MemPortTyVec>1 3 </MemPortTyVec>
</StgValue>
</bind>
</comp>

<comp id="22" class="1000" name="p_ZL13weight_memory_0">
<pin_list>
<pin id="23" dir="1" index="0" bw="1" slack="0"/>
</pin_list>
<bind>
<StgValue><ssdm name="p_ZL13weight_memory_0"/><MemPortTyVec>1 0 </MemPortTyVec>
</StgValue>
</bind>
</comp>

<comp id="24" class="1000" name="p_ZL13weight_memory_1">
<pin_list>
<pin id="25" dir="1" index="0" bw="1" slack="0"/>
</pin_list>
<bind>
<StgValue><ssdm name="p_ZL13weight_memory_1"/><MemPortTyVec>1 0 </MemPortTyVec>
</StgValue>
</bind>
</comp>

<comp id="26" class="1001" name="const_26">
<pin_list>
<pin id="27" dir="1" index="0" bw="1" slack="0"/>
</pin_list>
<bind>
<StgValue><ssdm name="_ssdm_op_Read.ap_auto.i8"/></StgValue>
</bind>
</comp>

<comp id="28" class="1001" name="const_28">
<pin_list>
<pin id="29" dir="1" index="0" bw="1" slack="0"/>
</pin_list>
<bind>
<StgValue><ssdm name="_ssdm_op_PartSelect.i7.i8.i32.i32"/></StgValue>
</bind>
</comp>

<comp id="30" class="1001" name="const_30">
<pin_list>
<pin id="31" dir="1" index="0" bw="1" slack="0"/>
</pin_list>
<bind>
<StgValue><ssdm name=""/></StgValue>
</bind>
</comp>

<comp id="32" class="1001" name="const_32">
<pin_list>
<pin id="33" dir="1" index="0" bw="1" slack="0"/>
</pin_list>
<bind>
<StgValue><ssdm name=""/></StgValue>
</bind>
</comp>

<comp id="34" class="1001" name="const_34">
<pin_list>
<pin id="35" dir="1" index="0" bw="1" slack="0"/>
</pin_list>
<bind>
<StgValue><ssdm name=""/></StgValue>
</bind>
</comp>

<comp id="36" class="1001" name="const_36">
<pin_list>
<pin id="37" dir="1" index="0" bw="1" slack="0"/>
</pin_list>
<bind>
<StgValue><ssdm name="_ssdm_op_Read.ap_auto.i16"/></StgValue>
</bind>
</comp>

<comp id="38" class="1001" name="const_38">
<pin_list>
<pin id="39" dir="1" index="0" bw="1" slack="0"/>
</pin_list>
<bind>
<StgValue><ssdm name="_ssdm_op_PartSelect.i12.i16.i32.i32"/></StgValue>
</bind>
</comp>

<comp id="40" class="1001" name="const_40">
<pin_list>
<pin id="41" dir="1" index="0" bw="1" slack="0"/>
</pin_list>
<bind>
<StgValue><ssdm name=""/></StgValue>
</bind>
</comp>

<comp id="42" class="1001" name="const_42">
<pin_list>
<pin id="43" dir="1" index="0" bw="1" slack="0"/>
</pin_list>
<bind>
<StgValue><ssdm name=""/></StgValue>
</bind>
</comp>

<comp id="44" class="1001" name="const_44">
<pin_list>
<pin id="45" dir="1" index="0" bw="1" slack="0"/>
</pin_list>
<bind>
<StgValue><ssdm name=""/></StgValue>
</bind>
</comp>

<comp id="46" class="1001" name="const_46">
<pin_list>
<pin id="47" dir="1" index="0" bw="1" slack="2147483647"/>
</pin_list>
<bind>
<StgValue><ssdm name="_ssdm_op_SpecMemCore"/></StgValue>
</bind>
</comp>

<comp id="48" class="1001" name="const_48">
<pin_list>
<pin id="49" dir="1" index="0" bw="1" slack="2147483647"/>
</pin_list>
<bind>
<StgValue><ssdm name=""/></StgValue>
</bind>
</comp>

<comp id="50" class="1001" name="const_50">
<pin_list>
<pin id="51" dir="1" index="0" bw="1" slack="2147483647"/>
</pin_list>
<bind>
<StgValue><ssdm name=""/></StgValue>
</bind>
</comp>

<comp id="52" class="1001" name="const_52">
<pin_list>
<pin id="53" dir="1" index="0" bw="1" slack="2147483647"/>
</pin_list>
<bind>
<StgValue><ssdm name=""/></StgValue>
</bind>
</comp>

<comp id="54" class="1001" name="const_54">
<pin_list>
<pin id="55" dir="1" index="0" bw="1" slack="2147483647"/>
</pin_list>
<bind>
<StgValue><ssdm name=""/></StgValue>
</bind>
</comp>

<comp id="56" class="1001" name="const_56">
<pin_list>
<pin id="57" dir="1" index="0" bw="1" slack="0"/>
</pin_list>
<bind>
<StgValue><ssdm name=""/></StgValue>
</bind>
</comp>

<comp id="58" class="1001" name="const_58">
<pin_list>
<pin id="59" dir="1" index="0" bw="1" slack="0"/>
</pin_list>
<bind>
<StgValue><ssdm name="_ssdm_op_PartSelect.i8.i16.i32.i32"/></StgValue>
</bind>
</comp>

<comp id="60" class="1001" name="const_60">
<pin_list>
<pin id="61" dir="1" index="0" bw="1" slack="0"/>
</pin_list>
<bind>
<StgValue><ssdm name=""/></StgValue>
</bind>
</comp>

<comp id="62" class="1001" name="const_62">
<pin_list>
<pin id="63" dir="1" index="0" bw="1" slack="0"/>
</pin_list>
<bind>
<StgValue><ssdm name=""/></StgValue>
</bind>
</comp>

<comp id="64" class="1001" name="const_64">
<pin_list>
<pin id="65" dir="1" index="0" bw="1" slack="0"/>
</pin_list>
<bind>
<StgValue><ssdm name="_ssdm_op_BitSelect.i1.i9.i32"/></StgValue>
</bind>
</comp>

<comp id="66" class="1001" name="const_66">
<pin_list>
<pin id="67" dir="1" index="0" bw="1" slack="0"/>
</pin_list>
<bind>
<StgValue><ssdm name=""/></StgValue>
</bind>
</comp>

<comp id="68" class="1001" name="const_68">
<pin_list>
<pin id="69" dir="1" index="0" bw="1" slack="0"/>
</pin_list>
<bind>
<StgValue><ssdm name="process_pre_spike_aer_Pipeline_LTD_LOOP"/></StgValue>
</bind>
</comp>

<comp id="70" class="1004" name="pre_id_read_read_fu_70">
<pin_list>
<pin id="71" dir="0" index="0" bw="8" slack="0"/>
<pin id="72" dir="0" index="1" bw="8" slack="0"/>
<pin id="73" dir="1" index="2" bw="8" slack="0"/>
</pin_list>
<bind>
<opcode="read(1150) " fcode="read"/>
<opset="pre_id_read/1 "/>
</bind>
</comp>

<comp id="76" class="1004" name="current_time_read_read_fu_76">
<pin_list>
<pin id="77" dir="0" index="0" bw="16" slack="0"/>
<pin id="78" dir="0" index="1" bw="16" slack="0"/>
<pin id="79" dir="1" index="2" bw="16" slack="0"/>
</pin_list>
<bind>
<opcode="read(1150) " fcode="read"/>
<opset="current_time_read/3 "/>
</bind>
</comp>

<comp id="82" class="1004" name="pre_traces_trace_0_addr_gep_fu_82">
<pin_list>
<pin id="83" dir="0" index="0" bw="8" slack="0"/>
<pin id="84" dir="0" index="1" bw="1" slack="0"/>
<pin id="85" dir="0" index="2" bw="7" slack="0"/>
<pin id="86" dir="1" index="3" bw="7" slack="2"/>
</pin_list>
<bind>
<opcode="getelementptr(29) " fcode="getelementptr"/>
<opset="pre_traces_trace_0_addr/1 "/>
</bind>
</comp>

<comp id="89" class="1004" name="pre_traces_trace_1_addr_gep_fu_89">
<pin_list>
<pin id="90" dir="0" index="0" bw="8" slack="0"/>
<pin id="91" dir="0" index="1" bw="1" slack="0"/>
<pin id="92" dir="0" index="2" bw="7" slack="0"/>
<pin id="93" dir="1" index="3" bw="7" slack="2"/>
</pin_list>
<bind>
<opcode="getelementptr(29) " fcode="getelementptr"/>
<opset="pre_traces_trace_1_addr/1 "/>
</bind>
</comp>

<comp id="96" class="1004" name="pre_traces_last_spike_time_0_addr_gep_fu_96">
<pin_list>
<pin id="97" dir="0" index="0" bw="16" slack="0"/>
<pin id="98" dir="0" index="1" bw="1" slack="0"/>
<pin id="99" dir="0" index="2" bw="7" slack="0"/>
<pin id="100" dir="1" index="3" bw="7" slack="0"/>
</pin_list>
<bind>
<opcode="getelementptr(29) " fcode="getelementptr"/>
<opset="pre_traces_last_spike_time_0_addr/1 "/>
</bind>
</comp>

<comp id="103" class="1004" name="pre_traces_last_spike_time_1_addr_gep_fu_103">
<pin_list>
<pin id="104" dir="0" index="0" bw="16" slack="0"/>
<pin id="105" dir="0" index="1" bw="1" slack="0"/>
<pin id="106" dir="0" index="2" bw="7" slack="0"/>
<pin id="107" dir="1" index="3" bw="7" slack="0"/>
</pin_list>
<bind>
<opcode="getelementptr(29) " fcode="getelementptr"/>
<opset="pre_traces_last_spike_time_1_addr/1 "/>
</bind>
</comp>

<comp id="110" class="1004" name="grp_access_fu_110">
<pin_list>
<pin id="111" dir="0" index="0" bw="7" slack="0"/>
<pin id="112" dir="0" index="1" bw="16" slack="2147483647"/>
<pin id="113" dir="0" index="2" bw="0" slack="4"/>
<pin id="145" dir="0" index="4" bw="7" slack="2"/>
<pin id="146" dir="0" index="5" bw="16" slack="2147483647"/>
<pin id="147" dir="0" index="6" bw="0" slack="2147483647"/>
<pin id="114" dir="1" index="3" bw="16" slack="0"/>
<pin id="148" dir="1" index="7" bw="16" slack="2147483647"/>
</pin_list>
<bind>
<opcode="load(27) store(28) " fcode="store"/>
<opset="pre_traces_last_spike_time_0_load/1 store_ln362/5 "/>
</bind>
</comp>

<comp id="116" class="1004" name="grp_access_fu_116">
<pin_list>
<pin id="117" dir="0" index="0" bw="7" slack="0"/>
<pin id="118" dir="0" index="1" bw="16" slack="2147483647"/>
<pin id="119" dir="0" index="2" bw="0" slack="4"/>
<pin id="149" dir="0" index="4" bw="7" slack="2"/>
<pin id="150" dir="0" index="5" bw="16" slack="2147483647"/>
<pin id="151" dir="0" index="6" bw="0" slack="2147483647"/>
<pin id="120" dir="1" index="3" bw="16" slack="0"/>
<pin id="152" dir="1" index="7" bw="16" slack="2147483647"/>
</pin_list>
<bind>
<opcode="load(27) store(28) " fcode="store"/>
<opset="pre_traces_last_spike_time_1_load/1 store_ln362/5 "/>
</bind>
</comp>

<comp id="122" class="1004" name="grp_access_fu_122">
<pin_list>
<pin id="123" dir="0" index="0" bw="7" slack="2"/>
<pin id="124" dir="0" index="1" bw="8" slack="2147483647"/>
<pin id="125" dir="0" index="2" bw="0" slack="5"/>
<pin id="153" dir="0" index="4" bw="7" slack="1"/>
<pin id="154" dir="0" index="5" bw="8" slack="2147483647"/>
<pin id="155" dir="0" index="6" bw="0" slack="2147483647"/>
<pin id="126" dir="1" index="3" bw="8" slack="0"/>
<pin id="156" dir="1" index="7" bw="8" slack="2147483647"/>
</pin_list>
<bind>
<opcode="load(27) store(28) " fcode="store"/>
<opset="pre_traces_trace_0_load/3 store_ln361/6 "/>
</bind>
</comp>

<comp id="127" class="1004" name="grp_access_fu_127">
<pin_list>
<pin id="128" dir="0" index="0" bw="7" slack="2"/>
<pin id="129" dir="0" index="1" bw="8" slack="2147483647"/>
<pin id="130" dir="0" index="2" bw="0" slack="5"/>
<pin id="157" dir="0" index="4" bw="7" slack="1"/>
<pin id="158" dir="0" index="5" bw="8" slack="2147483647"/>
<pin id="159" dir="0" index="6" bw="0" slack="2147483647"/>
<pin id="131" dir="1" index="3" bw="8" slack="0"/>
<pin id="160" dir="1" index="7" bw="8" slack="2147483647"/>
</pin_list>
<bind>
<opcode="load(27) store(28) " fcode="store"/>
<opset="pre_traces_trace_1_load/3 store_ln361/6 "/>
</bind>
</comp>

<comp id="132" class="1004" name="EXP_DECAY_LUT_addr_gep_fu_132">
<pin_list>
<pin id="133" dir="0" index="0" bw="8" slack="0"/>
<pin id="134" dir="0" index="1" bw="1" slack="0"/>
<pin id="135" dir="0" index="2" bw="16" slack="0"/>
<pin id="136" dir="1" index="3" bw="4" slack="0"/>
</pin_list>
<bind>
<opcode="getelementptr(29) " fcode="getelementptr"/>
<opset="EXP_DECAY_LUT_addr/3 "/>
</bind>
</comp>

<comp id="139" class="1004" name="grp_access_fu_139">
<pin_list>
<pin id="140" dir="0" index="0" bw="4" slack="0"/>
<pin id="141" dir="0" index="1" bw="8" slack="2147483647"/>
<pin id="142" dir="0" index="2" bw="0" slack="2147483647"/>
<pin id="143" dir="1" index="3" bw="8" slack="1"/>
</pin_list>
<bind>
<opcode="load(27) " fcode="load"/>
<opset="EXP_DECAY_LUT_load/3 "/>
</bind>
</comp>

<comp id="161" class="1004" name="grp_process_pre_spike_aer_Pipeline_LTD_LOOP_fu_161">
<pin_list>
<pin id="162" dir="0" index="0" bw="0" slack="0"/>
<pin id="163" dir="0" index="1" bw="16" slack="4"/>
<pin id="164" dir="0" index="2" bw="8" slack="6"/>
<pin id="165" dir="0" index="3" bw="8" slack="0"/>
<pin id="166" dir="0" index="4" bw="16" slack="0"/>
<pin id="167" dir="0" index="5" bw="8" slack="0"/>
<pin id="168" dir="0" index="6" bw="8" slack="0"/>
<pin id="169" dir="0" index="7" bw="16" slack="0"/>
<pin id="170" dir="0" index="8" bw="8" slack="0"/>
<pin id="171" dir="0" index="9" bw="8" slack="0"/>
<pin id="172" dir="1" index="10" bw="0" slack="2147483647"/>
</pin_list>
<bind>
<opcode="call(48) " fcode="call"/>
<opset="call_ln350/7 "/>
</bind>
</comp>

<comp id="181" class="1004" name="trunc_ln356_fu_181">
<pin_list>
<pin id="182" dir="0" index="0" bw="8" slack="0"/>
<pin id="183" dir="1" index="1" bw="1" slack="1"/>
</pin_list>
<bind>
<opcode="trunc(33) " fcode="trunc"/>
<opset="trunc_ln356/1 "/>
</bind>
</comp>

<comp id="185" class="1004" name="lshr_ln_fu_185">
<pin_list>
<pin id="186" dir="0" index="0" bw="7" slack="0"/>
<pin id="187" dir="0" index="1" bw="8" slack="0"/>
<pin id="188" dir="0" index="2" bw="1" slack="0"/>
<pin id="189" dir="0" index="3" bw="4" slack="0"/>
<pin id="190" dir="1" index="4" bw="7" slack="0"/>
</pin_list>
<bind>
<opcode="partselect(1002) " fcode="partselect"/>
<opset="lshr_ln/1 "/>
</bind>
</comp>

<comp id="195" class="1004" name="zext_ln356_fu_195">
<pin_list>
<pin id="196" dir="0" index="0" bw="7" slack="0"/>
<pin id="197" dir="1" index="1" bw="64" slack="0"/>
</pin_list>
<bind>
<opcode="zext(34) " fcode="zext"/>
<opset="zext_ln356/1 "/>
</bind>
</comp>

<comp id="203" class="1004" name="old_pre_last_spike_time_fu_203">
<pin_list>
<pin id="204" dir="0" index="0" bw="1" slack="1"/>
<pin id="205" dir="0" index="1" bw="16" slack="0"/>
<pin id="206" dir="0" index="2" bw="16" slack="0"/>
<pin id="207" dir="1" index="3" bw="16" slack="1"/>
</pin_list>
<bind>
<opcode="select(49) " fcode="select"/>
<opset="old_pre_last_spike_time/2 "/>
</bind>
</comp>

<comp id="210" class="1004" name="dt_fu_210">
<pin_list>
<pin id="211" dir="0" index="0" bw="16" slack="0"/>
<pin id="212" dir="0" index="1" bw="16" slack="1"/>
<pin id="213" dir="1" index="2" bw="16" slack="0"/>
</pin_list>
<bind>
<opcode="sub(10) " fcode="sub"/>
<opset="dt/3 "/>
</bind>
</comp>

<comp id="215" class="1004" name="tmp_fu_215">
<pin_list>
<pin id="216" dir="0" index="0" bw="12" slack="0"/>
<pin id="217" dir="0" index="1" bw="16" slack="0"/>
<pin id="218" dir="0" index="2" bw="4" slack="0"/>
<pin id="219" dir="0" index="3" bw="5" slack="0"/>
<pin id="220" dir="1" index="4" bw="12" slack="0"/>
</pin_list>
<bind>
<opcode="partselect(1002) " fcode="partselect"/>
<opset="tmp/3 "/>
</bind>
</comp>

<comp id="225" class="1004" name="icmp_ln321_fu_225">
<pin_list>
<pin id="226" dir="0" index="0" bw="12" slack="0"/>
<pin id="227" dir="0" index="1" bw="1" slack="0"/>
<pin id="228" dir="1" index="2" bw="1" slack="2"/>
</pin_list>
<bind>
<opcode="icmp(45) " fcode="icmp"/>
<opset="icmp_ln321/3 "/>
</bind>
</comp>

<comp id="231" class="1004" name="zext_ln325_1_fu_231">
<pin_list>
<pin id="232" dir="0" index="0" bw="16" slack="0"/>
<pin id="233" dir="1" index="1" bw="64" slack="0"/>
</pin_list>
<bind>
<opcode="zext(34) " fcode="zext"/>
<opset="zext_ln325_1/3 "/>
</bind>
</comp>

<comp id="236" class="1004" name="old_pre_trace_fu_236">
<pin_list>
<pin id="237" dir="0" index="0" bw="1" slack="3"/>
<pin id="238" dir="0" index="1" bw="8" slack="0"/>
<pin id="239" dir="0" index="2" bw="8" slack="0"/>
<pin id="240" dir="1" index="3" bw="8" slack="1"/>
</pin_list>
<bind>
<opcode="select(49) " fcode="select"/>
<opset="old_pre_trace/4 "/>
</bind>
</comp>

<comp id="243" class="1004" name="icmp_ln315_fu_243">
<pin_list>
<pin id="244" dir="0" index="0" bw="8" slack="1"/>
<pin id="245" dir="0" index="1" bw="1" slack="0"/>
<pin id="246" dir="1" index="2" bw="1" slack="0"/>
</pin_list>
<bind>
<opcode="icmp(45) " fcode="icmp"/>
<opset="icmp_ln315/5 "/>
</bind>
</comp>

<comp id="248" class="1004" name="zext_ln325_fu_248">
<pin_list>
<pin id="249" dir="0" index="0" bw="8" slack="1"/>
<pin id="250" dir="1" index="1" bw="16" slack="0"/>
</pin_list>
<bind>
<opcode="zext(34) " fcode="zext"/>
<opset="zext_ln325/5 "/>
</bind>
</comp>

<comp id="251" class="1004" name="zext_ln325_2_fu_251">
<pin_list>
<pin id="252" dir="0" index="0" bw="8" slack="1"/>
<pin id="253" dir="1" index="1" bw="16" slack="0"/>
</pin_list>
<bind>
<opcode="zext(34) " fcode="zext"/>
<opset="zext_ln325_2/5 "/>
</bind>
</comp>

<comp id="254" class="1004" name="mul_ln325_fu_254">
<pin_list>
<pin id="255" dir="0" index="0" bw="8" slack="0"/>
<pin id="256" dir="0" index="1" bw="8" slack="0"/>
<pin id="257" dir="1" index="2" bw="16" slack="0"/>
</pin_list>
<bind>
<opcode="mul(12) " fcode="mul"/>
<opset="mul_ln325/5 "/>
</bind>
</comp>

<comp id="260" class="1004" name="decayed_pre_fu_260">
<pin_list>
<pin id="261" dir="0" index="0" bw="8" slack="0"/>
<pin id="262" dir="0" index="1" bw="16" slack="0"/>
<pin id="263" dir="0" index="2" bw="5" slack="0"/>
<pin id="264" dir="0" index="3" bw="5" slack="0"/>
<pin id="265" dir="1" index="4" bw="8" slack="0"/>
</pin_list>
<bind>
<opcode="partselect(1002) " fcode="partselect"/>
<opset="decayed_pre/5 "/>
</bind>
</comp>

<comp id="270" class="1004" name="or_ln321_fu_270">
<pin_list>
<pin id="271" dir="0" index="0" bw="1" slack="0"/>
<pin id="272" dir="0" index="1" bw="1" slack="2"/>
<pin id="273" dir="1" index="2" bw="1" slack="0"/>
</pin_list>
<bind>
<opcode="or(24) " fcode="or"/>
<opset="or_ln321/5 "/>
</bind>
</comp>

<comp id="275" class="1004" name="decayed_pre_1_fu_275">
<pin_list>
<pin id="276" dir="0" index="0" bw="1" slack="0"/>
<pin id="277" dir="0" index="1" bw="1" slack="0"/>
<pin id="278" dir="0" index="2" bw="8" slack="0"/>
<pin id="279" dir="1" index="3" bw="8" slack="0"/>
</pin_list>
<bind>
<opcode="select(49) " fcode="select"/>
<opset="decayed_pre_1/5 "/>
</bind>
</comp>

<comp id="283" class="1004" name="zext_ln360_fu_283">
<pin_list>
<pin id="284" dir="0" index="0" bw="8" slack="0"/>
<pin id="285" dir="1" index="1" bw="9" slack="0"/>
</pin_list>
<bind>
<opcode="zext(34) " fcode="zext"/>
<opset="zext_ln360/5 "/>
</bind>
</comp>

<comp id="287" class="1004" name="new_trace_fu_287">
<pin_list>
<pin id="288" dir="0" index="0" bw="8" slack="0"/>
<pin id="289" dir="0" index="1" bw="9" slack="0"/>
<pin id="290" dir="1" index="2" bw="9" slack="0"/>
</pin_list>
<bind>
<opcode="add(8) " fcode="add"/>
<opset="new_trace/5 "/>
</bind>
</comp>

<comp id="293" class="1004" name="tmp_56_fu_293">
<pin_list>
<pin id="294" dir="0" index="0" bw="1" slack="0"/>
<pin id="295" dir="0" index="1" bw="9" slack="0"/>
<pin id="296" dir="0" index="2" bw="5" slack="0"/>
<pin id="297" dir="1" index="3" bw="1" slack="0"/>
</pin_list>
<bind>
<opcode="bitselect(1000) " fcode="bitselect"/>
<opset="tmp_56/5 "/>
</bind>
</comp>

<comp id="301" class="1004" name="trunc_ln361_fu_301">
<pin_list>
<pin id="302" dir="0" index="0" bw="9" slack="0"/>
<pin id="303" dir="1" index="1" bw="8" slack="0"/>
</pin_list>
<bind>
<opcode="trunc(33) " fcode="trunc"/>
<opset="trunc_ln361/5 "/>
</bind>
</comp>

<comp id="305" class="1004" name="select_ln361_fu_305">
<pin_list>
<pin id="306" dir="0" index="0" bw="1" slack="0"/>
<pin id="307" dir="0" index="1" bw="1" slack="0"/>
<pin id="308" dir="0" index="2" bw="8" slack="0"/>
<pin id="309" dir="1" index="3" bw="8" slack="1"/>
</pin_list>
<bind>
<opcode="select(49) " fcode="select"/>
<opset="select_ln361/5 "/>
</bind>
</comp>

<comp id="313" class="1005" name="pre_id_read_reg_313">
<pin_list>
<pin id="314" dir="0" index="0" bw="8" slack="6"/>
<pin id="315" dir="1" index="1" bw="8" slack="6"/>
</pin_list>
<bind>
<opset="pre_id_read "/>
</bind>
</comp>

<comp id="318" class="1005" name="trunc_ln356_reg_318">
<pin_list>
<pin id="319" dir="0" index="0" bw="1" slack="1"/>
<pin id="320" dir="1" index="1" bw="1" slack="1"/>
</pin_list>
<bind>
<opset="trunc_ln356 "/>
</bind>
</comp>

<comp id="324" class="1005" name="pre_traces_trace_0_addr_reg_324">
<pin_list>
<pin id="325" dir="0" index="0" bw="7" slack="2"/>
<pin id="326" dir="1" index="1" bw="7" slack="2"/>
</pin_list>
<bind>
<opset="pre_traces_trace_0_addr "/>
</bind>
</comp>

<comp id="330" class="1005" name="pre_traces_trace_1_addr_reg_330">
<pin_list>
<pin id="331" dir="0" index="0" bw="7" slack="2"/>
<pin id="332" dir="1" index="1" bw="7" slack="2"/>
</pin_list>
<bind>
<opset="pre_traces_trace_1_addr "/>
</bind>
</comp>

<comp id="336" class="1005" name="pre_traces_last_spike_time_0_addr_reg_336">
<pin_list>
<pin id="337" dir="0" index="0" bw="7" slack="1"/>
<pin id="338" dir="1" index="1" bw="7" slack="1"/>
</pin_list>
<bind>
<opset="pre_traces_last_spike_time_0_addr "/>
</bind>
</comp>

<comp id="342" class="1005" name="pre_traces_last_spike_time_1_addr_reg_342">
<pin_list>
<pin id="343" dir="0" index="0" bw="7" slack="1"/>
<pin id="344" dir="1" index="1" bw="7" slack="1"/>
</pin_list>
<bind>
<opset="pre_traces_last_spike_time_1_addr "/>
</bind>
</comp>

<comp id="348" class="1005" name="old_pre_last_spike_time_reg_348">
<pin_list>
<pin id="349" dir="0" index="0" bw="16" slack="1"/>
<pin id="350" dir="1" index="1" bw="16" slack="1"/>
</pin_list>
<bind>
<opset="old_pre_last_spike_time "/>
</bind>
</comp>

<comp id="353" class="1005" name="current_time_read_reg_353">
<pin_list>
<pin id="354" dir="0" index="0" bw="16" slack="2"/>
<pin id="355" dir="1" index="1" bw="16" slack="2"/>
</pin_list>
<bind>
<opset="current_time_read "/>
</bind>
</comp>

<comp id="360" class="1005" name="icmp_ln321_reg_360">
<pin_list>
<pin id="361" dir="0" index="0" bw="1" slack="2"/>
<pin id="362" dir="1" index="1" bw="1" slack="2"/>
</pin_list>
<bind>
<opset="icmp_ln321 "/>
</bind>
</comp>

<comp id="365" class="1005" name="EXP_DECAY_LUT_addr_reg_365">
<pin_list>
<pin id="366" dir="0" index="0" bw="4" slack="1"/>
<pin id="367" dir="1" index="1" bw="4" slack="1"/>
</pin_list>
<bind>
<opset="EXP_DECAY_LUT_addr "/>
</bind>
</comp>

<comp id="370" class="1005" name="old_pre_trace_reg_370">
<pin_list>
<pin id="371" dir="0" index="0" bw="8" slack="1"/>
<pin id="372" dir="1" index="1" bw="8" slack="1"/>
</pin_list>
<bind>
<opset="old_pre_trace "/>
</bind>
</comp>

<comp id="376" class="1005" name="EXP_DECAY_LUT_load_reg_376">
<pin_list>
<pin id="377" dir="0" index="0" bw="8" slack="1"/>
<pin id="378" dir="1" index="1" bw="8" slack="1"/>
</pin_list>
<bind>
<opset="EXP_DECAY_LUT_load "/>
</bind>
</comp>

<comp id="381" class="1005" name="select_ln361_reg_381">
<pin_list>
<pin id="382" dir="0" index="0" bw="8" slack="1"/>
<pin id="383" dir="1" index="1" bw="8" slack="1"/>
</pin_list>
<bind>
<opset="select_ln361 "/>
</bind>
</comp>

</comp_list>

<net_list>
<net id="74"><net_src comp="26" pin="0"/><net_sink comp="70" pin=0"/></net>

<net id="75"><net_src comp="0" pin="0"/><net_sink comp="70" pin=1"/></net>

<net id="80"><net_src comp="36" pin="0"/><net_sink comp="76" pin=0"/></net>

<net id="81"><net_src comp="2" pin="0"/><net_sink comp="76" pin=1"/></net>

<net id="87"><net_src comp="4" pin="0"/><net_sink comp="82" pin=0"/></net>

<net id="88"><net_src comp="34" pin="0"/><net_sink comp="82" pin=1"/></net>

<net id="94"><net_src comp="6" pin="0"/><net_sink comp="89" pin=0"/></net>

<net id="95"><net_src comp="34" pin="0"/><net_sink comp="89" pin=1"/></net>

<net id="101"><net_src comp="8" pin="0"/><net_sink comp="96" pin=0"/></net>

<net id="102"><net_src comp="34" pin="0"/><net_sink comp="96" pin=1"/></net>

<net id="108"><net_src comp="10" pin="0"/><net_sink comp="103" pin=0"/></net>

<net id="109"><net_src comp="34" pin="0"/><net_sink comp="103" pin=1"/></net>

<net id="115"><net_src comp="96" pin="3"/><net_sink comp="110" pin=0"/></net>

<net id="121"><net_src comp="103" pin="3"/><net_sink comp="116" pin=0"/></net>

<net id="137"><net_src comp="12" pin="0"/><net_sink comp="132" pin=0"/></net>

<net id="138"><net_src comp="34" pin="0"/><net_sink comp="132" pin=1"/></net>

<net id="144"><net_src comp="132" pin="3"/><net_sink comp="139" pin=0"/></net>

<net id="173"><net_src comp="68" pin="0"/><net_sink comp="161" pin=0"/></net>

<net id="174"><net_src comp="14" pin="0"/><net_sink comp="161" pin=3"/></net>

<net id="175"><net_src comp="16" pin="0"/><net_sink comp="161" pin=4"/></net>

<net id="176"><net_src comp="12" pin="0"/><net_sink comp="161" pin=5"/></net>

<net id="177"><net_src comp="18" pin="0"/><net_sink comp="161" pin=6"/></net>

<net id="178"><net_src comp="20" pin="0"/><net_sink comp="161" pin=7"/></net>

<net id="179"><net_src comp="22" pin="0"/><net_sink comp="161" pin=8"/></net>

<net id="180"><net_src comp="24" pin="0"/><net_sink comp="161" pin=9"/></net>

<net id="184"><net_src comp="70" pin="2"/><net_sink comp="181" pin=0"/></net>

<net id="191"><net_src comp="28" pin="0"/><net_sink comp="185" pin=0"/></net>

<net id="192"><net_src comp="70" pin="2"/><net_sink comp="185" pin=1"/></net>

<net id="193"><net_src comp="30" pin="0"/><net_sink comp="185" pin=2"/></net>

<net id="194"><net_src comp="32" pin="0"/><net_sink comp="185" pin=3"/></net>

<net id="198"><net_src comp="185" pin="4"/><net_sink comp="195" pin=0"/></net>

<net id="199"><net_src comp="195" pin="1"/><net_sink comp="82" pin=2"/></net>

<net id="200"><net_src comp="195" pin="1"/><net_sink comp="89" pin=2"/></net>

<net id="201"><net_src comp="195" pin="1"/><net_sink comp="96" pin=2"/></net>

<net id="202"><net_src comp="195" pin="1"/><net_sink comp="103" pin=2"/></net>

<net id="208"><net_src comp="116" pin="3"/><net_sink comp="203" pin=1"/></net>

<net id="209"><net_src comp="110" pin="3"/><net_sink comp="203" pin=2"/></net>

<net id="214"><net_src comp="76" pin="2"/><net_sink comp="210" pin=0"/></net>

<net id="221"><net_src comp="38" pin="0"/><net_sink comp="215" pin=0"/></net>

<net id="222"><net_src comp="210" pin="2"/><net_sink comp="215" pin=1"/></net>

<net id="223"><net_src comp="40" pin="0"/><net_sink comp="215" pin=2"/></net>

<net id="224"><net_src comp="42" pin="0"/><net_sink comp="215" pin=3"/></net>

<net id="229"><net_src comp="215" pin="4"/><net_sink comp="225" pin=0"/></net>

<net id="230"><net_src comp="44" pin="0"/><net_sink comp="225" pin=1"/></net>

<net id="234"><net_src comp="210" pin="2"/><net_sink comp="231" pin=0"/></net>

<net id="235"><net_src comp="231" pin="1"/><net_sink comp="132" pin=2"/></net>

<net id="241"><net_src comp="127" pin="3"/><net_sink comp="236" pin=1"/></net>

<net id="242"><net_src comp="122" pin="3"/><net_sink comp="236" pin=2"/></net>

<net id="247"><net_src comp="56" pin="0"/><net_sink comp="243" pin=1"/></net>

<net id="258"><net_src comp="251" pin="1"/><net_sink comp="254" pin=0"/></net>

<net id="259"><net_src comp="248" pin="1"/><net_sink comp="254" pin=1"/></net>

<net id="266"><net_src comp="58" pin="0"/><net_sink comp="260" pin=0"/></net>

<net id="267"><net_src comp="254" pin="2"/><net_sink comp="260" pin=1"/></net>

<net id="268"><net_src comp="60" pin="0"/><net_sink comp="260" pin=2"/></net>

<net id="269"><net_src comp="42" pin="0"/><net_sink comp="260" pin=3"/></net>

<net id="274"><net_src comp="243" pin="2"/><net_sink comp="270" pin=0"/></net>

<net id="280"><net_src comp="270" pin="2"/><net_sink comp="275" pin=0"/></net>

<net id="281"><net_src comp="56" pin="0"/><net_sink comp="275" pin=1"/></net>

<net id="282"><net_src comp="260" pin="4"/><net_sink comp="275" pin=2"/></net>

<net id="286"><net_src comp="275" pin="3"/><net_sink comp="283" pin=0"/></net>

<net id="291"><net_src comp="283" pin="1"/><net_sink comp="287" pin=0"/></net>

<net id="292"><net_src comp="62" pin="0"/><net_sink comp="287" pin=1"/></net>

<net id="298"><net_src comp="64" pin="0"/><net_sink comp="293" pin=0"/></net>

<net id="299"><net_src comp="287" pin="2"/><net_sink comp="293" pin=1"/></net>

<net id="300"><net_src comp="60" pin="0"/><net_sink comp="293" pin=2"/></net>

<net id="304"><net_src comp="287" pin="2"/><net_sink comp="301" pin=0"/></net>

<net id="310"><net_src comp="293" pin="3"/><net_sink comp="305" pin=0"/></net>

<net id="311"><net_src comp="66" pin="0"/><net_sink comp="305" pin=1"/></net>

<net id="312"><net_src comp="301" pin="1"/><net_sink comp="305" pin=2"/></net>

<net id="316"><net_src comp="70" pin="2"/><net_sink comp="313" pin=0"/></net>

<net id="317"><net_src comp="313" pin="1"/><net_sink comp="161" pin=2"/></net>

<net id="321"><net_src comp="181" pin="1"/><net_sink comp="318" pin=0"/></net>

<net id="322"><net_src comp="318" pin="1"/><net_sink comp="203" pin=0"/></net>

<net id="323"><net_src comp="318" pin="1"/><net_sink comp="236" pin=0"/></net>

<net id="327"><net_src comp="82" pin="3"/><net_sink comp="324" pin=0"/></net>

<net id="328"><net_src comp="324" pin="1"/><net_sink comp="122" pin=0"/></net>

<net id="329"><net_src comp="324" pin="1"/><net_sink comp="122" pin=2"/></net>

<net id="333"><net_src comp="89" pin="3"/><net_sink comp="330" pin=0"/></net>

<net id="334"><net_src comp="330" pin="1"/><net_sink comp="127" pin=0"/></net>

<net id="335"><net_src comp="330" pin="1"/><net_sink comp="127" pin=2"/></net>

<net id="339"><net_src comp="96" pin="3"/><net_sink comp="336" pin=0"/></net>

<net id="340"><net_src comp="336" pin="1"/><net_sink comp="110" pin=0"/></net>

<net id="341"><net_src comp="336" pin="1"/><net_sink comp="110" pin=2"/></net>

<net id="345"><net_src comp="103" pin="3"/><net_sink comp="342" pin=0"/></net>

<net id="346"><net_src comp="342" pin="1"/><net_sink comp="116" pin=0"/></net>

<net id="347"><net_src comp="342" pin="1"/><net_sink comp="116" pin=2"/></net>

<net id="351"><net_src comp="203" pin="3"/><net_sink comp="348" pin=0"/></net>

<net id="352"><net_src comp="348" pin="1"/><net_sink comp="210" pin=1"/></net>

<net id="356"><net_src comp="76" pin="2"/><net_sink comp="353" pin=0"/></net>

<net id="357"><net_src comp="353" pin="1"/><net_sink comp="110" pin=4"/></net>

<net id="358"><net_src comp="353" pin="1"/><net_sink comp="116" pin=4"/></net>

<net id="359"><net_src comp="353" pin="1"/><net_sink comp="161" pin=1"/></net>

<net id="363"><net_src comp="225" pin="2"/><net_sink comp="360" pin=0"/></net>

<net id="364"><net_src comp="360" pin="1"/><net_sink comp="270" pin=1"/></net>

<net id="368"><net_src comp="132" pin="3"/><net_sink comp="365" pin=0"/></net>

<net id="369"><net_src comp="365" pin="1"/><net_sink comp="139" pin=0"/></net>

<net id="373"><net_src comp="236" pin="3"/><net_sink comp="370" pin=0"/></net>

<net id="374"><net_src comp="370" pin="1"/><net_sink comp="243" pin=0"/></net>

<net id="375"><net_src comp="370" pin="1"/><net_sink comp="248" pin=0"/></net>

<net id="379"><net_src comp="139" pin="3"/><net_sink comp="376" pin=0"/></net>

<net id="380"><net_src comp="376" pin="1"/><net_sink comp="251" pin=0"/></net>

<net id="384"><net_src comp="305" pin="3"/><net_sink comp="381" pin=0"/></net>

<net id="385"><net_src comp="381" pin="1"/><net_sink comp="122" pin=4"/></net>

<net id="386"><net_src comp="381" pin="1"/><net_sink comp="127" pin=4"/></net>

</net_list>

</model> 
---------------- Datapath Model END ------------------

* FSMD analyzer results:
  - Output states:
	Port: pre_traces_trace_0 | {6 }
	Port: pre_traces_trace_1 | {6 }
	Port: pre_traces_last_spike_time_0 | {5 }
	Port: pre_traces_last_spike_time_1 | {5 }
	Port: p_ZL13weight_memory_0 | {7 8 }
	Port: p_ZL13weight_memory_1 | {7 8 }
 - Input state : 
	Port: process_pre_spike_aer : pre_id | {1 }
	Port: process_pre_spike_aer : current_time | {3 }
	Port: process_pre_spike_aer : pre_traces_trace_0 | {3 4 }
	Port: process_pre_spike_aer : pre_traces_trace_1 | {3 4 }
	Port: process_pre_spike_aer : pre_traces_last_spike_time_0 | {1 2 }
	Port: process_pre_spike_aer : pre_traces_last_spike_time_1 | {1 2 }
	Port: process_pre_spike_aer : EXP_DECAY_LUT | {3 4 7 8 }
	Port: process_pre_spike_aer : post_traces_trace_1 | {7 8 }
	Port: process_pre_spike_aer : post_traces_last_spike_time_1 | {7 8 }
	Port: process_pre_spike_aer : post_traces_trace_0 | {7 8 }
	Port: process_pre_spike_aer : post_traces_last_spike_time_0 | {7 8 }
	Port: process_pre_spike_aer : p_ZL13weight_memory_0 | {7 8 }
	Port: process_pre_spike_aer : p_ZL13weight_memory_1 | {7 8 }
  - Chain level:
	State 1
		zext_ln356 : 1
		pre_traces_trace_0_addr : 2
		pre_traces_trace_1_addr : 2
		pre_traces_last_spike_time_0_addr : 2
		pre_traces_last_spike_time_1_addr : 2
		pre_traces_last_spike_time_0_load : 3
		pre_traces_last_spike_time_1_load : 3
	State 2
		old_pre_last_spike_time : 1
	State 3
		tmp : 1
		icmp_ln321 : 2
		zext_ln325_1 : 1
		EXP_DECAY_LUT_addr : 2
		EXP_DECAY_LUT_load : 3
	State 4
		old_pre_trace : 1
	State 5
		mul_ln325 : 1
		decayed_pre : 2
		or_ln321 : 1
		decayed_pre_1 : 3
		zext_ln360 : 4
		new_trace : 5
		tmp_56 : 6
		trunc_ln361 : 6
		select_ln361 : 7
	State 6
	State 7
	State 8


============================================================
+ Verbose Summary: Datapath Resource usage 
============================================================

* Functional unit list:
|----------|----------------------------------------------------|---------|---------|---------|---------|
| Operation|                   Functional Unit                  |   DSP   |  Delay  |    FF   |   LUT   |
|----------|----------------------------------------------------|---------|---------|---------|---------|
|   call   | grp_process_pre_spike_aer_Pipeline_LTD_LOOP_fu_161 |    0    |  9.7666 |   341   |   469   |
|----------|----------------------------------------------------|---------|---------|---------|---------|
|    mul   |                  mul_ln325_fu_254                  |    0    |    0    |    0    |    41   |
|----------|----------------------------------------------------|---------|---------|---------|---------|
|          |           old_pre_last_spike_time_fu_203           |    0    |    0    |    0    |    16   |
|  select  |                old_pre_trace_fu_236                |    0    |    0    |    0    |    8    |
|          |                decayed_pre_1_fu_275                |    0    |    0    |    0    |    8    |
|          |                 select_ln361_fu_305                |    0    |    0    |    0    |    8    |
|----------|----------------------------------------------------|---------|---------|---------|---------|
|   icmp   |                  icmp_ln321_fu_225                 |    0    |    0    |    0    |    12   |
|          |                  icmp_ln315_fu_243                 |    0    |    0    |    0    |    15   |
|----------|----------------------------------------------------|---------|---------|---------|---------|
|    sub   |                      dt_fu_210                     |    0    |    0    |    0    |    23   |
|----------|----------------------------------------------------|---------|---------|---------|---------|
|    add   |                  new_trace_fu_287                  |    0    |    0    |    0    |    14   |
|----------|----------------------------------------------------|---------|---------|---------|---------|
|    or    |                   or_ln321_fu_270                  |    0    |    0    |    0    |    2    |
|----------|----------------------------------------------------|---------|---------|---------|---------|
|   read   |               pre_id_read_read_fu_70               |    0    |    0    |    0    |    0    |
|          |            current_time_read_read_fu_76            |    0    |    0    |    0    |    0    |
|----------|----------------------------------------------------|---------|---------|---------|---------|
|   trunc  |                 trunc_ln356_fu_181                 |    0    |    0    |    0    |    0    |
|          |                 trunc_ln361_fu_301                 |    0    |    0    |    0    |    0    |
|----------|----------------------------------------------------|---------|---------|---------|---------|
|          |                   lshr_ln_fu_185                   |    0    |    0    |    0    |    0    |
|partselect|                     tmp_fu_215                     |    0    |    0    |    0    |    0    |
|          |                 decayed_pre_fu_260                 |    0    |    0    |    0    |    0    |
|----------|----------------------------------------------------|---------|---------|---------|---------|
|          |                  zext_ln356_fu_195                 |    0    |    0    |    0    |    0    |
|          |                 zext_ln325_1_fu_231                |    0    |    0    |    0    |    0    |
|   zext   |                  zext_ln325_fu_248                 |    0    |    0    |    0    |    0    |
|          |                 zext_ln325_2_fu_251                |    0    |    0    |    0    |    0    |
|          |                  zext_ln360_fu_283                 |    0    |    0    |    0    |    0    |
|----------|----------------------------------------------------|---------|---------|---------|---------|
| bitselect|                    tmp_56_fu_293                   |    0    |    0    |    0    |    0    |
|----------|----------------------------------------------------|---------|---------|---------|---------|
|   Total  |                                                    |    0    |  9.7666 |   341   |   616   |
|----------|----------------------------------------------------|---------|---------|---------|---------|

Memories:
N/A

* Register list:
+-----------------------------------------+--------+
|                                         |   FF   |
+-----------------------------------------+--------+
|        EXP_DECAY_LUT_addr_reg_365       |    4   |
|        EXP_DECAY_LUT_load_reg_376       |    8   |
|        current_time_read_reg_353        |   16   |
|            icmp_ln321_reg_360           |    1   |
|     old_pre_last_spike_time_reg_348     |   16   |
|          old_pre_trace_reg_370          |    8   |
|           pre_id_read_reg_313           |    8   |
|pre_traces_last_spike_time_0_addr_reg_336|    7   |
|pre_traces_last_spike_time_1_addr_reg_342|    7   |
|     pre_traces_trace_0_addr_reg_324     |    7   |
|     pre_traces_trace_1_addr_reg_330     |    7   |
|           select_ln361_reg_381          |    8   |
|           trunc_ln356_reg_318           |    1   |
+-----------------------------------------+--------+
|                  Total                  |   98   |
+-----------------------------------------+--------+

* Multiplexer (MUX) list: 
|-------------------|------|------|------|--------||---------||---------||---------|
|        Comp       |  Pin | Size |  BW  | S x BW ||  Delay  ||    FF   ||   LUT   |
|-------------------|------|------|------|--------||---------||---------||---------|
| grp_access_fu_110 |  p0  |   2  |   7  |   14   ||    0    ||    9    |
| grp_access_fu_116 |  p0  |   2  |   7  |   14   ||    0    ||    9    |
| grp_access_fu_139 |  p0  |   2  |   4  |    8   ||    0    ||    9    |
|-------------------|------|------|------|--------||---------||---------||---------|
|       Total       |      |      |      |   36   ||  4.764  ||    0    ||    27   |
|-------------------|------|------|------|--------||---------||---------||---------|



* Summary:
+-----------+--------+--------+--------+--------+
|           |   DSP  |  Delay |   FF   |   LUT  |
+-----------+--------+--------+--------+--------+
|  Function |    0   |    9   |   341  |   616  |
|   Memory  |    -   |    -   |    -   |    -   |
|Multiplexer|    -   |    4   |    0   |   27   |
|  Register |    -   |    -   |   98   |    -   |
+-----------+--------+--------+--------+--------+
|   Total   |    0   |   14   |   439  |   643  |
+-----------+--------+--------+--------+--------+
