

================================================================
== Vitis HLS Report for 'process_post_spike_aer_Pipeline_LTP_LOOP'
================================================================
* Date:           Tue Feb 10 18:59:25 2026

* Version:        2025.2 (Build 6295257 on Nov 14 2025)
* Project:        hls_csim_output
* Solution:       hls (Vivado IP Flow Target)
* Product family: zynq
* Target device:  xc7z020-clg400-1


================================================================
== Performance Estimates
================================================================
+ Timing: 
    * Summary: 
    +--------+----------+----------+------------+
    |  Clock |  Target  | Estimated| Uncertainty|
    +--------+----------+----------+------------+
    |ap_clk  |  10.00 ns|  6.878 ns|     2.70 ns|
    +--------+----------+----------+------------+

+ Latency: 
    * Summary: 
    +---------+---------+----------+----------+-----+-----+-------------------+
    |  Latency (cycles) |  Latency (absolute) |  Interval |      Pipeline     |
    |   min   |   max   |    min   |    max   | min | max |        Type       |
    +---------+---------+----------+----------+-----+-----+-------------------+
    |      264|      264|  2.640 us|  2.640 us|    0|    0|  loop pipeline stp|
    +---------+---------+----------+----------+-----+-----+-------------------+

    + Detail: 
        * Instance: 
        N/A

        * Loop: 
        +------------+---------+---------+----------+-----------+-----------+------+----------+
        |            |  Latency (cycles) | Iteration|  Initiation Interval  | Trip |          |
        |  Loop Name |   min   |   max   |  Latency |  achieved |   target  | Count| Pipelined|
        +------------+---------+---------+----------+-----------+-----------+------+----------+
        |- LTP_LOOP  |      262|      262|         9|          2|          2|   128|       yes|
        +------------+---------+---------+----------+-----------+-----------+------+----------+

============================================================
+ Verbose Summary: Synthesis Manager
============================================================
InlineROM: 1
ExposeGlobal: 0
============================================================
+ Verbose Summary: CDFG Model
============================================================
IsTopModel: 0
ResetActiveHigh: 1
IsCombinational: 0
IsDatapathOnly: 0
HasWiredReturn: 1
HasMFsm: 2
HasVarLatency: 1
IsPipeline: 0
IsRtlPipelined: 0
IsInstanceOverlapped: 0
IsDontTouch: 0
HasImplIP: 0
IsGatedGlobalClock: 0

+ Individual pipeline summary: 
  * Pipeline-0: initiation interval (II) = 2, depth = 9


============================================================
+ Verbose Summary: Schedule
============================================================
* Number of FSM states : 9
* Pipeline : 1
  Pipeline-0 : II = 2, D = 9, States = { 1 2 3 4 5 6 7 8 9 }
* Dataflow Pipeline: 0

* FSM state transitions: 
1 --> 2 
2 --> 3 
3 --> 4 
4 --> 5 
5 --> 6 
6 --> 7 
7 --> 8 
8 --> 9 
9 --> 

* FSM state operations: 

State 1 <SV = 0> <Delay = 4.99>
ST_1 : Operation 12 [1/1] (0.00ns)   --->   "%i = alloca i32 1" [src/snn_top_hls.cpp:418]   --->   Operation 12 'alloca' 'i' <Predicate = true> <Delay = 0.00>
ST_1 : Operation 13 [1/1] (0.00ns)   --->   "%specmemcore_ln0 = specmemcore void @_ssdm_op_SpecMemCore, i16 %pre_traces_last_spike_time_0, i64 666, i64 22, i64 18446744073709551615, i1 0"   --->   Operation 13 'specmemcore' 'specmemcore_ln0' <Predicate = true> <Delay = 0.00>
ST_1 : Operation 14 [1/1] (0.00ns)   --->   "%specmemcore_ln0 = specmemcore void @_ssdm_op_SpecMemCore, i16 %pre_traces_last_spike_time_1, i64 666, i64 22, i64 18446744073709551615, i1 0"   --->   Operation 14 'specmemcore' 'specmemcore_ln0' <Predicate = true> <Delay = 0.00>
ST_1 : Operation 15 [1/1] (0.00ns)   --->   "%specmemcore_ln0 = specmemcore void @_ssdm_op_SpecMemCore, i8 %pre_traces_trace_0, i64 666, i64 22, i64 18446744073709551615, i1 0"   --->   Operation 15 'specmemcore' 'specmemcore_ln0' <Predicate = true> <Delay = 0.00>
ST_1 : Operation 16 [1/1] (0.00ns)   --->   "%specmemcore_ln0 = specmemcore void @_ssdm_op_SpecMemCore, i8 %pre_traces_trace_1, i64 666, i64 22, i64 18446744073709551615, i1 0"   --->   Operation 16 'specmemcore' 'specmemcore_ln0' <Predicate = true> <Delay = 0.00>
ST_1 : Operation 17 [1/1] (0.00ns)   --->   "%specmemcore_ln0 = specmemcore void @_ssdm_op_SpecMemCore, i8 %p_ZL13weight_memory_0, i64 666, i64 22, i64 18446744073709551615, i1 0"   --->   Operation 17 'specmemcore' 'specmemcore_ln0' <Predicate = true> <Delay = 0.00>
ST_1 : Operation 18 [1/1] (0.00ns)   --->   "%specmemcore_ln0 = specmemcore void @_ssdm_op_SpecMemCore, i8 %p_ZL13weight_memory_1, i64 666, i64 22, i64 18446744073709551615, i1 0"   --->   Operation 18 'specmemcore' 'specmemcore_ln0' <Predicate = true> <Delay = 0.00>
ST_1 : Operation 19 [1/1] (0.00ns)   --->   "%tmp_57 = read i1 @_ssdm_op_Read.ap_auto.i1, i1 %empty"   --->   Operation 19 'read' 'tmp_57' <Predicate = true> <Delay = 0.00>
ST_1 : Operation 20 [1/1] (0.00ns)   --->   "%current_time_read = read i16 @_ssdm_op_Read.ap_auto.i16, i16 %current_time"   --->   Operation 20 'read' 'current_time_read' <Predicate = true> <Delay = 0.00>
ST_1 : Operation 21 [1/1] (0.00ns)   --->   "%lshr_ln_read = read i7 @_ssdm_op_Read.ap_auto.i7, i7 %lshr_ln"   --->   Operation 21 'read' 'lshr_ln_read' <Predicate = true> <Delay = 0.00>
ST_1 : Operation 22 [1/1] (1.58ns)   --->   "%store_ln418 = store i9 0, i9 %i" [src/snn_top_hls.cpp:418]   --->   Operation 22 'store' 'store_ln418' <Predicate = true> <Delay = 1.58>
ST_1 : Operation 23 [1/1] (0.00ns)   --->   "%br_ln0 = br void %for.body"   --->   Operation 23 'br' 'br_ln0' <Predicate = true> <Delay = 0.00>
ST_1 : Operation 24 [1/1] (0.00ns)   --->   "%i_5 = load i9 %i" [src/snn_top_hls.cpp:418]   --->   Operation 24 'load' 'i_5' <Predicate = true> <Delay = 0.00>
ST_1 : Operation 25 [1/1] (0.00ns)   --->   "%tmp_58 = bitselect i1 @_ssdm_op_BitSelect.i1.i9.i32, i9 %i_5, i32 8" [src/snn_top_hls.cpp:418]   --->   Operation 25 'bitselect' 'tmp_58' <Predicate = true> <Delay = 0.00>
ST_1 : Operation 26 [1/1] (0.00ns)   --->   "%speclooptripcount_ln0 = speclooptripcount void @_ssdm_op_SpecLoopTripCount, i64 128, i64 128, i64 128"   --->   Operation 26 'speclooptripcount' 'speclooptripcount_ln0' <Predicate = true> <Delay = 0.00>
ST_1 : Operation 27 [1/1] (0.00ns)   --->   "%br_ln418 = br i1 %tmp_58, void %for.body.split_ifconv, void %for.end.exitStub" [src/snn_top_hls.cpp:418]   --->   Operation 27 'br' 'br_ln418' <Predicate = true> <Delay = 0.00>
ST_1 : Operation 28 [1/1] (0.00ns)   --->   "%trunc_ln418 = trunc i9 %i_5" [src/snn_top_hls.cpp:418]   --->   Operation 28 'trunc' 'trunc_ln418' <Predicate = (!tmp_58)> <Delay = 0.00>
ST_1 : Operation 29 [1/1] (0.00ns)   --->   "%lshr_ln1 = partselect i7 @_ssdm_op_PartSelect.i7.i9.i32.i32, i9 %i_5, i32 1, i32 7" [src/snn_top_hls.cpp:418]   --->   Operation 29 'partselect' 'lshr_ln1' <Predicate = (!tmp_58)> <Delay = 0.00>
ST_1 : Operation 30 [1/1] (0.00ns)   --->   "%zext_ln418 = zext i7 %lshr_ln1" [src/snn_top_hls.cpp:418]   --->   Operation 30 'zext' 'zext_ln418' <Predicate = (!tmp_58)> <Delay = 0.00>
ST_1 : Operation 31 [1/1] (0.00ns)   --->   "%pre_traces_trace_0_addr = getelementptr i8 %pre_traces_trace_0, i64 0, i64 %zext_ln418" [src/snn_top_hls.cpp:423]   --->   Operation 31 'getelementptr' 'pre_traces_trace_0_addr' <Predicate = (!tmp_58)> <Delay = 0.00>
ST_1 : Operation 32 [1/1] (0.00ns)   --->   "%pre_traces_last_spike_time_0_addr = getelementptr i16 %pre_traces_last_spike_time_0, i64 0, i64 %zext_ln418" [src/snn_top_hls.cpp:423]   --->   Operation 32 'getelementptr' 'pre_traces_last_spike_time_0_addr' <Predicate = (!tmp_58)> <Delay = 0.00>
ST_1 : Operation 33 [2/2] (3.25ns)   --->   "%pre_t_trace_1 = load i7 %pre_traces_trace_0_addr" [src/snn_top_hls.cpp:423]   --->   Operation 33 'load' 'pre_t_trace_1' <Predicate = (!tmp_58)> <Delay = 3.25> <CoreInst = "RAM_2P_BRAM">   --->   Core 90 'RAM_2P_BRAM' <Latency = 1> <II = 1> <Delay = 3.25> <Storage> <Opcode : 'load' 'store'> <Ports = 2> <Width = 8> <Depth = 128> <RAM>
ST_1 : Operation 34 [2/2] (3.25ns)   --->   "%pre_t_last_spike_time_1 = load i7 %pre_traces_last_spike_time_0_addr" [src/snn_top_hls.cpp:423]   --->   Operation 34 'load' 'pre_t_last_spike_time_1' <Predicate = (!tmp_58)> <Delay = 3.25> <CoreInst = "RAM_2P_BRAM">   --->   Core 90 'RAM_2P_BRAM' <Latency = 1> <II = 1> <Delay = 3.25> <Storage> <Opcode : 'load' 'store'> <Ports = 2> <Width = 16> <Depth = 128> <RAM>
ST_1 : Operation 35 [1/1] (0.00ns)   --->   "%pre_traces_last_spike_time_1_addr = getelementptr i16 %pre_traces_last_spike_time_1, i64 0, i64 %zext_ln418" [src/snn_top_hls.cpp:423]   --->   Operation 35 'getelementptr' 'pre_traces_last_spike_time_1_addr' <Predicate = (!tmp_58)> <Delay = 0.00>
ST_1 : Operation 36 [2/2] (3.25ns)   --->   "%pre_t_last_spike_time = load i7 %pre_traces_last_spike_time_1_addr" [src/snn_top_hls.cpp:423]   --->   Operation 36 'load' 'pre_t_last_spike_time' <Predicate = (!tmp_58)> <Delay = 3.25> <CoreInst = "RAM_2P_BRAM">   --->   Core 90 'RAM_2P_BRAM' <Latency = 1> <II = 1> <Delay = 3.25> <Storage> <Opcode : 'load' 'store'> <Ports = 2> <Width = 16> <Depth = 128> <RAM>
ST_1 : Operation 37 [1/1] (1.82ns)   --->   "%add_ln418 = add i9 %i_5, i9 2" [src/snn_top_hls.cpp:418]   --->   Operation 37 'add' 'add_ln418' <Predicate = (!tmp_58)> <Delay = 1.82> <CoreInst = "Adder">   --->   Core 1 'Adder' <Latency = 0> <II = 1> <Delay = 1.82> <FuncUnit> <Opcode : 'add' 'sub'> <InPorts = 2> <OutPorts = 1>
ST_1 : Operation 38 [1/1] (1.58ns)   --->   "%store_ln418 = store i9 %add_ln418, i9 %i" [src/snn_top_hls.cpp:418]   --->   Operation 38 'store' 'store_ln418' <Predicate = (!tmp_58)> <Delay = 1.58>
ST_1 : Operation 39 [1/1] (0.00ns)   --->   "%br_ln418 = br void %for.body" [src/snn_top_hls.cpp:418]   --->   Operation 39 'br' 'br_ln418' <Predicate = (!tmp_58)> <Delay = 0.00>

State 2 <SV = 1> <Delay = 6.87>
ST_2 : Operation 40 [1/2] ( I:3.25ns O:3.25ns )   --->   "%pre_t_trace_1 = load i7 %pre_traces_trace_0_addr" [src/snn_top_hls.cpp:423]   --->   Operation 40 'load' 'pre_t_trace_1' <Predicate = (!tmp_58)> <Delay = 3.25> <CoreInst = "RAM_2P_BRAM">   --->   Core 90 'RAM_2P_BRAM' <Latency = 1> <II = 1> <Delay = 3.25> <Storage> <Opcode : 'load' 'store'> <Ports = 2> <Width = 8> <Depth = 128> <RAM>
ST_2 : Operation 41 [1/2] ( I:3.25ns O:3.25ns )   --->   "%pre_t_last_spike_time_1 = load i7 %pre_traces_last_spike_time_0_addr" [src/snn_top_hls.cpp:423]   --->   Operation 41 'load' 'pre_t_last_spike_time_1' <Predicate = (!tmp_58)> <Delay = 3.25> <CoreInst = "RAM_2P_BRAM">   --->   Core 90 'RAM_2P_BRAM' <Latency = 1> <II = 1> <Delay = 3.25> <Storage> <Opcode : 'load' 'store'> <Ports = 2> <Width = 16> <Depth = 128> <RAM>
ST_2 : Operation 42 [1/1] (2.07ns)   --->   "%dt = sub i16 %current_time_read, i16 %pre_t_last_spike_time_1" [src/snn_top_hls.cpp:318->src/snn_top_hls.cpp:424]   --->   Operation 42 'sub' 'dt' <Predicate = (!tmp_58)> <Delay = 2.07> <CoreInst = "Adder">   --->   Core 1 'Adder' <Latency = 0> <II = 1> <Delay = 2.07> <FuncUnit> <Opcode : 'add' 'sub'> <InPorts = 2> <OutPorts = 1>
ST_2 : Operation 43 [1/1] (0.00ns)   --->   "%tmp_59 = partselect i12 @_ssdm_op_PartSelect.i12.i16.i32.i32, i16 %dt, i32 4, i32 15" [src/snn_top_hls.cpp:321->src/snn_top_hls.cpp:424]   --->   Operation 43 'partselect' 'tmp_59' <Predicate = (!tmp_58)> <Delay = 0.00>
ST_2 : Operation 44 [1/1] (1.54ns)   --->   "%icmp_ln321 = icmp_ne  i12 %tmp_59, i12 0" [src/snn_top_hls.cpp:321->src/snn_top_hls.cpp:424]   --->   Operation 44 'icmp' 'icmp_ln321' <Predicate = (!tmp_58)> <Delay = 1.54> <CoreInst = "Cmp">   --->   Core 9 'Cmp' <Latency = 0> <II = 1> <Delay = 1.54> <FuncUnit> <Opcode : 'seteq' 'setne' 'setle' 'setge' 'setlt' 'setgt'> <InPorts = 2> <OutPorts = 1>
ST_2 : Operation 45 [1/2] ( I:3.25ns O:3.25ns )   --->   "%pre_t_last_spike_time = load i7 %pre_traces_last_spike_time_1_addr" [src/snn_top_hls.cpp:423]   --->   Operation 45 'load' 'pre_t_last_spike_time' <Predicate = (!tmp_58)> <Delay = 3.25> <CoreInst = "RAM_2P_BRAM">   --->   Core 90 'RAM_2P_BRAM' <Latency = 1> <II = 1> <Delay = 3.25> <Storage> <Opcode : 'load' 'store'> <Ports = 2> <Width = 16> <Depth = 128> <RAM>
ST_2 : Operation 46 [1/1] (2.07ns)   --->   "%dt_2 = sub i16 %current_time_read, i16 %pre_t_last_spike_time" [src/snn_top_hls.cpp:318->src/snn_top_hls.cpp:424]   --->   Operation 46 'sub' 'dt_2' <Predicate = (!tmp_58)> <Delay = 2.07> <CoreInst = "Adder">   --->   Core 1 'Adder' <Latency = 0> <II = 1> <Delay = 2.07> <FuncUnit> <Opcode : 'add' 'sub'> <InPorts = 2> <OutPorts = 1>
ST_2 : Operation 47 [1/1] (0.00ns)   --->   "%tmp_61 = partselect i12 @_ssdm_op_PartSelect.i12.i16.i32.i32, i16 %dt_2, i32 4, i32 15" [src/snn_top_hls.cpp:321->src/snn_top_hls.cpp:424]   --->   Operation 47 'partselect' 'tmp_61' <Predicate = (!tmp_58)> <Delay = 0.00>
ST_2 : Operation 48 [1/1] (1.54ns)   --->   "%icmp_ln321_2 = icmp_ne  i12 %tmp_61, i12 0" [src/snn_top_hls.cpp:321->src/snn_top_hls.cpp:424]   --->   Operation 48 'icmp' 'icmp_ln321_2' <Predicate = (!tmp_58)> <Delay = 1.54> <CoreInst = "Cmp">   --->   Core 9 'Cmp' <Latency = 0> <II = 1> <Delay = 1.54> <FuncUnit> <Opcode : 'seteq' 'setne' 'setle' 'setge' 'setlt' 'setgt'> <InPorts = 2> <OutPorts = 1>

State 3 <SV = 2> <Delay = 3.25>
ST_3 : Operation 49 [1/1] (0.00ns)   --->   "%zext_ln325_6 = zext i16 %dt" [src/snn_top_hls.cpp:325->src/snn_top_hls.cpp:424]   --->   Operation 49 'zext' 'zext_ln325_6' <Predicate = true> <Delay = 0.00>
ST_3 : Operation 50 [1/1] (0.00ns)   --->   "%EXP_DECAY_LUT_addr = getelementptr i8 %EXP_DECAY_LUT, i64 0, i64 %zext_ln325_6" [src/snn_top_hls.cpp:325->src/snn_top_hls.cpp:424]   --->   Operation 50 'getelementptr' 'EXP_DECAY_LUT_addr' <Predicate = true> <Delay = 0.00>
ST_3 : Operation 51 [2/2] (2.32ns)   --->   "%EXP_DECAY_LUT_load = load i4 %EXP_DECAY_LUT_addr" [src/snn_top_hls.cpp:325->src/snn_top_hls.cpp:424]   --->   Operation 51 'load' 'EXP_DECAY_LUT_load' <Predicate = true> <Delay = 2.32> <CoreInst = "ROM">   --->   Core 94 'ROM' <Latency = 1> <II = 1> <Delay = 2.32> <Storage> <Opcode : 'load'> <Ports = 0> <Width = 8> <Depth = 16> <ROM>
ST_3 : Operation 52 [1/1] (0.00ns)   --->   "%pre_traces_trace_1_addr = getelementptr i8 %pre_traces_trace_1, i64 0, i64 %zext_ln418" [src/snn_top_hls.cpp:423]   --->   Operation 52 'getelementptr' 'pre_traces_trace_1_addr' <Predicate = true> <Delay = 0.00>
ST_3 : Operation 53 [2/2] (3.25ns)   --->   "%pre_t_trace = load i7 %pre_traces_trace_1_addr" [src/snn_top_hls.cpp:423]   --->   Operation 53 'load' 'pre_t_trace' <Predicate = true> <Delay = 3.25> <CoreInst = "RAM_2P_BRAM">   --->   Core 90 'RAM_2P_BRAM' <Latency = 1> <II = 1> <Delay = 3.25> <Storage> <Opcode : 'load' 'store'> <Ports = 2> <Width = 8> <Depth = 128> <RAM>

State 4 <SV = 3> <Delay = 6.49>
ST_4 : Operation 54 [1/1] (1.91ns)   --->   "%icmp_ln315 = icmp_eq  i8 %pre_t_trace_1, i8 0" [src/snn_top_hls.cpp:315->src/snn_top_hls.cpp:424]   --->   Operation 54 'icmp' 'icmp_ln315' <Predicate = true> <Delay = 1.91> <CoreInst = "Cmp">   --->   Core 9 'Cmp' <Latency = 0> <II = 1> <Delay = 1.91> <FuncUnit> <Opcode : 'seteq' 'setne' 'setle' 'setge' 'setlt' 'setgt'> <InPorts = 2> <OutPorts = 1>
ST_4 : Operation 55 [1/1] (0.00ns)   --->   "%zext_ln325 = zext i8 %pre_t_trace_1" [src/snn_top_hls.cpp:325->src/snn_top_hls.cpp:424]   --->   Operation 55 'zext' 'zext_ln325' <Predicate = true> <Delay = 0.00>
ST_4 : Operation 56 [1/2] ( I:2.32ns O:2.32ns )   --->   "%EXP_DECAY_LUT_load = load i4 %EXP_DECAY_LUT_addr" [src/snn_top_hls.cpp:325->src/snn_top_hls.cpp:424]   --->   Operation 56 'load' 'EXP_DECAY_LUT_load' <Predicate = true> <Delay = 2.32> <CoreInst = "ROM">   --->   Core 94 'ROM' <Latency = 1> <II = 1> <Delay = 2.32> <Storage> <Opcode : 'load'> <Ports = 0> <Width = 8> <Depth = 16> <ROM>
ST_4 : Operation 57 [1/1] (0.00ns)   --->   "%zext_ln325_7 = zext i8 %EXP_DECAY_LUT_load" [src/snn_top_hls.cpp:325->src/snn_top_hls.cpp:424]   --->   Operation 57 'zext' 'zext_ln325_7' <Predicate = true> <Delay = 0.00>
ST_4 : Operation 58 [1/1] (4.17ns)   --->   "%mul_ln325 = mul i16 %zext_ln325_7, i16 %zext_ln325" [src/snn_top_hls.cpp:325->src/snn_top_hls.cpp:424]   --->   Operation 58 'mul' 'mul_ln325' <Predicate = true> <Delay = 4.17> <CoreInst = "Multiplier">   --->   Core 3 'Multiplier' <Latency = 0> <II = 1> <Delay = 4.17> <FuncUnit> <Opcode : 'mul'> <InPorts = 2> <OutPorts = 1>
ST_4 : Operation 59 [1/2] ( I:3.25ns O:3.25ns )   --->   "%pre_t_trace = load i7 %pre_traces_trace_1_addr" [src/snn_top_hls.cpp:423]   --->   Operation 59 'load' 'pre_t_trace' <Predicate = true> <Delay = 3.25> <CoreInst = "RAM_2P_BRAM">   --->   Core 90 'RAM_2P_BRAM' <Latency = 1> <II = 1> <Delay = 3.25> <Storage> <Opcode : 'load' 'store'> <Ports = 2> <Width = 8> <Depth = 128> <RAM>
ST_4 : Operation 60 [1/1] (0.00ns)   --->   "%zext_ln325_9 = zext i16 %dt_2" [src/snn_top_hls.cpp:325->src/snn_top_hls.cpp:424]   --->   Operation 60 'zext' 'zext_ln325_9' <Predicate = true> <Delay = 0.00>
ST_4 : Operation 61 [1/1] (0.00ns)   --->   "%EXP_DECAY_LUT_addr_2 = getelementptr i8 %EXP_DECAY_LUT, i64 0, i64 %zext_ln325_9" [src/snn_top_hls.cpp:325->src/snn_top_hls.cpp:424]   --->   Operation 61 'getelementptr' 'EXP_DECAY_LUT_addr_2' <Predicate = true> <Delay = 0.00>
ST_4 : Operation 62 [2/2] (2.32ns)   --->   "%EXP_DECAY_LUT_load_2 = load i4 %EXP_DECAY_LUT_addr_2" [src/snn_top_hls.cpp:325->src/snn_top_hls.cpp:424]   --->   Operation 62 'load' 'EXP_DECAY_LUT_load_2' <Predicate = true> <Delay = 2.32> <CoreInst = "ROM">   --->   Core 94 'ROM' <Latency = 1> <II = 1> <Delay = 2.32> <Storage> <Opcode : 'load'> <Ports = 0> <Width = 8> <Depth = 16> <ROM>

State 5 <SV = 4> <Delay = 6.49>
ST_5 : Operation 63 [1/1] (0.00ns)   --->   "%tmp = bitconcatenate i15 @_ssdm_op_BitConcatenate.i15.i8.i7, i8 %trunc_ln418, i7 %lshr_ln_read" [src/snn_top_hls.cpp:430]   --->   Operation 63 'bitconcatenate' 'tmp' <Predicate = true> <Delay = 0.00>
ST_5 : Operation 64 [1/1] (0.00ns)   --->   "%zext_ln430 = zext i15 %tmp" [src/snn_top_hls.cpp:430]   --->   Operation 64 'zext' 'zext_ln430' <Predicate = true> <Delay = 0.00>
ST_5 : Operation 65 [1/1] (0.00ns)   --->   "%p_ZL13weight_memory_0_addr = getelementptr i8 %p_ZL13weight_memory_0, i64 0, i64 %zext_ln430" [src/snn_top_hls.cpp:430]   --->   Operation 65 'getelementptr' 'p_ZL13weight_memory_0_addr' <Predicate = true> <Delay = 0.00>
ST_5 : Operation 66 [1/1] (0.00ns)   --->   "%p_ZL13weight_memory_1_addr = getelementptr i8 %p_ZL13weight_memory_1, i64 0, i64 %zext_ln430" [src/snn_top_hls.cpp:430]   --->   Operation 66 'getelementptr' 'p_ZL13weight_memory_1_addr' <Predicate = true> <Delay = 0.00>
ST_5 : Operation 67 [1/1] (0.00ns)   --->   "%specpipeline_ln419 = specpipeline void @_ssdm_op_SpecPipeline, i32 2, i32 0, i32 0, i32 0, i32 4294967295, void @empty_3" [src/snn_top_hls.cpp:419]   --->   Operation 67 'specpipeline' 'specpipeline_ln419' <Predicate = true> <Delay = 0.00>
ST_5 : Operation 68 [1/1] (0.00ns)   --->   "%specloopname_ln418 = specloopname void @_ssdm_op_SpecLoopName, void @empty_0" [src/snn_top_hls.cpp:418]   --->   Operation 68 'specloopname' 'specloopname_ln418' <Predicate = true> <Delay = 0.00>
ST_5 : Operation 69 [1/1] (0.00ns) (grouped into LUT with out node pre_trace_val_1)   --->   "%pre_trace_val = partselect i8 @_ssdm_op_PartSelect.i8.i16.i32.i32, i16 %mul_ln325, i32 8, i32 15" [src/snn_top_hls.cpp:327->src/snn_top_hls.cpp:424]   --->   Operation 69 'partselect' 'pre_trace_val' <Predicate = true> <Delay = 0.00>
ST_5 : Operation 70 [1/1] (0.00ns) (grouped into LUT with out node pre_trace_val_1)   --->   "%or_ln321 = or i1 %icmp_ln315, i1 %icmp_ln321" [src/snn_top_hls.cpp:321->src/snn_top_hls.cpp:424]   --->   Operation 70 'or' 'or_ln321' <Predicate = true> <Delay = 0.00> <CoreInst = "LogicGate">   --->   Core 74 'LogicGate' <Latency = 0> <II = 1> <Delay = 0.97> <FuncUnit> <Opcode : 'and' 'or' 'xor'> <InPorts = 2> <OutPorts = 1>
ST_5 : Operation 71 [1/1] (1.24ns) (out node of the LUT)   --->   "%pre_trace_val_1 = select i1 %or_ln321, i8 0, i8 %pre_trace_val" [src/snn_top_hls.cpp:321->src/snn_top_hls.cpp:424]   --->   Operation 71 'select' 'pre_trace_val_1' <Predicate = true> <Delay = 1.24> <CoreInst = "Sel">   --->   Core 73 'Sel' <Latency = 0> <II = 1> <Delay = 1.24> <FuncUnit> <Opcode : 'select'> <InPorts = 3> <OutPorts = 1>
ST_5 : Operation 72 [1/1] (1.91ns)   --->   "%icmp_ln427 = icmp_eq  i8 %pre_trace_val_1, i8 0" [src/snn_top_hls.cpp:427]   --->   Operation 72 'icmp' 'icmp_ln427' <Predicate = true> <Delay = 1.91> <CoreInst = "Cmp">   --->   Core 9 'Cmp' <Latency = 0> <II = 1> <Delay = 1.91> <FuncUnit> <Opcode : 'seteq' 'setne' 'setle' 'setge' 'setlt' 'setgt'> <InPorts = 2> <OutPorts = 1>
ST_5 : Operation 73 [1/1] (0.00ns)   --->   "%br_ln427 = br i1 %icmp_ln427, void %if.end, void %cleanup_ifconv" [src/snn_top_hls.cpp:427]   --->   Operation 73 'br' 'br_ln427' <Predicate = true> <Delay = 0.00>
ST_5 : Operation 74 [2/2] (3.25ns)   --->   "%p_ZL13weight_memory_0_load = load i15 %p_ZL13weight_memory_0_addr" [src/snn_top_hls.cpp:430]   --->   Operation 74 'load' 'p_ZL13weight_memory_0_load' <Predicate = (!icmp_ln427 & !tmp_57)> <Delay = 3.25> <CoreInst = "RAM_2P_BRAM">   --->   Core 90 'RAM_2P_BRAM' <Latency = 1> <II = 1> <Delay = 3.25> <Storage> <Opcode : 'load' 'store'> <Ports = 2> <Width = 8> <Depth = 32768> <RAM>
ST_5 : Operation 75 [2/2] (3.25ns)   --->   "%p_ZL13weight_memory_1_load = load i15 %p_ZL13weight_memory_1_addr" [src/snn_top_hls.cpp:430]   --->   Operation 75 'load' 'p_ZL13weight_memory_1_load' <Predicate = (!icmp_ln427 & tmp_57)> <Delay = 3.25> <CoreInst = "RAM_2P_BRAM">   --->   Core 90 'RAM_2P_BRAM' <Latency = 1> <II = 1> <Delay = 3.25> <Storage> <Opcode : 'load' 'store'> <Ports = 2> <Width = 8> <Depth = 32768> <RAM>
ST_5 : Operation 76 [1/1] (0.00ns)   --->   "%br_ln438 = br i1 %tmp_57, void %arrayidx223.case.0, void %arrayidx223.case.1" [src/snn_top_hls.cpp:438]   --->   Operation 76 'br' 'br_ln438' <Predicate = (!icmp_ln427)> <Delay = 0.00>
ST_5 : Operation 77 [1/1] (0.00ns)   --->   "%br_ln439 = br void %cleanup_ifconv" [src/snn_top_hls.cpp:439]   --->   Operation 77 'br' 'br_ln439' <Predicate = (!icmp_ln427)> <Delay = 0.00>
ST_5 : Operation 78 [1/1] (1.91ns)   --->   "%icmp_ln315_2 = icmp_eq  i8 %pre_t_trace, i8 0" [src/snn_top_hls.cpp:315->src/snn_top_hls.cpp:424]   --->   Operation 78 'icmp' 'icmp_ln315_2' <Predicate = true> <Delay = 1.91> <CoreInst = "Cmp">   --->   Core 9 'Cmp' <Latency = 0> <II = 1> <Delay = 1.91> <FuncUnit> <Opcode : 'seteq' 'setne' 'setle' 'setge' 'setlt' 'setgt'> <InPorts = 2> <OutPorts = 1>
ST_5 : Operation 79 [1/1] (0.00ns)   --->   "%zext_ln325_8 = zext i8 %pre_t_trace" [src/snn_top_hls.cpp:325->src/snn_top_hls.cpp:424]   --->   Operation 79 'zext' 'zext_ln325_8' <Predicate = true> <Delay = 0.00>
ST_5 : Operation 80 [1/2] ( I:2.32ns O:2.32ns )   --->   "%EXP_DECAY_LUT_load_2 = load i4 %EXP_DECAY_LUT_addr_2" [src/snn_top_hls.cpp:325->src/snn_top_hls.cpp:424]   --->   Operation 80 'load' 'EXP_DECAY_LUT_load_2' <Predicate = true> <Delay = 2.32> <CoreInst = "ROM">   --->   Core 94 'ROM' <Latency = 1> <II = 1> <Delay = 2.32> <Storage> <Opcode : 'load'> <Ports = 0> <Width = 8> <Depth = 16> <ROM>
ST_5 : Operation 81 [1/1] (0.00ns)   --->   "%zext_ln325_10 = zext i8 %EXP_DECAY_LUT_load_2" [src/snn_top_hls.cpp:325->src/snn_top_hls.cpp:424]   --->   Operation 81 'zext' 'zext_ln325_10' <Predicate = true> <Delay = 0.00>
ST_5 : Operation 82 [1/1] (4.17ns)   --->   "%mul_ln325_2 = mul i16 %zext_ln325_10, i16 %zext_ln325_8" [src/snn_top_hls.cpp:325->src/snn_top_hls.cpp:424]   --->   Operation 82 'mul' 'mul_ln325_2' <Predicate = true> <Delay = 4.17> <CoreInst = "Multiplier">   --->   Core 3 'Multiplier' <Latency = 0> <II = 1> <Delay = 4.17> <FuncUnit> <Opcode : 'mul'> <InPorts = 2> <OutPorts = 1>

State 6 <SV = 5> <Delay = 6.41>
ST_6 : Operation 83 [1/2] ( I:3.25ns O:3.25ns )   --->   "%p_ZL13weight_memory_0_load = load i15 %p_ZL13weight_memory_0_addr" [src/snn_top_hls.cpp:430]   --->   Operation 83 'load' 'p_ZL13weight_memory_0_load' <Predicate = (!icmp_ln427 & !tmp_57)> <Delay = 3.25> <CoreInst = "RAM_2P_BRAM">   --->   Core 90 'RAM_2P_BRAM' <Latency = 1> <II = 1> <Delay = 3.25> <Storage> <Opcode : 'load' 'store'> <Ports = 2> <Width = 8> <Depth = 32768> <RAM>
ST_6 : Operation 84 [1/2] ( I:3.25ns O:3.25ns )   --->   "%p_ZL13weight_memory_1_load = load i15 %p_ZL13weight_memory_1_addr" [src/snn_top_hls.cpp:430]   --->   Operation 84 'load' 'p_ZL13weight_memory_1_load' <Predicate = (!icmp_ln427 & tmp_57)> <Delay = 3.25> <CoreInst = "RAM_2P_BRAM">   --->   Core 90 'RAM_2P_BRAM' <Latency = 1> <II = 1> <Delay = 3.25> <Storage> <Opcode : 'load' 'store'> <Ports = 2> <Width = 8> <Depth = 32768> <RAM>
ST_6 : Operation 85 [1/1] (1.24ns)   --->   "%current_w = select i1 %tmp_57, i8 %p_ZL13weight_memory_1_load, i8 %p_ZL13weight_memory_0_load" [src/snn_top_hls.cpp:430]   --->   Operation 85 'select' 'current_w' <Predicate = (!icmp_ln427)> <Delay = 1.24> <CoreInst = "Sel">   --->   Core 73 'Sel' <Latency = 0> <II = 1> <Delay = 1.24> <FuncUnit> <Opcode : 'select'> <InPorts = 3> <OutPorts = 1>
ST_6 : Operation 86 [1/1] (1.91ns)   --->   "%distance = sub i8 127, i8 %current_w" [src/snn_top_hls.cpp:434]   --->   Operation 86 'sub' 'distance' <Predicate = (!icmp_ln427)> <Delay = 1.91> <CoreInst = "Adder">   --->   Core 1 'Adder' <Latency = 0> <II = 1> <Delay = 1.91> <FuncUnit> <Opcode : 'add' 'sub'> <InPorts = 2> <OutPorts = 1>
ST_6 : Operation 87 [1/1] (0.00ns)   --->   "%tmp_36 = bitconcatenate i15 @_ssdm_op_BitConcatenate.i15.i7.i1.i7, i7 %lshr_ln1, i1 1, i7 %lshr_ln_read" [src/snn_top_hls.cpp:430]   --->   Operation 87 'bitconcatenate' 'tmp_36' <Predicate = true> <Delay = 0.00>
ST_6 : Operation 88 [1/1] (0.00ns)   --->   "%zext_ln430_1 = zext i15 %tmp_36" [src/snn_top_hls.cpp:430]   --->   Operation 88 'zext' 'zext_ln430_1' <Predicate = true> <Delay = 0.00>
ST_6 : Operation 89 [1/1] (0.00ns)   --->   "%p_ZL13weight_memory_0_addr_4 = getelementptr i8 %p_ZL13weight_memory_0, i64 0, i64 %zext_ln430_1" [src/snn_top_hls.cpp:430]   --->   Operation 89 'getelementptr' 'p_ZL13weight_memory_0_addr_4' <Predicate = true> <Delay = 0.00>
ST_6 : Operation 90 [1/1] (0.00ns)   --->   "%p_ZL13weight_memory_1_addr_4 = getelementptr i8 %p_ZL13weight_memory_1, i64 0, i64 %zext_ln430_1" [src/snn_top_hls.cpp:430]   --->   Operation 90 'getelementptr' 'p_ZL13weight_memory_1_addr_4' <Predicate = true> <Delay = 0.00>
ST_6 : Operation 91 [1/1] (0.00ns) (grouped into LUT with out node pre_trace_val_3)   --->   "%pre_trace_val_2 = partselect i8 @_ssdm_op_PartSelect.i8.i16.i32.i32, i16 %mul_ln325_2, i32 8, i32 15" [src/snn_top_hls.cpp:327->src/snn_top_hls.cpp:424]   --->   Operation 91 'partselect' 'pre_trace_val_2' <Predicate = true> <Delay = 0.00>
ST_6 : Operation 92 [1/1] (0.00ns) (grouped into LUT with out node pre_trace_val_3)   --->   "%or_ln321_2 = or i1 %icmp_ln315_2, i1 %icmp_ln321_2" [src/snn_top_hls.cpp:321->src/snn_top_hls.cpp:424]   --->   Operation 92 'or' 'or_ln321_2' <Predicate = true> <Delay = 0.00> <CoreInst = "LogicGate">   --->   Core 74 'LogicGate' <Latency = 0> <II = 1> <Delay = 0.97> <FuncUnit> <Opcode : 'and' 'or' 'xor'> <InPorts = 2> <OutPorts = 1>
ST_6 : Operation 93 [1/1] (1.24ns) (out node of the LUT)   --->   "%pre_trace_val_3 = select i1 %or_ln321_2, i8 0, i8 %pre_trace_val_2" [src/snn_top_hls.cpp:321->src/snn_top_hls.cpp:424]   --->   Operation 93 'select' 'pre_trace_val_3' <Predicate = true> <Delay = 1.24> <CoreInst = "Sel">   --->   Core 73 'Sel' <Latency = 0> <II = 1> <Delay = 1.24> <FuncUnit> <Opcode : 'select'> <InPorts = 3> <OutPorts = 1>
ST_6 : Operation 94 [1/1] (1.91ns)   --->   "%icmp_ln427_1 = icmp_eq  i8 %pre_trace_val_3, i8 0" [src/snn_top_hls.cpp:427]   --->   Operation 94 'icmp' 'icmp_ln427_1' <Predicate = true> <Delay = 1.91> <CoreInst = "Cmp">   --->   Core 9 'Cmp' <Latency = 0> <II = 1> <Delay = 1.91> <FuncUnit> <Opcode : 'seteq' 'setne' 'setle' 'setge' 'setlt' 'setgt'> <InPorts = 2> <OutPorts = 1>
ST_6 : Operation 95 [1/1] (0.00ns)   --->   "%br_ln427 = br i1 %icmp_ln427_1, void %if.end.1, void %cleanup.1" [src/snn_top_hls.cpp:427]   --->   Operation 95 'br' 'br_ln427' <Predicate = true> <Delay = 0.00>
ST_6 : Operation 96 [2/2] (3.25ns)   --->   "%p_ZL13weight_memory_0_load_4 = load i15 %p_ZL13weight_memory_0_addr_4" [src/snn_top_hls.cpp:430]   --->   Operation 96 'load' 'p_ZL13weight_memory_0_load_4' <Predicate = (!tmp_57 & !icmp_ln427_1)> <Delay = 3.25> <CoreInst = "RAM_2P_BRAM">   --->   Core 90 'RAM_2P_BRAM' <Latency = 1> <II = 1> <Delay = 3.25> <Storage> <Opcode : 'load' 'store'> <Ports = 2> <Width = 8> <Depth = 32768> <RAM>
ST_6 : Operation 97 [2/2] (3.25ns)   --->   "%p_ZL13weight_memory_1_load_4 = load i15 %p_ZL13weight_memory_1_addr_4" [src/snn_top_hls.cpp:430]   --->   Operation 97 'load' 'p_ZL13weight_memory_1_load_4' <Predicate = (tmp_57 & !icmp_ln427_1)> <Delay = 3.25> <CoreInst = "RAM_2P_BRAM">   --->   Core 90 'RAM_2P_BRAM' <Latency = 1> <II = 1> <Delay = 3.25> <Storage> <Opcode : 'load' 'store'> <Ports = 2> <Width = 8> <Depth = 32768> <RAM>
ST_6 : Operation 98 [1/1] (0.00ns)   --->   "%br_ln438 = br i1 %tmp_57, void %arrayidx223.1.case.0, void %arrayidx223.1.case.1" [src/snn_top_hls.cpp:438]   --->   Operation 98 'br' 'br_ln438' <Predicate = (!icmp_ln427_1)> <Delay = 0.00>
ST_6 : Operation 99 [1/1] (0.00ns)   --->   "%br_ln439 = br void %cleanup.1" [src/snn_top_hls.cpp:439]   --->   Operation 99 'br' 'br_ln439' <Predicate = (!icmp_ln427_1)> <Delay = 0.00>

State 7 <SV = 6> <Delay = 6.41>
ST_7 : Operation 100 [1/1] (0.00ns)   --->   "%sext_ln434 = sext i8 %current_w" [src/snn_top_hls.cpp:434]   --->   Operation 100 'sext' 'sext_ln434' <Predicate = (!icmp_ln427)> <Delay = 0.00>
ST_7 : Operation 101 [1/1] (0.00ns)   --->   "%zext_ln435 = zext i8 %distance" [src/snn_top_hls.cpp:435]   --->   Operation 101 'zext' 'zext_ln435' <Predicate = (!icmp_ln427)> <Delay = 0.00>
ST_7 : Operation 102 [1/1] (0.00ns)   --->   "%zext_ln435_1 = zext i8 %pre_trace_val_1" [src/snn_top_hls.cpp:435]   --->   Operation 102 'zext' 'zext_ln435_1' <Predicate = (!icmp_ln427)> <Delay = 0.00>
ST_7 : Operation 103 [1/1] (4.17ns)   --->   "%mul_ln435 = mul i16 %zext_ln435, i16 %zext_ln435_1" [src/snn_top_hls.cpp:435]   --->   Operation 103 'mul' 'mul_ln435' <Predicate = (!icmp_ln427)> <Delay = 4.17> <CoreInst = "Multiplier">   --->   Core 3 'Multiplier' <Latency = 0> <II = 1> <Delay = 4.17> <FuncUnit> <Opcode : 'mul'> <InPorts = 2> <OutPorts = 1>
ST_7 : Operation 104 [1/1] (0.00ns)   --->   "%tmp_s = partselect i8 @_ssdm_op_PartSelect.i8.i16.i32.i32, i16 %mul_ln435, i32 8, i32 15" [src/snn_top_hls.cpp:435]   --->   Operation 104 'partselect' 'tmp_s' <Predicate = (!icmp_ln427)> <Delay = 0.00>
ST_7 : Operation 105 [1/1] (0.00ns)   --->   "%zext_ln435_4 = zext i8 %tmp_s" [src/snn_top_hls.cpp:435]   --->   Operation 105 'zext' 'zext_ln435_4' <Predicate = (!icmp_ln427)> <Delay = 0.00>
ST_7 : Operation 106 [1/1] (1.91ns)   --->   "%add_ln438 = add i8 %tmp_s, i8 %current_w" [src/snn_top_hls.cpp:438]   --->   Operation 106 'add' 'add_ln438' <Predicate = (!icmp_ln427)> <Delay = 1.91> <CoreInst = "Adder">   --->   Core 1 'Adder' <Latency = 0> <II = 1> <Delay = 1.91> <FuncUnit> <Opcode : 'add' 'sub'> <InPorts = 2> <OutPorts = 1>
ST_7 : Operation 107 [1/1] (1.91ns)   --->   "%w = add i10 %zext_ln435_4, i10 %sext_ln434" [src/snn_top_hls.cpp:438]   --->   Operation 107 'add' 'w' <Predicate = (!icmp_ln427)> <Delay = 1.91> <CoreInst = "Adder">   --->   Core 1 'Adder' <Latency = 0> <II = 1> <Delay = 1.91> <FuncUnit> <Opcode : 'add' 'sub'> <InPorts = 2> <OutPorts = 1>
ST_7 : Operation 108 [1/1] (0.00ns)   --->   "%tmp_60 = partselect i3 @_ssdm_op_PartSelect.i3.i10.i32.i32, i10 %w, i32 7, i32 9" [src/snn_top_hls.cpp:335->src/snn_top_hls.cpp:438]   --->   Operation 108 'partselect' 'tmp_60' <Predicate = (!icmp_ln427)> <Delay = 0.00>
ST_7 : Operation 109 [1/2] ( I:3.25ns O:3.25ns )   --->   "%p_ZL13weight_memory_0_load_4 = load i15 %p_ZL13weight_memory_0_addr_4" [src/snn_top_hls.cpp:430]   --->   Operation 109 'load' 'p_ZL13weight_memory_0_load_4' <Predicate = (!tmp_57 & !icmp_ln427_1)> <Delay = 3.25> <CoreInst = "RAM_2P_BRAM">   --->   Core 90 'RAM_2P_BRAM' <Latency = 1> <II = 1> <Delay = 3.25> <Storage> <Opcode : 'load' 'store'> <Ports = 2> <Width = 8> <Depth = 32768> <RAM>
ST_7 : Operation 110 [1/2] ( I:3.25ns O:3.25ns )   --->   "%p_ZL13weight_memory_1_load_4 = load i15 %p_ZL13weight_memory_1_addr_4" [src/snn_top_hls.cpp:430]   --->   Operation 110 'load' 'p_ZL13weight_memory_1_load_4' <Predicate = (tmp_57 & !icmp_ln427_1)> <Delay = 3.25> <CoreInst = "RAM_2P_BRAM">   --->   Core 90 'RAM_2P_BRAM' <Latency = 1> <II = 1> <Delay = 3.25> <Storage> <Opcode : 'load' 'store'> <Ports = 2> <Width = 8> <Depth = 32768> <RAM>
ST_7 : Operation 111 [1/1] (1.24ns)   --->   "%current_w_2 = select i1 %tmp_57, i8 %p_ZL13weight_memory_1_load_4, i8 %p_ZL13weight_memory_0_load_4" [src/snn_top_hls.cpp:430]   --->   Operation 111 'select' 'current_w_2' <Predicate = (!icmp_ln427_1)> <Delay = 1.24> <CoreInst = "Sel">   --->   Core 73 'Sel' <Latency = 0> <II = 1> <Delay = 1.24> <FuncUnit> <Opcode : 'select'> <InPorts = 3> <OutPorts = 1>
ST_7 : Operation 112 [1/1] (1.91ns)   --->   "%distance_2 = sub i8 127, i8 %current_w_2" [src/snn_top_hls.cpp:434]   --->   Operation 112 'sub' 'distance_2' <Predicate = (!icmp_ln427_1)> <Delay = 1.91> <CoreInst = "Adder">   --->   Core 1 'Adder' <Latency = 0> <II = 1> <Delay = 1.91> <FuncUnit> <Opcode : 'add' 'sub'> <InPorts = 2> <OutPorts = 1>
ST_7 : Operation 134 [1/1] (1.58ns)   --->   "%ret_ln0 = ret"   --->   Operation 134 'ret' 'ret_ln0' <Predicate = (tmp_58)> <Delay = 1.58>

State 8 <SV = 7> <Delay = 6.15>
ST_8 : Operation 113 [1/1] (1.65ns)   --->   "%icmp_ln335 = icmp_sgt  i3 %tmp_60, i3 0" [src/snn_top_hls.cpp:335->src/snn_top_hls.cpp:438]   --->   Operation 113 'icmp' 'icmp_ln335' <Predicate = (!icmp_ln427)> <Delay = 1.65> <CoreInst = "Cmp">   --->   Core 9 'Cmp' <Latency = 0> <II = 1> <Delay = 1.65> <FuncUnit> <Opcode : 'seteq' 'setne' 'setle' 'setge' 'setlt' 'setgt'> <InPorts = 2> <OutPorts = 1>
ST_8 : Operation 114 [1/1] (1.24ns)   --->   "%select_ln335 = select i1 %icmp_ln335, i8 127, i8 %add_ln438" [src/snn_top_hls.cpp:335->src/snn_top_hls.cpp:438]   --->   Operation 114 'select' 'select_ln335' <Predicate = (!icmp_ln427)> <Delay = 1.24> <CoreInst = "Sel">   --->   Core 73 'Sel' <Latency = 0> <II = 1> <Delay = 1.24> <FuncUnit> <Opcode : 'select'> <InPorts = 3> <OutPorts = 1>
ST_8 : Operation 115 [1/1] ( I:3.25ns O:3.25ns )   --->   "%store_ln438 = store i8 %select_ln335, i15 %p_ZL13weight_memory_0_addr" [src/snn_top_hls.cpp:438]   --->   Operation 115 'store' 'store_ln438' <Predicate = (!icmp_ln427 & !tmp_57)> <Delay = 3.25> <CoreInst = "RAM_2P_BRAM">   --->   Core 90 'RAM_2P_BRAM' <Latency = 1> <II = 1> <Delay = 3.25> <Storage> <Opcode : 'load' 'store'> <Ports = 2> <Width = 8> <Depth = 32768> <RAM>
ST_8 : Operation 116 [1/1] (0.00ns)   --->   "%br_ln438 = br void %arrayidx223.exit" [src/snn_top_hls.cpp:438]   --->   Operation 116 'br' 'br_ln438' <Predicate = (!icmp_ln427 & !tmp_57)> <Delay = 0.00>
ST_8 : Operation 117 [1/1] ( I:3.25ns O:3.25ns )   --->   "%store_ln438 = store i8 %select_ln335, i15 %p_ZL13weight_memory_1_addr" [src/snn_top_hls.cpp:438]   --->   Operation 117 'store' 'store_ln438' <Predicate = (!icmp_ln427 & tmp_57)> <Delay = 3.25> <CoreInst = "RAM_2P_BRAM">   --->   Core 90 'RAM_2P_BRAM' <Latency = 1> <II = 1> <Delay = 3.25> <Storage> <Opcode : 'load' 'store'> <Ports = 2> <Width = 8> <Depth = 32768> <RAM>
ST_8 : Operation 118 [1/1] (0.00ns)   --->   "%br_ln438 = br void %arrayidx223.exit" [src/snn_top_hls.cpp:438]   --->   Operation 118 'br' 'br_ln438' <Predicate = (!icmp_ln427 & tmp_57)> <Delay = 0.00>
ST_8 : Operation 119 [1/1] (0.00ns)   --->   "%sext_ln434_1 = sext i8 %current_w_2" [src/snn_top_hls.cpp:434]   --->   Operation 119 'sext' 'sext_ln434_1' <Predicate = (!icmp_ln427_1)> <Delay = 0.00>
ST_8 : Operation 120 [1/1] (0.00ns)   --->   "%zext_ln435_2 = zext i8 %distance_2" [src/snn_top_hls.cpp:435]   --->   Operation 120 'zext' 'zext_ln435_2' <Predicate = (!icmp_ln427_1)> <Delay = 0.00>
ST_8 : Operation 121 [1/1] (0.00ns)   --->   "%zext_ln435_3 = zext i8 %pre_trace_val_3" [src/snn_top_hls.cpp:435]   --->   Operation 121 'zext' 'zext_ln435_3' <Predicate = (!icmp_ln427_1)> <Delay = 0.00>
ST_8 : Operation 122 [1/1] (4.17ns)   --->   "%mul_ln435_1 = mul i16 %zext_ln435_2, i16 %zext_ln435_3" [src/snn_top_hls.cpp:435]   --->   Operation 122 'mul' 'mul_ln435_1' <Predicate = (!icmp_ln427_1)> <Delay = 4.17> <CoreInst = "Multiplier">   --->   Core 3 'Multiplier' <Latency = 0> <II = 1> <Delay = 4.17> <FuncUnit> <Opcode : 'mul'> <InPorts = 2> <OutPorts = 1>
ST_8 : Operation 123 [1/1] (0.00ns)   --->   "%tmp_37 = partselect i8 @_ssdm_op_PartSelect.i8.i16.i32.i32, i16 %mul_ln435_1, i32 8, i32 15" [src/snn_top_hls.cpp:435]   --->   Operation 123 'partselect' 'tmp_37' <Predicate = (!icmp_ln427_1)> <Delay = 0.00>
ST_8 : Operation 124 [1/1] (0.00ns)   --->   "%zext_ln435_5 = zext i8 %tmp_37" [src/snn_top_hls.cpp:435]   --->   Operation 124 'zext' 'zext_ln435_5' <Predicate = (!icmp_ln427_1)> <Delay = 0.00>
ST_8 : Operation 125 [1/1] (1.91ns)   --->   "%add_ln438_2 = add i8 %tmp_37, i8 %current_w_2" [src/snn_top_hls.cpp:438]   --->   Operation 125 'add' 'add_ln438_2' <Predicate = (!icmp_ln427_1)> <Delay = 1.91> <CoreInst = "Adder">   --->   Core 1 'Adder' <Latency = 0> <II = 1> <Delay = 1.91> <FuncUnit> <Opcode : 'add' 'sub'> <InPorts = 2> <OutPorts = 1>
ST_8 : Operation 126 [1/1] (1.91ns)   --->   "%w_2 = add i10 %zext_ln435_5, i10 %sext_ln434_1" [src/snn_top_hls.cpp:438]   --->   Operation 126 'add' 'w_2' <Predicate = (!icmp_ln427_1)> <Delay = 1.91> <CoreInst = "Adder">   --->   Core 1 'Adder' <Latency = 0> <II = 1> <Delay = 1.91> <FuncUnit> <Opcode : 'add' 'sub'> <InPorts = 2> <OutPorts = 1>
ST_8 : Operation 127 [1/1] (0.00ns)   --->   "%tmp_62 = partselect i3 @_ssdm_op_PartSelect.i3.i10.i32.i32, i10 %w_2, i32 7, i32 9" [src/snn_top_hls.cpp:335->src/snn_top_hls.cpp:438]   --->   Operation 127 'partselect' 'tmp_62' <Predicate = (!icmp_ln427_1)> <Delay = 0.00>

State 9 <SV = 8> <Delay = 6.15>
ST_9 : Operation 128 [1/1] (1.65ns)   --->   "%icmp_ln335_1 = icmp_sgt  i3 %tmp_62, i3 0" [src/snn_top_hls.cpp:335->src/snn_top_hls.cpp:438]   --->   Operation 128 'icmp' 'icmp_ln335_1' <Predicate = (!icmp_ln427_1)> <Delay = 1.65> <CoreInst = "Cmp">   --->   Core 9 'Cmp' <Latency = 0> <II = 1> <Delay = 1.65> <FuncUnit> <Opcode : 'seteq' 'setne' 'setle' 'setge' 'setlt' 'setgt'> <InPorts = 2> <OutPorts = 1>
ST_9 : Operation 129 [1/1] (1.24ns)   --->   "%select_ln335_2 = select i1 %icmp_ln335_1, i8 127, i8 %add_ln438_2" [src/snn_top_hls.cpp:335->src/snn_top_hls.cpp:438]   --->   Operation 129 'select' 'select_ln335_2' <Predicate = (!icmp_ln427_1)> <Delay = 1.24> <CoreInst = "Sel">   --->   Core 73 'Sel' <Latency = 0> <II = 1> <Delay = 1.24> <FuncUnit> <Opcode : 'select'> <InPorts = 3> <OutPorts = 1>
ST_9 : Operation 130 [1/1] ( I:3.25ns O:3.25ns )   --->   "%store_ln438 = store i8 %select_ln335_2, i15 %p_ZL13weight_memory_0_addr_4" [src/snn_top_hls.cpp:438]   --->   Operation 130 'store' 'store_ln438' <Predicate = (!tmp_57 & !icmp_ln427_1)> <Delay = 3.25> <CoreInst = "RAM_2P_BRAM">   --->   Core 90 'RAM_2P_BRAM' <Latency = 1> <II = 1> <Delay = 3.25> <Storage> <Opcode : 'load' 'store'> <Ports = 2> <Width = 8> <Depth = 32768> <RAM>
ST_9 : Operation 131 [1/1] (0.00ns)   --->   "%br_ln438 = br void %arrayidx223.1.exit" [src/snn_top_hls.cpp:438]   --->   Operation 131 'br' 'br_ln438' <Predicate = (!tmp_57 & !icmp_ln427_1)> <Delay = 0.00>
ST_9 : Operation 132 [1/1] ( I:3.25ns O:3.25ns )   --->   "%store_ln438 = store i8 %select_ln335_2, i15 %p_ZL13weight_memory_1_addr_4" [src/snn_top_hls.cpp:438]   --->   Operation 132 'store' 'store_ln438' <Predicate = (tmp_57 & !icmp_ln427_1)> <Delay = 3.25> <CoreInst = "RAM_2P_BRAM">   --->   Core 90 'RAM_2P_BRAM' <Latency = 1> <II = 1> <Delay = 3.25> <Storage> <Opcode : 'load' 'store'> <Ports = 2> <Width = 8> <Depth = 32768> <RAM>
ST_9 : Operation 133 [1/1] (0.00ns)   --->   "%br_ln438 = br void %arrayidx223.1.exit" [src/snn_top_hls.cpp:438]   --->   Operation 133 'br' 'br_ln438' <Predicate = (tmp_57 & !icmp_ln427_1)> <Delay = 0.00>


============================================================
+ Verbose Summary: Timing violations
============================================================
Target clock period: 10.000ns, clock uncertainty: 2.700ns.

 <State 1>: 4.999ns
The critical path consists of the following:
	'store' operation ('store_ln418', src/snn_top_hls.cpp:418) of constant 0 9 bit on local variable 'i', src/snn_top_hls.cpp:418 [21]  (1.588 ns)
	'load' operation 9 bit ('i', src/snn_top_hls.cpp:418) on local variable 'i', src/snn_top_hls.cpp:418 [24]  (0.000 ns)
	'add' operation 9 bit ('add_ln418', src/snn_top_hls.cpp:418) [132]  (1.823 ns)
	'store' operation ('store_ln418', src/snn_top_hls.cpp:418) of variable 'add_ln418', src/snn_top_hls.cpp:418 9 bit on local variable 'i', src/snn_top_hls.cpp:418 [133]  (1.588 ns)

 <State 2>: 6.878ns
The critical path consists of the following:
	'load' operation 16 bit ('pre_t.last_spike_time', src/snn_top_hls.cpp:423) on array 'pre_traces_last_spike_time_1' [90]  (3.254 ns)
	'sub' operation 16 bit ('dt', src/snn_top_hls.cpp:318->src/snn_top_hls.cpp:424) [92]  (2.077 ns)
	'icmp' operation 1 bit ('icmp_ln321_2', src/snn_top_hls.cpp:321->src/snn_top_hls.cpp:424) [94]  (1.547 ns)

 <State 3>: 3.254ns
The critical path consists of the following:
	'getelementptr' operation 7 bit ('pre_traces_trace_1_addr', src/snn_top_hls.cpp:423) [87]  (0.000 ns)
	'load' operation 8 bit ('pre_t.trace', src/snn_top_hls.cpp:423) on array 'pre_traces_trace_1' [89]  (3.254 ns)

 <State 4>: 6.492ns
The critical path consists of the following:
	'load' operation 8 bit ('EXP_DECAY_LUT_load', src/snn_top_hls.cpp:325->src/snn_top_hls.cpp:424) on array 'EXP_DECAY_LUT' [49]  (2.322 ns)
	'mul' operation 16 bit ('mul_ln325', src/snn_top_hls.cpp:325->src/snn_top_hls.cpp:424) [51]  (4.170 ns)

 <State 5>: 6.492ns
The critical path consists of the following:
	'load' operation 8 bit ('EXP_DECAY_LUT_load_2', src/snn_top_hls.cpp:325->src/snn_top_hls.cpp:424) on array 'EXP_DECAY_LUT' [98]  (2.322 ns)
	'mul' operation 16 bit ('mul_ln325_2', src/snn_top_hls.cpp:325->src/snn_top_hls.cpp:424) [100]  (4.170 ns)

 <State 6>: 6.417ns
The critical path consists of the following:
	'load' operation 8 bit ('p_ZL13weight_memory_0_load', src/snn_top_hls.cpp:430) on array 'p_ZL13weight_memory_0' [58]  (3.254 ns)
	'select' operation 8 bit ('current_w', src/snn_top_hls.cpp:430) [60]  (1.248 ns)
	'sub' operation 8 bit ('distance', src/snn_top_hls.cpp:434) [62]  (1.915 ns)

 <State 7>: 6.417ns
The critical path consists of the following:
	'load' operation 8 bit ('p_ZL13weight_memory_0_load_4', src/snn_top_hls.cpp:430) on array 'p_ZL13weight_memory_0' [107]  (3.254 ns)
	'select' operation 8 bit ('current_w', src/snn_top_hls.cpp:430) [109]  (1.248 ns)
	'sub' operation 8 bit ('distance', src/snn_top_hls.cpp:434) [111]  (1.915 ns)

 <State 8>: 6.152ns
The critical path consists of the following:
	'icmp' operation 1 bit ('icmp_ln335', src/snn_top_hls.cpp:335->src/snn_top_hls.cpp:438) [71]  (1.650 ns)
	'select' operation 8 bit ('select_ln335', src/snn_top_hls.cpp:335->src/snn_top_hls.cpp:438) [72]  (1.248 ns)
	'store' operation ('store_ln438', src/snn_top_hls.cpp:438) of variable 'select_ln335', src/snn_top_hls.cpp:335->src/snn_top_hls.cpp:438 8 bit on array 'p_ZL13weight_memory_0' [75]  (3.254 ns)

 <State 9>: 6.152ns
The critical path consists of the following:
	'icmp' operation 1 bit ('icmp_ln335_1', src/snn_top_hls.cpp:335->src/snn_top_hls.cpp:438) [120]  (1.650 ns)
	'select' operation 8 bit ('select_ln335_2', src/snn_top_hls.cpp:335->src/snn_top_hls.cpp:438) [121]  (1.248 ns)
	'store' operation ('store_ln438', src/snn_top_hls.cpp:438) of variable 'select_ln335_2', src/snn_top_hls.cpp:335->src/snn_top_hls.cpp:438 8 bit on array 'p_ZL13weight_memory_0' [124]  (3.254 ns)


============================================================
+ Verbose Summary: Binding
============================================================
N/A
* FSMD analyzer results:
  - Output states:
 - Input state : 
  - Chain level:
	State 1
	State 2
	State 3
	State 4
	State 5
	State 6
	State 7
	State 8
	State 9


============================================================
+ Verbose Summary: Datapath Resource usage 
============================================================
N/A
