

================================================================
== Vitis HLS Report for 'process_pre_spike_aer'
================================================================
* Date:           Tue Feb 10 18:59:25 2026

* Version:        2025.2 (Build 6295257 on Nov 14 2025)
* Project:        hls_csim_output
* Solution:       hls (Vivado IP Flow Target)
* Product family: zynq
* Target device:  xc7z020-clg400-1


================================================================
== Performance Estimates
================================================================
+ Timing: 
    * Summary: 
    +--------+----------+----------+------------+
    |  Clock |  Target  | Estimated| Uncertainty|
    +--------+----------+----------+------------+
    |ap_clk  |  10.00 ns|  7.241 ns|     2.70 ns|
    +--------+----------+----------+------------+

+ Latency: 
    * Summary: 
    +---------+---------+----------+----------+-----+-----+---------+
    |  Latency (cycles) |  Latency (absolute) |  Interval | Pipeline|
    |   min   |   max   |    min   |    max   | min | max |   Type  |
    +---------+---------+----------+----------+-----+-----+---------+
    |      271|      271|  2.710 us|  2.710 us|  271|  271|       no|
    +---------+---------+----------+----------+-----+-----+---------+

    + Detail: 
        * Instance: 
        N/A

        * Loop: 
        N/A

============================================================
+ Verbose Summary: Synthesis Manager
============================================================
InlineROM: 1
ExposeGlobal: 0
============================================================
+ Verbose Summary: CDFG Model
============================================================
IsTopModel: 0
ResetActiveHigh: 1
IsCombinational: 0
IsDatapathOnly: 0
HasWiredReturn: 1
HasMFsm: 0
HasVarLatency: 1
IsPipeline: 0
IsRtlPipelined: 0
IsInstanceOverlapped: 0
IsDontTouch: 0
HasImplIP: 0
IsGatedGlobalClock: 0


============================================================
+ Verbose Summary: Schedule
============================================================
* Number of FSM states : 8
* Pipeline : 0
* Dataflow Pipeline: 0

* FSM state transitions: 
1 --> 2 
2 --> 3 
3 --> 4 
4 --> 5 
5 --> 6 
6 --> 7 
7 --> 8 
8 --> 

* FSM state operations: 

State 1 <SV = 0> <Delay = 3.25>
ST_1 : Operation 9 [1/1] (0.00ns)   --->   "%pre_id_read = read i8 @_ssdm_op_Read.ap_auto.i8, i8 %pre_id" [src/snn_top_hls.cpp:350]   --->   Operation 9 'read' 'pre_id_read' <Predicate = true> <Delay = 0.00>
ST_1 : Operation 10 [1/1] (0.00ns)   --->   "%trunc_ln356 = trunc i8 %pre_id_read" [src/snn_top_hls.cpp:356]   --->   Operation 10 'trunc' 'trunc_ln356' <Predicate = true> <Delay = 0.00>
ST_1 : Operation 11 [1/1] (0.00ns)   --->   "%lshr_ln = partselect i7 @_ssdm_op_PartSelect.i7.i8.i32.i32, i8 %pre_id_read, i32 1, i32 7" [src/snn_top_hls.cpp:356]   --->   Operation 11 'partselect' 'lshr_ln' <Predicate = true> <Delay = 0.00>
ST_1 : Operation 12 [1/1] (0.00ns)   --->   "%zext_ln356 = zext i7 %lshr_ln" [src/snn_top_hls.cpp:356]   --->   Operation 12 'zext' 'zext_ln356' <Predicate = true> <Delay = 0.00>
ST_1 : Operation 13 [1/1] (0.00ns)   --->   "%pre_traces_trace_0_addr = getelementptr i8 %pre_traces_trace_0, i64 0, i64 %zext_ln356" [src/snn_top_hls.cpp:356]   --->   Operation 13 'getelementptr' 'pre_traces_trace_0_addr' <Predicate = true> <Delay = 0.00>
ST_1 : Operation 14 [1/1] (0.00ns)   --->   "%pre_traces_trace_1_addr = getelementptr i8 %pre_traces_trace_1, i64 0, i64 %zext_ln356" [src/snn_top_hls.cpp:356]   --->   Operation 14 'getelementptr' 'pre_traces_trace_1_addr' <Predicate = true> <Delay = 0.00>
ST_1 : Operation 15 [1/1] (0.00ns)   --->   "%pre_traces_last_spike_time_0_addr = getelementptr i16 %pre_traces_last_spike_time_0, i64 0, i64 %zext_ln356" [src/snn_top_hls.cpp:356]   --->   Operation 15 'getelementptr' 'pre_traces_last_spike_time_0_addr' <Predicate = true> <Delay = 0.00>
ST_1 : Operation 16 [1/1] (0.00ns)   --->   "%pre_traces_last_spike_time_1_addr = getelementptr i16 %pre_traces_last_spike_time_1, i64 0, i64 %zext_ln356" [src/snn_top_hls.cpp:356]   --->   Operation 16 'getelementptr' 'pre_traces_last_spike_time_1_addr' <Predicate = true> <Delay = 0.00>
ST_1 : Operation 17 [2/2] (3.25ns)   --->   "%pre_traces_last_spike_time_0_load = load i7 %pre_traces_last_spike_time_0_addr" [src/snn_top_hls.cpp:356]   --->   Operation 17 'load' 'pre_traces_last_spike_time_0_load' <Predicate = true> <Delay = 3.25> <CoreInst = "RAM_2P_BRAM">   --->   Core 90 'RAM_2P_BRAM' <Latency = 1> <II = 1> <Delay = 3.25> <Storage> <Opcode : 'load' 'store'> <Ports = 2> <Width = 16> <Depth = 128> <RAM>
ST_1 : Operation 18 [2/2] (3.25ns)   --->   "%pre_traces_last_spike_time_1_load = load i7 %pre_traces_last_spike_time_1_addr" [src/snn_top_hls.cpp:356]   --->   Operation 18 'load' 'pre_traces_last_spike_time_1_load' <Predicate = true> <Delay = 3.25> <CoreInst = "RAM_2P_BRAM">   --->   Core 90 'RAM_2P_BRAM' <Latency = 1> <II = 1> <Delay = 3.25> <Storage> <Opcode : 'load' 'store'> <Ports = 2> <Width = 16> <Depth = 128> <RAM>

State 2 <SV = 1> <Delay = 4.05>
ST_2 : Operation 19 [1/2] ( I:3.25ns O:3.25ns )   --->   "%pre_traces_last_spike_time_0_load = load i7 %pre_traces_last_spike_time_0_addr" [src/snn_top_hls.cpp:356]   --->   Operation 19 'load' 'pre_traces_last_spike_time_0_load' <Predicate = true> <Delay = 3.25> <CoreInst = "RAM_2P_BRAM">   --->   Core 90 'RAM_2P_BRAM' <Latency = 1> <II = 1> <Delay = 3.25> <Storage> <Opcode : 'load' 'store'> <Ports = 2> <Width = 16> <Depth = 128> <RAM>
ST_2 : Operation 20 [1/2] ( I:3.25ns O:3.25ns )   --->   "%pre_traces_last_spike_time_1_load = load i7 %pre_traces_last_spike_time_1_addr" [src/snn_top_hls.cpp:356]   --->   Operation 20 'load' 'pre_traces_last_spike_time_1_load' <Predicate = true> <Delay = 3.25> <CoreInst = "RAM_2P_BRAM">   --->   Core 90 'RAM_2P_BRAM' <Latency = 1> <II = 1> <Delay = 3.25> <Storage> <Opcode : 'load' 'store'> <Ports = 2> <Width = 16> <Depth = 128> <RAM>
ST_2 : Operation 21 [1/1] (0.80ns)   --->   "%old_pre_last_spike_time = select i1 %trunc_ln356, i16 %pre_traces_last_spike_time_1_load, i16 %pre_traces_last_spike_time_0_load" [src/snn_top_hls.cpp:356]   --->   Operation 21 'select' 'old_pre_last_spike_time' <Predicate = true> <Delay = 0.80> <CoreInst = "Sel">   --->   Core 73 'Sel' <Latency = 0> <II = 1> <Delay = 0.80> <FuncUnit> <Opcode : 'select'> <InPorts = 3> <OutPorts = 1>

State 3 <SV = 2> <Delay = 4.39>
ST_3 : Operation 22 [1/1] (0.00ns)   --->   "%current_time_read = read i16 @_ssdm_op_Read.ap_auto.i16, i16 %current_time" [src/snn_top_hls.cpp:350]   --->   Operation 22 'read' 'current_time_read' <Predicate = true> <Delay = 0.00>
ST_3 : Operation 23 [2/2] (3.25ns)   --->   "%pre_traces_trace_0_load = load i7 %pre_traces_trace_0_addr" [src/snn_top_hls.cpp:356]   --->   Operation 23 'load' 'pre_traces_trace_0_load' <Predicate = (!trunc_ln356)> <Delay = 3.25> <CoreInst = "RAM_2P_BRAM">   --->   Core 90 'RAM_2P_BRAM' <Latency = 1> <II = 1> <Delay = 3.25> <Storage> <Opcode : 'load' 'store'> <Ports = 2> <Width = 8> <Depth = 128> <RAM>
ST_3 : Operation 24 [2/2] (3.25ns)   --->   "%pre_traces_trace_1_load = load i7 %pre_traces_trace_1_addr" [src/snn_top_hls.cpp:356]   --->   Operation 24 'load' 'pre_traces_trace_1_load' <Predicate = (trunc_ln356)> <Delay = 3.25> <CoreInst = "RAM_2P_BRAM">   --->   Core 90 'RAM_2P_BRAM' <Latency = 1> <II = 1> <Delay = 3.25> <Storage> <Opcode : 'load' 'store'> <Ports = 2> <Width = 8> <Depth = 128> <RAM>
ST_3 : Operation 25 [1/1] (2.07ns)   --->   "%dt = sub i16 %current_time_read, i16 %old_pre_last_spike_time" [src/snn_top_hls.cpp:318->src/snn_top_hls.cpp:357]   --->   Operation 25 'sub' 'dt' <Predicate = true> <Delay = 2.07> <CoreInst = "Adder">   --->   Core 1 'Adder' <Latency = 0> <II = 1> <Delay = 2.07> <FuncUnit> <Opcode : 'add' 'sub'> <InPorts = 2> <OutPorts = 1>
ST_3 : Operation 26 [1/1] (0.00ns)   --->   "%tmp = partselect i12 @_ssdm_op_PartSelect.i12.i16.i32.i32, i16 %dt, i32 4, i32 15" [src/snn_top_hls.cpp:321->src/snn_top_hls.cpp:357]   --->   Operation 26 'partselect' 'tmp' <Predicate = true> <Delay = 0.00>
ST_3 : Operation 27 [1/1] (1.54ns)   --->   "%icmp_ln321 = icmp_ne  i12 %tmp, i12 0" [src/snn_top_hls.cpp:321->src/snn_top_hls.cpp:357]   --->   Operation 27 'icmp' 'icmp_ln321' <Predicate = true> <Delay = 1.54> <CoreInst = "Cmp">   --->   Core 9 'Cmp' <Latency = 0> <II = 1> <Delay = 1.54> <FuncUnit> <Opcode : 'seteq' 'setne' 'setle' 'setge' 'setlt' 'setgt'> <InPorts = 2> <OutPorts = 1>
ST_3 : Operation 28 [1/1] (0.00ns)   --->   "%zext_ln325_1 = zext i16 %dt" [src/snn_top_hls.cpp:325->src/snn_top_hls.cpp:357]   --->   Operation 28 'zext' 'zext_ln325_1' <Predicate = true> <Delay = 0.00>
ST_3 : Operation 29 [1/1] (0.00ns)   --->   "%EXP_DECAY_LUT_addr = getelementptr i8 %EXP_DECAY_LUT, i64 0, i64 %zext_ln325_1" [src/snn_top_hls.cpp:325->src/snn_top_hls.cpp:357]   --->   Operation 29 'getelementptr' 'EXP_DECAY_LUT_addr' <Predicate = true> <Delay = 0.00>
ST_3 : Operation 30 [2/2] (2.32ns)   --->   "%EXP_DECAY_LUT_load = load i4 %EXP_DECAY_LUT_addr" [src/snn_top_hls.cpp:325->src/snn_top_hls.cpp:357]   --->   Operation 30 'load' 'EXP_DECAY_LUT_load' <Predicate = true> <Delay = 2.32> <CoreInst = "ROM">   --->   Core 94 'ROM' <Latency = 1> <II = 1> <Delay = 2.32> <Storage> <Opcode : 'load'> <Ports = 0> <Width = 8> <Depth = 16> <ROM>

State 4 <SV = 3> <Delay = 4.50>
ST_4 : Operation 31 [1/2] ( I:3.25ns O:3.25ns )   --->   "%pre_traces_trace_0_load = load i7 %pre_traces_trace_0_addr" [src/snn_top_hls.cpp:356]   --->   Operation 31 'load' 'pre_traces_trace_0_load' <Predicate = (!trunc_ln356)> <Delay = 3.25> <CoreInst = "RAM_2P_BRAM">   --->   Core 90 'RAM_2P_BRAM' <Latency = 1> <II = 1> <Delay = 3.25> <Storage> <Opcode : 'load' 'store'> <Ports = 2> <Width = 8> <Depth = 128> <RAM>
ST_4 : Operation 32 [1/2] ( I:3.25ns O:3.25ns )   --->   "%pre_traces_trace_1_load = load i7 %pre_traces_trace_1_addr" [src/snn_top_hls.cpp:356]   --->   Operation 32 'load' 'pre_traces_trace_1_load' <Predicate = (trunc_ln356)> <Delay = 3.25> <CoreInst = "RAM_2P_BRAM">   --->   Core 90 'RAM_2P_BRAM' <Latency = 1> <II = 1> <Delay = 3.25> <Storage> <Opcode : 'load' 'store'> <Ports = 2> <Width = 8> <Depth = 128> <RAM>
ST_4 : Operation 33 [1/1] (1.24ns)   --->   "%old_pre_trace = select i1 %trunc_ln356, i8 %pre_traces_trace_1_load, i8 %pre_traces_trace_0_load" [src/snn_top_hls.cpp:356]   --->   Operation 33 'select' 'old_pre_trace' <Predicate = true> <Delay = 1.24> <CoreInst = "Sel">   --->   Core 73 'Sel' <Latency = 0> <II = 1> <Delay = 1.24> <FuncUnit> <Opcode : 'select'> <InPorts = 3> <OutPorts = 1>
ST_4 : Operation 34 [1/2] ( I:2.32ns O:2.32ns )   --->   "%EXP_DECAY_LUT_load = load i4 %EXP_DECAY_LUT_addr" [src/snn_top_hls.cpp:325->src/snn_top_hls.cpp:357]   --->   Operation 34 'load' 'EXP_DECAY_LUT_load' <Predicate = true> <Delay = 2.32> <CoreInst = "ROM">   --->   Core 94 'ROM' <Latency = 1> <II = 1> <Delay = 2.32> <Storage> <Opcode : 'load'> <Ports = 0> <Width = 8> <Depth = 16> <ROM>

State 5 <SV = 4> <Delay = 7.24>
ST_5 : Operation 35 [1/1] (0.00ns)   --->   "%specmemcore_ln0 = specmemcore void @_ssdm_op_SpecMemCore, i16 %post_traces_last_spike_time_0, i64 666, i64 22, i64 18446744073709551615, i1 0"   --->   Operation 35 'specmemcore' 'specmemcore_ln0' <Predicate = true> <Delay = 0.00>
ST_5 : Operation 36 [1/1] (0.00ns)   --->   "%specmemcore_ln0 = specmemcore void @_ssdm_op_SpecMemCore, i16 %post_traces_last_spike_time_1, i64 666, i64 22, i64 18446744073709551615, i1 0"   --->   Operation 36 'specmemcore' 'specmemcore_ln0' <Predicate = true> <Delay = 0.00>
ST_5 : Operation 37 [1/1] (0.00ns)   --->   "%specmemcore_ln0 = specmemcore void @_ssdm_op_SpecMemCore, i8 %post_traces_trace_0, i64 666, i64 22, i64 18446744073709551615, i1 0"   --->   Operation 37 'specmemcore' 'specmemcore_ln0' <Predicate = true> <Delay = 0.00>
ST_5 : Operation 38 [1/1] (0.00ns)   --->   "%specmemcore_ln0 = specmemcore void @_ssdm_op_SpecMemCore, i8 %post_traces_trace_1, i64 666, i64 22, i64 18446744073709551615, i1 0"   --->   Operation 38 'specmemcore' 'specmemcore_ln0' <Predicate = true> <Delay = 0.00>
ST_5 : Operation 39 [1/1] (0.00ns)   --->   "%specmemcore_ln0 = specmemcore void @_ssdm_op_SpecMemCore, i16 %pre_traces_last_spike_time_0, i64 666, i64 22, i64 18446744073709551615, i1 0"   --->   Operation 39 'specmemcore' 'specmemcore_ln0' <Predicate = true> <Delay = 0.00>
ST_5 : Operation 40 [1/1] (0.00ns)   --->   "%specmemcore_ln0 = specmemcore void @_ssdm_op_SpecMemCore, i16 %pre_traces_last_spike_time_1, i64 666, i64 22, i64 18446744073709551615, i1 0"   --->   Operation 40 'specmemcore' 'specmemcore_ln0' <Predicate = true> <Delay = 0.00>
ST_5 : Operation 41 [1/1] (0.00ns)   --->   "%specmemcore_ln0 = specmemcore void @_ssdm_op_SpecMemCore, i8 %pre_traces_trace_0, i64 666, i64 22, i64 18446744073709551615, i1 0"   --->   Operation 41 'specmemcore' 'specmemcore_ln0' <Predicate = true> <Delay = 0.00>
ST_5 : Operation 42 [1/1] (0.00ns)   --->   "%specmemcore_ln0 = specmemcore void @_ssdm_op_SpecMemCore, i8 %pre_traces_trace_1, i64 666, i64 22, i64 18446744073709551615, i1 0"   --->   Operation 42 'specmemcore' 'specmemcore_ln0' <Predicate = true> <Delay = 0.00>
ST_5 : Operation 43 [1/1] (0.00ns)   --->   "%specmemcore_ln0 = specmemcore void @_ssdm_op_SpecMemCore, i8 %p_ZL13weight_memory_0, i64 666, i64 22, i64 18446744073709551615, i1 0"   --->   Operation 43 'specmemcore' 'specmemcore_ln0' <Predicate = true> <Delay = 0.00>
ST_5 : Operation 44 [1/1] (0.00ns)   --->   "%specmemcore_ln0 = specmemcore void @_ssdm_op_SpecMemCore, i8 %p_ZL13weight_memory_1, i64 666, i64 22, i64 18446744073709551615, i1 0"   --->   Operation 44 'specmemcore' 'specmemcore_ln0' <Predicate = true> <Delay = 0.00>
ST_5 : Operation 45 [1/1] (1.91ns)   --->   "%icmp_ln315 = icmp_eq  i8 %old_pre_trace, i8 0" [src/snn_top_hls.cpp:315->src/snn_top_hls.cpp:357]   --->   Operation 45 'icmp' 'icmp_ln315' <Predicate = true> <Delay = 1.91> <CoreInst = "Cmp">   --->   Core 9 'Cmp' <Latency = 0> <II = 1> <Delay = 1.91> <FuncUnit> <Opcode : 'seteq' 'setne' 'setle' 'setge' 'setlt' 'setgt'> <InPorts = 2> <OutPorts = 1>
ST_5 : Operation 46 [1/1] (0.00ns)   --->   "%zext_ln325 = zext i8 %old_pre_trace" [src/snn_top_hls.cpp:325->src/snn_top_hls.cpp:357]   --->   Operation 46 'zext' 'zext_ln325' <Predicate = true> <Delay = 0.00>
ST_5 : Operation 47 [1/1] (0.00ns)   --->   "%zext_ln325_2 = zext i8 %EXP_DECAY_LUT_load" [src/snn_top_hls.cpp:325->src/snn_top_hls.cpp:357]   --->   Operation 47 'zext' 'zext_ln325_2' <Predicate = true> <Delay = 0.00>
ST_5 : Operation 48 [1/1] (4.17ns)   --->   "%mul_ln325 = mul i16 %zext_ln325_2, i16 %zext_ln325" [src/snn_top_hls.cpp:325->src/snn_top_hls.cpp:357]   --->   Operation 48 'mul' 'mul_ln325' <Predicate = true> <Delay = 4.17> <CoreInst = "Multiplier">   --->   Core 3 'Multiplier' <Latency = 0> <II = 1> <Delay = 4.17> <FuncUnit> <Opcode : 'mul'> <InPorts = 2> <OutPorts = 1>
ST_5 : Operation 49 [1/1] (0.00ns) (grouped into LUT with out node new_trace)   --->   "%decayed_pre = partselect i8 @_ssdm_op_PartSelect.i8.i16.i32.i32, i16 %mul_ln325, i32 8, i32 15" [src/snn_top_hls.cpp:327->src/snn_top_hls.cpp:357]   --->   Operation 49 'partselect' 'decayed_pre' <Predicate = true> <Delay = 0.00>
ST_5 : Operation 50 [1/1] (0.00ns) (grouped into LUT with out node new_trace)   --->   "%or_ln321 = or i1 %icmp_ln315, i1 %icmp_ln321" [src/snn_top_hls.cpp:321->src/snn_top_hls.cpp:357]   --->   Operation 50 'or' 'or_ln321' <Predicate = true> <Delay = 0.00> <CoreInst = "LogicGate">   --->   Core 74 'LogicGate' <Latency = 0> <II = 1> <Delay = 0.97> <FuncUnit> <Opcode : 'and' 'or' 'xor'> <InPorts = 2> <OutPorts = 1>
ST_5 : Operation 51 [1/1] (0.00ns) (grouped into LUT with out node new_trace)   --->   "%decayed_pre_1 = select i1 %or_ln321, i8 0, i8 %decayed_pre" [src/snn_top_hls.cpp:321->src/snn_top_hls.cpp:357]   --->   Operation 51 'select' 'decayed_pre_1' <Predicate = true> <Delay = 0.00> <CoreInst = "Sel">   --->   Core 73 'Sel' <Latency = 0> <II = 1> <Delay = 1.24> <FuncUnit> <Opcode : 'select'> <InPorts = 3> <OutPorts = 1>
ST_5 : Operation 52 [1/1] (0.00ns) (grouped into LUT with out node new_trace)   --->   "%zext_ln360 = zext i8 %decayed_pre_1" [src/snn_top_hls.cpp:360]   --->   Operation 52 'zext' 'zext_ln360' <Predicate = true> <Delay = 0.00>
ST_5 : Operation 53 [1/1] (1.82ns) (out node of the LUT)   --->   "%new_trace = add i9 %zext_ln360, i9 128" [src/snn_top_hls.cpp:360]   --->   Operation 53 'add' 'new_trace' <Predicate = true> <Delay = 1.82> <CoreInst = "Adder">   --->   Core 1 'Adder' <Latency = 0> <II = 1> <Delay = 1.82> <FuncUnit> <Opcode : 'add' 'sub'> <InPorts = 2> <OutPorts = 1>
ST_5 : Operation 54 [1/1] (0.00ns)   --->   "%tmp_56 = bitselect i1 @_ssdm_op_BitSelect.i1.i9.i32, i9 %new_trace, i32 8" [src/snn_top_hls.cpp:361]   --->   Operation 54 'bitselect' 'tmp_56' <Predicate = true> <Delay = 0.00>
ST_5 : Operation 55 [1/1] (0.00ns)   --->   "%trunc_ln361 = trunc i9 %new_trace" [src/snn_top_hls.cpp:361]   --->   Operation 55 'trunc' 'trunc_ln361' <Predicate = true> <Delay = 0.00>
ST_5 : Operation 56 [1/1] (1.24ns)   --->   "%select_ln361 = select i1 %tmp_56, i8 255, i8 %trunc_ln361" [src/snn_top_hls.cpp:361]   --->   Operation 56 'select' 'select_ln361' <Predicate = true> <Delay = 1.24> <CoreInst = "Sel">   --->   Core 73 'Sel' <Latency = 0> <II = 1> <Delay = 1.24> <FuncUnit> <Opcode : 'select'> <InPorts = 3> <OutPorts = 1>
ST_5 : Operation 57 [1/1] (0.00ns)   --->   "%br_ln361 = br i1 %trunc_ln356, void %arrayidx.1.case.0, void %arrayidx.1.case.1" [src/snn_top_hls.cpp:361]   --->   Operation 57 'br' 'br_ln361' <Predicate = true> <Delay = 0.00>
ST_5 : Operation 58 [1/1] ( I:3.25ns O:3.25ns )   --->   "%store_ln362 = store i16 %current_time_read, i7 %pre_traces_last_spike_time_0_addr" [src/snn_top_hls.cpp:362]   --->   Operation 58 'store' 'store_ln362' <Predicate = (!trunc_ln356)> <Delay = 3.25> <CoreInst = "RAM_2P_BRAM">   --->   Core 90 'RAM_2P_BRAM' <Latency = 1> <II = 1> <Delay = 3.25> <Storage> <Opcode : 'load' 'store'> <Ports = 2> <Width = 16> <Depth = 128> <RAM>
ST_5 : Operation 59 [1/1] ( I:3.25ns O:3.25ns )   --->   "%store_ln362 = store i16 %current_time_read, i7 %pre_traces_last_spike_time_1_addr" [src/snn_top_hls.cpp:362]   --->   Operation 59 'store' 'store_ln362' <Predicate = (trunc_ln356)> <Delay = 3.25> <CoreInst = "RAM_2P_BRAM">   --->   Core 90 'RAM_2P_BRAM' <Latency = 1> <II = 1> <Delay = 3.25> <Storage> <Opcode : 'load' 'store'> <Ports = 2> <Width = 16> <Depth = 128> <RAM>

State 6 <SV = 5> <Delay = 3.25>
ST_6 : Operation 60 [1/1] ( I:3.25ns O:3.25ns )   --->   "%store_ln361 = store i8 %select_ln361, i7 %pre_traces_trace_0_addr" [src/snn_top_hls.cpp:361]   --->   Operation 60 'store' 'store_ln361' <Predicate = (!trunc_ln356)> <Delay = 3.25> <CoreInst = "RAM_2P_BRAM">   --->   Core 90 'RAM_2P_BRAM' <Latency = 1> <II = 1> <Delay = 3.25> <Storage> <Opcode : 'load' 'store'> <Ports = 2> <Width = 8> <Depth = 128> <RAM>
ST_6 : Operation 61 [1/1] (0.00ns)   --->   "%br_ln362 = br void %arrayidx.1.exit" [src/snn_top_hls.cpp:362]   --->   Operation 61 'br' 'br_ln362' <Predicate = (!trunc_ln356)> <Delay = 0.00>
ST_6 : Operation 62 [1/1] ( I:3.25ns O:3.25ns )   --->   "%store_ln361 = store i8 %select_ln361, i7 %pre_traces_trace_1_addr" [src/snn_top_hls.cpp:361]   --->   Operation 62 'store' 'store_ln361' <Predicate = (trunc_ln356)> <Delay = 3.25> <CoreInst = "RAM_2P_BRAM">   --->   Core 90 'RAM_2P_BRAM' <Latency = 1> <II = 1> <Delay = 3.25> <Storage> <Opcode : 'load' 'store'> <Ports = 2> <Width = 8> <Depth = 128> <RAM>
ST_6 : Operation 63 [1/1] (0.00ns)   --->   "%br_ln362 = br void %arrayidx.1.exit" [src/snn_top_hls.cpp:362]   --->   Operation 63 'br' 'br_ln362' <Predicate = (trunc_ln356)> <Delay = 0.00>

State 7 <SV = 6> <Delay = 0.00>
ST_7 : Operation 64 [2/2] (0.00ns)   --->   "%call_ln350 = call void @process_pre_spike_aer_Pipeline_LTD_LOOP, i16 %current_time_read, i8 %pre_id_read, i8 %post_traces_trace_1, i16 %post_traces_last_spike_time_1, i8 %EXP_DECAY_LUT, i8 %post_traces_trace_0, i16 %post_traces_last_spike_time_0, i8 %p_ZL13weight_memory_0, i8 %p_ZL13weight_memory_1" [src/snn_top_hls.cpp:350]   --->   Operation 64 'call' 'call_ln350' <Predicate = true> <Delay = 0.00> <CoreType = "Generic">   --->   Generic Core

State 8 <SV = 7> <Delay = 0.00>
ST_8 : Operation 65 [1/2] (0.00ns)   --->   "%call_ln350 = call void @process_pre_spike_aer_Pipeline_LTD_LOOP, i16 %current_time_read, i8 %pre_id_read, i8 %post_traces_trace_1, i16 %post_traces_last_spike_time_1, i8 %EXP_DECAY_LUT, i8 %post_traces_trace_0, i16 %post_traces_last_spike_time_0, i8 %p_ZL13weight_memory_0, i8 %p_ZL13weight_memory_1" [src/snn_top_hls.cpp:350]   --->   Operation 65 'call' 'call_ln350' <Predicate = true> <Delay = 0.00> <CoreType = "Generic">   --->   Generic Core
ST_8 : Operation 66 [1/1] (0.00ns)   --->   "%ret_ln389 = ret" [src/snn_top_hls.cpp:389]   --->   Operation 66 'ret' 'ret_ln389' <Predicate = true> <Delay = 0.00>


============================================================
+ Verbose Summary: Timing violations
============================================================
Target clock period: 10.000ns, clock uncertainty: 2.700ns.

 <State 1>: 3.254ns
The critical path consists of the following:
	wire read operation ('pre_id_read', src/snn_top_hls.cpp:350) on port 'pre_id' (src/snn_top_hls.cpp:350) [25]  (0.000 ns)
	'getelementptr' operation 7 bit ('pre_traces_last_spike_time_0_addr', src/snn_top_hls.cpp:356) [31]  (0.000 ns)
	'load' operation 16 bit ('pre_traces_last_spike_time_0_load', src/snn_top_hls.cpp:356) on array 'pre_traces_last_spike_time_0' [36]  (3.254 ns)

 <State 2>: 4.059ns
The critical path consists of the following:
	'load' operation 16 bit ('pre_traces_last_spike_time_0_load', src/snn_top_hls.cpp:356) on array 'pre_traces_last_spike_time_0' [36]  (3.254 ns)
	'select' operation 16 bit ('old_pre.last_spike_time', src/snn_top_hls.cpp:356) [38]  (0.805 ns)

 <State 3>: 4.399ns
The critical path consists of the following:
	wire read operation ('current_time_read', src/snn_top_hls.cpp:350) on port 'current_time' (src/snn_top_hls.cpp:350) [24]  (0.000 ns)
	'sub' operation 16 bit ('dt', src/snn_top_hls.cpp:318->src/snn_top_hls.cpp:357) [40]  (2.077 ns)
	'getelementptr' operation 4 bit ('EXP_DECAY_LUT_addr', src/snn_top_hls.cpp:325->src/snn_top_hls.cpp:357) [45]  (0.000 ns)
	'load' operation 8 bit ('EXP_DECAY_LUT_load', src/snn_top_hls.cpp:325->src/snn_top_hls.cpp:357) on array 'EXP_DECAY_LUT' [46]  (2.322 ns)

 <State 4>: 4.502ns
The critical path consists of the following:
	'load' operation 8 bit ('pre_traces_trace_0_load', src/snn_top_hls.cpp:356) on array 'pre_traces_trace_0' [33]  (3.254 ns)
	'select' operation 8 bit ('old_pre.trace', src/snn_top_hls.cpp:356) [35]  (1.248 ns)

 <State 5>: 7.241ns
The critical path consists of the following:
	'mul' operation 16 bit ('mul_ln325', src/snn_top_hls.cpp:325->src/snn_top_hls.cpp:357) [48]  (4.170 ns)
	'select' operation 8 bit ('decayed_pre', src/snn_top_hls.cpp:321->src/snn_top_hls.cpp:357) [51]  (0.000 ns)
	'add' operation 9 bit ('new_trace', src/snn_top_hls.cpp:360) [53]  (1.823 ns)
	'select' operation 8 bit ('select_ln361', src/snn_top_hls.cpp:361) [56]  (1.248 ns)

 <State 6>: 3.254ns
The critical path consists of the following:
	'store' operation ('store_ln361', src/snn_top_hls.cpp:361) of variable 'select_ln361', src/snn_top_hls.cpp:361 8 bit on array 'pre_traces_trace_0' [59]  (3.254 ns)

 <State 7>: 0.000ns
The critical path consists of the following:

 <State 8>: 0.000ns
The critical path consists of the following:


============================================================
+ Verbose Summary: Binding
============================================================
N/A
* FSMD analyzer results:
  - Output states:
 - Input state : 
  - Chain level:
	State 1
	State 2
	State 3
	State 4
	State 5
	State 6
	State 7
	State 8


============================================================
+ Verbose Summary: Datapath Resource usage 
============================================================
N/A
