

================================================================
== Vitis HLS Report for 'process_pre_spike_aer_Pipeline_LTD_LOOP'
================================================================
* Date:           Tue Feb 10 18:59:25 2026

* Version:        2025.2 (Build 6295257 on Nov 14 2025)
* Project:        hls_csim_output
* Solution:       hls (Vivado IP Flow Target)
* Product family: zynq
* Target device:  xc7z020-clg400-1


================================================================
== Performance Estimates
================================================================
+ Timing: 
    * Summary: 
    +--------+----------+----------+------------+
    |  Clock |  Target  | Estimated| Uncertainty|
    +--------+----------+----------+------------+
    |ap_clk  |  10.00 ns|  7.063 ns|     2.70 ns|
    +--------+----------+----------+------------+

+ Latency: 
    * Summary: 
    +---------+---------+----------+----------+-----+-----+-------------------+
    |  Latency (cycles) |  Latency (absolute) |  Interval |      Pipeline     |
    |   min   |   max   |    min   |    max   | min | max |        Type       |
    +---------+---------+----------+----------+-----+-----+-------------------+
    |      264|      264|  2.640 us|  2.640 us|    0|    0|  loop pipeline stp|
    +---------+---------+----------+----------+-----+-----+-------------------+

    + Detail: 
        * Instance: 
        N/A

        * Loop: 
        +------------+---------+---------+----------+-----------+-----------+------+----------+
        |            |  Latency (cycles) | Iteration|  Initiation Interval  | Trip |          |
        |  Loop Name |   min   |   max   |  Latency |  achieved |   target  | Count| Pipelined|
        +------------+---------+---------+----------+-----------+-----------+------+----------+
        |- LTD_LOOP  |      262|      262|         9|          2|          2|   128|       yes|
        +------------+---------+---------+----------+-----------+-----------+------+----------+

============================================================
+ Verbose Summary: Synthesis Manager
============================================================
InlineROM: 1
ExposeGlobal: 0
============================================================
+ Verbose Summary: CDFG Model
============================================================
IsTopModel: 0
ResetActiveHigh: 1
IsCombinational: 0
IsDatapathOnly: 0
HasWiredReturn: 1
HasMFsm: 2
HasVarLatency: 1
IsPipeline: 0
IsRtlPipelined: 0
IsInstanceOverlapped: 0
IsDontTouch: 0
HasImplIP: 0
IsGatedGlobalClock: 0

+ Individual pipeline summary: 
  * Pipeline-0: initiation interval (II) = 2, depth = 9


============================================================
+ Verbose Summary: Schedule
============================================================
* Number of FSM states : 9
* Pipeline : 1
  Pipeline-0 : II = 2, D = 9, States = { 1 2 3 4 5 6 7 8 9 }
* Dataflow Pipeline: 0

* FSM state transitions: 
1 --> 2 
2 --> 3 
3 --> 4 
4 --> 5 
5 --> 6 
6 --> 7 
7 --> 8 
8 --> 9 
9 --> 

* FSM state operations: 

State 1 <SV = 0> <Delay = 4.99>
ST_1 : Operation 12 [1/1] (0.00ns)   --->   "%j = alloca i32 1" [src/snn_top_hls.cpp:367]   --->   Operation 12 'alloca' 'j' <Predicate = true> <Delay = 0.00>
ST_1 : Operation 13 [1/1] (0.00ns)   --->   "%specmemcore_ln0 = specmemcore void @_ssdm_op_SpecMemCore, i16 %post_traces_last_spike_time_0, i64 666, i64 22, i64 18446744073709551615, i1 0"   --->   Operation 13 'specmemcore' 'specmemcore_ln0' <Predicate = true> <Delay = 0.00>
ST_1 : Operation 14 [1/1] (0.00ns)   --->   "%specmemcore_ln0 = specmemcore void @_ssdm_op_SpecMemCore, i16 %post_traces_last_spike_time_1, i64 666, i64 22, i64 18446744073709551615, i1 0"   --->   Operation 14 'specmemcore' 'specmemcore_ln0' <Predicate = true> <Delay = 0.00>
ST_1 : Operation 15 [1/1] (0.00ns)   --->   "%specmemcore_ln0 = specmemcore void @_ssdm_op_SpecMemCore, i8 %post_traces_trace_0, i64 666, i64 22, i64 18446744073709551615, i1 0"   --->   Operation 15 'specmemcore' 'specmemcore_ln0' <Predicate = true> <Delay = 0.00>
ST_1 : Operation 16 [1/1] (0.00ns)   --->   "%specmemcore_ln0 = specmemcore void @_ssdm_op_SpecMemCore, i8 %post_traces_trace_1, i64 666, i64 22, i64 18446744073709551615, i1 0"   --->   Operation 16 'specmemcore' 'specmemcore_ln0' <Predicate = true> <Delay = 0.00>
ST_1 : Operation 17 [1/1] (0.00ns)   --->   "%specmemcore_ln0 = specmemcore void @_ssdm_op_SpecMemCore, i8 %p_ZL13weight_memory_0, i64 666, i64 22, i64 18446744073709551615, i1 0"   --->   Operation 17 'specmemcore' 'specmemcore_ln0' <Predicate = true> <Delay = 0.00>
ST_1 : Operation 18 [1/1] (0.00ns)   --->   "%specmemcore_ln0 = specmemcore void @_ssdm_op_SpecMemCore, i8 %p_ZL13weight_memory_1, i64 666, i64 22, i64 18446744073709551615, i1 0"   --->   Operation 18 'specmemcore' 'specmemcore_ln0' <Predicate = true> <Delay = 0.00>
ST_1 : Operation 19 [1/1] (0.00ns)   --->   "%pre_id_read = read i8 @_ssdm_op_Read.ap_auto.i8, i8 %pre_id"   --->   Operation 19 'read' 'pre_id_read' <Predicate = true> <Delay = 0.00>
ST_1 : Operation 20 [1/1] (0.00ns)   --->   "%current_time_read = read i16 @_ssdm_op_Read.ap_auto.i16, i16 %current_time"   --->   Operation 20 'read' 'current_time_read' <Predicate = true> <Delay = 0.00>
ST_1 : Operation 21 [1/1] (1.58ns)   --->   "%store_ln367 = store i9 0, i9 %j" [src/snn_top_hls.cpp:367]   --->   Operation 21 'store' 'store_ln367' <Predicate = true> <Delay = 1.58>
ST_1 : Operation 22 [1/1] (0.00ns)   --->   "%br_ln0 = br void %for.body"   --->   Operation 22 'br' 'br_ln0' <Predicate = true> <Delay = 0.00>
ST_1 : Operation 23 [1/1] (0.00ns)   --->   "%j_1 = load i9 %j" [src/snn_top_hls.cpp:367]   --->   Operation 23 'load' 'j_1' <Predicate = true> <Delay = 0.00>
ST_1 : Operation 24 [1/1] (0.00ns)   --->   "%tmp = bitselect i1 @_ssdm_op_BitSelect.i1.i9.i32, i9 %j_1, i32 8" [src/snn_top_hls.cpp:367]   --->   Operation 24 'bitselect' 'tmp' <Predicate = true> <Delay = 0.00>
ST_1 : Operation 25 [1/1] (0.00ns)   --->   "%speclooptripcount_ln0 = speclooptripcount void @_ssdm_op_SpecLoopTripCount, i64 128, i64 128, i64 128"   --->   Operation 25 'speclooptripcount' 'speclooptripcount_ln0' <Predicate = true> <Delay = 0.00>
ST_1 : Operation 26 [1/1] (0.00ns)   --->   "%br_ln367 = br i1 %tmp, void %for.body.split_ifconv, void %for.end.exitStub" [src/snn_top_hls.cpp:367]   --->   Operation 26 'br' 'br_ln367' <Predicate = true> <Delay = 0.00>
ST_1 : Operation 27 [1/1] (0.00ns)   --->   "%lshr_ln9 = partselect i7 @_ssdm_op_PartSelect.i7.i9.i32.i32, i9 %j_1, i32 1, i32 7" [src/snn_top_hls.cpp:367]   --->   Operation 27 'partselect' 'lshr_ln9' <Predicate = (!tmp)> <Delay = 0.00>
ST_1 : Operation 28 [1/1] (0.00ns)   --->   "%zext_ln367 = zext i7 %lshr_ln9" [src/snn_top_hls.cpp:367]   --->   Operation 28 'zext' 'zext_ln367' <Predicate = (!tmp)> <Delay = 0.00>
ST_1 : Operation 29 [1/1] (0.00ns)   --->   "%post_traces_trace_0_addr = getelementptr i8 %post_traces_trace_0, i64 0, i64 %zext_ln367" [src/snn_top_hls.cpp:372]   --->   Operation 29 'getelementptr' 'post_traces_trace_0_addr' <Predicate = (!tmp)> <Delay = 0.00>
ST_1 : Operation 30 [1/1] (0.00ns)   --->   "%post_traces_last_spike_time_0_addr = getelementptr i16 %post_traces_last_spike_time_0, i64 0, i64 %zext_ln367" [src/snn_top_hls.cpp:372]   --->   Operation 30 'getelementptr' 'post_traces_last_spike_time_0_addr' <Predicate = (!tmp)> <Delay = 0.00>
ST_1 : Operation 31 [2/2] (3.25ns)   --->   "%post_t_trace_1 = load i7 %post_traces_trace_0_addr" [src/snn_top_hls.cpp:372]   --->   Operation 31 'load' 'post_t_trace_1' <Predicate = (!tmp)> <Delay = 3.25> <CoreInst = "RAM_2P_BRAM">   --->   Core 90 'RAM_2P_BRAM' <Latency = 1> <II = 1> <Delay = 3.25> <Storage> <Opcode : 'load' 'store'> <Ports = 2> <Width = 8> <Depth = 128> <RAM>
ST_1 : Operation 32 [2/2] (3.25ns)   --->   "%post_t_last_spike_time_1 = load i7 %post_traces_last_spike_time_0_addr" [src/snn_top_hls.cpp:372]   --->   Operation 32 'load' 'post_t_last_spike_time_1' <Predicate = (!tmp)> <Delay = 3.25> <CoreInst = "RAM_2P_BRAM">   --->   Core 90 'RAM_2P_BRAM' <Latency = 1> <II = 1> <Delay = 3.25> <Storage> <Opcode : 'load' 'store'> <Ports = 2> <Width = 16> <Depth = 128> <RAM>
ST_1 : Operation 33 [1/1] (0.00ns)   --->   "%post_traces_last_spike_time_1_addr = getelementptr i16 %post_traces_last_spike_time_1, i64 0, i64 %zext_ln367" [src/snn_top_hls.cpp:372]   --->   Operation 33 'getelementptr' 'post_traces_last_spike_time_1_addr' <Predicate = (!tmp)> <Delay = 0.00>
ST_1 : Operation 34 [2/2] (3.25ns)   --->   "%post_t_last_spike_time = load i7 %post_traces_last_spike_time_1_addr" [src/snn_top_hls.cpp:372]   --->   Operation 34 'load' 'post_t_last_spike_time' <Predicate = (!tmp)> <Delay = 3.25> <CoreInst = "RAM_2P_BRAM">   --->   Core 90 'RAM_2P_BRAM' <Latency = 1> <II = 1> <Delay = 3.25> <Storage> <Opcode : 'load' 'store'> <Ports = 2> <Width = 16> <Depth = 128> <RAM>
ST_1 : Operation 35 [1/1] (1.82ns)   --->   "%add_ln367 = add i9 %j_1, i9 2" [src/snn_top_hls.cpp:367]   --->   Operation 35 'add' 'add_ln367' <Predicate = (!tmp)> <Delay = 1.82> <CoreInst = "Adder">   --->   Core 1 'Adder' <Latency = 0> <II = 1> <Delay = 1.82> <FuncUnit> <Opcode : 'add' 'sub'> <InPorts = 2> <OutPorts = 1>
ST_1 : Operation 36 [1/1] (1.58ns)   --->   "%store_ln367 = store i9 %add_ln367, i9 %j" [src/snn_top_hls.cpp:367]   --->   Operation 36 'store' 'store_ln367' <Predicate = (!tmp)> <Delay = 1.58>
ST_1 : Operation 37 [1/1] (0.00ns)   --->   "%br_ln367 = br void %for.body" [src/snn_top_hls.cpp:367]   --->   Operation 37 'br' 'br_ln367' <Predicate = (!tmp)> <Delay = 0.00>

State 2 <SV = 1> <Delay = 6.87>
ST_2 : Operation 38 [1/2] ( I:3.25ns O:3.25ns )   --->   "%post_t_trace_1 = load i7 %post_traces_trace_0_addr" [src/snn_top_hls.cpp:372]   --->   Operation 38 'load' 'post_t_trace_1' <Predicate = (!tmp)> <Delay = 3.25> <CoreInst = "RAM_2P_BRAM">   --->   Core 90 'RAM_2P_BRAM' <Latency = 1> <II = 1> <Delay = 3.25> <Storage> <Opcode : 'load' 'store'> <Ports = 2> <Width = 8> <Depth = 128> <RAM>
ST_2 : Operation 39 [1/2] ( I:3.25ns O:3.25ns )   --->   "%post_t_last_spike_time_1 = load i7 %post_traces_last_spike_time_0_addr" [src/snn_top_hls.cpp:372]   --->   Operation 39 'load' 'post_t_last_spike_time_1' <Predicate = (!tmp)> <Delay = 3.25> <CoreInst = "RAM_2P_BRAM">   --->   Core 90 'RAM_2P_BRAM' <Latency = 1> <II = 1> <Delay = 3.25> <Storage> <Opcode : 'load' 'store'> <Ports = 2> <Width = 16> <Depth = 128> <RAM>
ST_2 : Operation 40 [1/1] (2.07ns)   --->   "%dt = sub i16 %current_time_read, i16 %post_t_last_spike_time_1" [src/snn_top_hls.cpp:318->src/snn_top_hls.cpp:373]   --->   Operation 40 'sub' 'dt' <Predicate = (!tmp)> <Delay = 2.07> <CoreInst = "Adder">   --->   Core 1 'Adder' <Latency = 0> <II = 1> <Delay = 2.07> <FuncUnit> <Opcode : 'add' 'sub'> <InPorts = 2> <OutPorts = 1>
ST_2 : Operation 41 [1/1] (0.00ns)   --->   "%tmp_54 = partselect i12 @_ssdm_op_PartSelect.i12.i16.i32.i32, i16 %dt, i32 4, i32 15" [src/snn_top_hls.cpp:321->src/snn_top_hls.cpp:373]   --->   Operation 41 'partselect' 'tmp_54' <Predicate = (!tmp)> <Delay = 0.00>
ST_2 : Operation 42 [1/1] (1.54ns)   --->   "%icmp_ln321 = icmp_ne  i12 %tmp_54, i12 0" [src/snn_top_hls.cpp:321->src/snn_top_hls.cpp:373]   --->   Operation 42 'icmp' 'icmp_ln321' <Predicate = (!tmp)> <Delay = 1.54> <CoreInst = "Cmp">   --->   Core 9 'Cmp' <Latency = 0> <II = 1> <Delay = 1.54> <FuncUnit> <Opcode : 'seteq' 'setne' 'setle' 'setge' 'setlt' 'setgt'> <InPorts = 2> <OutPorts = 1>
ST_2 : Operation 43 [1/2] ( I:3.25ns O:3.25ns )   --->   "%post_t_last_spike_time = load i7 %post_traces_last_spike_time_1_addr" [src/snn_top_hls.cpp:372]   --->   Operation 43 'load' 'post_t_last_spike_time' <Predicate = (!tmp)> <Delay = 3.25> <CoreInst = "RAM_2P_BRAM">   --->   Core 90 'RAM_2P_BRAM' <Latency = 1> <II = 1> <Delay = 3.25> <Storage> <Opcode : 'load' 'store'> <Ports = 2> <Width = 16> <Depth = 128> <RAM>
ST_2 : Operation 44 [1/1] (2.07ns)   --->   "%dt_1 = sub i16 %current_time_read, i16 %post_t_last_spike_time" [src/snn_top_hls.cpp:318->src/snn_top_hls.cpp:373]   --->   Operation 44 'sub' 'dt_1' <Predicate = (!tmp)> <Delay = 2.07> <CoreInst = "Adder">   --->   Core 1 'Adder' <Latency = 0> <II = 1> <Delay = 2.07> <FuncUnit> <Opcode : 'add' 'sub'> <InPorts = 2> <OutPorts = 1>
ST_2 : Operation 45 [1/1] (0.00ns)   --->   "%tmp_55 = partselect i12 @_ssdm_op_PartSelect.i12.i16.i32.i32, i16 %dt_1, i32 4, i32 15" [src/snn_top_hls.cpp:321->src/snn_top_hls.cpp:373]   --->   Operation 45 'partselect' 'tmp_55' <Predicate = (!tmp)> <Delay = 0.00>
ST_2 : Operation 46 [1/1] (1.54ns)   --->   "%icmp_ln321_1 = icmp_ne  i12 %tmp_55, i12 0" [src/snn_top_hls.cpp:321->src/snn_top_hls.cpp:373]   --->   Operation 46 'icmp' 'icmp_ln321_1' <Predicate = (!tmp)> <Delay = 1.54> <CoreInst = "Cmp">   --->   Core 9 'Cmp' <Latency = 0> <II = 1> <Delay = 1.54> <FuncUnit> <Opcode : 'seteq' 'setne' 'setle' 'setge' 'setlt' 'setgt'> <InPorts = 2> <OutPorts = 1>

State 3 <SV = 2> <Delay = 3.25>
ST_3 : Operation 47 [1/1] (0.00ns)   --->   "%zext_ln325_1 = zext i16 %dt" [src/snn_top_hls.cpp:325->src/snn_top_hls.cpp:373]   --->   Operation 47 'zext' 'zext_ln325_1' <Predicate = true> <Delay = 0.00>
ST_3 : Operation 48 [1/1] (0.00ns)   --->   "%EXP_DECAY_LUT_addr = getelementptr i8 %EXP_DECAY_LUT, i64 0, i64 %zext_ln325_1" [src/snn_top_hls.cpp:325->src/snn_top_hls.cpp:373]   --->   Operation 48 'getelementptr' 'EXP_DECAY_LUT_addr' <Predicate = true> <Delay = 0.00>
ST_3 : Operation 49 [2/2] (2.32ns)   --->   "%EXP_DECAY_LUT_load = load i4 %EXP_DECAY_LUT_addr" [src/snn_top_hls.cpp:325->src/snn_top_hls.cpp:373]   --->   Operation 49 'load' 'EXP_DECAY_LUT_load' <Predicate = true> <Delay = 2.32> <CoreInst = "ROM">   --->   Core 94 'ROM' <Latency = 1> <II = 1> <Delay = 2.32> <Storage> <Opcode : 'load'> <Ports = 0> <Width = 8> <Depth = 16> <ROM>
ST_3 : Operation 50 [1/1] (0.00ns)   --->   "%post_traces_trace_1_addr = getelementptr i8 %post_traces_trace_1, i64 0, i64 %zext_ln367" [src/snn_top_hls.cpp:372]   --->   Operation 50 'getelementptr' 'post_traces_trace_1_addr' <Predicate = true> <Delay = 0.00>
ST_3 : Operation 51 [2/2] (3.25ns)   --->   "%post_t_trace = load i7 %post_traces_trace_1_addr" [src/snn_top_hls.cpp:372]   --->   Operation 51 'load' 'post_t_trace' <Predicate = true> <Delay = 3.25> <CoreInst = "RAM_2P_BRAM">   --->   Core 90 'RAM_2P_BRAM' <Latency = 1> <II = 1> <Delay = 3.25> <Storage> <Opcode : 'load' 'store'> <Ports = 2> <Width = 8> <Depth = 128> <RAM>

State 4 <SV = 3> <Delay = 6.49>
ST_4 : Operation 52 [1/1] (1.91ns)   --->   "%icmp_ln315 = icmp_eq  i8 %post_t_trace_1, i8 0" [src/snn_top_hls.cpp:315->src/snn_top_hls.cpp:373]   --->   Operation 52 'icmp' 'icmp_ln315' <Predicate = true> <Delay = 1.91> <CoreInst = "Cmp">   --->   Core 9 'Cmp' <Latency = 0> <II = 1> <Delay = 1.91> <FuncUnit> <Opcode : 'seteq' 'setne' 'setle' 'setge' 'setlt' 'setgt'> <InPorts = 2> <OutPorts = 1>
ST_4 : Operation 53 [1/1] (0.00ns)   --->   "%zext_ln325 = zext i8 %post_t_trace_1" [src/snn_top_hls.cpp:325->src/snn_top_hls.cpp:373]   --->   Operation 53 'zext' 'zext_ln325' <Predicate = true> <Delay = 0.00>
ST_4 : Operation 54 [1/2] ( I:2.32ns O:2.32ns )   --->   "%EXP_DECAY_LUT_load = load i4 %EXP_DECAY_LUT_addr" [src/snn_top_hls.cpp:325->src/snn_top_hls.cpp:373]   --->   Operation 54 'load' 'EXP_DECAY_LUT_load' <Predicate = true> <Delay = 2.32> <CoreInst = "ROM">   --->   Core 94 'ROM' <Latency = 1> <II = 1> <Delay = 2.32> <Storage> <Opcode : 'load'> <Ports = 0> <Width = 8> <Depth = 16> <ROM>
ST_4 : Operation 55 [1/1] (0.00ns)   --->   "%zext_ln325_2 = zext i8 %EXP_DECAY_LUT_load" [src/snn_top_hls.cpp:325->src/snn_top_hls.cpp:373]   --->   Operation 55 'zext' 'zext_ln325_2' <Predicate = true> <Delay = 0.00>
ST_4 : Operation 56 [1/1] (4.17ns)   --->   "%mul_ln325 = mul i16 %zext_ln325_2, i16 %zext_ln325" [src/snn_top_hls.cpp:325->src/snn_top_hls.cpp:373]   --->   Operation 56 'mul' 'mul_ln325' <Predicate = true> <Delay = 4.17> <CoreInst = "Multiplier">   --->   Core 3 'Multiplier' <Latency = 0> <II = 1> <Delay = 4.17> <FuncUnit> <Opcode : 'mul'> <InPorts = 2> <OutPorts = 1>
ST_4 : Operation 57 [1/2] ( I:3.25ns O:3.25ns )   --->   "%post_t_trace = load i7 %post_traces_trace_1_addr" [src/snn_top_hls.cpp:372]   --->   Operation 57 'load' 'post_t_trace' <Predicate = true> <Delay = 3.25> <CoreInst = "RAM_2P_BRAM">   --->   Core 90 'RAM_2P_BRAM' <Latency = 1> <II = 1> <Delay = 3.25> <Storage> <Opcode : 'load' 'store'> <Ports = 2> <Width = 8> <Depth = 128> <RAM>
ST_4 : Operation 58 [1/1] (0.00ns)   --->   "%zext_ln325_4 = zext i16 %dt_1" [src/snn_top_hls.cpp:325->src/snn_top_hls.cpp:373]   --->   Operation 58 'zext' 'zext_ln325_4' <Predicate = true> <Delay = 0.00>
ST_4 : Operation 59 [1/1] (0.00ns)   --->   "%EXP_DECAY_LUT_addr_1 = getelementptr i8 %EXP_DECAY_LUT, i64 0, i64 %zext_ln325_4" [src/snn_top_hls.cpp:325->src/snn_top_hls.cpp:373]   --->   Operation 59 'getelementptr' 'EXP_DECAY_LUT_addr_1' <Predicate = true> <Delay = 0.00>
ST_4 : Operation 60 [2/2] (2.32ns)   --->   "%EXP_DECAY_LUT_load_1 = load i4 %EXP_DECAY_LUT_addr_1" [src/snn_top_hls.cpp:325->src/snn_top_hls.cpp:373]   --->   Operation 60 'load' 'EXP_DECAY_LUT_load_1' <Predicate = true> <Delay = 2.32> <CoreInst = "ROM">   --->   Core 94 'ROM' <Latency = 1> <II = 1> <Delay = 2.32> <Storage> <Opcode : 'load'> <Ports = 0> <Width = 8> <Depth = 16> <ROM>

State 5 <SV = 4> <Delay = 6.49>
ST_5 : Operation 61 [1/1] (0.00ns)   --->   "%specpipeline_ln368 = specpipeline void @_ssdm_op_SpecPipeline, i32 2, i32 0, i32 0, i32 0, i32 4294967295, void @empty_3" [src/snn_top_hls.cpp:368]   --->   Operation 61 'specpipeline' 'specpipeline_ln368' <Predicate = true> <Delay = 0.00>
ST_5 : Operation 62 [1/1] (0.00ns)   --->   "%specloopname_ln367 = specloopname void @_ssdm_op_SpecLoopName, void @empty_22" [src/snn_top_hls.cpp:367]   --->   Operation 62 'specloopname' 'specloopname_ln367' <Predicate = true> <Delay = 0.00>
ST_5 : Operation 63 [1/1] (0.00ns)   --->   "%tmp_s = bitconcatenate i15 @_ssdm_op_BitConcatenate.i15.i8.i7, i8 %pre_id_read, i7 %lshr_ln9" [src/snn_top_hls.cpp:379]   --->   Operation 63 'bitconcatenate' 'tmp_s' <Predicate = true> <Delay = 0.00>
ST_5 : Operation 64 [1/1] (0.00ns)   --->   "%zext_ln379 = zext i15 %tmp_s" [src/snn_top_hls.cpp:379]   --->   Operation 64 'zext' 'zext_ln379' <Predicate = true> <Delay = 0.00>
ST_5 : Operation 65 [1/1] (0.00ns)   --->   "%p_ZL13weight_memory_0_addr = getelementptr i8 %p_ZL13weight_memory_0, i64 0, i64 %zext_ln379" [src/snn_top_hls.cpp:379]   --->   Operation 65 'getelementptr' 'p_ZL13weight_memory_0_addr' <Predicate = true> <Delay = 0.00>
ST_5 : Operation 66 [1/1] (0.00ns)   --->   "%p_ZL13weight_memory_1_addr = getelementptr i8 %p_ZL13weight_memory_1, i64 0, i64 %zext_ln379" [src/snn_top_hls.cpp:379]   --->   Operation 66 'getelementptr' 'p_ZL13weight_memory_1_addr' <Predicate = true> <Delay = 0.00>
ST_5 : Operation 67 [1/1] (0.00ns) (grouped into LUT with out node post_trace_val_1)   --->   "%post_trace_val = partselect i8 @_ssdm_op_PartSelect.i8.i16.i32.i32, i16 %mul_ln325, i32 8, i32 15" [src/snn_top_hls.cpp:327->src/snn_top_hls.cpp:373]   --->   Operation 67 'partselect' 'post_trace_val' <Predicate = true> <Delay = 0.00>
ST_5 : Operation 68 [1/1] (0.00ns) (grouped into LUT with out node post_trace_val_1)   --->   "%or_ln321 = or i1 %icmp_ln315, i1 %icmp_ln321" [src/snn_top_hls.cpp:321->src/snn_top_hls.cpp:373]   --->   Operation 68 'or' 'or_ln321' <Predicate = true> <Delay = 0.00> <CoreInst = "LogicGate">   --->   Core 74 'LogicGate' <Latency = 0> <II = 1> <Delay = 0.97> <FuncUnit> <Opcode : 'and' 'or' 'xor'> <InPorts = 2> <OutPorts = 1>
ST_5 : Operation 69 [1/1] (1.24ns) (out node of the LUT)   --->   "%post_trace_val_1 = select i1 %or_ln321, i8 0, i8 %post_trace_val" [src/snn_top_hls.cpp:321->src/snn_top_hls.cpp:373]   --->   Operation 69 'select' 'post_trace_val_1' <Predicate = true> <Delay = 1.24> <CoreInst = "Sel">   --->   Core 73 'Sel' <Latency = 0> <II = 1> <Delay = 1.24> <FuncUnit> <Opcode : 'select'> <InPorts = 3> <OutPorts = 1>
ST_5 : Operation 70 [1/1] (1.91ns)   --->   "%icmp_ln376 = icmp_eq  i8 %post_trace_val_1, i8 0" [src/snn_top_hls.cpp:376]   --->   Operation 70 'icmp' 'icmp_ln376' <Predicate = true> <Delay = 1.91> <CoreInst = "Cmp">   --->   Core 9 'Cmp' <Latency = 0> <II = 1> <Delay = 1.91> <FuncUnit> <Opcode : 'seteq' 'setne' 'setle' 'setge' 'setlt' 'setgt'> <InPorts = 2> <OutPorts = 1>
ST_5 : Operation 71 [1/1] (0.00ns)   --->   "%br_ln376 = br i1 %icmp_ln376, void %if.end, void %cleanup_ifconv" [src/snn_top_hls.cpp:376]   --->   Operation 71 'br' 'br_ln376' <Predicate = true> <Delay = 0.00>
ST_5 : Operation 72 [2/2] (3.25ns)   --->   "%current_w = load i15 %p_ZL13weight_memory_0_addr" [src/snn_top_hls.cpp:379]   --->   Operation 72 'load' 'current_w' <Predicate = (!icmp_ln376)> <Delay = 3.25> <CoreInst = "RAM_2P_BRAM">   --->   Core 90 'RAM_2P_BRAM' <Latency = 1> <II = 1> <Delay = 3.25> <Storage> <Opcode : 'load' 'store'> <Ports = 2> <Width = 8> <Depth = 32768> <RAM>
ST_5 : Operation 73 [1/1] (1.91ns)   --->   "%icmp_ln315_1 = icmp_eq  i8 %post_t_trace, i8 0" [src/snn_top_hls.cpp:315->src/snn_top_hls.cpp:373]   --->   Operation 73 'icmp' 'icmp_ln315_1' <Predicate = true> <Delay = 1.91> <CoreInst = "Cmp">   --->   Core 9 'Cmp' <Latency = 0> <II = 1> <Delay = 1.91> <FuncUnit> <Opcode : 'seteq' 'setne' 'setle' 'setge' 'setlt' 'setgt'> <InPorts = 2> <OutPorts = 1>
ST_5 : Operation 74 [1/1] (0.00ns)   --->   "%zext_ln325_3 = zext i8 %post_t_trace" [src/snn_top_hls.cpp:325->src/snn_top_hls.cpp:373]   --->   Operation 74 'zext' 'zext_ln325_3' <Predicate = true> <Delay = 0.00>
ST_5 : Operation 75 [1/2] ( I:2.32ns O:2.32ns )   --->   "%EXP_DECAY_LUT_load_1 = load i4 %EXP_DECAY_LUT_addr_1" [src/snn_top_hls.cpp:325->src/snn_top_hls.cpp:373]   --->   Operation 75 'load' 'EXP_DECAY_LUT_load_1' <Predicate = true> <Delay = 2.32> <CoreInst = "ROM">   --->   Core 94 'ROM' <Latency = 1> <II = 1> <Delay = 2.32> <Storage> <Opcode : 'load'> <Ports = 0> <Width = 8> <Depth = 16> <ROM>
ST_5 : Operation 76 [1/1] (0.00ns)   --->   "%zext_ln325_5 = zext i8 %EXP_DECAY_LUT_load_1" [src/snn_top_hls.cpp:325->src/snn_top_hls.cpp:373]   --->   Operation 76 'zext' 'zext_ln325_5' <Predicate = true> <Delay = 0.00>
ST_5 : Operation 77 [1/1] (4.17ns)   --->   "%mul_ln325_1 = mul i16 %zext_ln325_5, i16 %zext_ln325_3" [src/snn_top_hls.cpp:325->src/snn_top_hls.cpp:373]   --->   Operation 77 'mul' 'mul_ln325_1' <Predicate = true> <Delay = 4.17> <CoreInst = "Multiplier">   --->   Core 3 'Multiplier' <Latency = 0> <II = 1> <Delay = 4.17> <FuncUnit> <Opcode : 'mul'> <InPorts = 2> <OutPorts = 1>

State 6 <SV = 5> <Delay = 3.25>
ST_6 : Operation 78 [1/2] ( I:3.25ns O:3.25ns )   --->   "%current_w = load i15 %p_ZL13weight_memory_0_addr" [src/snn_top_hls.cpp:379]   --->   Operation 78 'load' 'current_w' <Predicate = (!icmp_ln376)> <Delay = 3.25> <CoreInst = "RAM_2P_BRAM">   --->   Core 90 'RAM_2P_BRAM' <Latency = 1> <II = 1> <Delay = 3.25> <Storage> <Opcode : 'load' 'store'> <Ports = 2> <Width = 8> <Depth = 32768> <RAM>
ST_6 : Operation 79 [1/1] (0.00ns)   --->   "%bit_sel = bitselect i1 @_ssdm_op_BitSelect.i1.i8.i8, i8 %current_w, i8 7" [src/snn_top_hls.cpp:383]   --->   Operation 79 'bitselect' 'bit_sel' <Predicate = (!icmp_ln376)> <Delay = 0.00>
ST_6 : Operation 80 [1/1] (0.00ns)   --->   "%trunc_ln383 = trunc i8 %current_w" [src/snn_top_hls.cpp:383]   --->   Operation 80 'trunc' 'trunc_ln383' <Predicate = (!icmp_ln376)> <Delay = 0.00>
ST_6 : Operation 81 [1/1] (0.00ns) (grouped into LUT with out node post_trace_val_3)   --->   "%post_trace_val_2 = partselect i8 @_ssdm_op_PartSelect.i8.i16.i32.i32, i16 %mul_ln325_1, i32 8, i32 15" [src/snn_top_hls.cpp:327->src/snn_top_hls.cpp:373]   --->   Operation 81 'partselect' 'post_trace_val_2' <Predicate = true> <Delay = 0.00>
ST_6 : Operation 82 [1/1] (0.00ns) (grouped into LUT with out node post_trace_val_3)   --->   "%or_ln321_1 = or i1 %icmp_ln315_1, i1 %icmp_ln321_1" [src/snn_top_hls.cpp:321->src/snn_top_hls.cpp:373]   --->   Operation 82 'or' 'or_ln321_1' <Predicate = true> <Delay = 0.00> <CoreInst = "LogicGate">   --->   Core 74 'LogicGate' <Latency = 0> <II = 1> <Delay = 0.97> <FuncUnit> <Opcode : 'and' 'or' 'xor'> <InPorts = 2> <OutPorts = 1>
ST_6 : Operation 83 [1/1] (1.24ns) (out node of the LUT)   --->   "%post_trace_val_3 = select i1 %or_ln321_1, i8 0, i8 %post_trace_val_2" [src/snn_top_hls.cpp:321->src/snn_top_hls.cpp:373]   --->   Operation 83 'select' 'post_trace_val_3' <Predicate = true> <Delay = 1.24> <CoreInst = "Sel">   --->   Core 73 'Sel' <Latency = 0> <II = 1> <Delay = 1.24> <FuncUnit> <Opcode : 'select'> <InPorts = 3> <OutPorts = 1>
ST_6 : Operation 84 [1/1] (1.91ns)   --->   "%icmp_ln376_1 = icmp_eq  i8 %post_trace_val_3, i8 0" [src/snn_top_hls.cpp:376]   --->   Operation 84 'icmp' 'icmp_ln376_1' <Predicate = true> <Delay = 1.91> <CoreInst = "Cmp">   --->   Core 9 'Cmp' <Latency = 0> <II = 1> <Delay = 1.91> <FuncUnit> <Opcode : 'seteq' 'setne' 'setle' 'setge' 'setlt' 'setgt'> <InPorts = 2> <OutPorts = 1>
ST_6 : Operation 85 [1/1] (0.00ns)   --->   "%br_ln376 = br i1 %icmp_ln376_1, void %if.end.1, void %cleanup.1" [src/snn_top_hls.cpp:376]   --->   Operation 85 'br' 'br_ln376' <Predicate = true> <Delay = 0.00>
ST_6 : Operation 86 [2/2] (3.25ns)   --->   "%current_w_1 = load i15 %p_ZL13weight_memory_1_addr" [src/snn_top_hls.cpp:379]   --->   Operation 86 'load' 'current_w_1' <Predicate = (!icmp_ln376_1)> <Delay = 3.25> <CoreInst = "RAM_2P_BRAM">   --->   Core 90 'RAM_2P_BRAM' <Latency = 1> <II = 1> <Delay = 3.25> <Storage> <Opcode : 'load' 'store'> <Ports = 2> <Width = 8> <Depth = 32768> <RAM>

State 7 <SV = 6> <Delay = 7.06>
ST_7 : Operation 87 [1/1] (0.00ns)   --->   "%sext_ln383 = sext i8 %current_w" [src/snn_top_hls.cpp:383]   --->   Operation 87 'sext' 'sext_ln383' <Predicate = (!icmp_ln376)> <Delay = 0.00>
ST_7 : Operation 88 [1/1] (0.97ns)   --->   "%xor_ln383 = xor i1 %bit_sel, i1 1" [src/snn_top_hls.cpp:383]   --->   Operation 88 'xor' 'xor_ln383' <Predicate = (!icmp_ln376)> <Delay = 0.97> <CoreInst = "LogicGate">   --->   Core 74 'LogicGate' <Latency = 0> <II = 1> <Delay = 0.97> <FuncUnit> <Opcode : 'and' 'or' 'xor'> <InPorts = 2> <OutPorts = 1>
ST_7 : Operation 89 [1/1] (0.00ns)   --->   "%distance = bitconcatenate i8 @_ssdm_op_BitConcatenate.i8.i1.i7, i1 %xor_ln383, i7 %trunc_ln383" [src/snn_top_hls.cpp:383]   --->   Operation 89 'bitconcatenate' 'distance' <Predicate = (!icmp_ln376)> <Delay = 0.00>
ST_7 : Operation 90 [1/1] (0.00ns)   --->   "%zext_ln384 = zext i8 %distance" [src/snn_top_hls.cpp:384]   --->   Operation 90 'zext' 'zext_ln384' <Predicate = (!icmp_ln376)> <Delay = 0.00>
ST_7 : Operation 91 [1/1] (0.00ns)   --->   "%zext_ln384_1 = zext i8 %post_trace_val_1" [src/snn_top_hls.cpp:384]   --->   Operation 91 'zext' 'zext_ln384_1' <Predicate = (!icmp_ln376)> <Delay = 0.00>
ST_7 : Operation 92 [1/1] (4.17ns)   --->   "%mul_ln384 = mul i16 %zext_ln384, i16 %zext_ln384_1" [src/snn_top_hls.cpp:384]   --->   Operation 92 'mul' 'mul_ln384' <Predicate = (!icmp_ln376)> <Delay = 4.17> <CoreInst = "Multiplier">   --->   Core 3 'Multiplier' <Latency = 0> <II = 1> <Delay = 4.17> <FuncUnit> <Opcode : 'mul'> <InPorts = 2> <OutPorts = 1>
ST_7 : Operation 93 [1/1] (0.00ns)   --->   "%tmp_34 = partselect i8 @_ssdm_op_PartSelect.i8.i16.i32.i32, i16 %mul_ln384, i32 8, i32 15" [src/snn_top_hls.cpp:387]   --->   Operation 93 'partselect' 'tmp_34' <Predicate = (!icmp_ln376)> <Delay = 0.00>
ST_7 : Operation 94 [1/1] (0.00ns)   --->   "%zext_ln387 = zext i8 %tmp_34" [src/snn_top_hls.cpp:387]   --->   Operation 94 'zext' 'zext_ln387' <Predicate = (!icmp_ln376)> <Delay = 0.00>
ST_7 : Operation 95 [1/1] (1.91ns)   --->   "%w = sub i10 %sext_ln383, i10 %zext_ln387" [src/snn_top_hls.cpp:387]   --->   Operation 95 'sub' 'w' <Predicate = (!icmp_ln376)> <Delay = 1.91> <CoreInst = "Adder">   --->   Core 1 'Adder' <Latency = 0> <II = 1> <Delay = 1.91> <FuncUnit> <Opcode : 'add' 'sub'> <InPorts = 2> <OutPorts = 1>
ST_7 : Operation 96 [1/1] (0.00ns)   --->   "%trunc_ln337 = trunc i10 %w" [src/snn_top_hls.cpp:337->src/snn_top_hls.cpp:387]   --->   Operation 96 'trunc' 'trunc_ln337' <Predicate = (!icmp_ln376)> <Delay = 0.00>
ST_7 : Operation 97 [1/2] ( I:3.25ns O:3.25ns )   --->   "%current_w_1 = load i15 %p_ZL13weight_memory_1_addr" [src/snn_top_hls.cpp:379]   --->   Operation 97 'load' 'current_w_1' <Predicate = (!icmp_ln376_1)> <Delay = 3.25> <CoreInst = "RAM_2P_BRAM">   --->   Core 90 'RAM_2P_BRAM' <Latency = 1> <II = 1> <Delay = 3.25> <Storage> <Opcode : 'load' 'store'> <Ports = 2> <Width = 8> <Depth = 32768> <RAM>
ST_7 : Operation 98 [1/1] (0.00ns)   --->   "%bit_sel1 = bitselect i1 @_ssdm_op_BitSelect.i1.i8.i8, i8 %current_w_1, i8 7" [src/snn_top_hls.cpp:383]   --->   Operation 98 'bitselect' 'bit_sel1' <Predicate = (!icmp_ln376_1)> <Delay = 0.00>
ST_7 : Operation 99 [1/1] (0.00ns)   --->   "%trunc_ln383_1 = trunc i8 %current_w_1" [src/snn_top_hls.cpp:383]   --->   Operation 99 'trunc' 'trunc_ln383_1' <Predicate = (!icmp_ln376_1)> <Delay = 0.00>
ST_7 : Operation 118 [1/1] (1.58ns)   --->   "%ret_ln0 = ret"   --->   Operation 118 'ret' 'ret_ln0' <Predicate = (tmp)> <Delay = 1.58>

State 8 <SV = 7> <Delay = 7.06>
ST_8 : Operation 100 [1/1] (1.73ns)   --->   "%icmp_ln336 = icmp_slt  i10 %w, i10 896" [src/snn_top_hls.cpp:336->src/snn_top_hls.cpp:387]   --->   Operation 100 'icmp' 'icmp_ln336' <Predicate = (!icmp_ln376)> <Delay = 1.73> <CoreInst = "Cmp">   --->   Core 9 'Cmp' <Latency = 0> <II = 1> <Delay = 1.73> <FuncUnit> <Opcode : 'seteq' 'setne' 'setle' 'setge' 'setlt' 'setgt'> <InPorts = 2> <OutPorts = 1>
ST_8 : Operation 101 [1/1] (1.24ns)   --->   "%select_ln335 = select i1 %icmp_ln336, i8 128, i8 %trunc_ln337" [src/snn_top_hls.cpp:335->src/snn_top_hls.cpp:387]   --->   Operation 101 'select' 'select_ln335' <Predicate = (!icmp_ln376)> <Delay = 1.24> <CoreInst = "Sel">   --->   Core 73 'Sel' <Latency = 0> <II = 1> <Delay = 1.24> <FuncUnit> <Opcode : 'select'> <InPorts = 3> <OutPorts = 1>
ST_8 : Operation 102 [1/1] ( I:3.25ns O:3.25ns )   --->   "%store_ln387 = store i8 %select_ln335, i15 %p_ZL13weight_memory_0_addr" [src/snn_top_hls.cpp:387]   --->   Operation 102 'store' 'store_ln387' <Predicate = (!icmp_ln376)> <Delay = 3.25> <CoreInst = "RAM_2P_BRAM">   --->   Core 90 'RAM_2P_BRAM' <Latency = 1> <II = 1> <Delay = 3.25> <Storage> <Opcode : 'load' 'store'> <Ports = 2> <Width = 8> <Depth = 32768> <RAM>
ST_8 : Operation 103 [1/1] (0.00ns)   --->   "%br_ln388 = br void %cleanup_ifconv" [src/snn_top_hls.cpp:388]   --->   Operation 103 'br' 'br_ln388' <Predicate = (!icmp_ln376)> <Delay = 0.00>
ST_8 : Operation 104 [1/1] (0.00ns)   --->   "%sext_ln383_1 = sext i8 %current_w_1" [src/snn_top_hls.cpp:383]   --->   Operation 104 'sext' 'sext_ln383_1' <Predicate = (!icmp_ln376_1)> <Delay = 0.00>
ST_8 : Operation 105 [1/1] (0.97ns)   --->   "%xor_ln383_1 = xor i1 %bit_sel1, i1 1" [src/snn_top_hls.cpp:383]   --->   Operation 105 'xor' 'xor_ln383_1' <Predicate = (!icmp_ln376_1)> <Delay = 0.97> <CoreInst = "LogicGate">   --->   Core 74 'LogicGate' <Latency = 0> <II = 1> <Delay = 0.97> <FuncUnit> <Opcode : 'and' 'or' 'xor'> <InPorts = 2> <OutPorts = 1>
ST_8 : Operation 106 [1/1] (0.00ns)   --->   "%distance_1 = bitconcatenate i8 @_ssdm_op_BitConcatenate.i8.i1.i7, i1 %xor_ln383_1, i7 %trunc_ln383_1" [src/snn_top_hls.cpp:383]   --->   Operation 106 'bitconcatenate' 'distance_1' <Predicate = (!icmp_ln376_1)> <Delay = 0.00>
ST_8 : Operation 107 [1/1] (0.00ns)   --->   "%zext_ln384_2 = zext i8 %distance_1" [src/snn_top_hls.cpp:384]   --->   Operation 107 'zext' 'zext_ln384_2' <Predicate = (!icmp_ln376_1)> <Delay = 0.00>
ST_8 : Operation 108 [1/1] (0.00ns)   --->   "%zext_ln384_3 = zext i8 %post_trace_val_3" [src/snn_top_hls.cpp:384]   --->   Operation 108 'zext' 'zext_ln384_3' <Predicate = (!icmp_ln376_1)> <Delay = 0.00>
ST_8 : Operation 109 [1/1] (4.17ns)   --->   "%mul_ln384_1 = mul i16 %zext_ln384_2, i16 %zext_ln384_3" [src/snn_top_hls.cpp:384]   --->   Operation 109 'mul' 'mul_ln384_1' <Predicate = (!icmp_ln376_1)> <Delay = 4.17> <CoreInst = "Multiplier">   --->   Core 3 'Multiplier' <Latency = 0> <II = 1> <Delay = 4.17> <FuncUnit> <Opcode : 'mul'> <InPorts = 2> <OutPorts = 1>
ST_8 : Operation 110 [1/1] (0.00ns)   --->   "%tmp_35 = partselect i8 @_ssdm_op_PartSelect.i8.i16.i32.i32, i16 %mul_ln384_1, i32 8, i32 15" [src/snn_top_hls.cpp:387]   --->   Operation 110 'partselect' 'tmp_35' <Predicate = (!icmp_ln376_1)> <Delay = 0.00>
ST_8 : Operation 111 [1/1] (0.00ns)   --->   "%zext_ln387_1 = zext i8 %tmp_35" [src/snn_top_hls.cpp:387]   --->   Operation 111 'zext' 'zext_ln387_1' <Predicate = (!icmp_ln376_1)> <Delay = 0.00>
ST_8 : Operation 112 [1/1] (1.91ns)   --->   "%w_1 = sub i10 %sext_ln383_1, i10 %zext_ln387_1" [src/snn_top_hls.cpp:387]   --->   Operation 112 'sub' 'w_1' <Predicate = (!icmp_ln376_1)> <Delay = 1.91> <CoreInst = "Adder">   --->   Core 1 'Adder' <Latency = 0> <II = 1> <Delay = 1.91> <FuncUnit> <Opcode : 'add' 'sub'> <InPorts = 2> <OutPorts = 1>
ST_8 : Operation 113 [1/1] (0.00ns)   --->   "%trunc_ln337_1 = trunc i10 %w_1" [src/snn_top_hls.cpp:337->src/snn_top_hls.cpp:387]   --->   Operation 113 'trunc' 'trunc_ln337_1' <Predicate = (!icmp_ln376_1)> <Delay = 0.00>

State 9 <SV = 8> <Delay = 6.23>
ST_9 : Operation 114 [1/1] (1.73ns)   --->   "%icmp_ln336_1 = icmp_slt  i10 %w_1, i10 896" [src/snn_top_hls.cpp:336->src/snn_top_hls.cpp:387]   --->   Operation 114 'icmp' 'icmp_ln336_1' <Predicate = (!icmp_ln376_1)> <Delay = 1.73> <CoreInst = "Cmp">   --->   Core 9 'Cmp' <Latency = 0> <II = 1> <Delay = 1.73> <FuncUnit> <Opcode : 'seteq' 'setne' 'setle' 'setge' 'setlt' 'setgt'> <InPorts = 2> <OutPorts = 1>
ST_9 : Operation 115 [1/1] (1.24ns)   --->   "%select_ln335_1 = select i1 %icmp_ln336_1, i8 128, i8 %trunc_ln337_1" [src/snn_top_hls.cpp:335->src/snn_top_hls.cpp:387]   --->   Operation 115 'select' 'select_ln335_1' <Predicate = (!icmp_ln376_1)> <Delay = 1.24> <CoreInst = "Sel">   --->   Core 73 'Sel' <Latency = 0> <II = 1> <Delay = 1.24> <FuncUnit> <Opcode : 'select'> <InPorts = 3> <OutPorts = 1>
ST_9 : Operation 116 [1/1] ( I:3.25ns O:3.25ns )   --->   "%store_ln387 = store i8 %select_ln335_1, i15 %p_ZL13weight_memory_1_addr" [src/snn_top_hls.cpp:387]   --->   Operation 116 'store' 'store_ln387' <Predicate = (!icmp_ln376_1)> <Delay = 3.25> <CoreInst = "RAM_2P_BRAM">   --->   Core 90 'RAM_2P_BRAM' <Latency = 1> <II = 1> <Delay = 3.25> <Storage> <Opcode : 'load' 'store'> <Ports = 2> <Width = 8> <Depth = 32768> <RAM>
ST_9 : Operation 117 [1/1] (0.00ns)   --->   "%br_ln388 = br void %cleanup.1" [src/snn_top_hls.cpp:388]   --->   Operation 117 'br' 'br_ln388' <Predicate = (!icmp_ln376_1)> <Delay = 0.00>


============================================================
+ Verbose Summary: Timing violations
============================================================
Target clock period: 10.000ns, clock uncertainty: 2.700ns.

 <State 1>: 4.999ns
The critical path consists of the following:
	'store' operation ('store_ln367', src/snn_top_hls.cpp:367) of constant 0 9 bit on local variable 'j', src/snn_top_hls.cpp:367 [19]  (1.588 ns)
	'load' operation 9 bit ('j', src/snn_top_hls.cpp:367) on local variable 'j', src/snn_top_hls.cpp:367 [22]  (0.000 ns)
	'add' operation 9 bit ('add_ln367', src/snn_top_hls.cpp:367) [111]  (1.823 ns)
	'store' operation ('store_ln367', src/snn_top_hls.cpp:367) of variable 'add_ln367', src/snn_top_hls.cpp:367 9 bit on local variable 'j', src/snn_top_hls.cpp:367 [112]  (1.588 ns)

 <State 2>: 6.878ns
The critical path consists of the following:
	'load' operation 16 bit ('post_t.last_spike_time', src/snn_top_hls.cpp:372) on array 'post_traces_last_spike_time_1' [76]  (3.254 ns)
	'sub' operation 16 bit ('dt', src/snn_top_hls.cpp:318->src/snn_top_hls.cpp:373) [78]  (2.077 ns)
	'icmp' operation 1 bit ('icmp_ln321_1', src/snn_top_hls.cpp:321->src/snn_top_hls.cpp:373) [80]  (1.547 ns)

 <State 3>: 3.254ns
The critical path consists of the following:
	'getelementptr' operation 7 bit ('post_traces_trace_1_addr', src/snn_top_hls.cpp:372) [73]  (0.000 ns)
	'load' operation 8 bit ('post_t.trace', src/snn_top_hls.cpp:372) on array 'post_traces_trace_1' [75]  (3.254 ns)

 <State 4>: 6.492ns
The critical path consists of the following:
	'load' operation 8 bit ('EXP_DECAY_LUT_load', src/snn_top_hls.cpp:325->src/snn_top_hls.cpp:373) on array 'EXP_DECAY_LUT' [46]  (2.322 ns)
	'mul' operation 16 bit ('mul_ln325', src/snn_top_hls.cpp:325->src/snn_top_hls.cpp:373) [48]  (4.170 ns)

 <State 5>: 6.492ns
The critical path consists of the following:
	'load' operation 8 bit ('EXP_DECAY_LUT_load_1', src/snn_top_hls.cpp:325->src/snn_top_hls.cpp:373) on array 'EXP_DECAY_LUT' [84]  (2.322 ns)
	'mul' operation 16 bit ('mul_ln325_1', src/snn_top_hls.cpp:325->src/snn_top_hls.cpp:373) [86]  (4.170 ns)

 <State 6>: 3.254ns
The critical path consists of the following:
	'load' operation 8 bit ('current_w', src/snn_top_hls.cpp:379) on array 'p_ZL13weight_memory_0' [55]  (3.254 ns)

 <State 7>: 7.063ns
The critical path consists of the following:
	'xor' operation 1 bit ('xor_ln383', src/snn_top_hls.cpp:383) [58]  (0.978 ns)
	'mul' operation 16 bit ('mul_ln384', src/snn_top_hls.cpp:384) [63]  (4.170 ns)
	'sub' operation 10 bit ('w', src/snn_top_hls.cpp:387) [66]  (1.915 ns)

 <State 8>: 7.063ns
The critical path consists of the following:
	'xor' operation 1 bit ('xor_ln383_1', src/snn_top_hls.cpp:383) [96]  (0.978 ns)
	'mul' operation 16 bit ('mul_ln384_1', src/snn_top_hls.cpp:384) [101]  (4.170 ns)
	'sub' operation 10 bit ('w', src/snn_top_hls.cpp:387) [104]  (1.915 ns)

 <State 9>: 6.233ns
The critical path consists of the following:
	'icmp' operation 1 bit ('icmp_ln336_1', src/snn_top_hls.cpp:336->src/snn_top_hls.cpp:387) [105]  (1.731 ns)
	'select' operation 8 bit ('select_ln335_1', src/snn_top_hls.cpp:335->src/snn_top_hls.cpp:387) [107]  (1.248 ns)
	'store' operation ('store_ln387', src/snn_top_hls.cpp:387) of variable 'select_ln335_1', src/snn_top_hls.cpp:335->src/snn_top_hls.cpp:387 8 bit on array 'p_ZL13weight_memory_1' [108]  (3.254 ns)


============================================================
+ Verbose Summary: Binding
============================================================
N/A
* FSMD analyzer results:
  - Output states:
 - Input state : 
  - Chain level:
	State 1
	State 2
	State 3
	State 4
	State 5
	State 6
	State 7
	State 8
	State 9


============================================================
+ Verbose Summary: Datapath Resource usage 
============================================================
N/A
