

================================================================
== Vitis HLS Report for 'run_encoder_once'
================================================================
* Date:           Tue Feb 10 18:59:25 2026

* Version:        2025.2 (Build 6295257 on Nov 14 2025)
* Project:        hls_csim_output
* Solution:       hls (Vivado IP Flow Target)
* Product family: zynq
* Target device:  xc7z020-clg400-1


================================================================
== Performance Estimates
================================================================
+ Timing: 
    * Summary: 
    +--------+----------+----------+------------+
    |  Clock |  Target  | Estimated| Uncertainty|
    +--------+----------+----------+------------+
    |ap_clk  |  10.00 ns|  7.036 ns|     2.70 ns|
    +--------+----------+----------+------------+

+ Latency: 
    * Summary: 
    +---------+---------+-----------+-----------+-----+------+---------+
    |  Latency (cycles) |   Latency (absolute)  |  Interval  | Pipeline|
    |   min   |   max   |    min    |    max    | min |  max |   Type  |
    +---------+---------+-----------+-----------+-----+------+---------+
    |        1|     1576|  10.000 ns|  15.760 us|    1|  1576|       no|
    +---------+---------+-----------+-----------+-----+------+---------+

    + Detail: 
        * Instance: 
        N/A

        * Loop: 
        N/A

============================================================
+ Verbose Summary: Synthesis Manager
============================================================
InlineROM: 1
ExposeGlobal: 0
============================================================
+ Verbose Summary: CDFG Model
============================================================
IsTopModel: 0
ResetActiveHigh: 1
IsCombinational: 0
IsDatapathOnly: 0
HasWiredReturn: 1
HasMFsm: 0
HasVarLatency: 1
IsPipeline: 0
IsRtlPipelined: 0
IsInstanceOverlapped: 0
IsDontTouch: 0
HasImplIP: 0
IsGatedGlobalClock: 0


============================================================
+ Verbose Summary: Schedule
============================================================
* Number of FSM states : 3
* Pipeline : 0
* Dataflow Pipeline: 0

* FSM state transitions: 
1 --> 3 2 
2 --> 3 
3 --> 

* FSM state operations: 

State 1 <SV = 0> <Delay = 5.13>
ST_1 : Operation 4 [1/1] (0.00ns)   --->   "%specmemcore_ln0 = specmemcore void @_ssdm_op_SpecMemCore, i32 %p_ZL22encoder_temporal_start_0, i64 666, i64 22, i64 18446744073709551615, i1 0"   --->   Operation 4 'specmemcore' 'specmemcore_ln0' <Predicate = true> <Delay = 0.00>
ST_1 : Operation 5 [1/1] (0.00ns)   --->   "%specmemcore_ln0 = specmemcore void @_ssdm_op_SpecMemCore, i32 %p_ZL22encoder_temporal_start_1, i64 666, i64 22, i64 18446744073709551615, i1 0"   --->   Operation 5 'specmemcore' 'specmemcore_ln0' <Predicate = true> <Delay = 0.00>
ST_1 : Operation 6 [1/1] (0.00ns)   --->   "%specmemcore_ln0 = specmemcore void @_ssdm_op_SpecMemCore, i1 %p_ZL22encoder_temporal_fired_0, i64 666, i64 22, i64 18446744073709551615, i1 0"   --->   Operation 6 'specmemcore' 'specmemcore_ln0' <Predicate = true> <Delay = 0.00>
ST_1 : Operation 7 [1/1] (0.00ns)   --->   "%specmemcore_ln0 = specmemcore void @_ssdm_op_SpecMemCore, i1 %p_ZL22encoder_temporal_fired_1, i64 666, i64 22, i64 18446744073709551615, i1 0"   --->   Operation 7 'specmemcore' 'specmemcore_ln0' <Predicate = true> <Delay = 0.00>
ST_1 : Operation 8 [1/1] (0.00ns)   --->   "%specmemcore_ln0 = specmemcore void @_ssdm_op_SpecMemCore, i16 %p_ZL17encoder_phase_acc_0, i64 666, i64 22, i64 18446744073709551615, i1 0"   --->   Operation 8 'specmemcore' 'specmemcore_ln0' <Predicate = true> <Delay = 0.00>
ST_1 : Operation 9 [1/1] (0.00ns)   --->   "%specmemcore_ln0 = specmemcore void @_ssdm_op_SpecMemCore, i16 %p_ZL17encoder_phase_acc_1, i64 666, i64 22, i64 18446744073709551615, i1 0"   --->   Operation 9 'specmemcore' 'specmemcore_ln0' <Predicate = true> <Delay = 0.00>
ST_1 : Operation 10 [1/1] (0.00ns)   --->   "%specinterface_ln0 = specinterface void @_ssdm_op_SpecInterface, i41 %encoder_spikes, void @empty_35, i32 0, i32 0, void @empty_3, i32 0, i32 0, void @empty_3, void @empty_3, void @empty_3, i32 0, i32 0, i32 0, i32 0, void @empty_3, void @empty_3, i32 4294967295, i32 0, i32 0, i32 0"   --->   Operation 10 'specinterface' 'specinterface_ln0' <Predicate = true> <Delay = 0.00>
ST_1 : Operation 11 [1/1] (0.00ns)   --->   "%time_read = read i32 @_ssdm_op_Read.ap_auto.i32, i32 %time_r" [src/snn_top_hls.cpp:172]   --->   Operation 11 'read' 'time_read' <Predicate = true> <Delay = 0.00>
ST_1 : Operation 12 [1/1] (0.00ns)   --->   "%config_default_weight_val_read = read i8 @_ssdm_op_Read.ap_auto.i8, i8 %config_default_weight_val" [src/snn_top_hls.cpp:172]   --->   Operation 12 'read' 'config_default_weight_val_read' <Predicate = true> <Delay = 0.00>
ST_1 : Operation 13 [1/1] (0.00ns)   --->   "%config_num_channels_val_read = read i16 @_ssdm_op_Read.ap_auto.i16, i16 %config_num_channels_val" [src/snn_top_hls.cpp:172]   --->   Operation 13 'read' 'config_num_channels_val_read' <Predicate = true> <Delay = 0.00>
ST_1 : Operation 14 [1/1] (0.00ns)   --->   "%config_delta_decay_val_read = read i16 @_ssdm_op_Read.ap_auto.i16, i16 %config_delta_decay_val" [src/snn_top_hls.cpp:172]   --->   Operation 14 'read' 'config_delta_decay_val_read' <Predicate = true> <Delay = 0.00>
ST_1 : Operation 15 [1/1] (0.00ns)   --->   "%config_delta_threshold_val_read = read i16 @_ssdm_op_Read.ap_auto.i16, i16 %config_delta_threshold_val" [src/snn_top_hls.cpp:172]   --->   Operation 15 'read' 'config_delta_threshold_val_read' <Predicate = true> <Delay = 0.00>
ST_1 : Operation 16 [1/1] (0.00ns)   --->   "%config_latency_window_val_read = read i16 @_ssdm_op_Read.ap_auto.i16, i16 %config_latency_window_val" [src/snn_top_hls.cpp:172]   --->   Operation 16 'read' 'config_latency_window_val_read' <Predicate = true> <Delay = 0.00>
ST_1 : Operation 17 [1/1] (0.00ns)   --->   "%config_rate_scale_val_read = read i16 @_ssdm_op_Read.ap_auto.i16, i16 %config_rate_scale_val" [src/snn_top_hls.cpp:172]   --->   Operation 17 'read' 'config_rate_scale_val_read' <Predicate = true> <Delay = 0.00>
ST_1 : Operation 18 [1/1] (0.00ns)   --->   "%config_baseline_val_read = read i8 @_ssdm_op_Read.ap_auto.i8, i8 %config_baseline_val" [src/snn_top_hls.cpp:172]   --->   Operation 18 'read' 'config_baseline_val_read' <Predicate = true> <Delay = 0.00>
ST_1 : Operation 19 [1/1] (0.00ns)   --->   "%config_two_neuron_enable_val_read = read i1 @_ssdm_op_Read.ap_auto.i1, i1 %config_two_neuron_enable_val" [src/snn_top_hls.cpp:172]   --->   Operation 19 'read' 'config_two_neuron_enable_val_read' <Predicate = true> <Delay = 0.00>
ST_1 : Operation 20 [1/1] (0.00ns)   --->   "%config_encoding_type_val_read = read i4 @_ssdm_op_Read.ap_auto.i4, i4 %config_encoding_type_val" [src/snn_top_hls.cpp:172]   --->   Operation 20 'read' 'config_encoding_type_val_read' <Predicate = true> <Delay = 0.00>
ST_1 : Operation 21 [1/1] (0.00ns)   --->   "%encoder_frame_loaded_load = load i1 %encoder_frame_loaded" [src/snn_top_hls.cpp:177]   --->   Operation 21 'load' 'encoder_frame_loaded_load' <Predicate = true> <Delay = 0.00>
ST_1 : Operation 22 [1/1] (0.00ns)   --->   "%br_ln177 = br i1 %encoder_frame_loaded_load, void %return, void %if.end" [src/snn_top_hls.cpp:177]   --->   Operation 22 'br' 'br_ln177' <Predicate = true> <Delay = 0.00>
ST_1 : Operation 23 [1/1] (1.73ns)   --->   "%icmp_ln182 = icmp_eq  i4 %config_encoding_type_val_read, i4 2" [src/snn_top_hls.cpp:182]   --->   Operation 23 'icmp' 'icmp_ln182' <Predicate = (encoder_frame_loaded_load)> <Delay = 1.73> <CoreInst = "Cmp">   --->   Core 9 'Cmp' <Latency = 0> <II = 1> <Delay = 1.73> <FuncUnit> <Opcode : 'seteq' 'setne' 'setle' 'setge' 'setlt' 'setgt'> <InPorts = 2> <OutPorts = 1>
ST_1 : Operation 24 [1/1] (2.07ns)   --->   "%icmp_ln182_1 = icmp_ne  i16 %config_latency_window_val_read, i16 0" [src/snn_top_hls.cpp:182]   --->   Operation 24 'icmp' 'icmp_ln182_1' <Predicate = (encoder_frame_loaded_load)> <Delay = 2.07> <CoreInst = "Cmp">   --->   Core 9 'Cmp' <Latency = 0> <II = 1> <Delay = 2.07> <FuncUnit> <Opcode : 'seteq' 'setne' 'setle' 'setge' 'setlt' 'setgt'> <InPorts = 2> <OutPorts = 1>
ST_1 : Operation 25 [1/1] (0.97ns)   --->   "%and_ln182 = and i1 %icmp_ln182, i1 %icmp_ln182_1" [src/snn_top_hls.cpp:182]   --->   Operation 25 'and' 'and_ln182' <Predicate = (encoder_frame_loaded_load)> <Delay = 0.97> <CoreInst = "LogicGate">   --->   Core 74 'LogicGate' <Latency = 0> <II = 1> <Delay = 0.97> <FuncUnit> <Opcode : 'and' 'or' 'xor'> <InPorts = 2> <OutPorts = 1>
ST_1 : Operation 26 [1/1] (1.58ns)   --->   "%br_ln182 = br i1 %and_ln182, void %ENCODER_LOOP, void %if.then2" [src/snn_top_hls.cpp:182]   --->   Operation 26 'br' 'br_ln182' <Predicate = (encoder_frame_loaded_load)> <Delay = 1.58>
ST_1 : Operation 27 [1/1] (0.00ns)   --->   "%latency_window_counter_load = load i16 %latency_window_counter" [src/snn_top_hls.cpp:183]   --->   Operation 27 'load' 'latency_window_counter_load' <Predicate = (encoder_frame_loaded_load & and_ln182)> <Delay = 0.00>
ST_1 : Operation 28 [1/1] (2.07ns)   --->   "%latency_window_reset = icmp_eq  i16 %latency_window_counter_load, i16 0" [src/snn_top_hls.cpp:183]   --->   Operation 28 'icmp' 'latency_window_reset' <Predicate = (encoder_frame_loaded_load & and_ln182)> <Delay = 2.07> <CoreInst = "Cmp">   --->   Core 9 'Cmp' <Latency = 0> <II = 1> <Delay = 2.07> <FuncUnit> <Opcode : 'seteq' 'setne' 'setle' 'setge' 'setlt' 'setgt'> <InPorts = 2> <OutPorts = 1>
ST_1 : Operation 29 [1/1] (2.07ns)   --->   "%add_ln186 = add i16 %latency_window_counter_load, i16 1" [src/snn_top_hls.cpp:186]   --->   Operation 29 'add' 'add_ln186' <Predicate = (encoder_frame_loaded_load & and_ln182)> <Delay = 2.07> <CoreInst = "Adder">   --->   Core 1 'Adder' <Latency = 0> <II = 1> <Delay = 2.07> <FuncUnit> <Opcode : 'add' 'sub'> <InPorts = 2> <OutPorts = 1>
ST_1 : Operation 30 [1/1] (2.07ns)   --->   "%icmp_ln187 = icmp_ult  i16 %add_ln186, i16 %config_latency_window_val_read" [src/snn_top_hls.cpp:187]   --->   Operation 30 'icmp' 'icmp_ln187' <Predicate = (encoder_frame_loaded_load & and_ln182)> <Delay = 2.07> <CoreInst = "Cmp">   --->   Core 9 'Cmp' <Latency = 0> <II = 1> <Delay = 2.07> <FuncUnit> <Opcode : 'seteq' 'setne' 'setle' 'setge' 'setlt' 'setgt'> <InPorts = 2> <OutPorts = 1>
ST_1 : Operation 31 [1/1] (0.00ns) (grouped into LUT with out node select_ln187)   --->   "%xor_ln187 = xor i1 %icmp_ln187, i1 1" [src/snn_top_hls.cpp:187]   --->   Operation 31 'xor' 'xor_ln187' <Predicate = (encoder_frame_loaded_load & and_ln182)> <Delay = 0.00> <CoreInst = "LogicGate">   --->   Core 74 'LogicGate' <Latency = 0> <II = 1> <Delay = 0.97> <FuncUnit> <Opcode : 'and' 'or' 'xor'> <InPorts = 2> <OutPorts = 1>
ST_1 : Operation 32 [1/1] (0.97ns) (out node of the LUT)   --->   "%select_ln187 = select i1 %xor_ln187, i16 0, i16 %add_ln186" [src/snn_top_hls.cpp:187]   --->   Operation 32 'select' 'select_ln187' <Predicate = (encoder_frame_loaded_load & and_ln182)> <Delay = 0.97> <CoreInst = "Sel">   --->   Core 73 'Sel' <Latency = 0> <II = 1> <Delay = 0.80> <FuncUnit> <Opcode : 'select'> <InPorts = 3> <OutPorts = 1>
ST_1 : Operation 33 [1/1] (0.00ns)   --->   "%store_ln187 = store i16 %select_ln187, i16 %latency_window_counter" [src/snn_top_hls.cpp:187]   --->   Operation 33 'store' 'store_ln187' <Predicate = (encoder_frame_loaded_load & and_ln182)> <Delay = 0.00>
ST_1 : Operation 34 [1/1] (1.58ns)   --->   "%br_ln190 = br void %ENCODER_LOOP" [src/snn_top_hls.cpp:190]   --->   Operation 34 'br' 'br_ln190' <Predicate = (encoder_frame_loaded_load & and_ln182)> <Delay = 1.58>

State 2 <SV = 1> <Delay = 5.33>
ST_2 : Operation 35 [1/1] (0.00ns)   --->   "%latency_window_reset_1 = phi i1 %latency_window_reset, void %if.then2, i1 0, void %if.end"   --->   Operation 35 'phi' 'latency_window_reset_1' <Predicate = true> <Delay = 0.00>
ST_2 : Operation 36 [2/2] (5.33ns)   --->   "%call_ln172 = call void @run_encoder_once_Pipeline_ENCODER_LOOP, i32 %time_read, i16 %config_num_channels_val_read, i8 %config_baseline_val_read, i4 %config_encoding_type_val_read, i1 %config_two_neuron_enable_val_read, i16 %config_rate_scale_val_read, i41 %encoder_spikes, i8 %config_default_weight_val_read, i1 %latency_window_reset_1, i16 %config_latency_window_val_read, i16 %config_delta_decay_val_read, i16 %config_delta_threshold_val_read, i8 %p_ZL13encoder_frame_0, i16 %lfsr, i32 %encoder_spike_counter, i1 %p_ZL22encoder_temporal_fired_1, i1 %p_ZL22encoder_temporal_fired_0, i32 %p_ZL22encoder_temporal_start_0, i32 %p_ZL22encoder_temporal_start_1, i16 %p_ZL17encoder_phase_acc_1, i16 %p_ZL17encoder_phase_acc_0, i8 %p_ZL13encoder_frame_1" [src/snn_top_hls.cpp:172]   --->   Operation 36 'call' 'call_ln172' <Predicate = true> <Delay = 5.33> <CoreType = "Generic">   --->   Generic Core

State 3 <SV = 2> <Delay = 0.00>
ST_3 : Operation 37 [1/2] (0.00ns)   --->   "%call_ln172 = call void @run_encoder_once_Pipeline_ENCODER_LOOP, i32 %time_read, i16 %config_num_channels_val_read, i8 %config_baseline_val_read, i4 %config_encoding_type_val_read, i1 %config_two_neuron_enable_val_read, i16 %config_rate_scale_val_read, i41 %encoder_spikes, i8 %config_default_weight_val_read, i1 %latency_window_reset_1, i16 %config_latency_window_val_read, i16 %config_delta_decay_val_read, i16 %config_delta_threshold_val_read, i8 %p_ZL13encoder_frame_0, i16 %lfsr, i32 %encoder_spike_counter, i1 %p_ZL22encoder_temporal_fired_1, i1 %p_ZL22encoder_temporal_fired_0, i32 %p_ZL22encoder_temporal_start_0, i32 %p_ZL22encoder_temporal_start_1, i16 %p_ZL17encoder_phase_acc_1, i16 %p_ZL17encoder_phase_acc_0, i8 %p_ZL13encoder_frame_1" [src/snn_top_hls.cpp:172]   --->   Operation 37 'call' 'call_ln172' <Predicate = (encoder_frame_loaded_load)> <Delay = 0.00> <CoreType = "Generic">   --->   Generic Core
ST_3 : Operation 38 [1/1] (0.00ns)   --->   "%br_ln0 = br void %return"   --->   Operation 38 'br' 'br_ln0' <Predicate = (encoder_frame_loaded_load)> <Delay = 0.00>
ST_3 : Operation 39 [1/1] (0.00ns)   --->   "%ret_ln259 = ret" [src/snn_top_hls.cpp:259]   --->   Operation 39 'ret' 'ret_ln259' <Predicate = true> <Delay = 0.00>


============================================================
+ Verbose Summary: Timing violations
============================================================
Target clock period: 10.000ns, clock uncertainty: 2.700ns.

 <State 1>: 5.132ns
The critical path consists of the following:
	'load' operation 16 bit ('latency_window_counter_load', src/snn_top_hls.cpp:183) on static variable 'latency_window_counter' [49]  (0.000 ns)
	'add' operation 16 bit ('add_ln186', src/snn_top_hls.cpp:186) [51]  (2.077 ns)
	'icmp' operation 1 bit ('icmp_ln187', src/snn_top_hls.cpp:187) [52]  (2.077 ns)
	'xor' operation 1 bit ('xor_ln187', src/snn_top_hls.cpp:187) [53]  (0.000 ns)
	'select' operation 16 bit ('select_ln187', src/snn_top_hls.cpp:187) [54]  (0.978 ns)

 <State 2>: 5.331ns
The critical path consists of the following:
	'phi' operation 1 bit ('latency_window_reset') with incoming values : ('latency_window_reset', src/snn_top_hls.cpp:183) [58]  (0.000 ns)
	'call' operation ('call_ln172', src/snn_top_hls.cpp:172) to 'run_encoder_once_Pipeline_ENCODER_LOOP' [59]  (5.331 ns)

 <State 3>: 0.000ns
The critical path consists of the following:


============================================================
+ Verbose Summary: Binding
============================================================
N/A
* FSMD analyzer results:
  - Output states:
 - Input state : 
  - Chain level:
	State 1
	State 2
	State 3


============================================================
+ Verbose Summary: Datapath Resource usage 
============================================================
N/A
