

================================================================
== Vitis HLS Report for 'run_encoder_once'
================================================================
* Date:           Tue Feb 10 18:59:26 2026

* Version:        2025.2 (Build 6295257 on Nov 14 2025)
* Project:        hls_csim_output
* Solution:       hls (Vivado IP Flow Target)
* Product family: zynq
* Target device:  xc7z020-clg400-1


================================================================
== Performance Estimates
================================================================
+ Timing: 
    * Summary: 
    +--------+----------+----------+------------+
    |  Clock |  Target  | Estimated| Uncertainty|
    +--------+----------+----------+------------+
    |ap_clk  |  10.00 ns|  7.036 ns|     2.70 ns|
    +--------+----------+----------+------------+

+ Latency: 
    * Summary: 
    +---------+---------+-----------+-----------+-----+------+---------+
    |  Latency (cycles) |   Latency (absolute)  |  Interval  | Pipeline|
    |   min   |   max   |    min    |    max    | min |  max |   Type  |
    +---------+---------+-----------+-----------+-----+------+---------+
    |        1|     1576|  10.000 ns|  15.760 us|    1|  1576|       no|
    +---------+---------+-----------+-----------+-----+------+---------+

    + Detail: 
        * Instance: 
        +---------------------------------------------------+----------------------------------------+---------+---------+-----------+-----------+-----+-----+-------------------+
        |                                                   |                                        |  Latency (cycles) |   Latency (absolute)  |  Interval |      Pipeline     |
        |                      Instance                     |                 Module                 |   min   |   max   |    min    |    max    | min | max |        Type       |
        +---------------------------------------------------+----------------------------------------+---------+---------+-----------+-----------+-----+-----+-------------------+
        |grp_run_encoder_once_Pipeline_ENCODER_LOOP_fu_158  |run_encoder_once_Pipeline_ENCODER_LOOP  |     1574|     1574|  15.740 us|  15.740 us|    0|    0|  loop pipeline stp|
        +---------------------------------------------------+----------------------------------------+---------+---------+-----------+-----------+-----+-----+-------------------+

        * Loop: 
        N/A



================================================================
== Utilization Estimates
================================================================
* Summary: 
+-----------------+---------+-----+--------+-------+-----+
|       Name      | BRAM_18K| DSP |   FF   |  LUT  | URAM|
+-----------------+---------+-----+--------+-------+-----+
|DSP              |        -|    -|       -|      -|    -|
|Expression       |        -|    -|       0|    129|    -|
|FIFO             |        -|    -|       -|      -|    -|
|Instance         |        -|   12|    1044|   2496|    -|
|Memory           |        -|    -|       -|      -|    -|
|Multiplexer      |        -|    -|       0|     47|    -|
|Register         |        -|    -|      37|      -|    -|
+-----------------+---------+-----+--------+-------+-----+
|Total            |        0|   12|    1081|   2672|    0|
+-----------------+---------+-----+--------+-------+-----+
|Available        |      280|  220|  106400|  53200|    0|
+-----------------+---------+-----+--------+-------+-----+
|Utilization (%)  |        0|    5|       1|      5|    0|
+-----------------+---------+-----+--------+-------+-----+

+ Detail: 
    * Instance: 
    +---------------------------------------------------+----------------------------------------+---------+----+------+------+-----+
    |                      Instance                     |                 Module                 | BRAM_18K| DSP|  FF  |  LUT | URAM|
    +---------------------------------------------------+----------------------------------------+---------+----+------+------+-----+
    |grp_run_encoder_once_Pipeline_ENCODER_LOOP_fu_158  |run_encoder_once_Pipeline_ENCODER_LOOP  |        0|  12|  1044|  2496|    0|
    +---------------------------------------------------+----------------------------------------+---------+----+------+------+-----+
    |Total                                              |                                        |        0|  12|  1044|  2496|    0|
    +---------------------------------------------------+----------------------------------------+---------+----+------+------+-----+

    * DSP: 
    N/A

    * Memory: 
    N/A

    * FIFO: 
    N/A

    * Expression: 
    +---------------------------------+----------+----+---+----+------------+------------+
    |          Variable Name          | Operation| DSP| FF| LUT| Bitwidth P0| Bitwidth P1|
    +---------------------------------+----------+----+---+----+------------+------------+
    |add_ln186_fu_228_p2              |         +|   0|  0|  23|          16|           1|
    |and_ln182_fu_212_p2              |       and|   0|  0|   2|           1|           1|
    |ap_block_state3_on_subcall_done  |       and|   0|  0|   2|           1|           1|
    |ap_condition_340                 |       and|   0|  0|   2|           1|           1|
    |icmp_ln182_1_fu_206_p2           |      icmp|   0|  0|  23|          16|           1|
    |icmp_ln182_fu_200_p2             |      icmp|   0|  0|  13|           4|           2|
    |icmp_ln187_fu_234_p2             |      icmp|   0|  0|  23|          16|          16|
    |latency_window_reset_fu_222_p2   |      icmp|   0|  0|  23|          16|           1|
    |select_ln187_fu_246_p3           |    select|   0|  0|  16|           1|           1|
    |xor_ln187_fu_240_p2              |       xor|   0|  0|   2|           1|           2|
    +---------------------------------+----------+----+---+----+------------+------------+
    |Total                            |          |   0|  0| 129|          73|          27|
    +---------------------------------+----------+----+---+----+------------+------------+

    * Multiplexer: 
    +--------------------------------+----+-----------+-----+-----------+
    |              Name              | LUT| Input Size| Bits| Total Bits|
    +--------------------------------+----+-----------+-----+-----------+
    |ap_NS_fsm                       |  20|          4|    1|          4|
    |encoder_spike_counter_o         |   9|          2|   32|         64|
    |latency_window_counter_o        |   9|          2|   16|         32|
    |latency_window_reset_1_reg_146  |   9|          2|    1|          2|
    +--------------------------------+----+-----------+-----+-----------+
    |Total                           |  47|         10|   50|        102|
    +--------------------------------+----+-----------+-----+-----------+

    * Register: 
    +----------------------------------------------------------------+----+----+-----+-----------+
    |                              Name                              | FF | LUT| Bits| Const Bits|
    +----------------------------------------------------------------+----+----+-----+-----------+
    |ap_CS_fsm                                                       |   3|   0|    3|          0|
    |encoder_spike_counter_o_reg                                     |  32|   0|   32|          0|
    |grp_run_encoder_once_Pipeline_ENCODER_LOOP_fu_158_ap_start_reg  |   1|   0|    1|          0|
    |latency_window_reset_1_reg_146                                  |   1|   0|    1|          0|
    +----------------------------------------------------------------+----+----+-----+-----------+
    |Total                                                           |  37|   0|   37|          0|
    +----------------------------------------------------------------+----+----+-----+-----------+



================================================================
== Interface
================================================================
* Summary: 
+-----------------------------------------+-----+-----+------------+--------------------------------+--------------+
|                RTL Ports                | Dir | Bits|  Protocol  |          Source Object         |    C Type    |
+-----------------------------------------+-----+-----+------------+--------------------------------+--------------+
|ap_clk                                   |   in|    1|  ap_ctrl_hs|                run_encoder_once|  return value|
|ap_rst                                   |   in|    1|  ap_ctrl_hs|                run_encoder_once|  return value|
|ap_start                                 |   in|    1|  ap_ctrl_hs|                run_encoder_once|  return value|
|ap_done                                  |  out|    1|  ap_ctrl_hs|                run_encoder_once|  return value|
|ap_idle                                  |  out|    1|  ap_ctrl_hs|                run_encoder_once|  return value|
|ap_ready                                 |  out|    1|  ap_ctrl_hs|                run_encoder_once|  return value|
|config_encoding_type_val                 |   in|    4|     ap_none|        config_encoding_type_val|        scalar|
|config_two_neuron_enable_val             |   in|    1|     ap_none|    config_two_neuron_enable_val|        scalar|
|config_baseline_val                      |   in|    8|     ap_none|             config_baseline_val|        scalar|
|config_rate_scale_val                    |   in|   16|     ap_none|           config_rate_scale_val|        scalar|
|config_latency_window_val                |   in|   16|     ap_none|       config_latency_window_val|        scalar|
|config_delta_threshold_val               |   in|   16|     ap_none|      config_delta_threshold_val|        scalar|
|config_delta_decay_val                   |   in|   16|     ap_none|          config_delta_decay_val|        scalar|
|config_num_channels_val                  |   in|   16|     ap_none|         config_num_channels_val|        scalar|
|config_default_weight_val                |   in|    8|     ap_none|       config_default_weight_val|        scalar|
|time_r                                   |   in|   32|     ap_none|                          time_r|        scalar|
|encoder_spikes_din                       |  out|   41|     ap_fifo|                  encoder_spikes|       pointer|
|encoder_spikes_full_n                    |   in|    1|     ap_fifo|                  encoder_spikes|       pointer|
|encoder_spikes_write                     |  out|    1|     ap_fifo|                  encoder_spikes|       pointer|
|encoder_frame_loaded                     |   in|    1|     ap_none|            encoder_frame_loaded|       pointer|
|latency_window_counter_i                 |   in|   16|     ap_ovld|          latency_window_counter|       pointer|
|latency_window_counter_o                 |  out|   16|     ap_ovld|          latency_window_counter|       pointer|
|latency_window_counter_o_ap_vld          |  out|    1|     ap_ovld|          latency_window_counter|       pointer|
|p_ZL13encoder_frame_0_address0           |  out|    9|   ap_memory|           p_ZL13encoder_frame_0|         array|
|p_ZL13encoder_frame_0_ce0                |  out|    1|   ap_memory|           p_ZL13encoder_frame_0|         array|
|p_ZL13encoder_frame_0_q0                 |   in|    8|   ap_memory|           p_ZL13encoder_frame_0|         array|
|encoder_spike_counter_i                  |   in|   32|     ap_ovld|           encoder_spike_counter|       pointer|
|encoder_spike_counter_o                  |  out|   32|     ap_ovld|           encoder_spike_counter|       pointer|
|encoder_spike_counter_o_ap_vld           |  out|    1|     ap_ovld|           encoder_spike_counter|       pointer|
|p_ZL22encoder_temporal_fired_1_address0  |  out|    9|   ap_memory|  p_ZL22encoder_temporal_fired_1|         array|
|p_ZL22encoder_temporal_fired_1_ce0       |  out|    1|   ap_memory|  p_ZL22encoder_temporal_fired_1|         array|
|p_ZL22encoder_temporal_fired_1_q0        |   in|    1|   ap_memory|  p_ZL22encoder_temporal_fired_1|         array|
|p_ZL22encoder_temporal_fired_1_address1  |  out|    9|   ap_memory|  p_ZL22encoder_temporal_fired_1|         array|
|p_ZL22encoder_temporal_fired_1_ce1       |  out|    1|   ap_memory|  p_ZL22encoder_temporal_fired_1|         array|
|p_ZL22encoder_temporal_fired_1_we1       |  out|    1|   ap_memory|  p_ZL22encoder_temporal_fired_1|         array|
|p_ZL22encoder_temporal_fired_1_d1        |  out|    1|   ap_memory|  p_ZL22encoder_temporal_fired_1|         array|
|p_ZL22encoder_temporal_fired_1_q1        |   in|    1|   ap_memory|  p_ZL22encoder_temporal_fired_1|         array|
|p_ZL22encoder_temporal_fired_0_address0  |  out|    9|   ap_memory|  p_ZL22encoder_temporal_fired_0|         array|
|p_ZL22encoder_temporal_fired_0_ce0       |  out|    1|   ap_memory|  p_ZL22encoder_temporal_fired_0|         array|
|p_ZL22encoder_temporal_fired_0_q0        |   in|    1|   ap_memory|  p_ZL22encoder_temporal_fired_0|         array|
|p_ZL22encoder_temporal_fired_0_address1  |  out|    9|   ap_memory|  p_ZL22encoder_temporal_fired_0|         array|
|p_ZL22encoder_temporal_fired_0_ce1       |  out|    1|   ap_memory|  p_ZL22encoder_temporal_fired_0|         array|
|p_ZL22encoder_temporal_fired_0_we1       |  out|    1|   ap_memory|  p_ZL22encoder_temporal_fired_0|         array|
|p_ZL22encoder_temporal_fired_0_d1        |  out|    1|   ap_memory|  p_ZL22encoder_temporal_fired_0|         array|
|p_ZL22encoder_temporal_fired_0_q1        |   in|    1|   ap_memory|  p_ZL22encoder_temporal_fired_0|         array|
|p_ZL22encoder_temporal_start_0_address0  |  out|    9|   ap_memory|  p_ZL22encoder_temporal_start_0|         array|
|p_ZL22encoder_temporal_start_0_ce0       |  out|    1|   ap_memory|  p_ZL22encoder_temporal_start_0|         array|
|p_ZL22encoder_temporal_start_0_q0        |   in|   32|   ap_memory|  p_ZL22encoder_temporal_start_0|         array|
|p_ZL22encoder_temporal_start_0_address1  |  out|    9|   ap_memory|  p_ZL22encoder_temporal_start_0|         array|
|p_ZL22encoder_temporal_start_0_ce1       |  out|    1|   ap_memory|  p_ZL22encoder_temporal_start_0|         array|
|p_ZL22encoder_temporal_start_0_we1       |  out|    1|   ap_memory|  p_ZL22encoder_temporal_start_0|         array|
|p_ZL22encoder_temporal_start_0_d1        |  out|   32|   ap_memory|  p_ZL22encoder_temporal_start_0|         array|
|p_ZL22encoder_temporal_start_1_address0  |  out|    9|   ap_memory|  p_ZL22encoder_temporal_start_1|         array|
|p_ZL22encoder_temporal_start_1_ce0       |  out|    1|   ap_memory|  p_ZL22encoder_temporal_start_1|         array|
|p_ZL22encoder_temporal_start_1_q0        |   in|   32|   ap_memory|  p_ZL22encoder_temporal_start_1|         array|
|p_ZL22encoder_temporal_start_1_address1  |  out|    9|   ap_memory|  p_ZL22encoder_temporal_start_1|         array|
|p_ZL22encoder_temporal_start_1_ce1       |  out|    1|   ap_memory|  p_ZL22encoder_temporal_start_1|         array|
|p_ZL22encoder_temporal_start_1_we1       |  out|    1|   ap_memory|  p_ZL22encoder_temporal_start_1|         array|
|p_ZL22encoder_temporal_start_1_d1        |  out|   32|   ap_memory|  p_ZL22encoder_temporal_start_1|         array|
|p_ZL17encoder_phase_acc_1_address0       |  out|    9|   ap_memory|       p_ZL17encoder_phase_acc_1|         array|
|p_ZL17encoder_phase_acc_1_ce0            |  out|    1|   ap_memory|       p_ZL17encoder_phase_acc_1|         array|
|p_ZL17encoder_phase_acc_1_q0             |   in|   16|   ap_memory|       p_ZL17encoder_phase_acc_1|         array|
|p_ZL17encoder_phase_acc_1_address1       |  out|    9|   ap_memory|       p_ZL17encoder_phase_acc_1|         array|
|p_ZL17encoder_phase_acc_1_ce1            |  out|    1|   ap_memory|       p_ZL17encoder_phase_acc_1|         array|
|p_ZL17encoder_phase_acc_1_we1            |  out|    1|   ap_memory|       p_ZL17encoder_phase_acc_1|         array|
|p_ZL17encoder_phase_acc_1_d1             |  out|   16|   ap_memory|       p_ZL17encoder_phase_acc_1|         array|
|p_ZL17encoder_phase_acc_0_address0       |  out|    9|   ap_memory|       p_ZL17encoder_phase_acc_0|         array|
|p_ZL17encoder_phase_acc_0_ce0            |  out|    1|   ap_memory|       p_ZL17encoder_phase_acc_0|         array|
|p_ZL17encoder_phase_acc_0_q0             |   in|   16|   ap_memory|       p_ZL17encoder_phase_acc_0|         array|
|p_ZL17encoder_phase_acc_0_address1       |  out|    9|   ap_memory|       p_ZL17encoder_phase_acc_0|         array|
|p_ZL17encoder_phase_acc_0_ce1            |  out|    1|   ap_memory|       p_ZL17encoder_phase_acc_0|         array|
|p_ZL17encoder_phase_acc_0_we1            |  out|    1|   ap_memory|       p_ZL17encoder_phase_acc_0|         array|
|p_ZL17encoder_phase_acc_0_d1             |  out|   16|   ap_memory|       p_ZL17encoder_phase_acc_0|         array|
|p_ZL13encoder_frame_1_address0           |  out|    9|   ap_memory|           p_ZL13encoder_frame_1|         array|
|p_ZL13encoder_frame_1_ce0                |  out|    1|   ap_memory|           p_ZL13encoder_frame_1|         array|
|p_ZL13encoder_frame_1_q0                 |   in|    8|   ap_memory|           p_ZL13encoder_frame_1|         array|
+-----------------------------------------+-----+-----+------------+--------------------------------+--------------+

============================================================
+ Verbose Summary: Synthesis Manager
============================================================
InlineROM: 1
ExposeGlobal: 0
============================================================
+ Verbose Summary: CDFG Model
============================================================
IsTopModel: 0
ResetActiveHigh: 1
IsCombinational: 2
IsDatapathOnly: 2
HasWiredReturn: 1
HasMFsm: 0
HasVarLatency: 1
IsPipeline: 0
IsRtlPipelined: 0
IsInstanceOverlapped: 0
IsDontTouch: 0
HasImplIP: 0
IsGatedGlobalClock: 0


============================================================
+ Verbose Summary: Schedule
============================================================
* Number of FSM states : 3
* Pipeline : 0
* Dataflow Pipeline: 0

* FSM state transitions: 
1 --> 3 2 
2 --> 3 
3 --> 

* FSM state operations: 

State 1 <SV = 0> <Delay = 5.13>
ST_1 : Operation 4 [1/1] (0.00ns)   --->   "%specmemcore_ln0 = specmemcore void @_ssdm_op_SpecMemCore, i32 %p_ZL22encoder_temporal_start_0, i64 666, i64 22, i64 18446744073709551615, i1 0"   --->   Operation 4 'specmemcore' 'specmemcore_ln0' <Predicate = true> <Delay = 0.00>
ST_1 : Operation 5 [1/1] (0.00ns)   --->   "%specmemcore_ln0 = specmemcore void @_ssdm_op_SpecMemCore, i32 %p_ZL22encoder_temporal_start_1, i64 666, i64 22, i64 18446744073709551615, i1 0"   --->   Operation 5 'specmemcore' 'specmemcore_ln0' <Predicate = true> <Delay = 0.00>
ST_1 : Operation 6 [1/1] (0.00ns)   --->   "%specmemcore_ln0 = specmemcore void @_ssdm_op_SpecMemCore, i1 %p_ZL22encoder_temporal_fired_0, i64 666, i64 22, i64 18446744073709551615, i1 0"   --->   Operation 6 'specmemcore' 'specmemcore_ln0' <Predicate = true> <Delay = 0.00>
ST_1 : Operation 7 [1/1] (0.00ns)   --->   "%specmemcore_ln0 = specmemcore void @_ssdm_op_SpecMemCore, i1 %p_ZL22encoder_temporal_fired_1, i64 666, i64 22, i64 18446744073709551615, i1 0"   --->   Operation 7 'specmemcore' 'specmemcore_ln0' <Predicate = true> <Delay = 0.00>
ST_1 : Operation 8 [1/1] (0.00ns)   --->   "%specmemcore_ln0 = specmemcore void @_ssdm_op_SpecMemCore, i16 %p_ZL17encoder_phase_acc_0, i64 666, i64 22, i64 18446744073709551615, i1 0"   --->   Operation 8 'specmemcore' 'specmemcore_ln0' <Predicate = true> <Delay = 0.00>
ST_1 : Operation 9 [1/1] (0.00ns)   --->   "%specmemcore_ln0 = specmemcore void @_ssdm_op_SpecMemCore, i16 %p_ZL17encoder_phase_acc_1, i64 666, i64 22, i64 18446744073709551615, i1 0"   --->   Operation 9 'specmemcore' 'specmemcore_ln0' <Predicate = true> <Delay = 0.00>
ST_1 : Operation 10 [1/1] (0.00ns)   --->   "%specinterface_ln0 = specinterface void @_ssdm_op_SpecInterface, i41 %encoder_spikes, void @empty_35, i32 0, i32 0, void @empty_3, i32 0, i32 0, void @empty_3, void @empty_3, void @empty_3, i32 0, i32 0, i32 0, i32 0, void @empty_3, void @empty_3, i32 4294967295, i32 0, i32 0, i32 0"   --->   Operation 10 'specinterface' 'specinterface_ln0' <Predicate = true> <Delay = 0.00>
ST_1 : Operation 11 [1/1] (0.00ns)   --->   "%time_read = read i32 @_ssdm_op_Read.ap_auto.i32, i32 %time_r" [src/snn_top_hls.cpp:172]   --->   Operation 11 'read' 'time_read' <Predicate = true> <Delay = 0.00>
ST_1 : Operation 12 [1/1] (0.00ns)   --->   "%config_default_weight_val_read = read i8 @_ssdm_op_Read.ap_auto.i8, i8 %config_default_weight_val" [src/snn_top_hls.cpp:172]   --->   Operation 12 'read' 'config_default_weight_val_read' <Predicate = true> <Delay = 0.00>
ST_1 : Operation 13 [1/1] (0.00ns)   --->   "%config_num_channels_val_read = read i16 @_ssdm_op_Read.ap_auto.i16, i16 %config_num_channels_val" [src/snn_top_hls.cpp:172]   --->   Operation 13 'read' 'config_num_channels_val_read' <Predicate = true> <Delay = 0.00>
ST_1 : Operation 14 [1/1] (0.00ns)   --->   "%config_delta_decay_val_read = read i16 @_ssdm_op_Read.ap_auto.i16, i16 %config_delta_decay_val" [src/snn_top_hls.cpp:172]   --->   Operation 14 'read' 'config_delta_decay_val_read' <Predicate = true> <Delay = 0.00>
ST_1 : Operation 15 [1/1] (0.00ns)   --->   "%config_delta_threshold_val_read = read i16 @_ssdm_op_Read.ap_auto.i16, i16 %config_delta_threshold_val" [src/snn_top_hls.cpp:172]   --->   Operation 15 'read' 'config_delta_threshold_val_read' <Predicate = true> <Delay = 0.00>
ST_1 : Operation 16 [1/1] (0.00ns)   --->   "%config_latency_window_val_read = read i16 @_ssdm_op_Read.ap_auto.i16, i16 %config_latency_window_val" [src/snn_top_hls.cpp:172]   --->   Operation 16 'read' 'config_latency_window_val_read' <Predicate = true> <Delay = 0.00>
ST_1 : Operation 17 [1/1] (0.00ns)   --->   "%config_rate_scale_val_read = read i16 @_ssdm_op_Read.ap_auto.i16, i16 %config_rate_scale_val" [src/snn_top_hls.cpp:172]   --->   Operation 17 'read' 'config_rate_scale_val_read' <Predicate = true> <Delay = 0.00>
ST_1 : Operation 18 [1/1] (0.00ns)   --->   "%config_baseline_val_read = read i8 @_ssdm_op_Read.ap_auto.i8, i8 %config_baseline_val" [src/snn_top_hls.cpp:172]   --->   Operation 18 'read' 'config_baseline_val_read' <Predicate = true> <Delay = 0.00>
ST_1 : Operation 19 [1/1] (0.00ns)   --->   "%config_two_neuron_enable_val_read = read i1 @_ssdm_op_Read.ap_auto.i1, i1 %config_two_neuron_enable_val" [src/snn_top_hls.cpp:172]   --->   Operation 19 'read' 'config_two_neuron_enable_val_read' <Predicate = true> <Delay = 0.00>
ST_1 : Operation 20 [1/1] (0.00ns)   --->   "%config_encoding_type_val_read = read i4 @_ssdm_op_Read.ap_auto.i4, i4 %config_encoding_type_val" [src/snn_top_hls.cpp:172]   --->   Operation 20 'read' 'config_encoding_type_val_read' <Predicate = true> <Delay = 0.00>
ST_1 : Operation 21 [1/1] (0.00ns)   --->   "%encoder_frame_loaded_load = load i1 %encoder_frame_loaded" [src/snn_top_hls.cpp:177]   --->   Operation 21 'load' 'encoder_frame_loaded_load' <Predicate = true> <Delay = 0.00>
ST_1 : Operation 22 [1/1] (0.00ns)   --->   "%br_ln177 = br i1 %encoder_frame_loaded_load, void %return, void %if.end" [src/snn_top_hls.cpp:177]   --->   Operation 22 'br' 'br_ln177' <Predicate = true> <Delay = 0.00>
ST_1 : Operation 23 [1/1] (1.73ns)   --->   "%icmp_ln182 = icmp_eq  i4 %config_encoding_type_val_read, i4 2" [src/snn_top_hls.cpp:182]   --->   Operation 23 'icmp' 'icmp_ln182' <Predicate = (encoder_frame_loaded_load)> <Delay = 1.73> <CoreInst = "Cmp">   --->   Core 9 'Cmp' <Latency = 0> <II = 1> <Delay = 1.73> <FuncUnit> <Opcode : 'seteq' 'setne' 'setle' 'setge' 'setlt' 'setgt'> <InPorts = 2> <OutPorts = 1>
ST_1 : Operation 24 [1/1] (2.07ns)   --->   "%icmp_ln182_1 = icmp_ne  i16 %config_latency_window_val_read, i16 0" [src/snn_top_hls.cpp:182]   --->   Operation 24 'icmp' 'icmp_ln182_1' <Predicate = (encoder_frame_loaded_load)> <Delay = 2.07> <CoreInst = "Cmp">   --->   Core 9 'Cmp' <Latency = 0> <II = 1> <Delay = 2.07> <FuncUnit> <Opcode : 'seteq' 'setne' 'setle' 'setge' 'setlt' 'setgt'> <InPorts = 2> <OutPorts = 1>
ST_1 : Operation 25 [1/1] (0.97ns)   --->   "%and_ln182 = and i1 %icmp_ln182, i1 %icmp_ln182_1" [src/snn_top_hls.cpp:182]   --->   Operation 25 'and' 'and_ln182' <Predicate = (encoder_frame_loaded_load)> <Delay = 0.97> <CoreInst = "LogicGate">   --->   Core 74 'LogicGate' <Latency = 0> <II = 1> <Delay = 0.97> <FuncUnit> <Opcode : 'and' 'or' 'xor'> <InPorts = 2> <OutPorts = 1>
ST_1 : Operation 26 [1/1] (1.58ns)   --->   "%br_ln182 = br i1 %and_ln182, void %ENCODER_LOOP, void %if.then2" [src/snn_top_hls.cpp:182]   --->   Operation 26 'br' 'br_ln182' <Predicate = (encoder_frame_loaded_load)> <Delay = 1.58>
ST_1 : Operation 27 [1/1] (0.00ns)   --->   "%latency_window_counter_load = load i16 %latency_window_counter" [src/snn_top_hls.cpp:183]   --->   Operation 27 'load' 'latency_window_counter_load' <Predicate = (encoder_frame_loaded_load & and_ln182)> <Delay = 0.00>
ST_1 : Operation 28 [1/1] (2.07ns)   --->   "%latency_window_reset = icmp_eq  i16 %latency_window_counter_load, i16 0" [src/snn_top_hls.cpp:183]   --->   Operation 28 'icmp' 'latency_window_reset' <Predicate = (encoder_frame_loaded_load & and_ln182)> <Delay = 2.07> <CoreInst = "Cmp">   --->   Core 9 'Cmp' <Latency = 0> <II = 1> <Delay = 2.07> <FuncUnit> <Opcode : 'seteq' 'setne' 'setle' 'setge' 'setlt' 'setgt'> <InPorts = 2> <OutPorts = 1>
ST_1 : Operation 29 [1/1] (2.07ns)   --->   "%add_ln186 = add i16 %latency_window_counter_load, i16 1" [src/snn_top_hls.cpp:186]   --->   Operation 29 'add' 'add_ln186' <Predicate = (encoder_frame_loaded_load & and_ln182)> <Delay = 2.07> <CoreInst = "Adder">   --->   Core 1 'Adder' <Latency = 0> <II = 1> <Delay = 2.07> <FuncUnit> <Opcode : 'add' 'sub'> <InPorts = 2> <OutPorts = 1>
ST_1 : Operation 30 [1/1] (2.07ns)   --->   "%icmp_ln187 = icmp_ult  i16 %add_ln186, i16 %config_latency_window_val_read" [src/snn_top_hls.cpp:187]   --->   Operation 30 'icmp' 'icmp_ln187' <Predicate = (encoder_frame_loaded_load & and_ln182)> <Delay = 2.07> <CoreInst = "Cmp">   --->   Core 9 'Cmp' <Latency = 0> <II = 1> <Delay = 2.07> <FuncUnit> <Opcode : 'seteq' 'setne' 'setle' 'setge' 'setlt' 'setgt'> <InPorts = 2> <OutPorts = 1>
ST_1 : Operation 31 [1/1] (0.00ns) (grouped into LUT with out node select_ln187)   --->   "%xor_ln187 = xor i1 %icmp_ln187, i1 1" [src/snn_top_hls.cpp:187]   --->   Operation 31 'xor' 'xor_ln187' <Predicate = (encoder_frame_loaded_load & and_ln182)> <Delay = 0.00> <CoreInst = "LogicGate">   --->   Core 74 'LogicGate' <Latency = 0> <II = 1> <Delay = 0.97> <FuncUnit> <Opcode : 'and' 'or' 'xor'> <InPorts = 2> <OutPorts = 1>
ST_1 : Operation 32 [1/1] (0.97ns) (out node of the LUT)   --->   "%select_ln187 = select i1 %xor_ln187, i16 0, i16 %add_ln186" [src/snn_top_hls.cpp:187]   --->   Operation 32 'select' 'select_ln187' <Predicate = (encoder_frame_loaded_load & and_ln182)> <Delay = 0.97> <CoreInst = "Sel">   --->   Core 73 'Sel' <Latency = 0> <II = 1> <Delay = 0.80> <FuncUnit> <Opcode : 'select'> <InPorts = 3> <OutPorts = 1>
ST_1 : Operation 33 [1/1] (0.00ns)   --->   "%store_ln187 = store i16 %select_ln187, i16 %latency_window_counter" [src/snn_top_hls.cpp:187]   --->   Operation 33 'store' 'store_ln187' <Predicate = (encoder_frame_loaded_load & and_ln182)> <Delay = 0.00>
ST_1 : Operation 34 [1/1] (1.58ns)   --->   "%br_ln190 = br void %ENCODER_LOOP" [src/snn_top_hls.cpp:190]   --->   Operation 34 'br' 'br_ln190' <Predicate = (encoder_frame_loaded_load & and_ln182)> <Delay = 1.58>

State 2 <SV = 1> <Delay = 5.33>
ST_2 : Operation 35 [1/1] (0.00ns)   --->   "%latency_window_reset_1 = phi i1 %latency_window_reset, void %if.then2, i1 0, void %if.end"   --->   Operation 35 'phi' 'latency_window_reset_1' <Predicate = true> <Delay = 0.00>
ST_2 : Operation 36 [2/2] (5.33ns)   --->   "%call_ln172 = call void @run_encoder_once_Pipeline_ENCODER_LOOP, i32 %time_read, i16 %config_num_channels_val_read, i8 %config_baseline_val_read, i4 %config_encoding_type_val_read, i1 %config_two_neuron_enable_val_read, i16 %config_rate_scale_val_read, i41 %encoder_spikes, i8 %config_default_weight_val_read, i1 %latency_window_reset_1, i16 %config_latency_window_val_read, i16 %config_delta_decay_val_read, i16 %config_delta_threshold_val_read, i8 %p_ZL13encoder_frame_0, i16 %lfsr, i32 %encoder_spike_counter, i1 %p_ZL22encoder_temporal_fired_1, i1 %p_ZL22encoder_temporal_fired_0, i32 %p_ZL22encoder_temporal_start_0, i32 %p_ZL22encoder_temporal_start_1, i16 %p_ZL17encoder_phase_acc_1, i16 %p_ZL17encoder_phase_acc_0, i8 %p_ZL13encoder_frame_1" [src/snn_top_hls.cpp:172]   --->   Operation 36 'call' 'call_ln172' <Predicate = true> <Delay = 5.33> <CoreType = "Generic">   --->   Generic Core

State 3 <SV = 2> <Delay = 0.00>
ST_3 : Operation 37 [1/2] (0.00ns)   --->   "%call_ln172 = call void @run_encoder_once_Pipeline_ENCODER_LOOP, i32 %time_read, i16 %config_num_channels_val_read, i8 %config_baseline_val_read, i4 %config_encoding_type_val_read, i1 %config_two_neuron_enable_val_read, i16 %config_rate_scale_val_read, i41 %encoder_spikes, i8 %config_default_weight_val_read, i1 %latency_window_reset_1, i16 %config_latency_window_val_read, i16 %config_delta_decay_val_read, i16 %config_delta_threshold_val_read, i8 %p_ZL13encoder_frame_0, i16 %lfsr, i32 %encoder_spike_counter, i1 %p_ZL22encoder_temporal_fired_1, i1 %p_ZL22encoder_temporal_fired_0, i32 %p_ZL22encoder_temporal_start_0, i32 %p_ZL22encoder_temporal_start_1, i16 %p_ZL17encoder_phase_acc_1, i16 %p_ZL17encoder_phase_acc_0, i8 %p_ZL13encoder_frame_1" [src/snn_top_hls.cpp:172]   --->   Operation 37 'call' 'call_ln172' <Predicate = (encoder_frame_loaded_load)> <Delay = 0.00> <CoreType = "Generic">   --->   Generic Core
ST_3 : Operation 38 [1/1] (0.00ns)   --->   "%br_ln0 = br void %return"   --->   Operation 38 'br' 'br_ln0' <Predicate = (encoder_frame_loaded_load)> <Delay = 0.00>
ST_3 : Operation 39 [1/1] (0.00ns)   --->   "%ret_ln259 = ret" [src/snn_top_hls.cpp:259]   --->   Operation 39 'ret' 'ret_ln259' <Predicate = true> <Delay = 0.00>


============================================================
+ Verbose Summary: Binding
============================================================
STG Binding: 
---------------- STG Properties BEGIN ----------------
- Is combinational: 0
- Is one-state seq: 0
- Is datapath-only: 0
- Is pipelined: 0
- Is top level: 0
Port [ Return ] is wired: 1; IO mode=ap_ctrl_hs:ce=0
Port [ config_encoding_type_val]:  wired=1; compound=0; hidden=0; nouse=0; global=0; static=0; extern=0; dir=0; type=0; pingpong=0; private_global=0; IO mode=ap_none:ce=0
Port [ config_two_neuron_enable_val]:  wired=1; compound=0; hidden=0; nouse=0; global=0; static=0; extern=0; dir=0; type=0; pingpong=0; private_global=0; IO mode=ap_none:ce=0
Port [ config_baseline_val]:  wired=1; compound=0; hidden=0; nouse=0; global=0; static=0; extern=0; dir=0; type=0; pingpong=0; private_global=0; IO mode=ap_none:ce=0
Port [ config_rate_scale_val]:  wired=1; compound=0; hidden=0; nouse=0; global=0; static=0; extern=0; dir=0; type=0; pingpong=0; private_global=0; IO mode=ap_none:ce=0
Port [ config_latency_window_val]:  wired=1; compound=0; hidden=0; nouse=0; global=0; static=0; extern=0; dir=0; type=0; pingpong=0; private_global=0; IO mode=ap_none:ce=0
Port [ config_delta_threshold_val]:  wired=1; compound=0; hidden=0; nouse=0; global=0; static=0; extern=0; dir=0; type=0; pingpong=0; private_global=0; IO mode=ap_none:ce=0
Port [ config_delta_decay_val]:  wired=1; compound=0; hidden=0; nouse=0; global=0; static=0; extern=0; dir=0; type=0; pingpong=0; private_global=0; IO mode=ap_none:ce=0
Port [ config_num_channels_val]:  wired=1; compound=0; hidden=0; nouse=0; global=0; static=0; extern=0; dir=0; type=0; pingpong=0; private_global=0; IO mode=ap_none:ce=0
Port [ config_default_weight_val]:  wired=1; compound=0; hidden=0; nouse=0; global=0; static=0; extern=0; dir=0; type=0; pingpong=0; private_global=0; IO mode=ap_none:ce=0
Port [ time_r]:  wired=1; compound=0; hidden=0; nouse=0; global=0; static=0; extern=0; dir=0; type=0; pingpong=0; private_global=0; IO mode=ap_none:ce=0
Port [ encoder_spikes]:  wired=1; compound=1; hidden=0; nouse=0; global=0; static=0; extern=0; dir=1; type=3; pingpong=0; private_global=0; IO mode=ap_fifo:ce=0
Port [ encoder_frame_loaded]:  wired=1; compound=0; hidden=0; nouse=0; global=1; static=1; extern=0; dir=0; type=0; pingpong=0; private_global=0; IO mode=ap_none:ce=0
Port [ latency_window_counter]:  wired=1; compound=0; hidden=0; nouse=0; global=1; static=1; extern=0; dir=2; type=0; pingpong=0; private_global=0; IO mode=ap_ovld:ce=0
Port [ p_ZL13encoder_frame_0]:  wired=1; compound=1; hidden=0; nouse=0; global=1; static=1; extern=0; dir=0; type=1; pingpong=0; private_global=0; MemPort=[13]; IO mode=ap_memory:ce=0
Port [ lfsr]:  wired=0; compound=0; hidden=1; nouse=1; global=1; static=1; extern=0; dir=2; type=0; pingpong=0; private_global=0; IO mode=ap_ovld:ce=0
Port [ encoder_spike_counter]:  wired=1; compound=0; hidden=0; nouse=0; global=1; static=1; extern=0; dir=2; type=0; pingpong=0; private_global=0; IO mode=ap_ovld:ce=0
Port [ p_ZL22encoder_temporal_fired_1]:  wired=1; compound=1; hidden=0; nouse=0; global=1; static=1; extern=0; dir=2; type=1; pingpong=0; private_global=0; MemPort=[12]; IO mode=ap_memory:ce=0
Port [ p_ZL22encoder_temporal_fired_0]:  wired=1; compound=1; hidden=0; nouse=0; global=1; static=1; extern=0; dir=2; type=1; pingpong=0; private_global=0; MemPort=[12]; IO mode=ap_memory:ce=0
Port [ p_ZL22encoder_temporal_start_0]:  wired=1; compound=1; hidden=0; nouse=0; global=1; static=1; extern=0; dir=2; type=1; pingpong=0; private_global=0; MemPort=[10]; IO mode=ap_memory:ce=0
Port [ p_ZL22encoder_temporal_start_1]:  wired=1; compound=1; hidden=0; nouse=0; global=1; static=1; extern=0; dir=2; type=1; pingpong=0; private_global=0; MemPort=[10]; IO mode=ap_memory:ce=0
Port [ p_ZL17encoder_phase_acc_1]:  wired=1; compound=1; hidden=0; nouse=0; global=1; static=1; extern=0; dir=2; type=1; pingpong=0; private_global=0; MemPort=[10]; IO mode=ap_memory:ce=0
Port [ p_ZL17encoder_phase_acc_0]:  wired=1; compound=1; hidden=0; nouse=0; global=1; static=1; extern=0; dir=2; type=1; pingpong=0; private_global=0; MemPort=[10]; IO mode=ap_memory:ce=0
Port [ p_ZL13encoder_frame_1]:  wired=1; compound=1; hidden=0; nouse=0; global=1; static=1; extern=0; dir=0; type=1; pingpong=0; private_global=0; MemPort=[13]; IO mode=ap_memory:ce=0
---------------- STG Properties END ------------------

---------------- Datapath Model BEGIN ----------------

<LifeTime>
<method=bitvector/>
specmemcore_ln0                   (specmemcore  ) [ 0000]
specmemcore_ln0                   (specmemcore  ) [ 0000]
specmemcore_ln0                   (specmemcore  ) [ 0000]
specmemcore_ln0                   (specmemcore  ) [ 0000]
specmemcore_ln0                   (specmemcore  ) [ 0000]
specmemcore_ln0                   (specmemcore  ) [ 0000]
specinterface_ln0                 (specinterface) [ 0000]
time_read                         (read         ) [ 0011]
config_default_weight_val_read    (read         ) [ 0011]
config_num_channels_val_read      (read         ) [ 0011]
config_delta_decay_val_read       (read         ) [ 0011]
config_delta_threshold_val_read   (read         ) [ 0011]
config_latency_window_val_read    (read         ) [ 0011]
config_rate_scale_val_read        (read         ) [ 0011]
config_baseline_val_read          (read         ) [ 0011]
config_two_neuron_enable_val_read (read         ) [ 0011]
config_encoding_type_val_read     (read         ) [ 0011]
encoder_frame_loaded_load         (load         ) [ 0111]
br_ln177                          (br           ) [ 0000]
icmp_ln182                        (icmp         ) [ 0000]
icmp_ln182_1                      (icmp         ) [ 0000]
and_ln182                         (and          ) [ 0100]
br_ln182                          (br           ) [ 0110]
latency_window_counter_load       (load         ) [ 0000]
latency_window_reset              (icmp         ) [ 0110]
add_ln186                         (add          ) [ 0000]
icmp_ln187                        (icmp         ) [ 0000]
xor_ln187                         (xor          ) [ 0000]
select_ln187                      (select       ) [ 0000]
store_ln187                       (store        ) [ 0000]
br_ln190                          (br           ) [ 0110]
latency_window_reset_1            (phi          ) [ 0011]
call_ln172                        (call         ) [ 0000]
br_ln0                            (br           ) [ 0000]
ret_ln259                         (ret          ) [ 0000]
</LifeTime>

<model>

<comp_list>
<comp id="0" class="1000" name="config_encoding_type_val">
<pin_list>
<pin id="1" dir="1" index="0" bw="1" slack="0"/>
</pin_list>
<bind>
<StgValue><ssdm name="config_encoding_type_val"/></StgValue>
</bind>
</comp>

<comp id="2" class="1000" name="config_two_neuron_enable_val">
<pin_list>
<pin id="3" dir="1" index="0" bw="1" slack="0"/>
</pin_list>
<bind>
<StgValue><ssdm name="config_two_neuron_enable_val"/></StgValue>
</bind>
</comp>

<comp id="4" class="1000" name="config_baseline_val">
<pin_list>
<pin id="5" dir="1" index="0" bw="1" slack="0"/>
</pin_list>
<bind>
<StgValue><ssdm name="config_baseline_val"/></StgValue>
</bind>
</comp>

<comp id="6" class="1000" name="config_rate_scale_val">
<pin_list>
<pin id="7" dir="1" index="0" bw="1" slack="0"/>
</pin_list>
<bind>
<StgValue><ssdm name="config_rate_scale_val"/></StgValue>
</bind>
</comp>

<comp id="8" class="1000" name="config_latency_window_val">
<pin_list>
<pin id="9" dir="1" index="0" bw="1" slack="0"/>
</pin_list>
<bind>
<StgValue><ssdm name="config_latency_window_val"/></StgValue>
</bind>
</comp>

<comp id="10" class="1000" name="config_delta_threshold_val">
<pin_list>
<pin id="11" dir="1" index="0" bw="1" slack="0"/>
</pin_list>
<bind>
<StgValue><ssdm name="config_delta_threshold_val"/></StgValue>
</bind>
</comp>

<comp id="12" class="1000" name="config_delta_decay_val">
<pin_list>
<pin id="13" dir="1" index="0" bw="1" slack="0"/>
</pin_list>
<bind>
<StgValue><ssdm name="config_delta_decay_val"/></StgValue>
</bind>
</comp>

<comp id="14" class="1000" name="config_num_channels_val">
<pin_list>
<pin id="15" dir="1" index="0" bw="1" slack="0"/>
</pin_list>
<bind>
<StgValue><ssdm name="config_num_channels_val"/></StgValue>
</bind>
</comp>

<comp id="16" class="1000" name="config_default_weight_val">
<pin_list>
<pin id="17" dir="1" index="0" bw="1" slack="0"/>
</pin_list>
<bind>
<StgValue><ssdm name="config_default_weight_val"/></StgValue>
</bind>
</comp>

<comp id="18" class="1000" name="time_r">
<pin_list>
<pin id="19" dir="1" index="0" bw="1" slack="0"/>
</pin_list>
<bind>
<StgValue><ssdm name="time_r"/></StgValue>
</bind>
</comp>

<comp id="20" class="1000" name="encoder_spikes">
<pin_list>
<pin id="21" dir="1" index="0" bw="1" slack="0"/>
</pin_list>
<bind>
<StgValue><ssdm name="encoder_spikes"/></StgValue>
</bind>
</comp>

<comp id="22" class="1000" name="encoder_frame_loaded">
<pin_list>
<pin id="23" dir="1" index="0" bw="1" slack="0"/>
</pin_list>
<bind>
<StgValue><ssdm name="encoder_frame_loaded"/></StgValue>
</bind>
</comp>

<comp id="24" class="1000" name="latency_window_counter">
<pin_list>
<pin id="25" dir="1" index="0" bw="1" slack="0"/>
</pin_list>
<bind>
<StgValue><ssdm name="latency_window_counter"/></StgValue>
</bind>
</comp>

<comp id="26" class="1000" name="p_ZL13encoder_frame_0">
<pin_list>
<pin id="27" dir="1" index="0" bw="1" slack="0"/>
</pin_list>
<bind>
<StgValue><ssdm name="p_ZL13encoder_frame_0"/><MemPortTyVec>1 3 </MemPortTyVec>
</StgValue>
</bind>
</comp>

<comp id="28" class="1000" name="lfsr">
<pin_list>
<pin id="29" dir="1" index="0" bw="1" slack="0"/>
</pin_list>
<bind>
<StgValue><ssdm name="lfsr"/></StgValue>
</bind>
</comp>

<comp id="30" class="1000" name="encoder_spike_counter">
<pin_list>
<pin id="31" dir="1" index="0" bw="1" slack="0"/>
</pin_list>
<bind>
<StgValue><ssdm name="encoder_spike_counter"/></StgValue>
</bind>
</comp>

<comp id="32" class="1000" name="p_ZL22encoder_temporal_fired_1">
<pin_list>
<pin id="33" dir="1" index="0" bw="1" slack="0"/>
</pin_list>
<bind>
<StgValue><ssdm name="p_ZL22encoder_temporal_fired_1"/><MemPortTyVec>1 2 </MemPortTyVec>
</StgValue>
</bind>
</comp>

<comp id="34" class="1000" name="p_ZL22encoder_temporal_fired_0">
<pin_list>
<pin id="35" dir="1" index="0" bw="1" slack="0"/>
</pin_list>
<bind>
<StgValue><ssdm name="p_ZL22encoder_temporal_fired_0"/><MemPortTyVec>1 2 </MemPortTyVec>
</StgValue>
</bind>
</comp>

<comp id="36" class="1000" name="p_ZL22encoder_temporal_start_0">
<pin_list>
<pin id="37" dir="1" index="0" bw="1" slack="0"/>
</pin_list>
<bind>
<StgValue><ssdm name="p_ZL22encoder_temporal_start_0"/><MemPortTyVec>1 0 </MemPortTyVec>
</StgValue>
</bind>
</comp>

<comp id="38" class="1000" name="p_ZL22encoder_temporal_start_1">
<pin_list>
<pin id="39" dir="1" index="0" bw="1" slack="0"/>
</pin_list>
<bind>
<StgValue><ssdm name="p_ZL22encoder_temporal_start_1"/><MemPortTyVec>1 0 </MemPortTyVec>
</StgValue>
</bind>
</comp>

<comp id="40" class="1000" name="p_ZL17encoder_phase_acc_1">
<pin_list>
<pin id="41" dir="1" index="0" bw="1" slack="0"/>
</pin_list>
<bind>
<StgValue><ssdm name="p_ZL17encoder_phase_acc_1"/><MemPortTyVec>1 0 </MemPortTyVec>
</StgValue>
</bind>
</comp>

<comp id="42" class="1000" name="p_ZL17encoder_phase_acc_0">
<pin_list>
<pin id="43" dir="1" index="0" bw="1" slack="0"/>
</pin_list>
<bind>
<StgValue><ssdm name="p_ZL17encoder_phase_acc_0"/><MemPortTyVec>1 0 </MemPortTyVec>
</StgValue>
</bind>
</comp>

<comp id="44" class="1000" name="p_ZL13encoder_frame_1">
<pin_list>
<pin id="45" dir="1" index="0" bw="1" slack="0"/>
</pin_list>
<bind>
<StgValue><ssdm name="p_ZL13encoder_frame_1"/><MemPortTyVec>1 3 </MemPortTyVec>
</StgValue>
</bind>
</comp>

<comp id="46" class="1001" name="const_46">
<pin_list>
<pin id="47" dir="1" index="0" bw="1" slack="2147483647"/>
</pin_list>
<bind>
<StgValue><ssdm name="_ssdm_op_SpecMemCore"/></StgValue>
</bind>
</comp>

<comp id="48" class="1001" name="const_48">
<pin_list>
<pin id="49" dir="1" index="0" bw="1" slack="2147483647"/>
</pin_list>
<bind>
<StgValue><ssdm name=""/></StgValue>
</bind>
</comp>

<comp id="50" class="1001" name="const_50">
<pin_list>
<pin id="51" dir="1" index="0" bw="1" slack="2147483647"/>
</pin_list>
<bind>
<StgValue><ssdm name=""/></StgValue>
</bind>
</comp>

<comp id="52" class="1001" name="const_52">
<pin_list>
<pin id="53" dir="1" index="0" bw="1" slack="2147483647"/>
</pin_list>
<bind>
<StgValue><ssdm name=""/></StgValue>
</bind>
</comp>

<comp id="54" class="1001" name="const_54">
<pin_list>
<pin id="55" dir="1" index="0" bw="1" slack="1"/>
</pin_list>
<bind>
<StgValue><ssdm name=""/></StgValue>
</bind>
</comp>

<comp id="56" class="1001" name="const_56">
<pin_list>
<pin id="57" dir="1" index="0" bw="1" slack="2147483647"/>
</pin_list>
<bind>
<StgValue><ssdm name="_ssdm_op_SpecInterface"/></StgValue>
</bind>
</comp>

<comp id="58" class="1001" name="const_58">
<pin_list>
<pin id="59" dir="1" index="0" bw="1" slack="2147483647"/>
</pin_list>
<bind>
<StgValue><ssdm name="empty_35"/></StgValue>
</bind>
</comp>

<comp id="60" class="1001" name="const_60">
<pin_list>
<pin id="61" dir="1" index="0" bw="1" slack="2147483647"/>
</pin_list>
<bind>
<StgValue><ssdm name=""/></StgValue>
</bind>
</comp>

<comp id="62" class="1001" name="const_62">
<pin_list>
<pin id="63" dir="1" index="0" bw="1" slack="2147483647"/>
</pin_list>
<bind>
<StgValue><ssdm name="empty_3"/></StgValue>
</bind>
</comp>

<comp id="64" class="1001" name="const_64">
<pin_list>
<pin id="65" dir="1" index="0" bw="1" slack="2147483647"/>
</pin_list>
<bind>
<StgValue><ssdm name=""/></StgValue>
</bind>
</comp>

<comp id="66" class="1001" name="const_66">
<pin_list>
<pin id="67" dir="1" index="0" bw="1" slack="0"/>
</pin_list>
<bind>
<StgValue><ssdm name="_ssdm_op_Read.ap_auto.i32"/></StgValue>
</bind>
</comp>

<comp id="68" class="1001" name="const_68">
<pin_list>
<pin id="69" dir="1" index="0" bw="1" slack="0"/>
</pin_list>
<bind>
<StgValue><ssdm name="_ssdm_op_Read.ap_auto.i8"/></StgValue>
</bind>
</comp>

<comp id="70" class="1001" name="const_70">
<pin_list>
<pin id="71" dir="1" index="0" bw="1" slack="0"/>
</pin_list>
<bind>
<StgValue><ssdm name="_ssdm_op_Read.ap_auto.i16"/></StgValue>
</bind>
</comp>

<comp id="72" class="1001" name="const_72">
<pin_list>
<pin id="73" dir="1" index="0" bw="1" slack="0"/>
</pin_list>
<bind>
<StgValue><ssdm name="_ssdm_op_Read.ap_auto.i1"/></StgValue>
</bind>
</comp>

<comp id="74" class="1001" name="const_74">
<pin_list>
<pin id="75" dir="1" index="0" bw="1" slack="0"/>
</pin_list>
<bind>
<StgValue><ssdm name="_ssdm_op_Read.ap_auto.i4"/></StgValue>
</bind>
</comp>

<comp id="76" class="1001" name="const_76">
<pin_list>
<pin id="77" dir="1" index="0" bw="1" slack="0"/>
</pin_list>
<bind>
<StgValue><ssdm name=""/></StgValue>
</bind>
</comp>

<comp id="78" class="1001" name="const_78">
<pin_list>
<pin id="79" dir="1" index="0" bw="1" slack="0"/>
</pin_list>
<bind>
<StgValue><ssdm name=""/></StgValue>
</bind>
</comp>

<comp id="80" class="1001" name="const_80">
<pin_list>
<pin id="81" dir="1" index="0" bw="1" slack="0"/>
</pin_list>
<bind>
<StgValue><ssdm name=""/></StgValue>
</bind>
</comp>

<comp id="82" class="1001" name="const_82">
<pin_list>
<pin id="83" dir="1" index="0" bw="1" slack="0"/>
</pin_list>
<bind>
<StgValue><ssdm name=""/></StgValue>
</bind>
</comp>

<comp id="84" class="1001" name="const_84">
<pin_list>
<pin id="85" dir="1" index="0" bw="1" slack="0"/>
</pin_list>
<bind>
<StgValue><ssdm name="run_encoder_once_Pipeline_ENCODER_LOOP"/></StgValue>
</bind>
</comp>

<comp id="86" class="1004" name="time_read_read_fu_86">
<pin_list>
<pin id="87" dir="0" index="0" bw="32" slack="0"/>
<pin id="88" dir="0" index="1" bw="32" slack="0"/>
<pin id="89" dir="1" index="2" bw="32" slack="1"/>
</pin_list>
<bind>
<opcode="read(1150) " fcode="read"/>
<opset="time_read/1 "/>
</bind>
</comp>

<comp id="92" class="1004" name="config_default_weight_val_read_read_fu_92">
<pin_list>
<pin id="93" dir="0" index="0" bw="8" slack="0"/>
<pin id="94" dir="0" index="1" bw="8" slack="0"/>
<pin id="95" dir="1" index="2" bw="8" slack="1"/>
</pin_list>
<bind>
<opcode="read(1150) " fcode="read"/>
<opset="config_default_weight_val_read/1 "/>
</bind>
</comp>

<comp id="98" class="1004" name="config_num_channels_val_read_read_fu_98">
<pin_list>
<pin id="99" dir="0" index="0" bw="16" slack="0"/>
<pin id="100" dir="0" index="1" bw="16" slack="0"/>
<pin id="101" dir="1" index="2" bw="16" slack="1"/>
</pin_list>
<bind>
<opcode="read(1150) " fcode="read"/>
<opset="config_num_channels_val_read/1 "/>
</bind>
</comp>

<comp id="104" class="1004" name="config_delta_decay_val_read_read_fu_104">
<pin_list>
<pin id="105" dir="0" index="0" bw="16" slack="0"/>
<pin id="106" dir="0" index="1" bw="16" slack="0"/>
<pin id="107" dir="1" index="2" bw="16" slack="1"/>
</pin_list>
<bind>
<opcode="read(1150) " fcode="read"/>
<opset="config_delta_decay_val_read/1 "/>
</bind>
</comp>

<comp id="110" class="1004" name="config_delta_threshold_val_read_read_fu_110">
<pin_list>
<pin id="111" dir="0" index="0" bw="16" slack="0"/>
<pin id="112" dir="0" index="1" bw="16" slack="0"/>
<pin id="113" dir="1" index="2" bw="16" slack="1"/>
</pin_list>
<bind>
<opcode="read(1150) " fcode="read"/>
<opset="config_delta_threshold_val_read/1 "/>
</bind>
</comp>

<comp id="116" class="1004" name="config_latency_window_val_read_read_fu_116">
<pin_list>
<pin id="117" dir="0" index="0" bw="16" slack="0"/>
<pin id="118" dir="0" index="1" bw="16" slack="0"/>
<pin id="119" dir="1" index="2" bw="16" slack="0"/>
</pin_list>
<bind>
<opcode="read(1150) " fcode="read"/>
<opset="config_latency_window_val_read/1 "/>
</bind>
</comp>

<comp id="122" class="1004" name="config_rate_scale_val_read_read_fu_122">
<pin_list>
<pin id="123" dir="0" index="0" bw="16" slack="0"/>
<pin id="124" dir="0" index="1" bw="16" slack="0"/>
<pin id="125" dir="1" index="2" bw="16" slack="1"/>
</pin_list>
<bind>
<opcode="read(1150) " fcode="read"/>
<opset="config_rate_scale_val_read/1 "/>
</bind>
</comp>

<comp id="128" class="1004" name="config_baseline_val_read_read_fu_128">
<pin_list>
<pin id="129" dir="0" index="0" bw="8" slack="0"/>
<pin id="130" dir="0" index="1" bw="8" slack="0"/>
<pin id="131" dir="1" index="2" bw="8" slack="1"/>
</pin_list>
<bind>
<opcode="read(1150) " fcode="read"/>
<opset="config_baseline_val_read/1 "/>
</bind>
</comp>

<comp id="134" class="1004" name="config_two_neuron_enable_val_read_read_fu_134">
<pin_list>
<pin id="135" dir="0" index="0" bw="1" slack="0"/>
<pin id="136" dir="0" index="1" bw="1" slack="0"/>
<pin id="137" dir="1" index="2" bw="1" slack="1"/>
</pin_list>
<bind>
<opcode="read(1150) " fcode="read"/>
<opset="config_two_neuron_enable_val_read/1 "/>
</bind>
</comp>

<comp id="140" class="1004" name="config_encoding_type_val_read_read_fu_140">
<pin_list>
<pin id="141" dir="0" index="0" bw="4" slack="0"/>
<pin id="142" dir="0" index="1" bw="4" slack="0"/>
<pin id="143" dir="1" index="2" bw="4" slack="0"/>
</pin_list>
<bind>
<opcode="read(1150) " fcode="read"/>
<opset="config_encoding_type_val_read/1 "/>
</bind>
</comp>

<comp id="146" class="1005" name="latency_window_reset_1_reg_146">
<pin_list>
<pin id="147" dir="0" index="0" bw="1" slack="1"/>
<pin id="148" dir="1" index="1" bw="1" slack="1"/>
</pin_list>
<bind>
<opset="latency_window_reset_1 (phireg) "/>
</bind>
</comp>

<comp id="150" class="1004" name="latency_window_reset_1_phi_fu_150">
<pin_list>
<pin id="151" dir="0" index="0" bw="1" slack="1"/>
<pin id="152" dir="0" index="1" bw="0" slack="2147483647"/>
<pin id="153" dir="0" index="2" bw="1" slack="1"/>
<pin id="154" dir="0" index="3" bw="0" slack="2147483647"/>
<pin id="155" dir="1" index="4" bw="1" slack="0"/>
</pin_list>
<bind>
<opcode="phi(47) " fcode="phi"/>
<opset="latency_window_reset_1/2 "/>
</bind>
</comp>

<comp id="158" class="1004" name="grp_run_encoder_once_Pipeline_ENCODER_LOOP_fu_158">
<pin_list>
<pin id="159" dir="0" index="0" bw="0" slack="0"/>
<pin id="160" dir="0" index="1" bw="32" slack="1"/>
<pin id="161" dir="0" index="2" bw="16" slack="1"/>
<pin id="162" dir="0" index="3" bw="8" slack="1"/>
<pin id="163" dir="0" index="4" bw="4" slack="1"/>
<pin id="164" dir="0" index="5" bw="1" slack="1"/>
<pin id="165" dir="0" index="6" bw="16" slack="1"/>
<pin id="166" dir="0" index="7" bw="41" slack="0"/>
<pin id="167" dir="0" index="8" bw="8" slack="1"/>
<pin id="168" dir="0" index="9" bw="1" slack="0"/>
<pin id="169" dir="0" index="10" bw="16" slack="1"/>
<pin id="170" dir="0" index="11" bw="16" slack="1"/>
<pin id="171" dir="0" index="12" bw="16" slack="1"/>
<pin id="172" dir="0" index="13" bw="8" slack="0"/>
<pin id="173" dir="0" index="14" bw="16" slack="0"/>
<pin id="174" dir="0" index="15" bw="32" slack="0"/>
<pin id="175" dir="0" index="16" bw="1" slack="0"/>
<pin id="176" dir="0" index="17" bw="1" slack="0"/>
<pin id="177" dir="0" index="18" bw="32" slack="0"/>
<pin id="178" dir="0" index="19" bw="32" slack="0"/>
<pin id="179" dir="0" index="20" bw="16" slack="0"/>
<pin id="180" dir="0" index="21" bw="16" slack="0"/>
<pin id="181" dir="0" index="22" bw="8" slack="0"/>
<pin id="182" dir="1" index="23" bw="0" slack="2147483647"/>
</pin_list>
<bind>
<opcode="call(48) " fcode="call"/>
<opset="call_ln172/2 "/>
</bind>
</comp>

<comp id="196" class="1004" name="encoder_frame_loaded_load_load_fu_196">
<pin_list>
<pin id="197" dir="0" index="0" bw="1" slack="0"/>
<pin id="198" dir="1" index="1" bw="1" slack="2"/>
</pin_list>
<bind>
<opcode="load(27) " fcode="load"/>
<opset="encoder_frame_loaded_load/1 "/>
</bind>
</comp>

<comp id="200" class="1004" name="icmp_ln182_fu_200">
<pin_list>
<pin id="201" dir="0" index="0" bw="4" slack="0"/>
<pin id="202" dir="0" index="1" bw="4" slack="0"/>
<pin id="203" dir="1" index="2" bw="1" slack="0"/>
</pin_list>
<bind>
<opcode="icmp(45) " fcode="icmp"/>
<opset="icmp_ln182/1 "/>
</bind>
</comp>

<comp id="206" class="1004" name="icmp_ln182_1_fu_206">
<pin_list>
<pin id="207" dir="0" index="0" bw="16" slack="0"/>
<pin id="208" dir="0" index="1" bw="16" slack="0"/>
<pin id="209" dir="1" index="2" bw="1" slack="0"/>
</pin_list>
<bind>
<opcode="icmp(45) " fcode="icmp"/>
<opset="icmp_ln182_1/1 "/>
</bind>
</comp>

<comp id="212" class="1004" name="and_ln182_fu_212">
<pin_list>
<pin id="213" dir="0" index="0" bw="1" slack="0"/>
<pin id="214" dir="0" index="1" bw="1" slack="0"/>
<pin id="215" dir="1" index="2" bw="1" slack="2147483647"/>
</pin_list>
<bind>
<opcode="and(23) " fcode="and"/>
<opset="and_ln182/1 "/>
</bind>
</comp>

<comp id="218" class="1004" name="latency_window_counter_load_load_fu_218">
<pin_list>
<pin id="219" dir="0" index="0" bw="16" slack="0"/>
<pin id="220" dir="1" index="1" bw="16" slack="0"/>
</pin_list>
<bind>
<opcode="load(27) " fcode="load"/>
<opset="latency_window_counter_load/1 "/>
</bind>
</comp>

<comp id="222" class="1004" name="latency_window_reset_fu_222">
<pin_list>
<pin id="223" dir="0" index="0" bw="16" slack="0"/>
<pin id="224" dir="0" index="1" bw="16" slack="0"/>
<pin id="225" dir="1" index="2" bw="1" slack="1"/>
</pin_list>
<bind>
<opcode="icmp(45) " fcode="icmp"/>
<opset="latency_window_reset/1 "/>
</bind>
</comp>

<comp id="228" class="1004" name="add_ln186_fu_228">
<pin_list>
<pin id="229" dir="0" index="0" bw="16" slack="0"/>
<pin id="230" dir="0" index="1" bw="1" slack="0"/>
<pin id="231" dir="1" index="2" bw="16" slack="0"/>
</pin_list>
<bind>
<opcode="add(8) " fcode="add"/>
<opset="add_ln186/1 "/>
</bind>
</comp>

<comp id="234" class="1004" name="icmp_ln187_fu_234">
<pin_list>
<pin id="235" dir="0" index="0" bw="16" slack="0"/>
<pin id="236" dir="0" index="1" bw="16" slack="0"/>
<pin id="237" dir="1" index="2" bw="1" slack="0"/>
</pin_list>
<bind>
<opcode="icmp(45) " fcode="icmp"/>
<opset="icmp_ln187/1 "/>
</bind>
</comp>

<comp id="240" class="1004" name="xor_ln187_fu_240">
<pin_list>
<pin id="241" dir="0" index="0" bw="1" slack="0"/>
<pin id="242" dir="0" index="1" bw="1" slack="0"/>
<pin id="243" dir="1" index="2" bw="1" slack="0"/>
</pin_list>
<bind>
<opcode="xor(25) " fcode="xor"/>
<opset="xor_ln187/1 "/>
</bind>
</comp>

<comp id="246" class="1004" name="select_ln187_fu_246">
<pin_list>
<pin id="247" dir="0" index="0" bw="1" slack="0"/>
<pin id="248" dir="0" index="1" bw="16" slack="0"/>
<pin id="249" dir="0" index="2" bw="16" slack="0"/>
<pin id="250" dir="1" index="3" bw="16" slack="0"/>
</pin_list>
<bind>
<opcode="select(49) " fcode="select"/>
<opset="select_ln187/1 "/>
</bind>
</comp>

<comp id="254" class="1004" name="store_ln187_store_fu_254">
<pin_list>
<pin id="255" dir="0" index="0" bw="16" slack="0"/>
<pin id="256" dir="0" index="1" bw="16" slack="0"/>
<pin id="257" dir="1" index="2" bw="0" slack="2147483647"/>
</pin_list>
<bind>
<opcode="store(28) " fcode="store"/>
<opset="store_ln187/1 "/>
</bind>
</comp>

<comp id="260" class="1005" name="time_read_reg_260">
<pin_list>
<pin id="261" dir="0" index="0" bw="32" slack="1"/>
<pin id="262" dir="1" index="1" bw="32" slack="1"/>
</pin_list>
<bind>
<opset="time_read "/>
</bind>
</comp>

<comp id="265" class="1005" name="config_default_weight_val_read_reg_265">
<pin_list>
<pin id="266" dir="0" index="0" bw="8" slack="1"/>
<pin id="267" dir="1" index="1" bw="8" slack="1"/>
</pin_list>
<bind>
<opset="config_default_weight_val_read "/>
</bind>
</comp>

<comp id="270" class="1005" name="config_num_channels_val_read_reg_270">
<pin_list>
<pin id="271" dir="0" index="0" bw="16" slack="1"/>
<pin id="272" dir="1" index="1" bw="16" slack="1"/>
</pin_list>
<bind>
<opset="config_num_channels_val_read "/>
</bind>
</comp>

<comp id="275" class="1005" name="config_delta_decay_val_read_reg_275">
<pin_list>
<pin id="276" dir="0" index="0" bw="16" slack="1"/>
<pin id="277" dir="1" index="1" bw="16" slack="1"/>
</pin_list>
<bind>
<opset="config_delta_decay_val_read "/>
</bind>
</comp>

<comp id="280" class="1005" name="config_delta_threshold_val_read_reg_280">
<pin_list>
<pin id="281" dir="0" index="0" bw="16" slack="1"/>
<pin id="282" dir="1" index="1" bw="16" slack="1"/>
</pin_list>
<bind>
<opset="config_delta_threshold_val_read "/>
</bind>
</comp>

<comp id="285" class="1005" name="config_latency_window_val_read_reg_285">
<pin_list>
<pin id="286" dir="0" index="0" bw="16" slack="1"/>
<pin id="287" dir="1" index="1" bw="16" slack="1"/>
</pin_list>
<bind>
<opset="config_latency_window_val_read "/>
</bind>
</comp>

<comp id="290" class="1005" name="config_rate_scale_val_read_reg_290">
<pin_list>
<pin id="291" dir="0" index="0" bw="16" slack="1"/>
<pin id="292" dir="1" index="1" bw="16" slack="1"/>
</pin_list>
<bind>
<opset="config_rate_scale_val_read "/>
</bind>
</comp>

<comp id="295" class="1005" name="config_baseline_val_read_reg_295">
<pin_list>
<pin id="296" dir="0" index="0" bw="8" slack="1"/>
<pin id="297" dir="1" index="1" bw="8" slack="1"/>
</pin_list>
<bind>
<opset="config_baseline_val_read "/>
</bind>
</comp>

<comp id="300" class="1005" name="config_two_neuron_enable_val_read_reg_300">
<pin_list>
<pin id="301" dir="0" index="0" bw="1" slack="1"/>
<pin id="302" dir="1" index="1" bw="1" slack="1"/>
</pin_list>
<bind>
<opset="config_two_neuron_enable_val_read "/>
</bind>
</comp>

<comp id="305" class="1005" name="config_encoding_type_val_read_reg_305">
<pin_list>
<pin id="306" dir="0" index="0" bw="4" slack="1"/>
<pin id="307" dir="1" index="1" bw="4" slack="1"/>
</pin_list>
<bind>
<opset="config_encoding_type_val_read "/>
</bind>
</comp>

<comp id="310" class="1005" name="encoder_frame_loaded_load_reg_310">
<pin_list>
<pin id="311" dir="0" index="0" bw="1" slack="2"/>
<pin id="312" dir="1" index="1" bw="1" slack="2147483647"/>
</pin_list>
<bind>
<opset="encoder_frame_loaded_load "/>
</bind>
</comp>

<comp id="317" class="1005" name="latency_window_reset_reg_317">
<pin_list>
<pin id="318" dir="0" index="0" bw="1" slack="1"/>
<pin id="319" dir="1" index="1" bw="1" slack="1"/>
</pin_list>
<bind>
<opset="latency_window_reset "/>
</bind>
</comp>

</comp_list>

<net_list>
<net id="90"><net_src comp="66" pin="0"/><net_sink comp="86" pin=0"/></net>

<net id="91"><net_src comp="18" pin="0"/><net_sink comp="86" pin=1"/></net>

<net id="96"><net_src comp="68" pin="0"/><net_sink comp="92" pin=0"/></net>

<net id="97"><net_src comp="16" pin="0"/><net_sink comp="92" pin=1"/></net>

<net id="102"><net_src comp="70" pin="0"/><net_sink comp="98" pin=0"/></net>

<net id="103"><net_src comp="14" pin="0"/><net_sink comp="98" pin=1"/></net>

<net id="108"><net_src comp="70" pin="0"/><net_sink comp="104" pin=0"/></net>

<net id="109"><net_src comp="12" pin="0"/><net_sink comp="104" pin=1"/></net>

<net id="114"><net_src comp="70" pin="0"/><net_sink comp="110" pin=0"/></net>

<net id="115"><net_src comp="10" pin="0"/><net_sink comp="110" pin=1"/></net>

<net id="120"><net_src comp="70" pin="0"/><net_sink comp="116" pin=0"/></net>

<net id="121"><net_src comp="8" pin="0"/><net_sink comp="116" pin=1"/></net>

<net id="126"><net_src comp="70" pin="0"/><net_sink comp="122" pin=0"/></net>

<net id="127"><net_src comp="6" pin="0"/><net_sink comp="122" pin=1"/></net>

<net id="132"><net_src comp="68" pin="0"/><net_sink comp="128" pin=0"/></net>

<net id="133"><net_src comp="4" pin="0"/><net_sink comp="128" pin=1"/></net>

<net id="138"><net_src comp="72" pin="0"/><net_sink comp="134" pin=0"/></net>

<net id="139"><net_src comp="2" pin="0"/><net_sink comp="134" pin=1"/></net>

<net id="144"><net_src comp="74" pin="0"/><net_sink comp="140" pin=0"/></net>

<net id="145"><net_src comp="0" pin="0"/><net_sink comp="140" pin=1"/></net>

<net id="149"><net_src comp="54" pin="0"/><net_sink comp="146" pin=0"/></net>

<net id="156"><net_src comp="146" pin="1"/><net_sink comp="150" pin=2"/></net>

<net id="157"><net_src comp="150" pin="4"/><net_sink comp="146" pin=0"/></net>

<net id="183"><net_src comp="84" pin="0"/><net_sink comp="158" pin=0"/></net>

<net id="184"><net_src comp="20" pin="0"/><net_sink comp="158" pin=7"/></net>

<net id="185"><net_src comp="150" pin="4"/><net_sink comp="158" pin=9"/></net>

<net id="186"><net_src comp="26" pin="0"/><net_sink comp="158" pin=13"/></net>

<net id="187"><net_src comp="28" pin="0"/><net_sink comp="158" pin=14"/></net>

<net id="188"><net_src comp="30" pin="0"/><net_sink comp="158" pin=15"/></net>

<net id="189"><net_src comp="32" pin="0"/><net_sink comp="158" pin=16"/></net>

<net id="190"><net_src comp="34" pin="0"/><net_sink comp="158" pin=17"/></net>

<net id="191"><net_src comp="36" pin="0"/><net_sink comp="158" pin=18"/></net>

<net id="192"><net_src comp="38" pin="0"/><net_sink comp="158" pin=19"/></net>

<net id="193"><net_src comp="40" pin="0"/><net_sink comp="158" pin=20"/></net>

<net id="194"><net_src comp="42" pin="0"/><net_sink comp="158" pin=21"/></net>

<net id="195"><net_src comp="44" pin="0"/><net_sink comp="158" pin=22"/></net>

<net id="199"><net_src comp="22" pin="0"/><net_sink comp="196" pin=0"/></net>

<net id="204"><net_src comp="140" pin="2"/><net_sink comp="200" pin=0"/></net>

<net id="205"><net_src comp="76" pin="0"/><net_sink comp="200" pin=1"/></net>

<net id="210"><net_src comp="116" pin="2"/><net_sink comp="206" pin=0"/></net>

<net id="211"><net_src comp="78" pin="0"/><net_sink comp="206" pin=1"/></net>

<net id="216"><net_src comp="200" pin="2"/><net_sink comp="212" pin=0"/></net>

<net id="217"><net_src comp="206" pin="2"/><net_sink comp="212" pin=1"/></net>

<net id="221"><net_src comp="24" pin="0"/><net_sink comp="218" pin=0"/></net>

<net id="226"><net_src comp="218" pin="1"/><net_sink comp="222" pin=0"/></net>

<net id="227"><net_src comp="78" pin="0"/><net_sink comp="222" pin=1"/></net>

<net id="232"><net_src comp="218" pin="1"/><net_sink comp="228" pin=0"/></net>

<net id="233"><net_src comp="80" pin="0"/><net_sink comp="228" pin=1"/></net>

<net id="238"><net_src comp="228" pin="2"/><net_sink comp="234" pin=0"/></net>

<net id="239"><net_src comp="116" pin="2"/><net_sink comp="234" pin=1"/></net>

<net id="244"><net_src comp="234" pin="2"/><net_sink comp="240" pin=0"/></net>

<net id="245"><net_src comp="82" pin="0"/><net_sink comp="240" pin=1"/></net>

<net id="251"><net_src comp="240" pin="2"/><net_sink comp="246" pin=0"/></net>

<net id="252"><net_src comp="78" pin="0"/><net_sink comp="246" pin=1"/></net>

<net id="253"><net_src comp="228" pin="2"/><net_sink comp="246" pin=2"/></net>

<net id="258"><net_src comp="246" pin="3"/><net_sink comp="254" pin=0"/></net>

<net id="259"><net_src comp="24" pin="0"/><net_sink comp="254" pin=1"/></net>

<net id="263"><net_src comp="86" pin="2"/><net_sink comp="260" pin=0"/></net>

<net id="264"><net_src comp="260" pin="1"/><net_sink comp="158" pin=1"/></net>

<net id="268"><net_src comp="92" pin="2"/><net_sink comp="265" pin=0"/></net>

<net id="269"><net_src comp="265" pin="1"/><net_sink comp="158" pin=8"/></net>

<net id="273"><net_src comp="98" pin="2"/><net_sink comp="270" pin=0"/></net>

<net id="274"><net_src comp="270" pin="1"/><net_sink comp="158" pin=2"/></net>

<net id="278"><net_src comp="104" pin="2"/><net_sink comp="275" pin=0"/></net>

<net id="279"><net_src comp="275" pin="1"/><net_sink comp="158" pin=11"/></net>

<net id="283"><net_src comp="110" pin="2"/><net_sink comp="280" pin=0"/></net>

<net id="284"><net_src comp="280" pin="1"/><net_sink comp="158" pin=12"/></net>

<net id="288"><net_src comp="116" pin="2"/><net_sink comp="285" pin=0"/></net>

<net id="289"><net_src comp="285" pin="1"/><net_sink comp="158" pin=10"/></net>

<net id="293"><net_src comp="122" pin="2"/><net_sink comp="290" pin=0"/></net>

<net id="294"><net_src comp="290" pin="1"/><net_sink comp="158" pin=6"/></net>

<net id="298"><net_src comp="128" pin="2"/><net_sink comp="295" pin=0"/></net>

<net id="299"><net_src comp="295" pin="1"/><net_sink comp="158" pin=3"/></net>

<net id="303"><net_src comp="134" pin="2"/><net_sink comp="300" pin=0"/></net>

<net id="304"><net_src comp="300" pin="1"/><net_sink comp="158" pin=5"/></net>

<net id="308"><net_src comp="140" pin="2"/><net_sink comp="305" pin=0"/></net>

<net id="309"><net_src comp="305" pin="1"/><net_sink comp="158" pin=4"/></net>

<net id="313"><net_src comp="196" pin="1"/><net_sink comp="310" pin=0"/></net>

<net id="320"><net_src comp="222" pin="2"/><net_sink comp="317" pin=0"/></net>

<net id="321"><net_src comp="317" pin="1"/><net_sink comp="150" pin=0"/></net>

</net_list>

</model> 
---------------- Datapath Model END ------------------

* FSMD analyzer results:
  - Output states:
	Port: encoder_spikes | {2 3 }
	Port: encoder_frame_loaded | {}
	Port: latency_window_counter | {1 }
	Port: p_ZL13encoder_frame_0 | {}
	Port: lfsr | {2 3 }
	Port: encoder_spike_counter | {2 3 }
	Port: p_ZL22encoder_temporal_fired_1 | {2 3 }
	Port: p_ZL22encoder_temporal_fired_0 | {2 3 }
	Port: p_ZL22encoder_temporal_start_0 | {2 3 }
	Port: p_ZL22encoder_temporal_start_1 | {2 3 }
	Port: p_ZL17encoder_phase_acc_1 | {2 3 }
	Port: p_ZL17encoder_phase_acc_0 | {2 3 }
	Port: p_ZL13encoder_frame_1 | {}
 - Input state : 
	Port: run_encoder_once : config_encoding_type_val | {1 }
	Port: run_encoder_once : config_two_neuron_enable_val | {1 }
	Port: run_encoder_once : config_baseline_val | {1 }
	Port: run_encoder_once : config_rate_scale_val | {1 }
	Port: run_encoder_once : config_latency_window_val | {1 }
	Port: run_encoder_once : config_delta_threshold_val | {1 }
	Port: run_encoder_once : config_delta_decay_val | {1 }
	Port: run_encoder_once : config_num_channels_val | {1 }
	Port: run_encoder_once : config_default_weight_val | {1 }
	Port: run_encoder_once : time_r | {1 }
	Port: run_encoder_once : encoder_frame_loaded | {1 }
	Port: run_encoder_once : latency_window_counter | {1 }
	Port: run_encoder_once : p_ZL13encoder_frame_0 | {2 3 }
	Port: run_encoder_once : lfsr | {2 3 }
	Port: run_encoder_once : encoder_spike_counter | {2 3 }
	Port: run_encoder_once : p_ZL22encoder_temporal_fired_1 | {2 3 }
	Port: run_encoder_once : p_ZL22encoder_temporal_fired_0 | {2 3 }
	Port: run_encoder_once : p_ZL22encoder_temporal_start_0 | {2 3 }
	Port: run_encoder_once : p_ZL22encoder_temporal_start_1 | {2 3 }
	Port: run_encoder_once : p_ZL17encoder_phase_acc_1 | {2 3 }
	Port: run_encoder_once : p_ZL17encoder_phase_acc_0 | {2 3 }
	Port: run_encoder_once : p_ZL13encoder_frame_1 | {2 3 }
  - Chain level:
	State 1
		br_ln177 : 1
		and_ln182 : 1
		br_ln182 : 1
		latency_window_reset : 1
		add_ln186 : 1
		icmp_ln187 : 2
		xor_ln187 : 3
		select_ln187 : 3
		store_ln187 : 4
	State 2
		call_ln172 : 1
	State 3


============================================================
+ Verbose Summary: Datapath Resource usage 
============================================================

* Functional unit list:
|----------|---------------------------------------------------|---------|---------|---------|---------|
| Operation|                  Functional Unit                  |   DSP   |  Delay  |    FF   |   LUT   |
|----------|---------------------------------------------------|---------|---------|---------|---------|
|   call   | grp_run_encoder_once_Pipeline_ENCODER_LOOP_fu_158 |    12   | 38.8962 |   1272  |   2232  |
|----------|---------------------------------------------------|---------|---------|---------|---------|
|          |                 icmp_ln182_fu_200                 |    0    |    0    |    0    |    13   |
|   icmp   |                icmp_ln182_1_fu_206                |    0    |    0    |    0    |    23   |
|          |            latency_window_reset_fu_222            |    0    |    0    |    0    |    23   |
|          |                 icmp_ln187_fu_234                 |    0    |    0    |    0    |    23   |
|----------|---------------------------------------------------|---------|---------|---------|---------|
|    add   |                  add_ln186_fu_228                 |    0    |    0    |    0    |    23   |
|----------|---------------------------------------------------|---------|---------|---------|---------|
|  select  |                select_ln187_fu_246                |    0    |    0    |    0    |    16   |
|----------|---------------------------------------------------|---------|---------|---------|---------|
|    and   |                  and_ln182_fu_212                 |    0    |    0    |    0    |    2    |
|----------|---------------------------------------------------|---------|---------|---------|---------|
|    xor   |                  xor_ln187_fu_240                 |    0    |    0    |    0    |    2    |
|----------|---------------------------------------------------|---------|---------|---------|---------|
|          |                time_read_read_fu_86               |    0    |    0    |    0    |    0    |
|          |     config_default_weight_val_read_read_fu_92     |    0    |    0    |    0    |    0    |
|          |      config_num_channels_val_read_read_fu_98      |    0    |    0    |    0    |    0    |
|          |      config_delta_decay_val_read_read_fu_104      |    0    |    0    |    0    |    0    |
|   read   |    config_delta_threshold_val_read_read_fu_110    |    0    |    0    |    0    |    0    |
|          |     config_latency_window_val_read_read_fu_116    |    0    |    0    |    0    |    0    |
|          |       config_rate_scale_val_read_read_fu_122      |    0    |    0    |    0    |    0    |
|          |        config_baseline_val_read_read_fu_128       |    0    |    0    |    0    |    0    |
|          |   config_two_neuron_enable_val_read_read_fu_134   |    0    |    0    |    0    |    0    |
|          |     config_encoding_type_val_read_read_fu_140     |    0    |    0    |    0    |    0    |
|----------|---------------------------------------------------|---------|---------|---------|---------|
|   Total  |                                                   |    12   | 38.8962 |   1272  |   2357  |
|----------|---------------------------------------------------|---------|---------|---------|---------|

Memories:
N/A

* Register list:
+-----------------------------------------+--------+
|                                         |   FF   |
+-----------------------------------------+--------+
|     config_baseline_val_read_reg_295    |    8   |
|  config_default_weight_val_read_reg_265 |    8   |
|   config_delta_decay_val_read_reg_275   |   16   |
| config_delta_threshold_val_read_reg_280 |   16   |
|  config_encoding_type_val_read_reg_305  |    4   |
|  config_latency_window_val_read_reg_285 |   16   |
|   config_num_channels_val_read_reg_270  |   16   |
|    config_rate_scale_val_read_reg_290   |   16   |
|config_two_neuron_enable_val_read_reg_300|    1   |
|    encoder_frame_loaded_load_reg_310    |    1   |
|      latency_window_reset_1_reg_146     |    1   |
|       latency_window_reset_reg_317      |    1   |
|            time_read_reg_260            |   32   |
+-----------------------------------------+--------+
|                  Total                  |   136  |
+-----------------------------------------+--------+

* Multiplexer (MUX) list: 
|--------------------------------|------|------|------|--------||---------||---------||---------|
|              Comp              |  Pin | Size |  BW  | S x BW ||  Delay  ||    FF   ||   LUT   |
|--------------------------------|------|------|------|--------||---------||---------||---------|
| latency_window_reset_1_reg_146 |  p0  |   2  |   1  |    2   ||    0    ||    9    |
|--------------------------------|------|------|------|--------||---------||---------||---------|
|              Total             |      |      |      |    2   ||  1.588  ||    0    ||    9    |
|--------------------------------|------|------|------|--------||---------||---------||---------|



* Summary:
+-----------+--------+--------+--------+--------+
|           |   DSP  |  Delay |   FF   |   LUT  |
+-----------+--------+--------+--------+--------+
|  Function |   12   |   38   |  1272  |  2357  |
|   Memory  |    -   |    -   |    -   |    -   |
|Multiplexer|    -   |    1   |    0   |    9   |
|  Register |    -   |    -   |   136  |    -   |
+-----------+--------+--------+--------+--------+
|   Total   |   12   |   40   |  1408  |  2366  |
+-----------+--------+--------+--------+--------+
