

================================================================
== Vitis HLS Report for 'snn_top_hls_Pipeline_RESET_ELIG'
================================================================
* Date:           Tue Feb 10 18:59:24 2026

* Version:        2025.2 (Build 6295257 on Nov 14 2025)
* Project:        hls_csim_output
* Solution:       hls (Vivado IP Flow Target)
* Product family: zynq
* Target device:  xc7z020-clg400-1


================================================================
== Performance Estimates
================================================================
+ Timing: 
    * Summary: 
    +--------+----------+----------+------------+
    |  Clock |  Target  | Estimated| Uncertainty|
    +--------+----------+----------+------------+
    |ap_clk  |  10.00 ns|  6.665 ns|     2.70 ns|
    +--------+----------+----------+------------+

+ Latency: 
    * Summary: 
    +---------+---------+----------+----------+-----+-----+-------------------+
    |  Latency (cycles) |  Latency (absolute) |  Interval |      Pipeline     |
    |   min   |   max   |    min   |    max   | min | max |        Type       |
    +---------+---------+----------+----------+-----+-----+-------------------+
    |      258|      258|  2.580 us|  2.580 us|    0|    0|  loop pipeline stp|
    +---------+---------+----------+----------+-----+-----+-------------------+

    + Detail: 
        * Instance: 
        N/A

        * Loop: 
        +--------------+---------+---------+----------+-----------+-----------+------+----------+
        |              |  Latency (cycles) | Iteration|  Initiation Interval  | Trip |          |
        |   Loop Name  |   min   |   max   |  Latency |  achieved |   target  | Count| Pipelined|
        +--------------+---------+---------+----------+-----------+-----------+------+----------+
        |- RESET_ELIG  |      256|      256|         1|          1|          1|   256|       yes|
        +--------------+---------+---------+----------+-----------+-----------+------+----------+

============================================================
+ Verbose Summary: Synthesis Manager
============================================================
InlineROM: 1
ExposeGlobal: 0
============================================================
+ Verbose Summary: CDFG Model
============================================================
IsTopModel: 0
ResetActiveHigh: 1
IsCombinational: 0
IsDatapathOnly: 0
HasWiredReturn: 1
HasMFsm: 2
HasVarLatency: 1
IsPipeline: 0
IsRtlPipelined: 0
IsInstanceOverlapped: 0
IsDontTouch: 0
HasImplIP: 0
IsGatedGlobalClock: 0

+ Individual pipeline summary: 
  * Pipeline-0: initiation interval (II) = 1, depth = 1


============================================================
+ Verbose Summary: Schedule
============================================================
* Number of FSM states : 1
* Pipeline : 1
  Pipeline-0 : II = 1, D = 1, States = { 1 }
* Dataflow Pipeline: 0

* FSM state transitions: 
1 --> 

* FSM state operations: 

State 1 <SV = 0> <Delay = 6.66>
ST_1 : Operation 4 [1/1] (0.00ns)   --->   "%i = alloca i32 1" [src/snn_top_hls.cpp:723]   --->   Operation 4 'alloca' 'i' <Predicate = true> <Delay = 0.00>
ST_1 : Operation 5 [1/1] (0.00ns)   --->   "%specmemcore_ln0 = specmemcore void @_ssdm_op_SpecMemCore, i8 %p_ZL16post_eligibility_0, i64 666, i64 22, i64 18446744073709551615, i1 0"   --->   Operation 5 'specmemcore' 'specmemcore_ln0' <Predicate = true> <Delay = 0.00>
ST_1 : Operation 6 [1/1] (0.00ns)   --->   "%specmemcore_ln0 = specmemcore void @_ssdm_op_SpecMemCore, i8 %p_ZL16post_eligibility_1, i64 666, i64 22, i64 18446744073709551615, i1 0"   --->   Operation 6 'specmemcore' 'specmemcore_ln0' <Predicate = true> <Delay = 0.00>
ST_1 : Operation 7 [1/1] (0.00ns)   --->   "%specmemcore_ln0 = specmemcore void @_ssdm_op_SpecMemCore, i8 %p_ZL15pre_eligibility_0, i64 666, i64 22, i64 18446744073709551615, i1 0"   --->   Operation 7 'specmemcore' 'specmemcore_ln0' <Predicate = true> <Delay = 0.00>
ST_1 : Operation 8 [1/1] (0.00ns)   --->   "%specmemcore_ln0 = specmemcore void @_ssdm_op_SpecMemCore, i8 %p_ZL15pre_eligibility_1, i64 666, i64 22, i64 18446744073709551615, i1 0"   --->   Operation 8 'specmemcore' 'specmemcore_ln0' <Predicate = true> <Delay = 0.00>
ST_1 : Operation 9 [1/1] (1.58ns)   --->   "%store_ln723 = store i9 0, i9 %i" [src/snn_top_hls.cpp:723]   --->   Operation 9 'store' 'store_ln723' <Predicate = true> <Delay = 1.58>
ST_1 : Operation 10 [1/1] (0.00ns)   --->   "%br_ln0 = br void %for.inc"   --->   Operation 10 'br' 'br_ln0' <Predicate = true> <Delay = 0.00>
ST_1 : Operation 11 [1/1] (0.00ns)   --->   "%i_3 = load i9 %i" [src/snn_top_hls.cpp:723]   --->   Operation 11 'load' 'i_3' <Predicate = true> <Delay = 0.00>
ST_1 : Operation 12 [1/1] (1.82ns)   --->   "%icmp_ln723 = icmp_eq  i9 %i_3, i9 256" [src/snn_top_hls.cpp:723]   --->   Operation 12 'icmp' 'icmp_ln723' <Predicate = true> <Delay = 1.82> <CoreInst = "Cmp">   --->   Core 9 'Cmp' <Latency = 0> <II = 1> <Delay = 1.82> <FuncUnit> <Opcode : 'seteq' 'setne' 'setle' 'setge' 'setlt' 'setgt'> <InPorts = 2> <OutPorts = 1>
ST_1 : Operation 13 [1/1] (1.82ns)   --->   "%add_ln723 = add i9 %i_3, i9 1" [src/snn_top_hls.cpp:723]   --->   Operation 13 'add' 'add_ln723' <Predicate = true> <Delay = 1.82> <CoreInst = "Adder">   --->   Core 1 'Adder' <Latency = 0> <II = 1> <Delay = 1.82> <FuncUnit> <Opcode : 'add' 'sub'> <InPorts = 2> <OutPorts = 1>
ST_1 : Operation 14 [1/1] (0.00ns)   --->   "%br_ln723 = br i1 %icmp_ln723, void %for.inc.split, void %for.inc82.preheader.exitStub" [src/snn_top_hls.cpp:723]   --->   Operation 14 'br' 'br_ln723' <Predicate = true> <Delay = 0.00>
ST_1 : Operation 15 [1/1] (0.00ns)   --->   "%trunc_ln723 = trunc i9 %i_3" [src/snn_top_hls.cpp:723]   --->   Operation 15 'trunc' 'trunc_ln723' <Predicate = (!icmp_ln723)> <Delay = 0.00>
ST_1 : Operation 16 [1/1] (0.00ns)   --->   "%specpipeline_ln724 = specpipeline void @_ssdm_op_SpecPipeline, i32 1, i32 0, i32 0, i32 0, i32 4294967295, void @empty_3" [src/snn_top_hls.cpp:724]   --->   Operation 16 'specpipeline' 'specpipeline_ln724' <Predicate = (!icmp_ln723)> <Delay = 0.00>
ST_1 : Operation 17 [1/1] (0.00ns)   --->   "%speclooptripcount_ln725 = speclooptripcount void @_ssdm_op_SpecLoopTripCount, i64 256, i64 256, i64 256" [src/snn_top_hls.cpp:725]   --->   Operation 17 'speclooptripcount' 'speclooptripcount_ln725' <Predicate = (!icmp_ln723)> <Delay = 0.00>
ST_1 : Operation 18 [1/1] (0.00ns)   --->   "%specloopname_ln723 = specloopname void @_ssdm_op_SpecLoopName, void @empty_7" [src/snn_top_hls.cpp:723]   --->   Operation 18 'specloopname' 'specloopname_ln723' <Predicate = (!icmp_ln723)> <Delay = 0.00>
ST_1 : Operation 19 [1/1] (0.00ns)   --->   "%lshr_ln = partselect i7 @_ssdm_op_PartSelect.i7.i9.i32.i32, i9 %i_3, i32 1, i32 7" [src/snn_top_hls.cpp:725]   --->   Operation 19 'partselect' 'lshr_ln' <Predicate = (!icmp_ln723)> <Delay = 0.00>
ST_1 : Operation 20 [1/1] (0.00ns)   --->   "%zext_ln725 = zext i7 %lshr_ln" [src/snn_top_hls.cpp:725]   --->   Operation 20 'zext' 'zext_ln725' <Predicate = (!icmp_ln723)> <Delay = 0.00>
ST_1 : Operation 21 [1/1] (0.00ns)   --->   "%p_ZL15pre_eligibility_0_addr = getelementptr i8 %p_ZL15pre_eligibility_0, i64 0, i64 %zext_ln725" [src/snn_top_hls.cpp:725]   --->   Operation 21 'getelementptr' 'p_ZL15pre_eligibility_0_addr' <Predicate = (!icmp_ln723)> <Delay = 0.00>
ST_1 : Operation 22 [1/1] (0.00ns)   --->   "%p_ZL15pre_eligibility_1_addr = getelementptr i8 %p_ZL15pre_eligibility_1, i64 0, i64 %zext_ln725" [src/snn_top_hls.cpp:725]   --->   Operation 22 'getelementptr' 'p_ZL15pre_eligibility_1_addr' <Predicate = (!icmp_ln723)> <Delay = 0.00>
ST_1 : Operation 23 [1/1] (0.00ns)   --->   "%p_ZL16post_eligibility_0_addr = getelementptr i8 %p_ZL16post_eligibility_0, i64 0, i64 %zext_ln725" [src/snn_top_hls.cpp:726]   --->   Operation 23 'getelementptr' 'p_ZL16post_eligibility_0_addr' <Predicate = (!icmp_ln723)> <Delay = 0.00>
ST_1 : Operation 24 [1/1] (0.00ns)   --->   "%p_ZL16post_eligibility_1_addr = getelementptr i8 %p_ZL16post_eligibility_1, i64 0, i64 %zext_ln725" [src/snn_top_hls.cpp:726]   --->   Operation 24 'getelementptr' 'p_ZL16post_eligibility_1_addr' <Predicate = (!icmp_ln723)> <Delay = 0.00>
ST_1 : Operation 25 [1/1] (0.00ns)   --->   "%br_ln725 = br i1 %trunc_ln723, void %arrayidx62.case.0, void %arrayidx62.case.1" [src/snn_top_hls.cpp:725]   --->   Operation 25 'br' 'br_ln725' <Predicate = (!icmp_ln723)> <Delay = 0.00>
ST_1 : Operation 26 [1/1] ( I:3.25ns O:3.25ns )   --->   "%store_ln725 = store i8 0, i7 %p_ZL15pre_eligibility_0_addr" [src/snn_top_hls.cpp:725]   --->   Operation 26 'store' 'store_ln725' <Predicate = (!icmp_ln723 & !trunc_ln723)> <Delay = 3.25> <CoreInst = "RAM_2P_BRAM">   --->   Core 90 'RAM_2P_BRAM' <Latency = 1> <II = 1> <Delay = 3.25> <Storage> <Opcode : 'load' 'store'> <Ports = 2> <Width = 8> <Depth = 128> <RAM>
ST_1 : Operation 27 [1/1] ( I:3.25ns O:3.25ns )   --->   "%store_ln726 = store i8 0, i7 %p_ZL16post_eligibility_0_addr" [src/snn_top_hls.cpp:726]   --->   Operation 27 'store' 'store_ln726' <Predicate = (!icmp_ln723 & !trunc_ln723)> <Delay = 3.25> <CoreInst = "RAM_2P_BRAM">   --->   Core 90 'RAM_2P_BRAM' <Latency = 1> <II = 1> <Delay = 3.25> <Storage> <Opcode : 'load' 'store'> <Ports = 2> <Width = 8> <Depth = 128> <RAM>
ST_1 : Operation 28 [1/1] (0.00ns)   --->   "%br_ln726 = br void %arrayidx62.exit" [src/snn_top_hls.cpp:726]   --->   Operation 28 'br' 'br_ln726' <Predicate = (!icmp_ln723 & !trunc_ln723)> <Delay = 0.00>
ST_1 : Operation 29 [1/1] ( I:3.25ns O:3.25ns )   --->   "%store_ln725 = store i8 0, i7 %p_ZL15pre_eligibility_1_addr" [src/snn_top_hls.cpp:725]   --->   Operation 29 'store' 'store_ln725' <Predicate = (!icmp_ln723 & trunc_ln723)> <Delay = 3.25> <CoreInst = "RAM_2P_BRAM">   --->   Core 90 'RAM_2P_BRAM' <Latency = 1> <II = 1> <Delay = 3.25> <Storage> <Opcode : 'load' 'store'> <Ports = 2> <Width = 8> <Depth = 128> <RAM>
ST_1 : Operation 30 [1/1] ( I:3.25ns O:3.25ns )   --->   "%store_ln726 = store i8 0, i7 %p_ZL16post_eligibility_1_addr" [src/snn_top_hls.cpp:726]   --->   Operation 30 'store' 'store_ln726' <Predicate = (!icmp_ln723 & trunc_ln723)> <Delay = 3.25> <CoreInst = "RAM_2P_BRAM">   --->   Core 90 'RAM_2P_BRAM' <Latency = 1> <II = 1> <Delay = 3.25> <Storage> <Opcode : 'load' 'store'> <Ports = 2> <Width = 8> <Depth = 128> <RAM>
ST_1 : Operation 31 [1/1] (0.00ns)   --->   "%br_ln726 = br void %arrayidx62.exit" [src/snn_top_hls.cpp:726]   --->   Operation 31 'br' 'br_ln726' <Predicate = (!icmp_ln723 & trunc_ln723)> <Delay = 0.00>
ST_1 : Operation 32 [1/1] (1.58ns)   --->   "%store_ln723 = store i9 %add_ln723, i9 %i" [src/snn_top_hls.cpp:723]   --->   Operation 32 'store' 'store_ln723' <Predicate = (!icmp_ln723)> <Delay = 1.58>
ST_1 : Operation 33 [1/1] (0.00ns)   --->   "%br_ln723 = br void %for.inc" [src/snn_top_hls.cpp:723]   --->   Operation 33 'br' 'br_ln723' <Predicate = (!icmp_ln723)> <Delay = 0.00>
ST_1 : Operation 34 [1/1] (1.58ns)   --->   "%ret_ln0 = ret"   --->   Operation 34 'ret' 'ret_ln0' <Predicate = (icmp_ln723)> <Delay = 1.58>


============================================================
+ Verbose Summary: Timing violations
============================================================
Target clock period: 10.000ns, clock uncertainty: 2.700ns.

 <State 1>: 6.665ns
The critical path consists of the following:
	'store' operation ('store_ln723', src/snn_top_hls.cpp:723) of constant 0 9 bit on local variable 'i', src/snn_top_hls.cpp:723 [10]  (1.588 ns)
	'load' operation 9 bit ('i', src/snn_top_hls.cpp:723) on local variable 'i', src/snn_top_hls.cpp:723 [13]  (0.000 ns)
	'icmp' operation 1 bit ('icmp_ln723', src/snn_top_hls.cpp:723) [14]  (1.823 ns)
	'store' operation ('store_ln725', src/snn_top_hls.cpp:725) of constant 0 8 bit on array 'p_ZL15pre_eligibility_0' [30]  (3.254 ns)


============================================================
+ Verbose Summary: Binding
============================================================
N/A
* FSMD analyzer results:
  - Output states:
 - Input state : 
  - Chain level:
	State 1


============================================================
+ Verbose Summary: Datapath Resource usage 
============================================================
N/A
