

================================================================
== Vitis HLS Report for 'snn_top_hls_Pipeline_LOAD_FRAME'
================================================================
* Date:           Tue Feb 10 18:59:24 2026

* Version:        2025.2 (Build 6295257 on Nov 14 2025)
* Project:        hls_csim_output
* Solution:       hls (Vivado IP Flow Target)
* Product family: zynq
* Target device:  xc7z020-clg400-1


================================================================
== Performance Estimates
================================================================
+ Timing: 
    * Summary: 
    +--------+----------+----------+------------+
    |  Clock |  Target  | Estimated| Uncertainty|
    +--------+----------+----------+------------+
    |ap_clk  |  10.00 ns|  6.396 ns|     2.70 ns|
    +--------+----------+----------+------------+

+ Latency: 
    * Summary: 
    +---------+---------+-----------+----------+-----+-----+-------------------+
    |  Latency (cycles) |  Latency (absolute)  |  Interval |      Pipeline     |
    |   min   |   max   |    min    |    max   | min | max |        Type       |
    +---------+---------+-----------+----------+-----+-----+-------------------+
    |        2|      198|  20.000 ns|  1.980 us|    0|    0|  loop pipeline stp|
    +---------+---------+-----------+----------+-----+-----+-------------------+

    + Detail: 
        * Instance: 
        N/A

        * Loop: 
        +--------------+---------+---------+----------+-----------+-----------+---------+----------+
        |              |  Latency (cycles) | Iteration|  Initiation Interval  |   Trip  |          |
        |   Loop Name  |   min   |   max   |  Latency |  achieved |   target  |  Count  | Pipelined|
        +--------------+---------+---------+----------+-----------+-----------+---------+----------+
        |- LOAD_FRAME  |        0|      196|         1|          1|          1|  0 ~ 196|       yes|
        +--------------+---------+---------+----------+-----------+-----------+---------+----------+

============================================================
+ Verbose Summary: Synthesis Manager
============================================================
InlineROM: 1
ExposeGlobal: 0
============================================================
+ Verbose Summary: CDFG Model
============================================================
IsTopModel: 0
ResetActiveHigh: 1
IsCombinational: 0
IsDatapathOnly: 0
HasWiredReturn: 1
HasMFsm: 2
HasVarLatency: 1
IsPipeline: 0
IsRtlPipelined: 0
IsInstanceOverlapped: 0
IsDontTouch: 0
HasImplIP: 0
IsGatedGlobalClock: 0

+ Individual pipeline summary: 
  * Pipeline-0: initiation interval (II) = 1, depth = 1


============================================================
+ Verbose Summary: Schedule
============================================================
* Number of FSM states : 1
* Pipeline : 1
  Pipeline-0 : II = 1, D = 1, States = { 1 }
* Dataflow Pipeline: 0

* FSM state transitions: 
1 --> 

* FSM state operations: 

State 1 <SV = 0> <Delay = 6.39>
ST_1 : Operation 4 [1/1] (0.00ns)   --->   "%i = alloca i32 1" [src/snn_top_hls.cpp:787]   --->   Operation 4 'alloca' 'i' <Predicate = true> <Delay = 0.00>
ST_1 : Operation 5 [1/1] (0.00ns)   --->   "%specaxissidechannel_ln0 = specaxissidechannel void @_ssdm_op_SpecAXISSideChannel, i32 %s_axis_data_V_data_V, i4 %s_axis_data_V_keep_V, i4 %s_axis_data_V_strb_V, i1 %s_axis_data_V_user_V, i1 %s_axis_data_V_last_V, i1 %s_axis_data_V_id_V, i1 %s_axis_data_V_dest_V, void @empty_36"   --->   Operation 5 'specaxissidechannel' 'specaxissidechannel_ln0' <Predicate = true> <Delay = 0.00>
ST_1 : Operation 6 [1/1] (0.00ns)   --->   "%specinterface_ln0 = specinterface void @_ssdm_op_SpecInterface, i1 %s_axis_data_V_dest_V, i1 %s_axis_data_V_id_V, i1 %s_axis_data_V_last_V, i1 %s_axis_data_V_user_V, i4 %s_axis_data_V_strb_V, i4 %s_axis_data_V_keep_V, i32 %s_axis_data_V_data_V, void @empty_13, i32 0, i32 0, void @empty_33, i32 0, i32 0, void @empty_3, void @empty_3, void @empty_3, i32 0, i32 0, i32 0, i32 0, void @empty_3, void @empty_3, i32 4294967295, i32 0, i32 0, i32 0"   --->   Operation 6 'specinterface' 'specinterface_ln0' <Predicate = true> <Delay = 0.00>
ST_1 : Operation 7 [1/1] (1.58ns)   --->   "%store_ln787 = store i8 0, i8 %i" [src/snn_top_hls.cpp:787]   --->   Operation 7 'store' 'store_ln787' <Predicate = true> <Delay = 1.58>
ST_1 : Operation 8 [1/1] (0.00ns)   --->   "%br_ln787 = br void %for.body151" [src/snn_top_hls.cpp:787]   --->   Operation 8 'br' 'br_ln787' <Predicate = true> <Delay = 0.00>
ST_1 : Operation 9 [1/1] (0.00ns)   --->   "%i_4 = load i8 %i" [src/snn_top_hls.cpp:787]   --->   Operation 9 'load' 'i_4' <Predicate = true> <Delay = 0.00>
ST_1 : Operation 10 [1/1] ( I:1.29ns O:1.29ns )   --->   "%tmp_5 = nbreadreq i1 @_ssdm_op_NbReadReq.axis.i32P0A.i4P0A.i4P0A.i1P0A.i1P0A.i1P0A.i1P0A, i32 %s_axis_data_V_data_V, i4 %s_axis_data_V_keep_V, i4 %s_axis_data_V_strb_V, i1 %s_axis_data_V_user_V, i1 %s_axis_data_V_last_V, i1 %s_axis_data_V_id_V, i1 %s_axis_data_V_dest_V, i32 1" [src/snn_top_hls.cpp:789]   --->   Operation 10 'nbreadreq' 'tmp_5' <Predicate = true> <Delay = 1.29> <CoreInst = "regslice">   --->   Core 135 'regslice' <Latency = 0> <II = 1> <Delay = 1.86> <Adapter> <Opcode : 'read' 'write'>
ST_1 : Operation 11 [1/1] (1.91ns)   --->   "%add_ln787 = add i8 %i_4, i8 1" [src/snn_top_hls.cpp:787]   --->   Operation 11 'add' 'add_ln787' <Predicate = true> <Delay = 1.91> <CoreInst = "Adder">   --->   Core 1 'Adder' <Latency = 0> <II = 1> <Delay = 1.91> <FuncUnit> <Opcode : 'add' 'sub'> <InPorts = 2> <OutPorts = 1>
ST_1 : Operation 12 [1/1] (0.00ns)   --->   "%br_ln789 = br i1 %tmp_5, void %for.end199.exitStub, void %if.end154" [src/snn_top_hls.cpp:789]   --->   Operation 12 'br' 'br_ln789' <Predicate = true> <Delay = 0.00>
ST_1 : Operation 13 [1/1] (0.00ns)   --->   "%specpipeline_ln788 = specpipeline void @_ssdm_op_SpecPipeline, i32 1, i32 0, i32 0, i32 0, i32 4294967295, void @empty_3" [src/snn_top_hls.cpp:788]   --->   Operation 13 'specpipeline' 'specpipeline_ln788' <Predicate = (tmp_5)> <Delay = 0.00>
ST_1 : Operation 14 [1/1] (0.00ns)   --->   "%speclooptripcount_ln790 = speclooptripcount void @_ssdm_op_SpecLoopTripCount, i64 0, i64 196, i64 98" [src/snn_top_hls.cpp:790]   --->   Operation 14 'speclooptripcount' 'speclooptripcount_ln790' <Predicate = (tmp_5)> <Delay = 0.00>
ST_1 : Operation 15 [1/1] (0.00ns)   --->   "%specloopname_ln787 = specloopname void @_ssdm_op_SpecLoopName, void @empty_25" [src/snn_top_hls.cpp:787]   --->   Operation 15 'specloopname' 'specloopname_ln787' <Predicate = (tmp_5)> <Delay = 0.00>
ST_1 : Operation 16 [1/1] ( I:0.51ns O:0.51ns )   --->   "%empty = read i44 @_ssdm_op_Read.axis.volatile.i32P0A.i4P0A.i4P0A.i1P0A.i1P0A.i1P0A.i1P0A, i32 %s_axis_data_V_data_V, i4 %s_axis_data_V_keep_V, i4 %s_axis_data_V_strb_V, i1 %s_axis_data_V_user_V, i1 %s_axis_data_V_last_V, i1 %s_axis_data_V_id_V, i1 %s_axis_data_V_dest_V" [src/snn_top_hls.cpp:790]   --->   Operation 16 'read' 'empty' <Predicate = (tmp_5)> <Delay = 0.51> <CoreInst = "regslice">   --->   Core 135 'regslice' <Latency = 0> <II = 1> <Delay = 1.86> <Adapter> <Opcode : 'read' 'write'>
ST_1 : Operation 17 [1/1] (0.00ns)   --->   "%p_s = extractvalue i44 %empty" [src/snn_top_hls.cpp:790]   --->   Operation 17 'extractvalue' 'p_s' <Predicate = (tmp_5)> <Delay = 0.00>
ST_1 : Operation 18 [1/1] (0.00ns) (grouped into LUT with out node or_cond)   --->   "%p_1 = extractvalue i44 %empty" [src/snn_top_hls.cpp:790]   --->   Operation 18 'extractvalue' 'p_1' <Predicate = (tmp_5)> <Delay = 0.00>
ST_1 : Operation 19 [1/1] (0.00ns)   --->   "%shl_ln = bitconcatenate i9 @_ssdm_op_BitConcatenate.i9.i8.i1, i8 %i_4, i1 0" [src/snn_top_hls.cpp:792]   --->   Operation 19 'bitconcatenate' 'shl_ln' <Predicate = (tmp_5)> <Delay = 0.00>
ST_1 : Operation 20 [1/1] (0.00ns)   --->   "%zext_ln792 = zext i9 %shl_ln" [src/snn_top_hls.cpp:792]   --->   Operation 20 'zext' 'zext_ln792' <Predicate = (tmp_5)> <Delay = 0.00>
ST_1 : Operation 21 [1/1] (0.00ns)   --->   "%trunc_ln792 = trunc i32 %p_s" [src/snn_top_hls.cpp:792]   --->   Operation 21 'trunc' 'trunc_ln792' <Predicate = (tmp_5)> <Delay = 0.00>
ST_1 : Operation 22 [1/1] (0.00ns)   --->   "%p_ZL13encoder_frame_0_addr = getelementptr i8 %p_ZL13encoder_frame_0, i64 0, i64 %zext_ln792" [src/snn_top_hls.cpp:792]   --->   Operation 22 'getelementptr' 'p_ZL13encoder_frame_0_addr' <Predicate = (tmp_5)> <Delay = 0.00>
ST_1 : Operation 23 [1/1] (0.00ns)   --->   "%tmp_7 = partselect i8 @_ssdm_op_PartSelect.i8.i32.i32, i32 %p_s, i32 8" [src/snn_top_hls.cpp:793]   --->   Operation 23 'partselect' 'tmp_7' <Predicate = (tmp_5)> <Delay = 0.00>
ST_1 : Operation 24 [1/1] (0.00ns)   --->   "%p_ZL13encoder_frame_1_addr = getelementptr i8 %p_ZL13encoder_frame_1, i64 0, i64 %zext_ln792" [src/snn_top_hls.cpp:793]   --->   Operation 24 'getelementptr' 'p_ZL13encoder_frame_1_addr' <Predicate = (tmp_5)> <Delay = 0.00>
ST_1 : Operation 25 [1/1] (0.00ns)   --->   "%or_ln = bitconcatenate i9 @_ssdm_op_BitConcatenate.i9.i8.i1, i8 %i_4, i1 1" [src/snn_top_hls.cpp:794]   --->   Operation 25 'bitconcatenate' 'or_ln' <Predicate = (tmp_5)> <Delay = 0.00>
ST_1 : Operation 26 [1/1] (0.00ns)   --->   "%zext_ln794 = zext i9 %or_ln" [src/snn_top_hls.cpp:794]   --->   Operation 26 'zext' 'zext_ln794' <Predicate = (tmp_5)> <Delay = 0.00>
ST_1 : Operation 27 [1/1] (0.00ns)   --->   "%tmp_8 = partselect i8 @_ssdm_op_PartSelect.i8.i32.i32, i32 %p_s, i32 16" [src/snn_top_hls.cpp:794]   --->   Operation 27 'partselect' 'tmp_8' <Predicate = (tmp_5)> <Delay = 0.00>
ST_1 : Operation 28 [1/1] (0.00ns)   --->   "%p_ZL13encoder_frame_0_addr_1 = getelementptr i8 %p_ZL13encoder_frame_0, i64 0, i64 %zext_ln794" [src/snn_top_hls.cpp:794]   --->   Operation 28 'getelementptr' 'p_ZL13encoder_frame_0_addr_1' <Predicate = (tmp_5)> <Delay = 0.00>
ST_1 : Operation 29 [1/1] (0.00ns)   --->   "%tmp_9 = partselect i8 @_ssdm_op_PartSelect.i8.i32.i32, i32 %p_s, i32 24" [src/snn_top_hls.cpp:795]   --->   Operation 29 'partselect' 'tmp_9' <Predicate = (tmp_5)> <Delay = 0.00>
ST_1 : Operation 30 [1/1] (0.00ns)   --->   "%p_ZL13encoder_frame_1_addr_1 = getelementptr i8 %p_ZL13encoder_frame_1, i64 0, i64 %zext_ln794" [src/snn_top_hls.cpp:795]   --->   Operation 30 'getelementptr' 'p_ZL13encoder_frame_1_addr_1' <Predicate = (tmp_5)> <Delay = 0.00>
ST_1 : Operation 31 [1/1] ( I:3.25ns O:3.25ns )   --->   "%store_ln792 = store i8 %trunc_ln792, i9 %p_ZL13encoder_frame_0_addr" [src/snn_top_hls.cpp:792]   --->   Operation 31 'store' 'store_ln792' <Predicate = (tmp_5)> <Delay = 3.25> <CoreInst = "RAM">   --->   Core 81 'RAM' <Latency = 1> <II = 1> <Delay = 3.25> <Storage> <Opcode : 'load' 'store'> <Ports = 2> <Width = 8> <Depth = 392> <RAM>
ST_1 : Operation 32 [1/1] ( I:3.25ns O:3.25ns )   --->   "%store_ln793 = store i8 %tmp_7, i9 %p_ZL13encoder_frame_1_addr" [src/snn_top_hls.cpp:793]   --->   Operation 32 'store' 'store_ln793' <Predicate = (tmp_5)> <Delay = 3.25> <CoreInst = "RAM">   --->   Core 81 'RAM' <Latency = 1> <II = 1> <Delay = 3.25> <Storage> <Opcode : 'load' 'store'> <Ports = 2> <Width = 8> <Depth = 392> <RAM>
ST_1 : Operation 33 [1/1] ( I:3.25ns O:3.25ns )   --->   "%store_ln794 = store i8 %tmp_8, i9 %p_ZL13encoder_frame_0_addr_1" [src/snn_top_hls.cpp:794]   --->   Operation 33 'store' 'store_ln794' <Predicate = (tmp_5)> <Delay = 3.25> <CoreInst = "RAM">   --->   Core 81 'RAM' <Latency = 1> <II = 1> <Delay = 3.25> <Storage> <Opcode : 'load' 'store'> <Ports = 2> <Width = 8> <Depth = 392> <RAM>
ST_1 : Operation 34 [1/1] ( I:3.25ns O:3.25ns )   --->   "%store_ln795 = store i8 %tmp_9, i9 %p_ZL13encoder_frame_1_addr_1" [src/snn_top_hls.cpp:795]   --->   Operation 34 'store' 'store_ln795' <Predicate = (tmp_5)> <Delay = 3.25> <CoreInst = "RAM">   --->   Core 81 'RAM' <Latency = 1> <II = 1> <Delay = 3.25> <Storage> <Opcode : 'load' 'store'> <Ports = 2> <Width = 8> <Depth = 392> <RAM>
ST_1 : Operation 35 [1/1] (0.00ns) (grouped into LUT with out node or_cond)   --->   "%xor_ln796 = xor i1 %p_1, i1 1" [src/snn_top_hls.cpp:796]   --->   Operation 35 'xor' 'xor_ln796' <Predicate = (tmp_5)> <Delay = 0.00> <CoreInst = "LogicGate">   --->   Core 74 'LogicGate' <Latency = 0> <II = 1> <Delay = 0.97> <FuncUnit> <Opcode : 'and' 'or' 'xor'> <InPorts = 2> <OutPorts = 1>
ST_1 : Operation 36 [1/1] (1.91ns)   --->   "%icmp_ln787 = icmp_ult  i8 %add_ln787, i8 196" [src/snn_top_hls.cpp:787]   --->   Operation 36 'icmp' 'icmp_ln787' <Predicate = (tmp_5)> <Delay = 1.91> <CoreInst = "Cmp">   --->   Core 9 'Cmp' <Latency = 0> <II = 1> <Delay = 1.91> <FuncUnit> <Opcode : 'seteq' 'setne' 'setle' 'setge' 'setlt' 'setgt'> <InPorts = 2> <OutPorts = 1>
ST_1 : Operation 37 [1/1] (0.97ns) (out node of the LUT)   --->   "%or_cond = and i1 %icmp_ln787, i1 %xor_ln796" [src/snn_top_hls.cpp:787]   --->   Operation 37 'and' 'or_cond' <Predicate = (tmp_5)> <Delay = 0.97> <CoreInst = "LogicGate">   --->   Core 74 'LogicGate' <Latency = 0> <II = 1> <Delay = 0.97> <FuncUnit> <Opcode : 'and' 'or' 'xor'> <InPorts = 2> <OutPorts = 1>
ST_1 : Operation 38 [1/1] (1.58ns)   --->   "%store_ln787 = store i8 %add_ln787, i8 %i" [src/snn_top_hls.cpp:787]   --->   Operation 38 'store' 'store_ln787' <Predicate = (tmp_5)> <Delay = 1.58>
ST_1 : Operation 39 [1/1] (0.00ns)   --->   "%br_ln787 = br i1 %or_cond, void %for.end199.exitStub, void %for.body151" [src/snn_top_hls.cpp:787]   --->   Operation 39 'br' 'br_ln787' <Predicate = (tmp_5)> <Delay = 0.00>
ST_1 : Operation 40 [1/1] (1.58ns)   --->   "%ret_ln0 = ret"   --->   Operation 40 'ret' 'ret_ln0' <Predicate = (!or_cond) | (!tmp_5)> <Delay = 1.58>


============================================================
+ Verbose Summary: Timing violations
============================================================
Target clock period: 10.000ns, clock uncertainty: 2.700ns.

 <State 1>: 6.396ns
The critical path consists of the following:
	'store' operation ('store_ln787', src/snn_top_hls.cpp:787) of constant 0 8 bit on local variable 'i', src/snn_top_hls.cpp:787 [13]  (1.588 ns)
	'load' operation 8 bit ('i', src/snn_top_hls.cpp:787) on local variable 'i', src/snn_top_hls.cpp:787 [16]  (0.000 ns)
	'add' operation 8 bit ('add_ln787', src/snn_top_hls.cpp:787) [18]  (1.915 ns)
	'icmp' operation 1 bit ('icmp_ln787', src/snn_top_hls.cpp:787) [44]  (1.915 ns)
	'and' operation 1 bit ('or_cond', src/snn_top_hls.cpp:787) [45]  (0.978 ns)


============================================================
+ Verbose Summary: Binding
============================================================
N/A
* FSMD analyzer results:
  - Output states:
 - Input state : 
  - Chain level:
	State 1


============================================================
+ Verbose Summary: Datapath Resource usage 
============================================================
N/A
