

================================================================
== Vitis HLS Report for 'snn_top_hls_Pipeline_RESET_ENCODER'
================================================================
* Date:           Tue Feb 10 18:59:26 2026

* Version:        2025.2 (Build 6295257 on Nov 14 2025)
* Project:        hls_csim_output
* Solution:       hls (Vivado IP Flow Target)
* Product family: zynq
* Target device:  xc7z020-clg400-1


================================================================
== Performance Estimates
================================================================
+ Timing: 
    * Summary: 
    +--------+----------+----------+------------+
    |  Clock |  Target  | Estimated| Uncertainty|
    +--------+----------+----------+------------+
    |ap_clk  |  10.00 ns|  6.573 ns|     2.70 ns|
    +--------+----------+----------+------------+

+ Latency: 
    * Summary: 
    +---------+---------+----------+----------+-----+-----+-------------------+
    |  Latency (cycles) |  Latency (absolute) |  Interval |      Pipeline     |
    |   min   |   max   |    min   |    max   | min | max |        Type       |
    +---------+---------+----------+----------+-----+-----+-------------------+
    |      786|      786|  7.860 us|  7.860 us|    0|    0|  loop pipeline stp|
    +---------+---------+----------+----------+-----+-----+-------------------+

    + Detail: 
        * Instance: 
        N/A

        * Loop: 
        +-----------------+---------+---------+----------+-----------+-----------+------+----------+
        |                 |  Latency (cycles) | Iteration|  Initiation Interval  | Trip |          |
        |    Loop Name    |   min   |   max   |  Latency |  achieved |   target  | Count| Pipelined|
        +-----------------+---------+---------+----------+-----------+-----------+------+----------+
        |- RESET_ENCODER  |      784|      784|         1|          1|          1|   784|       yes|
        +-----------------+---------+---------+----------+-----------+-----------+------+----------+



================================================================
== Utilization Estimates
================================================================
* Summary: 
+-----------------+---------+-----+--------+-------+-----+
|       Name      | BRAM_18K| DSP |   FF   |  LUT  | URAM|
+-----------------+---------+-----+--------+-------+-----+
|DSP              |        -|    -|       -|      -|    -|
|Expression       |        -|    -|       0|     26|    -|
|FIFO             |        -|    -|       -|      -|    -|
|Instance         |        -|    -|       -|      -|    -|
|Memory           |        -|    -|       -|      -|    -|
|Multiplexer      |        -|    -|       0|     27|    -|
|Register         |        -|    -|      12|      -|    -|
+-----------------+---------+-----+--------+-------+-----+
|Total            |        0|    0|      12|     53|    0|
+-----------------+---------+-----+--------+-------+-----+
|Available        |      280|  220|  106400|  53200|    0|
+-----------------+---------+-----+--------+-------+-----+
|Utilization (%)  |        0|    0|      ~0|     ~0|    0|
+-----------------+---------+-----+--------+-------+-----+

+ Detail: 
    * Instance: 
    N/A

    * DSP: 
    N/A

    * Memory: 
    N/A

    * FIFO: 
    N/A

    * Expression: 
    +---------------------+----------+----+---+----+------------+------------+
    |    Variable Name    | Operation| DSP| FF| LUT| Bitwidth P0| Bitwidth P1|
    +---------------------+----------+----+---+----+------------+------------+
    |add_ln738_fu_100_p2  |         +|   0|  0|  13|          10|           1|
    |icmp_ln738_fu_94_p2  |      icmp|   0|  0|  13|          10|           9|
    +---------------------+----------+----+---+----+------------+------------+
    |Total                |          |   0|  0|  26|          20|          10|
    +---------------------+----------+----+---+----+------------+------------+

    * Multiplexer: 
    +----------------------+----+-----------+-----+-----------+
    |         Name         | LUT| Input Size| Bits| Total Bits|
    +----------------------+----+-----------+-----+-----------+
    |ap_done_int           |   9|          2|    1|          2|
    |ap_sig_allocacmp_i_2  |   9|          2|   10|         20|
    |i_fu_46               |   9|          2|   10|         20|
    +----------------------+----+-----------+-----+-----------+
    |Total                 |  27|          6|   21|         42|
    +----------------------+----+-----------+-----+-----------+

    * Register: 
    +-------------+----+----+-----+-----------+
    |     Name    | FF | LUT| Bits| Const Bits|
    +-------------+----+----+-----+-----------+
    |ap_CS_fsm    |   1|   0|    1|          0|
    |ap_done_reg  |   1|   0|    1|          0|
    |i_fu_46      |  10|   0|   10|          0|
    +-------------+----+----+-----+-----------+
    |Total        |  12|   0|   12|          0|
    +-------------+----+----+-----+-----------+



================================================================
== Interface
================================================================
* Summary: 
+------------------------------------+-----+-----+------------+------------------------------------+--------------+
|              RTL Ports             | Dir | Bits|  Protocol  |            Source Object           |    C Type    |
+------------------------------------+-----+-----+------------+------------------------------------+--------------+
|ap_clk                              |   in|    1|  ap_ctrl_hs|  snn_top_hls_Pipeline_RESET_ENCODER|  return value|
|ap_rst                              |   in|    1|  ap_ctrl_hs|  snn_top_hls_Pipeline_RESET_ENCODER|  return value|
|ap_start                            |   in|    1|  ap_ctrl_hs|  snn_top_hls_Pipeline_RESET_ENCODER|  return value|
|ap_done                             |  out|    1|  ap_ctrl_hs|  snn_top_hls_Pipeline_RESET_ENCODER|  return value|
|ap_idle                             |  out|    1|  ap_ctrl_hs|  snn_top_hls_Pipeline_RESET_ENCODER|  return value|
|ap_ready                            |  out|    1|  ap_ctrl_hs|  snn_top_hls_Pipeline_RESET_ENCODER|  return value|
|p_ZL17encoder_phase_acc_0_address1  |  out|    9|   ap_memory|           p_ZL17encoder_phase_acc_0|         array|
|p_ZL17encoder_phase_acc_0_ce1       |  out|    1|   ap_memory|           p_ZL17encoder_phase_acc_0|         array|
|p_ZL17encoder_phase_acc_0_we1       |  out|    1|   ap_memory|           p_ZL17encoder_phase_acc_0|         array|
|p_ZL17encoder_phase_acc_0_d1        |  out|   16|   ap_memory|           p_ZL17encoder_phase_acc_0|         array|
|p_ZL17encoder_phase_acc_1_address1  |  out|    9|   ap_memory|           p_ZL17encoder_phase_acc_1|         array|
|p_ZL17encoder_phase_acc_1_ce1       |  out|    1|   ap_memory|           p_ZL17encoder_phase_acc_1|         array|
|p_ZL17encoder_phase_acc_1_we1       |  out|    1|   ap_memory|           p_ZL17encoder_phase_acc_1|         array|
|p_ZL17encoder_phase_acc_1_d1        |  out|   16|   ap_memory|           p_ZL17encoder_phase_acc_1|         array|
+------------------------------------+-----+-----+------------+------------------------------------+--------------+

============================================================
+ Verbose Summary: Synthesis Manager
============================================================
InlineROM: 1
ExposeGlobal: 0
============================================================
+ Verbose Summary: CDFG Model
============================================================
IsTopModel: 0
ResetActiveHigh: 1
IsCombinational: 2
IsDatapathOnly: 2
HasWiredReturn: 1
HasMFsm: 2
HasVarLatency: 1
IsPipeline: 0
IsRtlPipelined: 0
IsInstanceOverlapped: 0
IsDontTouch: 0
HasImplIP: 0
IsGatedGlobalClock: 0

+ Individual pipeline summary: 
  * Pipeline-0: initiation interval (II) = 1, depth = 1


============================================================
+ Verbose Summary: Schedule
============================================================
* Number of FSM states : 1
* Pipeline : 1
  Pipeline-0 : II = 1, D = 1, States = { 1 }
* Dataflow Pipeline: 0

* FSM state transitions: 
1 --> 

* FSM state operations: 

State 1 <SV = 0> <Delay = 6.57>
ST_1 : Operation 4 [1/1] (0.00ns)   --->   "%i = alloca i32 1" [src/snn_top_hls.cpp:738]   --->   Operation 4 'alloca' 'i' <Predicate = true> <Delay = 0.00>
ST_1 : Operation 5 [1/1] (0.00ns)   --->   "%specmemcore_ln0 = specmemcore void @_ssdm_op_SpecMemCore, i16 %p_ZL17encoder_phase_acc_0, i64 666, i64 22, i64 18446744073709551615, i1 0"   --->   Operation 5 'specmemcore' 'specmemcore_ln0' <Predicate = true> <Delay = 0.00>
ST_1 : Operation 6 [1/1] (0.00ns)   --->   "%specmemcore_ln0 = specmemcore void @_ssdm_op_SpecMemCore, i16 %p_ZL17encoder_phase_acc_1, i64 666, i64 22, i64 18446744073709551615, i1 0"   --->   Operation 6 'specmemcore' 'specmemcore_ln0' <Predicate = true> <Delay = 0.00>
ST_1 : Operation 7 [1/1] (1.58ns)   --->   "%store_ln738 = store i10 0, i10 %i" [src/snn_top_hls.cpp:738]   --->   Operation 7 'store' 'store_ln738' <Predicate = true> <Delay = 1.58>
ST_1 : Operation 8 [1/1] (0.00ns)   --->   "%br_ln0 = br void %for.inc93"   --->   Operation 8 'br' 'br_ln0' <Predicate = true> <Delay = 0.00>
ST_1 : Operation 9 [1/1] (0.00ns)   --->   "%i_2 = load i10 %i" [src/snn_top_hls.cpp:738]   --->   Operation 9 'load' 'i_2' <Predicate = true> <Delay = 0.00>
ST_1 : Operation 10 [1/1] (1.73ns)   --->   "%icmp_ln738 = icmp_eq  i10 %i_2, i10 784" [src/snn_top_hls.cpp:738]   --->   Operation 10 'icmp' 'icmp_ln738' <Predicate = true> <Delay = 1.73> <CoreInst = "Cmp">   --->   Core 9 'Cmp' <Latency = 0> <II = 1> <Delay = 1.73> <FuncUnit> <Opcode : 'seteq' 'setne' 'setle' 'setge' 'setlt' 'setgt'> <InPorts = 2> <OutPorts = 1>
ST_1 : Operation 11 [1/1] (1.73ns)   --->   "%add_ln738 = add i10 %i_2, i10 1" [src/snn_top_hls.cpp:738]   --->   Operation 11 'add' 'add_ln738' <Predicate = true> <Delay = 1.73> <CoreInst = "Adder">   --->   Core 1 'Adder' <Latency = 0> <II = 1> <Delay = 1.73> <FuncUnit> <Opcode : 'add' 'sub'> <InPorts = 2> <OutPorts = 1>
ST_1 : Operation 12 [1/1] (0.00ns)   --->   "%br_ln738 = br i1 %icmp_ln738, void %for.inc93.split, void %for.end95.exitStub" [src/snn_top_hls.cpp:738]   --->   Operation 12 'br' 'br_ln738' <Predicate = true> <Delay = 0.00>
ST_1 : Operation 13 [1/1] (0.00ns)   --->   "%trunc_ln738 = trunc i10 %i_2" [src/snn_top_hls.cpp:738]   --->   Operation 13 'trunc' 'trunc_ln738' <Predicate = (!icmp_ln738)> <Delay = 0.00>
ST_1 : Operation 14 [1/1] (0.00ns)   --->   "%specpipeline_ln739 = specpipeline void @_ssdm_op_SpecPipeline, i32 1, i32 0, i32 0, i32 0, i32 4294967295, void @empty_3" [src/snn_top_hls.cpp:739]   --->   Operation 14 'specpipeline' 'specpipeline_ln739' <Predicate = (!icmp_ln738)> <Delay = 0.00>
ST_1 : Operation 15 [1/1] (0.00ns)   --->   "%speclooptripcount_ln738 = speclooptripcount void @_ssdm_op_SpecLoopTripCount, i64 784, i64 784, i64 784" [src/snn_top_hls.cpp:738]   --->   Operation 15 'speclooptripcount' 'speclooptripcount_ln738' <Predicate = (!icmp_ln738)> <Delay = 0.00>
ST_1 : Operation 16 [1/1] (0.00ns)   --->   "%specloopname_ln738 = specloopname void @_ssdm_op_SpecLoopName, void @empty_17" [src/snn_top_hls.cpp:738]   --->   Operation 16 'specloopname' 'specloopname_ln738' <Predicate = (!icmp_ln738)> <Delay = 0.00>
ST_1 : Operation 17 [1/1] (0.00ns)   --->   "%lshr_ln2 = partselect i9 @_ssdm_op_PartSelect.i9.i10.i32.i32, i10 %i_2, i32 1, i32 9" [src/snn_top_hls.cpp:738]   --->   Operation 17 'partselect' 'lshr_ln2' <Predicate = (!icmp_ln738)> <Delay = 0.00>
ST_1 : Operation 18 [1/1] (0.00ns)   --->   "%zext_ln738 = zext i9 %lshr_ln2" [src/snn_top_hls.cpp:738]   --->   Operation 18 'zext' 'zext_ln738' <Predicate = (!icmp_ln738)> <Delay = 0.00>
ST_1 : Operation 19 [1/1] (0.00ns)   --->   "%p_ZL17encoder_phase_acc_0_addr = getelementptr i16 %p_ZL17encoder_phase_acc_0, i64 0, i64 %zext_ln738" [src/snn_top_hls.cpp:740]   --->   Operation 19 'getelementptr' 'p_ZL17encoder_phase_acc_0_addr' <Predicate = (!icmp_ln738)> <Delay = 0.00>
ST_1 : Operation 20 [1/1] (0.00ns)   --->   "%p_ZL17encoder_phase_acc_1_addr = getelementptr i16 %p_ZL17encoder_phase_acc_1, i64 0, i64 %zext_ln738" [src/snn_top_hls.cpp:740]   --->   Operation 20 'getelementptr' 'p_ZL17encoder_phase_acc_1_addr' <Predicate = (!icmp_ln738)> <Delay = 0.00>
ST_1 : Operation 21 [1/1] (0.00ns)   --->   "%br_ln740 = br i1 %trunc_ln738, void %arrayidx92.case.0, void %arrayidx92.case.1" [src/snn_top_hls.cpp:740]   --->   Operation 21 'br' 'br_ln740' <Predicate = (!icmp_ln738)> <Delay = 0.00>
ST_1 : Operation 22 [1/1] ( I:3.25ns O:3.25ns )   --->   "%store_ln740 = store i16 0, i9 %p_ZL17encoder_phase_acc_0_addr" [src/snn_top_hls.cpp:740]   --->   Operation 22 'store' 'store_ln740' <Predicate = (!icmp_ln738 & !trunc_ln738)> <Delay = 3.25> <CoreInst = "RAM_2P_BRAM">   --->   Core 90 'RAM_2P_BRAM' <Latency = 1> <II = 1> <Delay = 3.25> <Storage> <Opcode : 'load' 'store'> <Ports = 2> <Width = 16> <Depth = 392> <RAM>
ST_1 : Operation 23 [1/1] (0.00ns)   --->   "%br_ln740 = br void %arrayidx92.exit" [src/snn_top_hls.cpp:740]   --->   Operation 23 'br' 'br_ln740' <Predicate = (!icmp_ln738 & !trunc_ln738)> <Delay = 0.00>
ST_1 : Operation 24 [1/1] ( I:3.25ns O:3.25ns )   --->   "%store_ln740 = store i16 0, i9 %p_ZL17encoder_phase_acc_1_addr" [src/snn_top_hls.cpp:740]   --->   Operation 24 'store' 'store_ln740' <Predicate = (!icmp_ln738 & trunc_ln738)> <Delay = 3.25> <CoreInst = "RAM_2P_BRAM">   --->   Core 90 'RAM_2P_BRAM' <Latency = 1> <II = 1> <Delay = 3.25> <Storage> <Opcode : 'load' 'store'> <Ports = 2> <Width = 16> <Depth = 392> <RAM>
ST_1 : Operation 25 [1/1] (0.00ns)   --->   "%br_ln740 = br void %arrayidx92.exit" [src/snn_top_hls.cpp:740]   --->   Operation 25 'br' 'br_ln740' <Predicate = (!icmp_ln738 & trunc_ln738)> <Delay = 0.00>
ST_1 : Operation 26 [1/1] (1.58ns)   --->   "%store_ln738 = store i10 %add_ln738, i10 %i" [src/snn_top_hls.cpp:738]   --->   Operation 26 'store' 'store_ln738' <Predicate = (!icmp_ln738)> <Delay = 1.58>
ST_1 : Operation 27 [1/1] (0.00ns)   --->   "%br_ln738 = br void %for.inc93" [src/snn_top_hls.cpp:738]   --->   Operation 27 'br' 'br_ln738' <Predicate = (!icmp_ln738)> <Delay = 0.00>
ST_1 : Operation 28 [1/1] (1.58ns)   --->   "%ret_ln0 = ret"   --->   Operation 28 'ret' 'ret_ln0' <Predicate = (icmp_ln738)> <Delay = 1.58>


============================================================
+ Verbose Summary: Binding
============================================================
STG Binding: 
---------------- STG Properties BEGIN ----------------
- Is combinational: 0
- Is one-state seq: 0
- Is datapath-only: 0
- Is pipelined: 0
- Is top level: 0
Port [ Return ] is wired: 1; IO mode=ap_ctrl_hs:ce=0
Port [ p_ZL17encoder_phase_acc_0]:  wired=1; compound=1; hidden=0; nouse=0; global=1; static=1; extern=0; dir=1; type=1; pingpong=0; private_global=0; MemPort=[30]; IO mode=ap_memory:ce=0
Port [ p_ZL17encoder_phase_acc_1]:  wired=1; compound=1; hidden=0; nouse=0; global=1; static=1; extern=0; dir=1; type=1; pingpong=0; private_global=0; MemPort=[30]; IO mode=ap_memory:ce=0
---------------- STG Properties END ------------------

---------------- Datapath Model BEGIN ----------------

<LifeTime>
<method=bitvector/>
i                              (alloca           ) [ 01]
specmemcore_ln0                (specmemcore      ) [ 00]
specmemcore_ln0                (specmemcore      ) [ 00]
store_ln738                    (store            ) [ 00]
br_ln0                         (br               ) [ 00]
i_2                            (load             ) [ 00]
icmp_ln738                     (icmp             ) [ 01]
add_ln738                      (add              ) [ 00]
br_ln738                       (br               ) [ 00]
trunc_ln738                    (trunc            ) [ 01]
specpipeline_ln739             (specpipeline     ) [ 00]
speclooptripcount_ln738        (speclooptripcount) [ 00]
specloopname_ln738             (specloopname     ) [ 00]
lshr_ln2                       (partselect       ) [ 00]
zext_ln738                     (zext             ) [ 00]
p_ZL17encoder_phase_acc_0_addr (getelementptr    ) [ 00]
p_ZL17encoder_phase_acc_1_addr (getelementptr    ) [ 00]
br_ln740                       (br               ) [ 00]
store_ln740                    (store            ) [ 00]
br_ln740                       (br               ) [ 00]
store_ln740                    (store            ) [ 00]
br_ln740                       (br               ) [ 00]
store_ln738                    (store            ) [ 00]
br_ln738                       (br               ) [ 00]
ret_ln0                        (ret              ) [ 00]
</LifeTime>

<model>

<comp_list>
<comp id="0" class="1000" name="p_ZL17encoder_phase_acc_0">
<pin_list>
<pin id="1" dir="1" index="0" bw="1" slack="0"/>
</pin_list>
<bind>
<StgValue><ssdm name="p_ZL17encoder_phase_acc_0"/><MemPortTyVec>3 0 </MemPortTyVec>
</StgValue>
</bind>
</comp>

<comp id="2" class="1000" name="p_ZL17encoder_phase_acc_1">
<pin_list>
<pin id="3" dir="1" index="0" bw="1" slack="0"/>
</pin_list>
<bind>
<StgValue><ssdm name="p_ZL17encoder_phase_acc_1"/><MemPortTyVec>3 0 </MemPortTyVec>
</StgValue>
</bind>
</comp>

<comp id="4" class="1001" name="const_4">
<pin_list>
<pin id="5" dir="1" index="0" bw="1" slack="0"/>
</pin_list>
<bind>
<StgValue><ssdm name=""/></StgValue>
</bind>
</comp>

<comp id="6" class="1001" name="const_6">
<pin_list>
<pin id="7" dir="1" index="0" bw="1" slack="2147483647"/>
</pin_list>
<bind>
<StgValue><ssdm name="_ssdm_op_SpecMemCore"/></StgValue>
</bind>
</comp>

<comp id="8" class="1001" name="const_8">
<pin_list>
<pin id="9" dir="1" index="0" bw="1" slack="2147483647"/>
</pin_list>
<bind>
<StgValue><ssdm name=""/></StgValue>
</bind>
</comp>

<comp id="10" class="1001" name="const_10">
<pin_list>
<pin id="11" dir="1" index="0" bw="1" slack="2147483647"/>
</pin_list>
<bind>
<StgValue><ssdm name=""/></StgValue>
</bind>
</comp>

<comp id="12" class="1001" name="const_12">
<pin_list>
<pin id="13" dir="1" index="0" bw="1" slack="2147483647"/>
</pin_list>
<bind>
<StgValue><ssdm name=""/></StgValue>
</bind>
</comp>

<comp id="14" class="1001" name="const_14">
<pin_list>
<pin id="15" dir="1" index="0" bw="1" slack="2147483647"/>
</pin_list>
<bind>
<StgValue><ssdm name=""/></StgValue>
</bind>
</comp>

<comp id="16" class="1001" name="const_16">
<pin_list>
<pin id="17" dir="1" index="0" bw="1" slack="0"/>
</pin_list>
<bind>
<StgValue><ssdm name=""/></StgValue>
</bind>
</comp>

<comp id="18" class="1001" name="const_18">
<pin_list>
<pin id="19" dir="1" index="0" bw="1" slack="0"/>
</pin_list>
<bind>
<StgValue><ssdm name=""/></StgValue>
</bind>
</comp>

<comp id="20" class="1001" name="const_20">
<pin_list>
<pin id="21" dir="1" index="0" bw="1" slack="0"/>
</pin_list>
<bind>
<StgValue><ssdm name=""/></StgValue>
</bind>
</comp>

<comp id="22" class="1001" name="const_22">
<pin_list>
<pin id="23" dir="1" index="0" bw="1" slack="2147483647"/>
</pin_list>
<bind>
<StgValue><ssdm name="_ssdm_op_SpecPipeline"/></StgValue>
</bind>
</comp>

<comp id="24" class="1001" name="const_24">
<pin_list>
<pin id="25" dir="1" index="0" bw="1" slack="2147483647"/>
</pin_list>
<bind>
<StgValue><ssdm name=""/></StgValue>
</bind>
</comp>

<comp id="26" class="1001" name="const_26">
<pin_list>
<pin id="27" dir="1" index="0" bw="1" slack="2147483647"/>
</pin_list>
<bind>
<StgValue><ssdm name=""/></StgValue>
</bind>
</comp>

<comp id="28" class="1001" name="const_28">
<pin_list>
<pin id="29" dir="1" index="0" bw="1" slack="2147483647"/>
</pin_list>
<bind>
<StgValue><ssdm name="empty_3"/></StgValue>
</bind>
</comp>

<comp id="30" class="1001" name="const_30">
<pin_list>
<pin id="31" dir="1" index="0" bw="1" slack="2147483647"/>
</pin_list>
<bind>
<StgValue><ssdm name="_ssdm_op_SpecLoopTripCount"/></StgValue>
</bind>
</comp>

<comp id="32" class="1001" name="const_32">
<pin_list>
<pin id="33" dir="1" index="0" bw="1" slack="2147483647"/>
</pin_list>
<bind>
<StgValue><ssdm name=""/></StgValue>
</bind>
</comp>

<comp id="34" class="1001" name="const_34">
<pin_list>
<pin id="35" dir="1" index="0" bw="1" slack="2147483647"/>
</pin_list>
<bind>
<StgValue><ssdm name="_ssdm_op_SpecLoopName"/></StgValue>
</bind>
</comp>

<comp id="36" class="1001" name="const_36">
<pin_list>
<pin id="37" dir="1" index="0" bw="1" slack="2147483647"/>
</pin_list>
<bind>
<StgValue><ssdm name="empty_17"/></StgValue>
</bind>
</comp>

<comp id="38" class="1001" name="const_38">
<pin_list>
<pin id="39" dir="1" index="0" bw="1" slack="0"/>
</pin_list>
<bind>
<StgValue><ssdm name="_ssdm_op_PartSelect.i9.i10.i32.i32"/></StgValue>
</bind>
</comp>

<comp id="40" class="1001" name="const_40">
<pin_list>
<pin id="41" dir="1" index="0" bw="1" slack="0"/>
</pin_list>
<bind>
<StgValue><ssdm name=""/></StgValue>
</bind>
</comp>

<comp id="42" class="1001" name="const_42">
<pin_list>
<pin id="43" dir="1" index="0" bw="1" slack="0"/>
</pin_list>
<bind>
<StgValue><ssdm name=""/></StgValue>
</bind>
</comp>

<comp id="44" class="1001" name="const_44">
<pin_list>
<pin id="45" dir="1" index="0" bw="1" slack="0"/>
</pin_list>
<bind>
<StgValue><ssdm name=""/></StgValue>
</bind>
</comp>

<comp id="46" class="1004" name="i_fu_46">
<pin_list>
<pin id="47" dir="0" index="0" bw="1" slack="0"/>
<pin id="48" dir="1" index="1" bw="10" slack="0"/>
</pin_list>
<bind>
<opcode="alloca(26) " fcode="alloca"/>
<opset="i/1 "/>
</bind>
</comp>

<comp id="50" class="1004" name="p_ZL17encoder_phase_acc_0_addr_gep_fu_50">
<pin_list>
<pin id="51" dir="0" index="0" bw="16" slack="0"/>
<pin id="52" dir="0" index="1" bw="1" slack="0"/>
<pin id="53" dir="0" index="2" bw="9" slack="0"/>
<pin id="54" dir="1" index="3" bw="9" slack="0"/>
</pin_list>
<bind>
<opcode="getelementptr(29) " fcode="getelementptr"/>
<opset="p_ZL17encoder_phase_acc_0_addr/1 "/>
</bind>
</comp>

<comp id="57" class="1004" name="p_ZL17encoder_phase_acc_1_addr_gep_fu_57">
<pin_list>
<pin id="58" dir="0" index="0" bw="16" slack="0"/>
<pin id="59" dir="0" index="1" bw="1" slack="0"/>
<pin id="60" dir="0" index="2" bw="9" slack="0"/>
<pin id="61" dir="1" index="3" bw="9" slack="0"/>
</pin_list>
<bind>
<opcode="getelementptr(29) " fcode="getelementptr"/>
<opset="p_ZL17encoder_phase_acc_1_addr/1 "/>
</bind>
</comp>

<comp id="64" class="1004" name="store_ln740_access_fu_64">
<pin_list>
<pin id="65" dir="0" index="0" bw="9" slack="2147483647"/>
<pin id="66" dir="0" index="1" bw="16" slack="2147483647"/>
<pin id="67" dir="0" index="2" bw="0" slack="0"/>
<pin id="69" dir="0" index="4" bw="9" slack="0"/>
<pin id="70" dir="0" index="5" bw="16" slack="2147483647"/>
<pin id="71" dir="0" index="6" bw="0" slack="2147483647"/>
<pin id="68" dir="1" index="3" bw="16" slack="2147483647"/>
<pin id="72" dir="1" index="7" bw="16" slack="2147483647"/>
</pin_list>
<bind>
<opcode="store(28) " fcode="store"/>
<opset="store_ln740/1 "/>
</bind>
</comp>

<comp id="75" class="1004" name="store_ln740_access_fu_75">
<pin_list>
<pin id="76" dir="0" index="0" bw="9" slack="2147483647"/>
<pin id="77" dir="0" index="1" bw="16" slack="2147483647"/>
<pin id="78" dir="0" index="2" bw="0" slack="0"/>
<pin id="80" dir="0" index="4" bw="9" slack="0"/>
<pin id="81" dir="0" index="5" bw="16" slack="2147483647"/>
<pin id="82" dir="0" index="6" bw="0" slack="2147483647"/>
<pin id="79" dir="1" index="3" bw="16" slack="2147483647"/>
<pin id="83" dir="1" index="7" bw="16" slack="2147483647"/>
</pin_list>
<bind>
<opcode="store(28) " fcode="store"/>
<opset="store_ln740/1 "/>
</bind>
</comp>

<comp id="86" class="1004" name="store_ln738_store_fu_86">
<pin_list>
<pin id="87" dir="0" index="0" bw="1" slack="0"/>
<pin id="88" dir="0" index="1" bw="10" slack="0"/>
<pin id="89" dir="1" index="2" bw="0" slack="2147483647"/>
</pin_list>
<bind>
<opcode="store(28) " fcode="store"/>
<opset="store_ln738/1 "/>
</bind>
</comp>

<comp id="91" class="1004" name="i_2_load_fu_91">
<pin_list>
<pin id="92" dir="0" index="0" bw="10" slack="0"/>
<pin id="93" dir="1" index="1" bw="10" slack="0"/>
</pin_list>
<bind>
<opcode="load(27) " fcode="load"/>
<opset="i_2/1 "/>
</bind>
</comp>

<comp id="94" class="1004" name="icmp_ln738_fu_94">
<pin_list>
<pin id="95" dir="0" index="0" bw="10" slack="0"/>
<pin id="96" dir="0" index="1" bw="10" slack="0"/>
<pin id="97" dir="1" index="2" bw="1" slack="2147483647"/>
</pin_list>
<bind>
<opcode="icmp(45) " fcode="icmp"/>
<opset="icmp_ln738/1 "/>
</bind>
</comp>

<comp id="100" class="1004" name="add_ln738_fu_100">
<pin_list>
<pin id="101" dir="0" index="0" bw="10" slack="0"/>
<pin id="102" dir="0" index="1" bw="1" slack="0"/>
<pin id="103" dir="1" index="2" bw="10" slack="0"/>
</pin_list>
<bind>
<opcode="add(8) " fcode="add"/>
<opset="add_ln738/1 "/>
</bind>
</comp>

<comp id="106" class="1004" name="trunc_ln738_fu_106">
<pin_list>
<pin id="107" dir="0" index="0" bw="10" slack="0"/>
<pin id="108" dir="1" index="1" bw="1" slack="2147483647"/>
</pin_list>
<bind>
<opcode="trunc(33) " fcode="trunc"/>
<opset="trunc_ln738/1 "/>
</bind>
</comp>

<comp id="110" class="1004" name="lshr_ln2_fu_110">
<pin_list>
<pin id="111" dir="0" index="0" bw="9" slack="0"/>
<pin id="112" dir="0" index="1" bw="10" slack="0"/>
<pin id="113" dir="0" index="2" bw="1" slack="0"/>
<pin id="114" dir="0" index="3" bw="5" slack="0"/>
<pin id="115" dir="1" index="4" bw="9" slack="0"/>
</pin_list>
<bind>
<opcode="partselect(1002) " fcode="partselect"/>
<opset="lshr_ln2/1 "/>
</bind>
</comp>

<comp id="120" class="1004" name="zext_ln738_fu_120">
<pin_list>
<pin id="121" dir="0" index="0" bw="9" slack="0"/>
<pin id="122" dir="1" index="1" bw="64" slack="0"/>
</pin_list>
<bind>
<opcode="zext(34) " fcode="zext"/>
<opset="zext_ln738/1 "/>
</bind>
</comp>

<comp id="126" class="1004" name="store_ln738_store_fu_126">
<pin_list>
<pin id="127" dir="0" index="0" bw="10" slack="0"/>
<pin id="128" dir="0" index="1" bw="10" slack="0"/>
<pin id="129" dir="1" index="2" bw="0" slack="2147483647"/>
</pin_list>
<bind>
<opcode="store(28) " fcode="store"/>
<opset="store_ln738/1 "/>
</bind>
</comp>

<comp id="131" class="1005" name="i_reg_131">
<pin_list>
<pin id="132" dir="0" index="0" bw="10" slack="0"/>
<pin id="133" dir="1" index="1" bw="10" slack="0"/>
</pin_list>
<bind>
<opset="i "/>
</bind>
</comp>

</comp_list>

<net_list>
<net id="49"><net_src comp="4" pin="0"/><net_sink comp="46" pin=0"/></net>

<net id="55"><net_src comp="0" pin="0"/><net_sink comp="50" pin=0"/></net>

<net id="56"><net_src comp="42" pin="0"/><net_sink comp="50" pin=1"/></net>

<net id="62"><net_src comp="2" pin="0"/><net_sink comp="57" pin=0"/></net>

<net id="63"><net_src comp="42" pin="0"/><net_sink comp="57" pin=1"/></net>

<net id="73"><net_src comp="44" pin="0"/><net_sink comp="64" pin=4"/></net>

<net id="74"><net_src comp="50" pin="3"/><net_sink comp="64" pin=2"/></net>

<net id="84"><net_src comp="44" pin="0"/><net_sink comp="75" pin=4"/></net>

<net id="85"><net_src comp="57" pin="3"/><net_sink comp="75" pin=2"/></net>

<net id="90"><net_src comp="16" pin="0"/><net_sink comp="86" pin=0"/></net>

<net id="98"><net_src comp="91" pin="1"/><net_sink comp="94" pin=0"/></net>

<net id="99"><net_src comp="18" pin="0"/><net_sink comp="94" pin=1"/></net>

<net id="104"><net_src comp="91" pin="1"/><net_sink comp="100" pin=0"/></net>

<net id="105"><net_src comp="20" pin="0"/><net_sink comp="100" pin=1"/></net>

<net id="109"><net_src comp="91" pin="1"/><net_sink comp="106" pin=0"/></net>

<net id="116"><net_src comp="38" pin="0"/><net_sink comp="110" pin=0"/></net>

<net id="117"><net_src comp="91" pin="1"/><net_sink comp="110" pin=1"/></net>

<net id="118"><net_src comp="4" pin="0"/><net_sink comp="110" pin=2"/></net>

<net id="119"><net_src comp="40" pin="0"/><net_sink comp="110" pin=3"/></net>

<net id="123"><net_src comp="110" pin="4"/><net_sink comp="120" pin=0"/></net>

<net id="124"><net_src comp="120" pin="1"/><net_sink comp="50" pin=2"/></net>

<net id="125"><net_src comp="120" pin="1"/><net_sink comp="57" pin=2"/></net>

<net id="130"><net_src comp="100" pin="2"/><net_sink comp="126" pin=0"/></net>

<net id="134"><net_src comp="46" pin="1"/><net_sink comp="131" pin=0"/></net>

<net id="135"><net_src comp="131" pin="1"/><net_sink comp="86" pin=1"/></net>

<net id="136"><net_src comp="131" pin="1"/><net_sink comp="91" pin=0"/></net>

<net id="137"><net_src comp="131" pin="1"/><net_sink comp="126" pin=1"/></net>

</net_list>

</model> 
---------------- Datapath Model END ------------------

* FSMD analyzer results:
  - Output states:
	Port: p_ZL17encoder_phase_acc_0 | {1 }
	Port: p_ZL17encoder_phase_acc_1 | {1 }
 - Input state : 
	Port: snn_top_hls_Pipeline_RESET_ENCODER : p_ZL17encoder_phase_acc_0 | {}
	Port: snn_top_hls_Pipeline_RESET_ENCODER : p_ZL17encoder_phase_acc_1 | {}
  - Chain level:
	State 1
		store_ln738 : 1
		i_2 : 1
		icmp_ln738 : 2
		add_ln738 : 2
		br_ln738 : 3
		trunc_ln738 : 2
		lshr_ln2 : 2
		zext_ln738 : 3
		p_ZL17encoder_phase_acc_0_addr : 4
		p_ZL17encoder_phase_acc_1_addr : 4
		br_ln740 : 3
		store_ln740 : 5
		store_ln740 : 5
		store_ln738 : 3


============================================================
+ Verbose Summary: Datapath Resource usage 
============================================================

* Functional unit list:
|----------|--------------------|---------|---------|
| Operation|   Functional Unit  |    FF   |   LUT   |
|----------|--------------------|---------|---------|
|   icmp   |  icmp_ln738_fu_94  |    0    |    13   |
|----------|--------------------|---------|---------|
|    add   |  add_ln738_fu_100  |    0    |    13   |
|----------|--------------------|---------|---------|
|   trunc  | trunc_ln738_fu_106 |    0    |    0    |
|----------|--------------------|---------|---------|
|partselect|   lshr_ln2_fu_110  |    0    |    0    |
|----------|--------------------|---------|---------|
|   zext   |  zext_ln738_fu_120 |    0    |    0    |
|----------|--------------------|---------|---------|
|   Total  |                    |    0    |    26   |
|----------|--------------------|---------|---------|

Memories:
N/A

* Register list:
+---------+--------+
|         |   FF   |
+---------+--------+
|i_reg_131|   10   |
+---------+--------+
|  Total  |   10   |
+---------+--------+

* Multiplexer (MUX) list: 
|--------|------|------|------|--------|
|  Comp  |  Pin | Size |  BW  | S x BW |
|--------|------|------|------|--------|
|  Total |      |      |      |    0   |
|--------|------|------|------|--------|



* Summary:
+-----------+--------+--------+
|           |   FF   |   LUT  |
+-----------+--------+--------+
|  Function |    0   |   26   |
|   Memory  |    -   |    -   |
|Multiplexer|    -   |    -   |
|  Register |   10   |    -   |
+-----------+--------+--------+
|   Total   |   10   |   26   |
+-----------+--------+--------+
