

================================================================
== Vitis HLS Report for 'snn_top_hls_Pipeline_INIT_WEIGHT_OUTER_INIT_WEIGHT_INNER'
================================================================
* Date:           Tue Feb 10 18:59:24 2026

* Version:        2025.2 (Build 6295257 on Nov 14 2025)
* Project:        hls_csim_output
* Solution:       hls (Vivado IP Flow Target)
* Product family: zynq
* Target device:  xc7z020-clg400-1


================================================================
== Performance Estimates
================================================================
+ Timing: 
    * Summary: 
    +--------+----------+----------+------------+
    |  Clock |  Target  | Estimated| Uncertainty|
    +--------+----------+----------+------------+
    |ap_clk  |  10.00 ns|  6.202 ns|     2.70 ns|
    +--------+----------+----------+------------+

+ Latency: 
    * Summary: 
    +---------+---------+----------+----------+-----+-----+-------------------+
    |  Latency (cycles) |  Latency (absolute) |  Interval |      Pipeline     |
    |   min   |   max   |    min   |    max   | min | max |        Type       |
    +---------+---------+----------+----------+-----+-----+-------------------+
    |    65538|    65538|  0.655 ms|  0.655 ms|    0|    0|  loop pipeline stp|
    +---------+---------+----------+----------+-----+-----+-------------------+

    + Detail: 
        * Instance: 
        N/A

        * Loop: 
        +---------------------------------------+---------+---------+----------+-----------+-----------+-------+----------+
        |                                       |  Latency (cycles) | Iteration|  Initiation Interval  |  Trip |          |
        |               Loop Name               |   min   |   max   |  Latency |  achieved |   target  | Count | Pipelined|
        +---------------------------------------+---------+---------+----------+-----------+-----------+-------+----------+
        |- INIT_WEIGHT_OUTER_INIT_WEIGHT_INNER  |    65536|    65536|         2|          1|          1|  65536|       yes|
        +---------------------------------------+---------+---------+----------+-----------+-----------+-------+----------+

============================================================
+ Verbose Summary: Synthesis Manager
============================================================
InlineROM: 1
ExposeGlobal: 0
============================================================
+ Verbose Summary: CDFG Model
============================================================
IsTopModel: 0
ResetActiveHigh: 1
IsCombinational: 0
IsDatapathOnly: 0
HasWiredReturn: 1
HasMFsm: 2
HasVarLatency: 1
IsPipeline: 0
IsRtlPipelined: 0
IsInstanceOverlapped: 0
IsDontTouch: 0
HasImplIP: 0
IsGatedGlobalClock: 0

+ Individual pipeline summary: 
  * Pipeline-0: initiation interval (II) = 1, depth = 2


============================================================
+ Verbose Summary: Schedule
============================================================
* Number of FSM states : 2
* Pipeline : 1
  Pipeline-0 : II = 1, D = 2, States = { 1 2 }
* Dataflow Pipeline: 0

* FSM state transitions: 
1 --> 2 
2 --> 

* FSM state operations: 

State 1 <SV = 0> <Delay = 5.28>
ST_1 : Operation 5 [1/1] (0.00ns)   --->   "%j = alloca i32 1" [src/snn_top_hls.cpp:747]   --->   Operation 5 'alloca' 'j' <Predicate = true> <Delay = 0.00>
ST_1 : Operation 6 [1/1] (0.00ns)   --->   "%i_3 = alloca i32 1" [src/snn_top_hls.cpp:746]   --->   Operation 6 'alloca' 'i_3' <Predicate = true> <Delay = 0.00>
ST_1 : Operation 7 [1/1] (0.00ns)   --->   "%indvar_flatten = alloca i32 1"   --->   Operation 7 'alloca' 'indvar_flatten' <Predicate = true> <Delay = 0.00>
ST_1 : Operation 8 [1/1] (0.00ns)   --->   "%specmemcore_ln0 = specmemcore void @_ssdm_op_SpecMemCore, i8 %p_ZL13weight_memory_0, i64 666, i64 22, i64 18446744073709551615, i1 0"   --->   Operation 8 'specmemcore' 'specmemcore_ln0' <Predicate = true> <Delay = 0.00>
ST_1 : Operation 9 [1/1] (0.00ns)   --->   "%specmemcore_ln0 = specmemcore void @_ssdm_op_SpecMemCore, i8 %p_ZL13weight_memory_1, i64 666, i64 22, i64 18446744073709551615, i1 0"   --->   Operation 9 'specmemcore' 'specmemcore_ln0' <Predicate = true> <Delay = 0.00>
ST_1 : Operation 10 [1/1] (1.58ns)   --->   "%store_ln0 = store i17 0, i17 %indvar_flatten"   --->   Operation 10 'store' 'store_ln0' <Predicate = true> <Delay = 1.58>
ST_1 : Operation 11 [1/1] (1.58ns)   --->   "%store_ln746 = store i9 0, i9 %i_3" [src/snn_top_hls.cpp:746]   --->   Operation 11 'store' 'store_ln746' <Predicate = true> <Delay = 1.58>
ST_1 : Operation 12 [1/1] (1.58ns)   --->   "%store_ln747 = store i9 0, i9 %j" [src/snn_top_hls.cpp:747]   --->   Operation 12 'store' 'store_ln747' <Predicate = true> <Delay = 1.58>
ST_1 : Operation 13 [1/1] (0.00ns)   --->   "%br_ln0 = br void %for.inc112"   --->   Operation 13 'br' 'br_ln0' <Predicate = true> <Delay = 0.00>
ST_1 : Operation 14 [1/1] (0.00ns)   --->   "%indvar_flatten_load = load i17 %indvar_flatten" [src/snn_top_hls.cpp:746]   --->   Operation 14 'load' 'indvar_flatten_load' <Predicate = true> <Delay = 0.00>
ST_1 : Operation 15 [1/1] (2.10ns)   --->   "%icmp_ln746 = icmp_eq  i17 %indvar_flatten_load, i17 65536" [src/snn_top_hls.cpp:746]   --->   Operation 15 'icmp' 'icmp_ln746' <Predicate = true> <Delay = 2.10> <CoreInst = "Cmp">   --->   Core 9 'Cmp' <Latency = 0> <II = 1> <Delay = 2.10> <FuncUnit> <Opcode : 'seteq' 'setne' 'setle' 'setge' 'setlt' 'setgt'> <InPorts = 2> <OutPorts = 1>
ST_1 : Operation 16 [1/1] (2.10ns)   --->   "%add_ln746_1 = add i17 %indvar_flatten_load, i17 1" [src/snn_top_hls.cpp:746]   --->   Operation 16 'add' 'add_ln746_1' <Predicate = true> <Delay = 2.10> <CoreInst = "Adder">   --->   Core 1 'Adder' <Latency = 0> <II = 1> <Delay = 2.10> <FuncUnit> <Opcode : 'add' 'sub'> <InPorts = 2> <OutPorts = 1>
ST_1 : Operation 17 [1/1] (0.00ns)   --->   "%br_ln746 = br i1 %icmp_ln746, void %for.inc115, void %for.end117.exitStub" [src/snn_top_hls.cpp:746]   --->   Operation 17 'br' 'br_ln746' <Predicate = true> <Delay = 0.00>
ST_1 : Operation 18 [1/1] (1.58ns)   --->   "%store_ln746 = store i17 %add_ln746_1, i17 %indvar_flatten" [src/snn_top_hls.cpp:746]   --->   Operation 18 'store' 'store_ln746' <Predicate = (!icmp_ln746)> <Delay = 1.58>
ST_1 : Operation 44 [1/1] (1.58ns)   --->   "%ret_ln0 = ret"   --->   Operation 44 'ret' 'ret_ln0' <Predicate = (icmp_ln746)> <Delay = 1.58>

State 2 <SV = 1> <Delay = 6.20>
ST_2 : Operation 19 [1/1] (0.00ns)   --->   "%j_load = load i9 %j" [src/snn_top_hls.cpp:747]   --->   Operation 19 'load' 'j_load' <Predicate = true> <Delay = 0.00>
ST_2 : Operation 20 [1/1] (0.00ns)   --->   "%i_3_load = load i9 %i_3" [src/snn_top_hls.cpp:746]   --->   Operation 20 'load' 'i_3_load' <Predicate = true> <Delay = 0.00>
ST_2 : Operation 21 [1/1] (1.82ns)   --->   "%add_ln746 = add i9 %i_3_load, i9 1" [src/snn_top_hls.cpp:746]   --->   Operation 21 'add' 'add_ln746' <Predicate = true> <Delay = 1.82> <CoreInst = "Adder">   --->   Core 1 'Adder' <Latency = 0> <II = 1> <Delay = 1.82> <FuncUnit> <Opcode : 'add' 'sub'> <InPorts = 2> <OutPorts = 1>
ST_2 : Operation 22 [1/1] (0.00ns)   --->   "%specloopname_ln0 = specloopname void @_ssdm_op_SpecLoopName, void @INIT_WEIGHT_OUTER_INIT_WEIGHT_INNER_str"   --->   Operation 22 'specloopname' 'specloopname_ln0' <Predicate = true> <Delay = 0.00>
ST_2 : Operation 23 [1/1] (0.00ns)   --->   "%speclooptripcount_ln0 = speclooptripcount void @_ssdm_op_SpecLoopTripCount, i64 65536, i64 65536, i64 65536"   --->   Operation 23 'speclooptripcount' 'speclooptripcount_ln0' <Predicate = true> <Delay = 0.00>
ST_2 : Operation 24 [1/1] (1.82ns)   --->   "%icmp_ln747 = icmp_eq  i9 %j_load, i9 256" [src/snn_top_hls.cpp:747]   --->   Operation 24 'icmp' 'icmp_ln747' <Predicate = true> <Delay = 1.82> <CoreInst = "Cmp">   --->   Core 9 'Cmp' <Latency = 0> <II = 1> <Delay = 1.82> <FuncUnit> <Opcode : 'seteq' 'setne' 'setle' 'setge' 'setlt' 'setgt'> <InPorts = 2> <OutPorts = 1>
ST_2 : Operation 25 [1/1] (0.96ns)   --->   "%select_ln746 = select i1 %icmp_ln747, i9 0, i9 %j_load" [src/snn_top_hls.cpp:746]   --->   Operation 25 'select' 'select_ln746' <Predicate = true> <Delay = 0.96> <CoreInst = "Sel">   --->   Core 73 'Sel' <Latency = 0> <II = 1> <Delay = 0.96> <FuncUnit> <Opcode : 'select'> <InPorts = 3> <OutPorts = 1>
ST_2 : Operation 26 [1/1] (0.96ns)   --->   "%select_ln746_1 = select i1 %icmp_ln747, i9 %add_ln746, i9 %i_3_load" [src/snn_top_hls.cpp:746]   --->   Operation 26 'select' 'select_ln746_1' <Predicate = true> <Delay = 0.96> <CoreInst = "Sel">   --->   Core 73 'Sel' <Latency = 0> <II = 1> <Delay = 0.96> <FuncUnit> <Opcode : 'select'> <InPorts = 3> <OutPorts = 1>
ST_2 : Operation 27 [1/1] (0.00ns)   --->   "%trunc_ln747 = trunc i9 %select_ln746_1" [src/snn_top_hls.cpp:747]   --->   Operation 27 'trunc' 'trunc_ln747' <Predicate = true> <Delay = 0.00>
ST_2 : Operation 28 [1/1] (0.00ns)   --->   "%trunc_ln747_1 = trunc i9 %select_ln746" [src/snn_top_hls.cpp:747]   --->   Operation 28 'trunc' 'trunc_ln747_1' <Predicate = true> <Delay = 0.00>
ST_2 : Operation 29 [1/1] (0.00ns)   --->   "%specpipeline_ln748 = specpipeline void @_ssdm_op_SpecPipeline, i32 1, i32 0, i32 0, i32 0, i32 4294967295, void @empty_3" [src/snn_top_hls.cpp:748]   --->   Operation 29 'specpipeline' 'specpipeline_ln748' <Predicate = true> <Delay = 0.00>
ST_2 : Operation 30 [1/1] (0.00ns)   --->   "%lshr_ln3 = partselect i7 @_ssdm_op_PartSelect.i7.i9.i32.i32, i9 %select_ln746, i32 1, i32 7" [src/snn_top_hls.cpp:750]   --->   Operation 30 'partselect' 'lshr_ln3' <Predicate = true> <Delay = 0.00>
ST_2 : Operation 31 [1/1] (0.00ns)   --->   "%tmp_s = bitconcatenate i15 @_ssdm_op_BitConcatenate.i15.i8.i7, i8 %trunc_ln747, i7 %lshr_ln3" [src/snn_top_hls.cpp:750]   --->   Operation 31 'bitconcatenate' 'tmp_s' <Predicate = true> <Delay = 0.00>
ST_2 : Operation 32 [1/1] (0.00ns)   --->   "%zext_ln750 = zext i15 %tmp_s" [src/snn_top_hls.cpp:750]   --->   Operation 32 'zext' 'zext_ln750' <Predicate = true> <Delay = 0.00>
ST_2 : Operation 33 [1/1] (0.00ns)   --->   "%p_ZL13weight_memory_0_addr = getelementptr i8 %p_ZL13weight_memory_0, i64 0, i64 %zext_ln750" [src/snn_top_hls.cpp:750]   --->   Operation 33 'getelementptr' 'p_ZL13weight_memory_0_addr' <Predicate = true> <Delay = 0.00>
ST_2 : Operation 34 [1/1] (0.00ns)   --->   "%p_ZL13weight_memory_1_addr = getelementptr i8 %p_ZL13weight_memory_1, i64 0, i64 %zext_ln750" [src/snn_top_hls.cpp:750]   --->   Operation 34 'getelementptr' 'p_ZL13weight_memory_1_addr' <Predicate = true> <Delay = 0.00>
ST_2 : Operation 35 [1/1] (0.00ns)   --->   "%br_ln750 = br i1 %trunc_ln747_1, void %arrayidx1118.case.0, void %arrayidx1118.case.1" [src/snn_top_hls.cpp:750]   --->   Operation 35 'br' 'br_ln750' <Predicate = true> <Delay = 0.00>
ST_2 : Operation 36 [1/1] ( I:3.25ns O:3.25ns )   --->   "%store_ln750 = store i8 0, i15 %p_ZL13weight_memory_0_addr" [src/snn_top_hls.cpp:750]   --->   Operation 36 'store' 'store_ln750' <Predicate = (!trunc_ln747_1)> <Delay = 3.25> <CoreInst = "RAM_2P_BRAM">   --->   Core 90 'RAM_2P_BRAM' <Latency = 1> <II = 1> <Delay = 3.25> <Storage> <Opcode : 'load' 'store'> <Ports = 2> <Width = 8> <Depth = 32768> <RAM>
ST_2 : Operation 37 [1/1] (0.00ns)   --->   "%br_ln750 = br void %arrayidx1118.exit" [src/snn_top_hls.cpp:750]   --->   Operation 37 'br' 'br_ln750' <Predicate = (!trunc_ln747_1)> <Delay = 0.00>
ST_2 : Operation 38 [1/1] ( I:3.25ns O:3.25ns )   --->   "%store_ln750 = store i8 0, i15 %p_ZL13weight_memory_1_addr" [src/snn_top_hls.cpp:750]   --->   Operation 38 'store' 'store_ln750' <Predicate = (trunc_ln747_1)> <Delay = 3.25> <CoreInst = "RAM_2P_BRAM">   --->   Core 90 'RAM_2P_BRAM' <Latency = 1> <II = 1> <Delay = 3.25> <Storage> <Opcode : 'load' 'store'> <Ports = 2> <Width = 8> <Depth = 32768> <RAM>
ST_2 : Operation 39 [1/1] (0.00ns)   --->   "%br_ln750 = br void %arrayidx1118.exit" [src/snn_top_hls.cpp:750]   --->   Operation 39 'br' 'br_ln750' <Predicate = (trunc_ln747_1)> <Delay = 0.00>
ST_2 : Operation 40 [1/1] (1.82ns)   --->   "%add_ln747 = add i9 %select_ln746, i9 1" [src/snn_top_hls.cpp:747]   --->   Operation 40 'add' 'add_ln747' <Predicate = true> <Delay = 1.82> <CoreInst = "Adder">   --->   Core 1 'Adder' <Latency = 0> <II = 1> <Delay = 1.82> <FuncUnit> <Opcode : 'add' 'sub'> <InPorts = 2> <OutPorts = 1>
ST_2 : Operation 41 [1/1] (1.58ns)   --->   "%store_ln746 = store i9 %select_ln746_1, i9 %i_3" [src/snn_top_hls.cpp:746]   --->   Operation 41 'store' 'store_ln746' <Predicate = true> <Delay = 1.58>
ST_2 : Operation 42 [1/1] (1.58ns)   --->   "%store_ln747 = store i9 %add_ln747, i9 %j" [src/snn_top_hls.cpp:747]   --->   Operation 42 'store' 'store_ln747' <Predicate = true> <Delay = 1.58>
ST_2 : Operation 43 [1/1] (0.00ns)   --->   "%br_ln747 = br void %for.inc112" [src/snn_top_hls.cpp:747]   --->   Operation 43 'br' 'br_ln747' <Predicate = true> <Delay = 0.00>


============================================================
+ Verbose Summary: Timing violations
============================================================
Target clock period: 10.000ns, clock uncertainty: 2.700ns.

 <State 1>: 5.283ns
The critical path consists of the following:
	'store' operation ('store_ln0') of constant 0 17 bit on local variable 'indvar_flatten' [8]  (1.588 ns)
	'load' operation 17 bit ('indvar_flatten_load', src/snn_top_hls.cpp:746) on local variable 'indvar_flatten' [13]  (0.000 ns)
	'icmp' operation 1 bit ('icmp_ln746', src/snn_top_hls.cpp:746) [14]  (2.107 ns)
	'store' operation ('store_ln746', src/snn_top_hls.cpp:746) of variable 'add_ln746_1', src/snn_top_hls.cpp:746 17 bit on local variable 'indvar_flatten' [43]  (1.588 ns)

 <State 2>: 6.202ns
The critical path consists of the following:
	'load' operation 9 bit ('j_load', src/snn_top_hls.cpp:747) on local variable 'j', src/snn_top_hls.cpp:747 [18]  (0.000 ns)
	'icmp' operation 1 bit ('icmp_ln747', src/snn_top_hls.cpp:747) [23]  (1.823 ns)
	'select' operation 9 bit ('select_ln746', src/snn_top_hls.cpp:746) [24]  (0.968 ns)
	'add' operation 9 bit ('add_ln747', src/snn_top_hls.cpp:747) [42]  (1.823 ns)
	'store' operation ('store_ln747', src/snn_top_hls.cpp:747) of variable 'add_ln747', src/snn_top_hls.cpp:747 9 bit on local variable 'j', src/snn_top_hls.cpp:747 [45]  (1.588 ns)


============================================================
+ Verbose Summary: Binding
============================================================
N/A
* FSMD analyzer results:
  - Output states:
 - Input state : 
  - Chain level:
	State 1
	State 2


============================================================
+ Verbose Summary: Datapath Resource usage 
============================================================
N/A
