

================================================================
== Vitis HLS Report for 'snn_top_hls_Pipeline_LOAD_FRAME'
================================================================
* Date:           Tue Feb 10 18:59:26 2026

* Version:        2025.2 (Build 6295257 on Nov 14 2025)
* Project:        hls_csim_output
* Solution:       hls (Vivado IP Flow Target)
* Product family: zynq
* Target device:  xc7z020-clg400-1


================================================================
== Performance Estimates
================================================================
+ Timing: 
    * Summary: 
    +--------+----------+----------+------------+
    |  Clock |  Target  | Estimated| Uncertainty|
    +--------+----------+----------+------------+
    |ap_clk  |  10.00 ns|  6.396 ns|     2.70 ns|
    +--------+----------+----------+------------+

+ Latency: 
    * Summary: 
    +---------+---------+-----------+----------+-----+-----+-------------------+
    |  Latency (cycles) |  Latency (absolute)  |  Interval |      Pipeline     |
    |   min   |   max   |    min    |    max   | min | max |        Type       |
    +---------+---------+-----------+----------+-----+-----+-------------------+
    |        2|      198|  20.000 ns|  1.980 us|    0|    0|  loop pipeline stp|
    +---------+---------+-----------+----------+-----+-----+-------------------+

    + Detail: 
        * Instance: 
        N/A

        * Loop: 
        +--------------+---------+---------+----------+-----------+-----------+---------+----------+
        |              |  Latency (cycles) | Iteration|  Initiation Interval  |   Trip  |          |
        |   Loop Name  |   min   |   max   |  Latency |  achieved |   target  |  Count  | Pipelined|
        +--------------+---------+---------+----------+-----------+-----------+---------+----------+
        |- LOAD_FRAME  |        0|      196|         1|          1|          1|  0 ~ 196|       yes|
        +--------------+---------+---------+----------+-----------+-----------+---------+----------+



================================================================
== Utilization Estimates
================================================================
* Summary: 
+-----------------+---------+-----+--------+-------+-----+
|       Name      | BRAM_18K| DSP |   FF   |  LUT  | URAM|
+-----------------+---------+-----+--------+-------+-----+
|DSP              |        -|    -|       -|      -|    -|
|Expression       |        -|    -|       0|     38|    -|
|FIFO             |        -|    -|       -|      -|    -|
|Instance         |        -|    -|       -|      -|    -|
|Memory           |        -|    -|       -|      -|    -|
|Multiplexer      |        -|    -|       0|     36|    -|
|Register         |        -|    -|      10|      -|    -|
+-----------------+---------+-----+--------+-------+-----+
|Total            |        0|    0|      10|     74|    0|
+-----------------+---------+-----+--------+-------+-----+
|Available        |      280|  220|  106400|  53200|    0|
+-----------------+---------+-----+--------+-------+-----+
|Utilization (%)  |        0|    0|      ~0|     ~0|    0|
+-----------------+---------+-----+--------+-------+-----+

+ Detail: 
    * Instance: 
    N/A

    * DSP: 
    N/A

    * Memory: 
    N/A

    * FIFO: 
    N/A

    * Expression: 
    +----------------------------------+----------+----+---+----+------------+------------+
    |           Variable Name          | Operation| DSP| FF| LUT| Bitwidth P0| Bitwidth P1|
    +----------------------------------+----------+----+---+----+------------+------------+
    |add_ln787_fu_174_p2               |         +|   0|  0|  15|           8|           1|
    |or_cond_fu_260_p2                 |       and|   0|  0|   2|           1|           1|
    |tmp_5_nbreadreq_fu_78_p9          |       and|   0|  0|   2|           1|           0|
    |icmp_ln787_fu_254_p2              |      icmp|   0|  0|  15|           8|           7|
    |ap_block_state1_pp0_stage0_iter0  |        or|   0|  0|   2|           1|           1|
    |xor_ln796_fu_248_p2               |       xor|   0|  0|   2|           1|           2|
    +----------------------------------+----------+----+---+----+------------+------------+
    |Total                             |          |   0|  0|  38|          20|          12|
    +----------------------------------+----------+----+---+----+------------+------------+

    * Multiplexer: 
    +-------------------------+----+-----------+-----+-----------+
    |           Name          | LUT| Input Size| Bits| Total Bits|
    +-------------------------+----+-----------+-----+-----------+
    |ap_done_int              |   9|          2|    1|          2|
    |ap_sig_allocacmp_i_4     |   9|          2|    8|         16|
    |i_fu_74                  |   9|          2|    8|         16|
    |s_axis_data_TDATA_blk_n  |   9|          2|    1|          2|
    +-------------------------+----+-----------+-----+-----------+
    |Total                    |  36|          8|   18|         36|
    +-------------------------+----+-----------+-----+-----------+

    * Register: 
    +-------------+---+----+-----+-----------+
    |     Name    | FF| LUT| Bits| Const Bits|
    +-------------+---+----+-----+-----------+
    |ap_CS_fsm    |  1|   0|    1|          0|
    |ap_done_reg  |  1|   0|    1|          0|
    |i_fu_74      |  8|   0|    8|          0|
    +-------------+---+----+-----+-----------+
    |Total        | 10|   0|   10|          0|
    +-------------+---+----+-----+-----------+



================================================================
== Interface
================================================================
* Summary: 
+--------------------------------+-----+-----+------------+---------------------------------+--------------+
|            RTL Ports           | Dir | Bits|  Protocol  |          Source Object          |    C Type    |
+--------------------------------+-----+-----+------------+---------------------------------+--------------+
|ap_clk                          |   in|    1|  ap_ctrl_hs|  snn_top_hls_Pipeline_LOAD_FRAME|  return value|
|ap_rst                          |   in|    1|  ap_ctrl_hs|  snn_top_hls_Pipeline_LOAD_FRAME|  return value|
|ap_start                        |   in|    1|  ap_ctrl_hs|  snn_top_hls_Pipeline_LOAD_FRAME|  return value|
|ap_done                         |  out|    1|  ap_ctrl_hs|  snn_top_hls_Pipeline_LOAD_FRAME|  return value|
|ap_idle                         |  out|    1|  ap_ctrl_hs|  snn_top_hls_Pipeline_LOAD_FRAME|  return value|
|ap_ready                        |  out|    1|  ap_ctrl_hs|  snn_top_hls_Pipeline_LOAD_FRAME|  return value|
|s_axis_data_TVALID              |   in|    1|        axis|             s_axis_data_V_data_V|       pointer|
|s_axis_data_TDATA               |   in|   32|        axis|             s_axis_data_V_data_V|       pointer|
|s_axis_data_TREADY              |  out|    1|        axis|             s_axis_data_V_dest_V|       pointer|
|s_axis_data_TDEST               |   in|    1|        axis|             s_axis_data_V_dest_V|       pointer|
|s_axis_data_TKEEP               |   in|    4|        axis|             s_axis_data_V_keep_V|       pointer|
|s_axis_data_TSTRB               |   in|    4|        axis|             s_axis_data_V_strb_V|       pointer|
|s_axis_data_TUSER               |   in|    1|        axis|             s_axis_data_V_user_V|       pointer|
|s_axis_data_TLAST               |   in|    1|        axis|             s_axis_data_V_last_V|       pointer|
|s_axis_data_TID                 |   in|    1|        axis|               s_axis_data_V_id_V|       pointer|
|p_ZL13encoder_frame_0_address0  |  out|    9|   ap_memory|            p_ZL13encoder_frame_0|         array|
|p_ZL13encoder_frame_0_ce0       |  out|    1|   ap_memory|            p_ZL13encoder_frame_0|         array|
|p_ZL13encoder_frame_0_we0       |  out|    1|   ap_memory|            p_ZL13encoder_frame_0|         array|
|p_ZL13encoder_frame_0_d0        |  out|    8|   ap_memory|            p_ZL13encoder_frame_0|         array|
|p_ZL13encoder_frame_0_address1  |  out|    9|   ap_memory|            p_ZL13encoder_frame_0|         array|
|p_ZL13encoder_frame_0_ce1       |  out|    1|   ap_memory|            p_ZL13encoder_frame_0|         array|
|p_ZL13encoder_frame_0_we1       |  out|    1|   ap_memory|            p_ZL13encoder_frame_0|         array|
|p_ZL13encoder_frame_0_d1        |  out|    8|   ap_memory|            p_ZL13encoder_frame_0|         array|
|p_ZL13encoder_frame_1_address0  |  out|    9|   ap_memory|            p_ZL13encoder_frame_1|         array|
|p_ZL13encoder_frame_1_ce0       |  out|    1|   ap_memory|            p_ZL13encoder_frame_1|         array|
|p_ZL13encoder_frame_1_we0       |  out|    1|   ap_memory|            p_ZL13encoder_frame_1|         array|
|p_ZL13encoder_frame_1_d0        |  out|    8|   ap_memory|            p_ZL13encoder_frame_1|         array|
|p_ZL13encoder_frame_1_address1  |  out|    9|   ap_memory|            p_ZL13encoder_frame_1|         array|
|p_ZL13encoder_frame_1_ce1       |  out|    1|   ap_memory|            p_ZL13encoder_frame_1|         array|
|p_ZL13encoder_frame_1_we1       |  out|    1|   ap_memory|            p_ZL13encoder_frame_1|         array|
|p_ZL13encoder_frame_1_d1        |  out|    8|   ap_memory|            p_ZL13encoder_frame_1|         array|
+--------------------------------+-----+-----+------------+---------------------------------+--------------+

============================================================
+ Verbose Summary: Synthesis Manager
============================================================
InlineROM: 1
ExposeGlobal: 0
============================================================
+ Verbose Summary: CDFG Model
============================================================
IsTopModel: 0
ResetActiveHigh: 1
IsCombinational: 2
IsDatapathOnly: 2
HasWiredReturn: 1
HasMFsm: 2
HasVarLatency: 1
IsPipeline: 0
IsRtlPipelined: 0
IsInstanceOverlapped: 0
IsDontTouch: 0
HasImplIP: 0
IsGatedGlobalClock: 0

+ Individual pipeline summary: 
  * Pipeline-0: initiation interval (II) = 1, depth = 1


============================================================
+ Verbose Summary: Schedule
============================================================
* Number of FSM states : 1
* Pipeline : 1
  Pipeline-0 : II = 1, D = 1, States = { 1 }
* Dataflow Pipeline: 0

* FSM state transitions: 
1 --> 

* FSM state operations: 

State 1 <SV = 0> <Delay = 6.39>
ST_1 : Operation 4 [1/1] (0.00ns)   --->   "%i = alloca i32 1" [src/snn_top_hls.cpp:787]   --->   Operation 4 'alloca' 'i' <Predicate = true> <Delay = 0.00>
ST_1 : Operation 5 [1/1] (0.00ns)   --->   "%specaxissidechannel_ln0 = specaxissidechannel void @_ssdm_op_SpecAXISSideChannel, i32 %s_axis_data_V_data_V, i4 %s_axis_data_V_keep_V, i4 %s_axis_data_V_strb_V, i1 %s_axis_data_V_user_V, i1 %s_axis_data_V_last_V, i1 %s_axis_data_V_id_V, i1 %s_axis_data_V_dest_V, void @empty_36"   --->   Operation 5 'specaxissidechannel' 'specaxissidechannel_ln0' <Predicate = true> <Delay = 0.00>
ST_1 : Operation 6 [1/1] (0.00ns)   --->   "%specinterface_ln0 = specinterface void @_ssdm_op_SpecInterface, i1 %s_axis_data_V_dest_V, i1 %s_axis_data_V_id_V, i1 %s_axis_data_V_last_V, i1 %s_axis_data_V_user_V, i4 %s_axis_data_V_strb_V, i4 %s_axis_data_V_keep_V, i32 %s_axis_data_V_data_V, void @empty_13, i32 0, i32 0, void @empty_33, i32 0, i32 0, void @empty_3, void @empty_3, void @empty_3, i32 0, i32 0, i32 0, i32 0, void @empty_3, void @empty_3, i32 4294967295, i32 0, i32 0, i32 0"   --->   Operation 6 'specinterface' 'specinterface_ln0' <Predicate = true> <Delay = 0.00>
ST_1 : Operation 7 [1/1] (1.58ns)   --->   "%store_ln787 = store i8 0, i8 %i" [src/snn_top_hls.cpp:787]   --->   Operation 7 'store' 'store_ln787' <Predicate = true> <Delay = 1.58>
ST_1 : Operation 8 [1/1] (0.00ns)   --->   "%br_ln787 = br void %for.body151" [src/snn_top_hls.cpp:787]   --->   Operation 8 'br' 'br_ln787' <Predicate = true> <Delay = 0.00>
ST_1 : Operation 9 [1/1] (0.00ns)   --->   "%i_4 = load i8 %i" [src/snn_top_hls.cpp:787]   --->   Operation 9 'load' 'i_4' <Predicate = true> <Delay = 0.00>
ST_1 : Operation 10 [1/1] ( I:1.29ns O:1.29ns )   --->   "%tmp_5 = nbreadreq i1 @_ssdm_op_NbReadReq.axis.i32P0A.i4P0A.i4P0A.i1P0A.i1P0A.i1P0A.i1P0A, i32 %s_axis_data_V_data_V, i4 %s_axis_data_V_keep_V, i4 %s_axis_data_V_strb_V, i1 %s_axis_data_V_user_V, i1 %s_axis_data_V_last_V, i1 %s_axis_data_V_id_V, i1 %s_axis_data_V_dest_V, i32 1" [src/snn_top_hls.cpp:789]   --->   Operation 10 'nbreadreq' 'tmp_5' <Predicate = true> <Delay = 1.29> <CoreInst = "regslice">   --->   Core 135 'regslice' <Latency = 0> <II = 1> <Delay = 1.86> <Adapter> <Opcode : 'read' 'write'>
ST_1 : Operation 11 [1/1] (1.91ns)   --->   "%add_ln787 = add i8 %i_4, i8 1" [src/snn_top_hls.cpp:787]   --->   Operation 11 'add' 'add_ln787' <Predicate = true> <Delay = 1.91> <CoreInst = "Adder">   --->   Core 1 'Adder' <Latency = 0> <II = 1> <Delay = 1.91> <FuncUnit> <Opcode : 'add' 'sub'> <InPorts = 2> <OutPorts = 1>
ST_1 : Operation 12 [1/1] (0.00ns)   --->   "%br_ln789 = br i1 %tmp_5, void %for.end199.exitStub, void %if.end154" [src/snn_top_hls.cpp:789]   --->   Operation 12 'br' 'br_ln789' <Predicate = true> <Delay = 0.00>
ST_1 : Operation 13 [1/1] (0.00ns)   --->   "%specpipeline_ln788 = specpipeline void @_ssdm_op_SpecPipeline, i32 1, i32 0, i32 0, i32 0, i32 4294967295, void @empty_3" [src/snn_top_hls.cpp:788]   --->   Operation 13 'specpipeline' 'specpipeline_ln788' <Predicate = (tmp_5)> <Delay = 0.00>
ST_1 : Operation 14 [1/1] (0.00ns)   --->   "%speclooptripcount_ln790 = speclooptripcount void @_ssdm_op_SpecLoopTripCount, i64 0, i64 196, i64 98" [src/snn_top_hls.cpp:790]   --->   Operation 14 'speclooptripcount' 'speclooptripcount_ln790' <Predicate = (tmp_5)> <Delay = 0.00>
ST_1 : Operation 15 [1/1] (0.00ns)   --->   "%specloopname_ln787 = specloopname void @_ssdm_op_SpecLoopName, void @empty_25" [src/snn_top_hls.cpp:787]   --->   Operation 15 'specloopname' 'specloopname_ln787' <Predicate = (tmp_5)> <Delay = 0.00>
ST_1 : Operation 16 [1/1] ( I:0.51ns O:0.51ns )   --->   "%empty = read i44 @_ssdm_op_Read.axis.volatile.i32P0A.i4P0A.i4P0A.i1P0A.i1P0A.i1P0A.i1P0A, i32 %s_axis_data_V_data_V, i4 %s_axis_data_V_keep_V, i4 %s_axis_data_V_strb_V, i1 %s_axis_data_V_user_V, i1 %s_axis_data_V_last_V, i1 %s_axis_data_V_id_V, i1 %s_axis_data_V_dest_V" [src/snn_top_hls.cpp:790]   --->   Operation 16 'read' 'empty' <Predicate = (tmp_5)> <Delay = 0.51> <CoreInst = "regslice">   --->   Core 135 'regslice' <Latency = 0> <II = 1> <Delay = 1.86> <Adapter> <Opcode : 'read' 'write'>
ST_1 : Operation 17 [1/1] (0.00ns)   --->   "%p_s = extractvalue i44 %empty" [src/snn_top_hls.cpp:790]   --->   Operation 17 'extractvalue' 'p_s' <Predicate = (tmp_5)> <Delay = 0.00>
ST_1 : Operation 18 [1/1] (0.00ns) (grouped into LUT with out node or_cond)   --->   "%p_1 = extractvalue i44 %empty" [src/snn_top_hls.cpp:790]   --->   Operation 18 'extractvalue' 'p_1' <Predicate = (tmp_5)> <Delay = 0.00>
ST_1 : Operation 19 [1/1] (0.00ns)   --->   "%shl_ln = bitconcatenate i9 @_ssdm_op_BitConcatenate.i9.i8.i1, i8 %i_4, i1 0" [src/snn_top_hls.cpp:792]   --->   Operation 19 'bitconcatenate' 'shl_ln' <Predicate = (tmp_5)> <Delay = 0.00>
ST_1 : Operation 20 [1/1] (0.00ns)   --->   "%zext_ln792 = zext i9 %shl_ln" [src/snn_top_hls.cpp:792]   --->   Operation 20 'zext' 'zext_ln792' <Predicate = (tmp_5)> <Delay = 0.00>
ST_1 : Operation 21 [1/1] (0.00ns)   --->   "%trunc_ln792 = trunc i32 %p_s" [src/snn_top_hls.cpp:792]   --->   Operation 21 'trunc' 'trunc_ln792' <Predicate = (tmp_5)> <Delay = 0.00>
ST_1 : Operation 22 [1/1] (0.00ns)   --->   "%p_ZL13encoder_frame_0_addr = getelementptr i8 %p_ZL13encoder_frame_0, i64 0, i64 %zext_ln792" [src/snn_top_hls.cpp:792]   --->   Operation 22 'getelementptr' 'p_ZL13encoder_frame_0_addr' <Predicate = (tmp_5)> <Delay = 0.00>
ST_1 : Operation 23 [1/1] (0.00ns)   --->   "%tmp_7 = partselect i8 @_ssdm_op_PartSelect.i8.i32.i32, i32 %p_s, i32 8" [src/snn_top_hls.cpp:793]   --->   Operation 23 'partselect' 'tmp_7' <Predicate = (tmp_5)> <Delay = 0.00>
ST_1 : Operation 24 [1/1] (0.00ns)   --->   "%p_ZL13encoder_frame_1_addr = getelementptr i8 %p_ZL13encoder_frame_1, i64 0, i64 %zext_ln792" [src/snn_top_hls.cpp:793]   --->   Operation 24 'getelementptr' 'p_ZL13encoder_frame_1_addr' <Predicate = (tmp_5)> <Delay = 0.00>
ST_1 : Operation 25 [1/1] (0.00ns)   --->   "%or_ln = bitconcatenate i9 @_ssdm_op_BitConcatenate.i9.i8.i1, i8 %i_4, i1 1" [src/snn_top_hls.cpp:794]   --->   Operation 25 'bitconcatenate' 'or_ln' <Predicate = (tmp_5)> <Delay = 0.00>
ST_1 : Operation 26 [1/1] (0.00ns)   --->   "%zext_ln794 = zext i9 %or_ln" [src/snn_top_hls.cpp:794]   --->   Operation 26 'zext' 'zext_ln794' <Predicate = (tmp_5)> <Delay = 0.00>
ST_1 : Operation 27 [1/1] (0.00ns)   --->   "%tmp_8 = partselect i8 @_ssdm_op_PartSelect.i8.i32.i32, i32 %p_s, i32 16" [src/snn_top_hls.cpp:794]   --->   Operation 27 'partselect' 'tmp_8' <Predicate = (tmp_5)> <Delay = 0.00>
ST_1 : Operation 28 [1/1] (0.00ns)   --->   "%p_ZL13encoder_frame_0_addr_1 = getelementptr i8 %p_ZL13encoder_frame_0, i64 0, i64 %zext_ln794" [src/snn_top_hls.cpp:794]   --->   Operation 28 'getelementptr' 'p_ZL13encoder_frame_0_addr_1' <Predicate = (tmp_5)> <Delay = 0.00>
ST_1 : Operation 29 [1/1] (0.00ns)   --->   "%tmp_9 = partselect i8 @_ssdm_op_PartSelect.i8.i32.i32, i32 %p_s, i32 24" [src/snn_top_hls.cpp:795]   --->   Operation 29 'partselect' 'tmp_9' <Predicate = (tmp_5)> <Delay = 0.00>
ST_1 : Operation 30 [1/1] (0.00ns)   --->   "%p_ZL13encoder_frame_1_addr_1 = getelementptr i8 %p_ZL13encoder_frame_1, i64 0, i64 %zext_ln794" [src/snn_top_hls.cpp:795]   --->   Operation 30 'getelementptr' 'p_ZL13encoder_frame_1_addr_1' <Predicate = (tmp_5)> <Delay = 0.00>
ST_1 : Operation 31 [1/1] ( I:3.25ns O:3.25ns )   --->   "%store_ln792 = store i8 %trunc_ln792, i9 %p_ZL13encoder_frame_0_addr" [src/snn_top_hls.cpp:792]   --->   Operation 31 'store' 'store_ln792' <Predicate = (tmp_5)> <Delay = 3.25> <CoreInst = "RAM">   --->   Core 81 'RAM' <Latency = 1> <II = 1> <Delay = 3.25> <Storage> <Opcode : 'load' 'store'> <Ports = 2> <Width = 8> <Depth = 392> <RAM>
ST_1 : Operation 32 [1/1] ( I:3.25ns O:3.25ns )   --->   "%store_ln793 = store i8 %tmp_7, i9 %p_ZL13encoder_frame_1_addr" [src/snn_top_hls.cpp:793]   --->   Operation 32 'store' 'store_ln793' <Predicate = (tmp_5)> <Delay = 3.25> <CoreInst = "RAM">   --->   Core 81 'RAM' <Latency = 1> <II = 1> <Delay = 3.25> <Storage> <Opcode : 'load' 'store'> <Ports = 2> <Width = 8> <Depth = 392> <RAM>
ST_1 : Operation 33 [1/1] ( I:3.25ns O:3.25ns )   --->   "%store_ln794 = store i8 %tmp_8, i9 %p_ZL13encoder_frame_0_addr_1" [src/snn_top_hls.cpp:794]   --->   Operation 33 'store' 'store_ln794' <Predicate = (tmp_5)> <Delay = 3.25> <CoreInst = "RAM">   --->   Core 81 'RAM' <Latency = 1> <II = 1> <Delay = 3.25> <Storage> <Opcode : 'load' 'store'> <Ports = 2> <Width = 8> <Depth = 392> <RAM>
ST_1 : Operation 34 [1/1] ( I:3.25ns O:3.25ns )   --->   "%store_ln795 = store i8 %tmp_9, i9 %p_ZL13encoder_frame_1_addr_1" [src/snn_top_hls.cpp:795]   --->   Operation 34 'store' 'store_ln795' <Predicate = (tmp_5)> <Delay = 3.25> <CoreInst = "RAM">   --->   Core 81 'RAM' <Latency = 1> <II = 1> <Delay = 3.25> <Storage> <Opcode : 'load' 'store'> <Ports = 2> <Width = 8> <Depth = 392> <RAM>
ST_1 : Operation 35 [1/1] (0.00ns) (grouped into LUT with out node or_cond)   --->   "%xor_ln796 = xor i1 %p_1, i1 1" [src/snn_top_hls.cpp:796]   --->   Operation 35 'xor' 'xor_ln796' <Predicate = (tmp_5)> <Delay = 0.00> <CoreInst = "LogicGate">   --->   Core 74 'LogicGate' <Latency = 0> <II = 1> <Delay = 0.97> <FuncUnit> <Opcode : 'and' 'or' 'xor'> <InPorts = 2> <OutPorts = 1>
ST_1 : Operation 36 [1/1] (1.91ns)   --->   "%icmp_ln787 = icmp_ult  i8 %add_ln787, i8 196" [src/snn_top_hls.cpp:787]   --->   Operation 36 'icmp' 'icmp_ln787' <Predicate = (tmp_5)> <Delay = 1.91> <CoreInst = "Cmp">   --->   Core 9 'Cmp' <Latency = 0> <II = 1> <Delay = 1.91> <FuncUnit> <Opcode : 'seteq' 'setne' 'setle' 'setge' 'setlt' 'setgt'> <InPorts = 2> <OutPorts = 1>
ST_1 : Operation 37 [1/1] (0.97ns) (out node of the LUT)   --->   "%or_cond = and i1 %icmp_ln787, i1 %xor_ln796" [src/snn_top_hls.cpp:787]   --->   Operation 37 'and' 'or_cond' <Predicate = (tmp_5)> <Delay = 0.97> <CoreInst = "LogicGate">   --->   Core 74 'LogicGate' <Latency = 0> <II = 1> <Delay = 0.97> <FuncUnit> <Opcode : 'and' 'or' 'xor'> <InPorts = 2> <OutPorts = 1>
ST_1 : Operation 38 [1/1] (1.58ns)   --->   "%store_ln787 = store i8 %add_ln787, i8 %i" [src/snn_top_hls.cpp:787]   --->   Operation 38 'store' 'store_ln787' <Predicate = (tmp_5)> <Delay = 1.58>
ST_1 : Operation 39 [1/1] (0.00ns)   --->   "%br_ln787 = br i1 %or_cond, void %for.end199.exitStub, void %for.body151" [src/snn_top_hls.cpp:787]   --->   Operation 39 'br' 'br_ln787' <Predicate = (tmp_5)> <Delay = 0.00>
ST_1 : Operation 40 [1/1] (1.58ns)   --->   "%ret_ln0 = ret"   --->   Operation 40 'ret' 'ret_ln0' <Predicate = (!or_cond) | (!tmp_5)> <Delay = 1.58>


============================================================
+ Verbose Summary: Binding
============================================================
STG Binding: 
---------------- STG Properties BEGIN ----------------
- Is combinational: 0
- Is one-state seq: 0
- Is datapath-only: 0
- Is pipelined: 0
- Is top level: 0
Port [ Return ] is wired: 1; IO mode=ap_ctrl_hs:ce=0
Port [ s_axis_data_V_data_V]:  wired=1; compound=1; hidden=0; nouse=0; global=0; static=0; extern=0; dir=0; type=0; pingpong=0; private_global=0; IO mode=axis:ce=0
Port [ s_axis_data_V_keep_V]:  wired=1; compound=1; hidden=0; nouse=0; global=0; static=0; extern=0; dir=0; type=0; pingpong=0; private_global=0; IO mode=axis:ce=0
Port [ s_axis_data_V_strb_V]:  wired=1; compound=1; hidden=0; nouse=0; global=0; static=0; extern=0; dir=0; type=0; pingpong=0; private_global=0; IO mode=axis:ce=0
Port [ s_axis_data_V_user_V]:  wired=1; compound=1; hidden=0; nouse=0; global=0; static=0; extern=0; dir=0; type=0; pingpong=0; private_global=0; IO mode=axis:ce=0
Port [ s_axis_data_V_last_V]:  wired=1; compound=1; hidden=0; nouse=0; global=0; static=0; extern=0; dir=0; type=0; pingpong=0; private_global=0; IO mode=axis:ce=0
Port [ s_axis_data_V_id_V]:  wired=1; compound=1; hidden=0; nouse=0; global=0; static=0; extern=0; dir=0; type=0; pingpong=0; private_global=0; IO mode=axis:ce=0
Port [ s_axis_data_V_dest_V]:  wired=1; compound=1; hidden=0; nouse=0; global=0; static=0; extern=0; dir=0; type=0; pingpong=0; private_global=0; IO mode=axis:ce=0
Port [ p_ZL13encoder_frame_0]:  wired=1; compound=1; hidden=0; nouse=0; global=1; static=1; extern=0; dir=1; type=1; pingpong=0; private_global=0; MemPort=[00]; IO mode=ap_memory:ce=0
Port [ p_ZL13encoder_frame_1]:  wired=1; compound=1; hidden=0; nouse=0; global=1; static=1; extern=0; dir=1; type=1; pingpong=0; private_global=0; MemPort=[00]; IO mode=ap_memory:ce=0
---------------- STG Properties END ------------------

---------------- Datapath Model BEGIN ----------------

<LifeTime>
<method=bitvector/>
i                            (alloca             ) [ 01]
specaxissidechannel_ln0      (specaxissidechannel) [ 00]
specinterface_ln0            (specinterface      ) [ 00]
store_ln787                  (store              ) [ 00]
br_ln787                     (br                 ) [ 00]
i_4                          (load               ) [ 00]
tmp_5                        (nbreadreq          ) [ 01]
add_ln787                    (add                ) [ 00]
br_ln789                     (br                 ) [ 00]
specpipeline_ln788           (specpipeline       ) [ 00]
speclooptripcount_ln790      (speclooptripcount  ) [ 00]
specloopname_ln787           (specloopname       ) [ 00]
empty                        (read               ) [ 00]
p_s                          (extractvalue       ) [ 00]
p_1                          (extractvalue       ) [ 00]
shl_ln                       (bitconcatenate     ) [ 00]
zext_ln792                   (zext               ) [ 00]
trunc_ln792                  (trunc              ) [ 00]
p_ZL13encoder_frame_0_addr   (getelementptr      ) [ 00]
tmp_7                        (partselect         ) [ 00]
p_ZL13encoder_frame_1_addr   (getelementptr      ) [ 00]
or_ln                        (bitconcatenate     ) [ 00]
zext_ln794                   (zext               ) [ 00]
tmp_8                        (partselect         ) [ 00]
p_ZL13encoder_frame_0_addr_1 (getelementptr      ) [ 00]
tmp_9                        (partselect         ) [ 00]
p_ZL13encoder_frame_1_addr_1 (getelementptr      ) [ 00]
store_ln792                  (store              ) [ 00]
store_ln793                  (store              ) [ 00]
store_ln794                  (store              ) [ 00]
store_ln795                  (store              ) [ 00]
xor_ln796                    (xor                ) [ 00]
icmp_ln787                   (icmp               ) [ 00]
or_cond                      (and                ) [ 01]
store_ln787                  (store              ) [ 00]
br_ln787                     (br                 ) [ 00]
ret_ln0                      (ret                ) [ 00]
</LifeTime>

<model>

<comp_list>
<comp id="0" class="1000" name="s_axis_data_V_data_V">
<pin_list>
<pin id="1" dir="1" index="0" bw="1" slack="0"/>
</pin_list>
<bind>
<StgValue><ssdm name="s_axis_data_V_data_V"/></StgValue>
</bind>
</comp>

<comp id="2" class="1000" name="s_axis_data_V_keep_V">
<pin_list>
<pin id="3" dir="1" index="0" bw="1" slack="0"/>
</pin_list>
<bind>
<StgValue><ssdm name="s_axis_data_V_keep_V"/></StgValue>
</bind>
</comp>

<comp id="4" class="1000" name="s_axis_data_V_strb_V">
<pin_list>
<pin id="5" dir="1" index="0" bw="1" slack="0"/>
</pin_list>
<bind>
<StgValue><ssdm name="s_axis_data_V_strb_V"/></StgValue>
</bind>
</comp>

<comp id="6" class="1000" name="s_axis_data_V_user_V">
<pin_list>
<pin id="7" dir="1" index="0" bw="1" slack="0"/>
</pin_list>
<bind>
<StgValue><ssdm name="s_axis_data_V_user_V"/></StgValue>
</bind>
</comp>

<comp id="8" class="1000" name="s_axis_data_V_last_V">
<pin_list>
<pin id="9" dir="1" index="0" bw="1" slack="0"/>
</pin_list>
<bind>
<StgValue><ssdm name="s_axis_data_V_last_V"/></StgValue>
</bind>
</comp>

<comp id="10" class="1000" name="s_axis_data_V_id_V">
<pin_list>
<pin id="11" dir="1" index="0" bw="1" slack="0"/>
</pin_list>
<bind>
<StgValue><ssdm name="s_axis_data_V_id_V"/></StgValue>
</bind>
</comp>

<comp id="12" class="1000" name="s_axis_data_V_dest_V">
<pin_list>
<pin id="13" dir="1" index="0" bw="1" slack="0"/>
</pin_list>
<bind>
<StgValue><ssdm name="s_axis_data_V_dest_V"/></StgValue>
</bind>
</comp>

<comp id="14" class="1000" name="p_ZL13encoder_frame_0">
<pin_list>
<pin id="15" dir="1" index="0" bw="1" slack="0"/>
</pin_list>
<bind>
<StgValue><ssdm name="p_ZL13encoder_frame_0"/><MemPortTyVec>0 0 </MemPortTyVec>
</StgValue>
</bind>
</comp>

<comp id="16" class="1000" name="p_ZL13encoder_frame_1">
<pin_list>
<pin id="17" dir="1" index="0" bw="1" slack="0"/>
</pin_list>
<bind>
<StgValue><ssdm name="p_ZL13encoder_frame_1"/><MemPortTyVec>0 0 </MemPortTyVec>
</StgValue>
</bind>
</comp>

<comp id="18" class="1001" name="const_18">
<pin_list>
<pin id="19" dir="1" index="0" bw="1" slack="0"/>
</pin_list>
<bind>
<StgValue><ssdm name=""/></StgValue>
</bind>
</comp>

<comp id="20" class="1001" name="const_20">
<pin_list>
<pin id="21" dir="1" index="0" bw="1" slack="2147483647"/>
</pin_list>
<bind>
<StgValue><ssdm name="_ssdm_op_SpecAXISSideChannel"/></StgValue>
</bind>
</comp>

<comp id="22" class="1001" name="const_22">
<pin_list>
<pin id="23" dir="1" index="0" bw="1" slack="2147483647"/>
</pin_list>
<bind>
<StgValue><ssdm name="empty_36"/></StgValue>
</bind>
</comp>

<comp id="24" class="1001" name="const_24">
<pin_list>
<pin id="25" dir="1" index="0" bw="1" slack="2147483647"/>
</pin_list>
<bind>
<StgValue><ssdm name="_ssdm_op_SpecInterface"/></StgValue>
</bind>
</comp>

<comp id="26" class="1001" name="const_26">
<pin_list>
<pin id="27" dir="1" index="0" bw="1" slack="2147483647"/>
</pin_list>
<bind>
<StgValue><ssdm name="empty_13"/></StgValue>
</bind>
</comp>

<comp id="28" class="1001" name="const_28">
<pin_list>
<pin id="29" dir="1" index="0" bw="1" slack="2147483647"/>
</pin_list>
<bind>
<StgValue><ssdm name=""/></StgValue>
</bind>
</comp>

<comp id="30" class="1001" name="const_30">
<pin_list>
<pin id="31" dir="1" index="0" bw="1" slack="2147483647"/>
</pin_list>
<bind>
<StgValue><ssdm name="empty_33"/></StgValue>
</bind>
</comp>

<comp id="32" class="1001" name="const_32">
<pin_list>
<pin id="33" dir="1" index="0" bw="1" slack="2147483647"/>
</pin_list>
<bind>
<StgValue><ssdm name="empty_3"/></StgValue>
</bind>
</comp>

<comp id="34" class="1001" name="const_34">
<pin_list>
<pin id="35" dir="1" index="0" bw="1" slack="2147483647"/>
</pin_list>
<bind>
<StgValue><ssdm name=""/></StgValue>
</bind>
</comp>

<comp id="36" class="1001" name="const_36">
<pin_list>
<pin id="37" dir="1" index="0" bw="1" slack="0"/>
</pin_list>
<bind>
<StgValue><ssdm name=""/></StgValue>
</bind>
</comp>

<comp id="38" class="1001" name="const_38">
<pin_list>
<pin id="39" dir="1" index="0" bw="1" slack="0"/>
</pin_list>
<bind>
<StgValue><ssdm name="_ssdm_op_NbReadReq.axis.i32P0A.i4P0A.i4P0A.i1P0A.i1P0A.i1P0A.i1P0A"/></StgValue>
</bind>
</comp>

<comp id="40" class="1001" name="const_40">
<pin_list>
<pin id="41" dir="1" index="0" bw="1" slack="0"/>
</pin_list>
<bind>
<StgValue><ssdm name=""/></StgValue>
</bind>
</comp>

<comp id="42" class="1001" name="const_42">
<pin_list>
<pin id="43" dir="1" index="0" bw="1" slack="2147483647"/>
</pin_list>
<bind>
<StgValue><ssdm name="_ssdm_op_SpecPipeline"/></StgValue>
</bind>
</comp>

<comp id="44" class="1001" name="const_44">
<pin_list>
<pin id="45" dir="1" index="0" bw="1" slack="2147483647"/>
</pin_list>
<bind>
<StgValue><ssdm name="_ssdm_op_SpecLoopTripCount"/></StgValue>
</bind>
</comp>

<comp id="46" class="1001" name="const_46">
<pin_list>
<pin id="47" dir="1" index="0" bw="1" slack="0"/>
</pin_list>
<bind>
<StgValue><ssdm name=""/></StgValue>
</bind>
</comp>

<comp id="48" class="1001" name="const_48">
<pin_list>
<pin id="49" dir="1" index="0" bw="1" slack="2147483647"/>
</pin_list>
<bind>
<StgValue><ssdm name=""/></StgValue>
</bind>
</comp>

<comp id="50" class="1001" name="const_50">
<pin_list>
<pin id="51" dir="1" index="0" bw="1" slack="2147483647"/>
</pin_list>
<bind>
<StgValue><ssdm name=""/></StgValue>
</bind>
</comp>

<comp id="52" class="1001" name="const_52">
<pin_list>
<pin id="53" dir="1" index="0" bw="1" slack="2147483647"/>
</pin_list>
<bind>
<StgValue><ssdm name="_ssdm_op_SpecLoopName"/></StgValue>
</bind>
</comp>

<comp id="54" class="1001" name="const_54">
<pin_list>
<pin id="55" dir="1" index="0" bw="1" slack="2147483647"/>
</pin_list>
<bind>
<StgValue><ssdm name="empty_25"/></StgValue>
</bind>
</comp>

<comp id="56" class="1001" name="const_56">
<pin_list>
<pin id="57" dir="1" index="0" bw="1" slack="0"/>
</pin_list>
<bind>
<StgValue><ssdm name="_ssdm_op_Read.axis.volatile.i32P0A.i4P0A.i4P0A.i1P0A.i1P0A.i1P0A.i1P0A"/></StgValue>
</bind>
</comp>

<comp id="58" class="1001" name="const_58">
<pin_list>
<pin id="59" dir="1" index="0" bw="1" slack="0"/>
</pin_list>
<bind>
<StgValue><ssdm name="_ssdm_op_BitConcatenate.i9.i8.i1"/></StgValue>
</bind>
</comp>

<comp id="60" class="1001" name="const_60">
<pin_list>
<pin id="61" dir="1" index="0" bw="1" slack="0"/>
</pin_list>
<bind>
<StgValue><ssdm name=""/></StgValue>
</bind>
</comp>

<comp id="62" class="1001" name="const_62">
<pin_list>
<pin id="63" dir="1" index="0" bw="1" slack="0"/>
</pin_list>
<bind>
<StgValue><ssdm name="_ssdm_op_PartSelect.i8.i32.i32"/></StgValue>
</bind>
</comp>

<comp id="64" class="1001" name="const_64">
<pin_list>
<pin id="65" dir="1" index="0" bw="1" slack="0"/>
</pin_list>
<bind>
<StgValue><ssdm name=""/></StgValue>
</bind>
</comp>

<comp id="66" class="1001" name="const_66">
<pin_list>
<pin id="67" dir="1" index="0" bw="1" slack="0"/>
</pin_list>
<bind>
<StgValue><ssdm name=""/></StgValue>
</bind>
</comp>

<comp id="68" class="1001" name="const_68">
<pin_list>
<pin id="69" dir="1" index="0" bw="1" slack="0"/>
</pin_list>
<bind>
<StgValue><ssdm name=""/></StgValue>
</bind>
</comp>

<comp id="70" class="1001" name="const_70">
<pin_list>
<pin id="71" dir="1" index="0" bw="1" slack="0"/>
</pin_list>
<bind>
<StgValue><ssdm name=""/></StgValue>
</bind>
</comp>

<comp id="72" class="1001" name="const_72">
<pin_list>
<pin id="73" dir="1" index="0" bw="1" slack="0"/>
</pin_list>
<bind>
<StgValue><ssdm name=""/></StgValue>
</bind>
</comp>

<comp id="74" class="1004" name="i_fu_74">
<pin_list>
<pin id="75" dir="0" index="0" bw="1" slack="0"/>
<pin id="76" dir="1" index="1" bw="8" slack="0"/>
</pin_list>
<bind>
<opcode="alloca(26) " fcode="alloca"/>
<opset="i/1 "/>
</bind>
</comp>

<comp id="78" class="1004" name="tmp_5_nbreadreq_fu_78">
<pin_list>
<pin id="79" dir="0" index="0" bw="1" slack="0"/>
<pin id="80" dir="0" index="1" bw="32" slack="0"/>
<pin id="81" dir="0" index="2" bw="4" slack="0"/>
<pin id="82" dir="0" index="3" bw="4" slack="0"/>
<pin id="83" dir="0" index="4" bw="1" slack="0"/>
<pin id="84" dir="0" index="5" bw="1" slack="0"/>
<pin id="85" dir="0" index="6" bw="1" slack="0"/>
<pin id="86" dir="0" index="7" bw="1" slack="0"/>
<pin id="87" dir="0" index="8" bw="1" slack="0"/>
<pin id="88" dir="1" index="9" bw="1" slack="2147483647"/>
</pin_list>
<bind>
<opcode="nbreadreq(1156) " fcode="nbreadreq"/>
<opset="tmp_5/1 "/>
</bind>
</comp>

<comp id="98" class="1004" name="empty_read_fu_98">
<pin_list>
<pin id="99" dir="0" index="0" bw="44" slack="0"/>
<pin id="100" dir="0" index="1" bw="32" slack="0"/>
<pin id="101" dir="0" index="2" bw="4" slack="0"/>
<pin id="102" dir="0" index="3" bw="4" slack="0"/>
<pin id="103" dir="0" index="4" bw="1" slack="0"/>
<pin id="104" dir="0" index="5" bw="1" slack="0"/>
<pin id="105" dir="0" index="6" bw="1" slack="0"/>
<pin id="106" dir="0" index="7" bw="1" slack="0"/>
<pin id="107" dir="1" index="8" bw="44" slack="0"/>
</pin_list>
<bind>
<opcode="read(1150) " fcode="read"/>
<opset="empty/1 "/>
</bind>
</comp>

<comp id="116" class="1004" name="p_ZL13encoder_frame_0_addr_gep_fu_116">
<pin_list>
<pin id="117" dir="0" index="0" bw="8" slack="0"/>
<pin id="118" dir="0" index="1" bw="1" slack="0"/>
<pin id="119" dir="0" index="2" bw="9" slack="0"/>
<pin id="120" dir="1" index="3" bw="9" slack="0"/>
</pin_list>
<bind>
<opcode="getelementptr(29) " fcode="getelementptr"/>
<opset="p_ZL13encoder_frame_0_addr/1 "/>
</bind>
</comp>

<comp id="123" class="1004" name="p_ZL13encoder_frame_1_addr_gep_fu_123">
<pin_list>
<pin id="124" dir="0" index="0" bw="8" slack="0"/>
<pin id="125" dir="0" index="1" bw="1" slack="0"/>
<pin id="126" dir="0" index="2" bw="9" slack="0"/>
<pin id="127" dir="1" index="3" bw="9" slack="0"/>
</pin_list>
<bind>
<opcode="getelementptr(29) " fcode="getelementptr"/>
<opset="p_ZL13encoder_frame_1_addr/1 "/>
</bind>
</comp>

<comp id="130" class="1004" name="p_ZL13encoder_frame_0_addr_1_gep_fu_130">
<pin_list>
<pin id="131" dir="0" index="0" bw="8" slack="0"/>
<pin id="132" dir="0" index="1" bw="1" slack="0"/>
<pin id="133" dir="0" index="2" bw="9" slack="0"/>
<pin id="134" dir="1" index="3" bw="9" slack="0"/>
</pin_list>
<bind>
<opcode="getelementptr(29) " fcode="getelementptr"/>
<opset="p_ZL13encoder_frame_0_addr_1/1 "/>
</bind>
</comp>

<comp id="137" class="1004" name="p_ZL13encoder_frame_1_addr_1_gep_fu_137">
<pin_list>
<pin id="138" dir="0" index="0" bw="8" slack="0"/>
<pin id="139" dir="0" index="1" bw="1" slack="0"/>
<pin id="140" dir="0" index="2" bw="9" slack="0"/>
<pin id="141" dir="1" index="3" bw="9" slack="0"/>
</pin_list>
<bind>
<opcode="getelementptr(29) " fcode="getelementptr"/>
<opset="p_ZL13encoder_frame_1_addr_1/1 "/>
</bind>
</comp>

<comp id="144" class="1004" name="grp_access_fu_144">
<pin_list>
<pin id="145" dir="0" index="0" bw="9" slack="0"/>
<pin id="146" dir="0" index="1" bw="8" slack="0"/>
<pin id="147" dir="0" index="2" bw="0" slack="0"/>
<pin id="149" dir="0" index="4" bw="9" slack="0"/>
<pin id="150" dir="0" index="5" bw="8" slack="2147483647"/>
<pin id="151" dir="0" index="6" bw="0" slack="2147483647"/>
<pin id="148" dir="1" index="3" bw="8" slack="2147483647"/>
<pin id="152" dir="1" index="7" bw="8" slack="2147483647"/>
</pin_list>
<bind>
<opcode="store(28) " fcode="store"/>
<opset="store_ln792/1 store_ln794/1 "/>
</bind>
</comp>

<comp id="154" class="1004" name="grp_access_fu_154">
<pin_list>
<pin id="155" dir="0" index="0" bw="9" slack="0"/>
<pin id="156" dir="0" index="1" bw="8" slack="0"/>
<pin id="157" dir="0" index="2" bw="0" slack="0"/>
<pin id="159" dir="0" index="4" bw="9" slack="0"/>
<pin id="160" dir="0" index="5" bw="8" slack="2147483647"/>
<pin id="161" dir="0" index="6" bw="0" slack="2147483647"/>
<pin id="158" dir="1" index="3" bw="8" slack="2147483647"/>
<pin id="162" dir="1" index="7" bw="8" slack="2147483647"/>
</pin_list>
<bind>
<opcode="store(28) " fcode="store"/>
<opset="store_ln793/1 store_ln795/1 "/>
</bind>
</comp>

<comp id="166" class="1004" name="store_ln787_store_fu_166">
<pin_list>
<pin id="167" dir="0" index="0" bw="1" slack="0"/>
<pin id="168" dir="0" index="1" bw="8" slack="0"/>
<pin id="169" dir="1" index="2" bw="0" slack="2147483647"/>
</pin_list>
<bind>
<opcode="store(28) " fcode="store"/>
<opset="store_ln787/1 "/>
</bind>
</comp>

<comp id="171" class="1004" name="i_4_load_fu_171">
<pin_list>
<pin id="172" dir="0" index="0" bw="8" slack="0"/>
<pin id="173" dir="1" index="1" bw="8" slack="0"/>
</pin_list>
<bind>
<opcode="load(27) " fcode="load"/>
<opset="i_4/1 "/>
</bind>
</comp>

<comp id="174" class="1004" name="add_ln787_fu_174">
<pin_list>
<pin id="175" dir="0" index="0" bw="8" slack="0"/>
<pin id="176" dir="0" index="1" bw="1" slack="0"/>
<pin id="177" dir="1" index="2" bw="8" slack="0"/>
</pin_list>
<bind>
<opcode="add(8) " fcode="add"/>
<opset="add_ln787/1 "/>
</bind>
</comp>

<comp id="180" class="1004" name="p_s_fu_180">
<pin_list>
<pin id="181" dir="0" index="0" bw="44" slack="0"/>
<pin id="182" dir="1" index="1" bw="32" slack="0"/>
</pin_list>
<bind>
<opcode="extractvalue(56) " fcode="extractvalue"/>
<opset="p_s/1 "/>
</bind>
</comp>

<comp id="184" class="1004" name="p_1_fu_184">
<pin_list>
<pin id="185" dir="0" index="0" bw="44" slack="0"/>
<pin id="186" dir="1" index="1" bw="1" slack="0"/>
</pin_list>
<bind>
<opcode="extractvalue(56) " fcode="extractvalue"/>
<opset="p_1/1 "/>
</bind>
</comp>

<comp id="188" class="1004" name="shl_ln_fu_188">
<pin_list>
<pin id="189" dir="0" index="0" bw="9" slack="0"/>
<pin id="190" dir="0" index="1" bw="8" slack="0"/>
<pin id="191" dir="0" index="2" bw="1" slack="0"/>
<pin id="192" dir="1" index="3" bw="9" slack="0"/>
</pin_list>
<bind>
<opcode="bitconcatenate(1004) " fcode="bitconcatenate"/>
<opset="shl_ln/1 "/>
</bind>
</comp>

<comp id="196" class="1004" name="zext_ln792_fu_196">
<pin_list>
<pin id="197" dir="0" index="0" bw="9" slack="0"/>
<pin id="198" dir="1" index="1" bw="64" slack="0"/>
</pin_list>
<bind>
<opcode="zext(34) " fcode="zext"/>
<opset="zext_ln792/1 "/>
</bind>
</comp>

<comp id="202" class="1004" name="trunc_ln792_fu_202">
<pin_list>
<pin id="203" dir="0" index="0" bw="32" slack="0"/>
<pin id="204" dir="1" index="1" bw="8" slack="0"/>
</pin_list>
<bind>
<opcode="trunc(33) " fcode="trunc"/>
<opset="trunc_ln792/1 "/>
</bind>
</comp>

<comp id="207" class="1004" name="tmp_7_fu_207">
<pin_list>
<pin id="208" dir="0" index="0" bw="8" slack="0"/>
<pin id="209" dir="0" index="1" bw="32" slack="0"/>
<pin id="210" dir="0" index="2" bw="5" slack="0"/>
<pin id="211" dir="1" index="3" bw="8" slack="0"/>
</pin_list>
<bind>
<opcode="partselect(1002) " fcode="partselect"/>
<opset="tmp_7/1 "/>
</bind>
</comp>

<comp id="216" class="1004" name="or_ln_fu_216">
<pin_list>
<pin id="217" dir="0" index="0" bw="9" slack="0"/>
<pin id="218" dir="0" index="1" bw="8" slack="0"/>
<pin id="219" dir="0" index="2" bw="1" slack="0"/>
<pin id="220" dir="1" index="3" bw="9" slack="0"/>
</pin_list>
<bind>
<opcode="bitconcatenate(1004) " fcode="bitconcatenate"/>
<opset="or_ln/1 "/>
</bind>
</comp>

<comp id="224" class="1004" name="zext_ln794_fu_224">
<pin_list>
<pin id="225" dir="0" index="0" bw="9" slack="0"/>
<pin id="226" dir="1" index="1" bw="64" slack="0"/>
</pin_list>
<bind>
<opcode="zext(34) " fcode="zext"/>
<opset="zext_ln794/1 "/>
</bind>
</comp>

<comp id="230" class="1004" name="tmp_8_fu_230">
<pin_list>
<pin id="231" dir="0" index="0" bw="8" slack="0"/>
<pin id="232" dir="0" index="1" bw="32" slack="0"/>
<pin id="233" dir="0" index="2" bw="6" slack="0"/>
<pin id="234" dir="1" index="3" bw="8" slack="0"/>
</pin_list>
<bind>
<opcode="partselect(1002) " fcode="partselect"/>
<opset="tmp_8/1 "/>
</bind>
</comp>

<comp id="239" class="1004" name="tmp_9_fu_239">
<pin_list>
<pin id="240" dir="0" index="0" bw="8" slack="0"/>
<pin id="241" dir="0" index="1" bw="32" slack="0"/>
<pin id="242" dir="0" index="2" bw="6" slack="0"/>
<pin id="243" dir="1" index="3" bw="8" slack="0"/>
</pin_list>
<bind>
<opcode="partselect(1002) " fcode="partselect"/>
<opset="tmp_9/1 "/>
</bind>
</comp>

<comp id="248" class="1004" name="xor_ln796_fu_248">
<pin_list>
<pin id="249" dir="0" index="0" bw="1" slack="0"/>
<pin id="250" dir="0" index="1" bw="1" slack="0"/>
<pin id="251" dir="1" index="2" bw="1" slack="0"/>
</pin_list>
<bind>
<opcode="xor(25) " fcode="xor"/>
<opset="xor_ln796/1 "/>
</bind>
</comp>

<comp id="254" class="1004" name="icmp_ln787_fu_254">
<pin_list>
<pin id="255" dir="0" index="0" bw="8" slack="0"/>
<pin id="256" dir="0" index="1" bw="8" slack="0"/>
<pin id="257" dir="1" index="2" bw="1" slack="0"/>
</pin_list>
<bind>
<opcode="icmp(45) " fcode="icmp"/>
<opset="icmp_ln787/1 "/>
</bind>
</comp>

<comp id="260" class="1004" name="or_cond_fu_260">
<pin_list>
<pin id="261" dir="0" index="0" bw="1" slack="0"/>
<pin id="262" dir="0" index="1" bw="1" slack="0"/>
<pin id="263" dir="1" index="2" bw="1" slack="2147483647"/>
</pin_list>
<bind>
<opcode="and(23) " fcode="and"/>
<opset="or_cond/1 "/>
</bind>
</comp>

<comp id="266" class="1004" name="store_ln787_store_fu_266">
<pin_list>
<pin id="267" dir="0" index="0" bw="8" slack="0"/>
<pin id="268" dir="0" index="1" bw="8" slack="0"/>
<pin id="269" dir="1" index="2" bw="0" slack="2147483647"/>
</pin_list>
<bind>
<opcode="store(28) " fcode="store"/>
<opset="store_ln787/1 "/>
</bind>
</comp>

<comp id="271" class="1005" name="i_reg_271">
<pin_list>
<pin id="272" dir="0" index="0" bw="8" slack="0"/>
<pin id="273" dir="1" index="1" bw="8" slack="0"/>
</pin_list>
<bind>
<opset="i "/>
</bind>
</comp>

</comp_list>

<net_list>
<net id="77"><net_src comp="18" pin="0"/><net_sink comp="74" pin=0"/></net>

<net id="89"><net_src comp="38" pin="0"/><net_sink comp="78" pin=0"/></net>

<net id="90"><net_src comp="0" pin="0"/><net_sink comp="78" pin=1"/></net>

<net id="91"><net_src comp="2" pin="0"/><net_sink comp="78" pin=2"/></net>

<net id="92"><net_src comp="4" pin="0"/><net_sink comp="78" pin=3"/></net>

<net id="93"><net_src comp="6" pin="0"/><net_sink comp="78" pin=4"/></net>

<net id="94"><net_src comp="8" pin="0"/><net_sink comp="78" pin=5"/></net>

<net id="95"><net_src comp="10" pin="0"/><net_sink comp="78" pin=6"/></net>

<net id="96"><net_src comp="12" pin="0"/><net_sink comp="78" pin=7"/></net>

<net id="97"><net_src comp="18" pin="0"/><net_sink comp="78" pin=8"/></net>

<net id="108"><net_src comp="56" pin="0"/><net_sink comp="98" pin=0"/></net>

<net id="109"><net_src comp="0" pin="0"/><net_sink comp="98" pin=1"/></net>

<net id="110"><net_src comp="2" pin="0"/><net_sink comp="98" pin=2"/></net>

<net id="111"><net_src comp="4" pin="0"/><net_sink comp="98" pin=3"/></net>

<net id="112"><net_src comp="6" pin="0"/><net_sink comp="98" pin=4"/></net>

<net id="113"><net_src comp="8" pin="0"/><net_sink comp="98" pin=5"/></net>

<net id="114"><net_src comp="10" pin="0"/><net_sink comp="98" pin=6"/></net>

<net id="115"><net_src comp="12" pin="0"/><net_sink comp="98" pin=7"/></net>

<net id="121"><net_src comp="14" pin="0"/><net_sink comp="116" pin=0"/></net>

<net id="122"><net_src comp="46" pin="0"/><net_sink comp="116" pin=1"/></net>

<net id="128"><net_src comp="16" pin="0"/><net_sink comp="123" pin=0"/></net>

<net id="129"><net_src comp="46" pin="0"/><net_sink comp="123" pin=1"/></net>

<net id="135"><net_src comp="14" pin="0"/><net_sink comp="130" pin=0"/></net>

<net id="136"><net_src comp="46" pin="0"/><net_sink comp="130" pin=1"/></net>

<net id="142"><net_src comp="16" pin="0"/><net_sink comp="137" pin=0"/></net>

<net id="143"><net_src comp="46" pin="0"/><net_sink comp="137" pin=1"/></net>

<net id="153"><net_src comp="116" pin="3"/><net_sink comp="144" pin=2"/></net>

<net id="163"><net_src comp="123" pin="3"/><net_sink comp="154" pin=2"/></net>

<net id="164"><net_src comp="130" pin="3"/><net_sink comp="144" pin=0"/></net>

<net id="165"><net_src comp="137" pin="3"/><net_sink comp="154" pin=0"/></net>

<net id="170"><net_src comp="36" pin="0"/><net_sink comp="166" pin=0"/></net>

<net id="178"><net_src comp="171" pin="1"/><net_sink comp="174" pin=0"/></net>

<net id="179"><net_src comp="40" pin="0"/><net_sink comp="174" pin=1"/></net>

<net id="183"><net_src comp="98" pin="8"/><net_sink comp="180" pin=0"/></net>

<net id="187"><net_src comp="98" pin="8"/><net_sink comp="184" pin=0"/></net>

<net id="193"><net_src comp="58" pin="0"/><net_sink comp="188" pin=0"/></net>

<net id="194"><net_src comp="171" pin="1"/><net_sink comp="188" pin=1"/></net>

<net id="195"><net_src comp="60" pin="0"/><net_sink comp="188" pin=2"/></net>

<net id="199"><net_src comp="188" pin="3"/><net_sink comp="196" pin=0"/></net>

<net id="200"><net_src comp="196" pin="1"/><net_sink comp="116" pin=2"/></net>

<net id="201"><net_src comp="196" pin="1"/><net_sink comp="123" pin=2"/></net>

<net id="205"><net_src comp="180" pin="1"/><net_sink comp="202" pin=0"/></net>

<net id="206"><net_src comp="202" pin="1"/><net_sink comp="144" pin=4"/></net>

<net id="212"><net_src comp="62" pin="0"/><net_sink comp="207" pin=0"/></net>

<net id="213"><net_src comp="180" pin="1"/><net_sink comp="207" pin=1"/></net>

<net id="214"><net_src comp="64" pin="0"/><net_sink comp="207" pin=2"/></net>

<net id="215"><net_src comp="207" pin="3"/><net_sink comp="154" pin=4"/></net>

<net id="221"><net_src comp="58" pin="0"/><net_sink comp="216" pin=0"/></net>

<net id="222"><net_src comp="171" pin="1"/><net_sink comp="216" pin=1"/></net>

<net id="223"><net_src comp="66" pin="0"/><net_sink comp="216" pin=2"/></net>

<net id="227"><net_src comp="216" pin="3"/><net_sink comp="224" pin=0"/></net>

<net id="228"><net_src comp="224" pin="1"/><net_sink comp="130" pin=2"/></net>

<net id="229"><net_src comp="224" pin="1"/><net_sink comp="137" pin=2"/></net>

<net id="235"><net_src comp="62" pin="0"/><net_sink comp="230" pin=0"/></net>

<net id="236"><net_src comp="180" pin="1"/><net_sink comp="230" pin=1"/></net>

<net id="237"><net_src comp="68" pin="0"/><net_sink comp="230" pin=2"/></net>

<net id="238"><net_src comp="230" pin="3"/><net_sink comp="144" pin=1"/></net>

<net id="244"><net_src comp="62" pin="0"/><net_sink comp="239" pin=0"/></net>

<net id="245"><net_src comp="180" pin="1"/><net_sink comp="239" pin=1"/></net>

<net id="246"><net_src comp="70" pin="0"/><net_sink comp="239" pin=2"/></net>

<net id="247"><net_src comp="239" pin="3"/><net_sink comp="154" pin=1"/></net>

<net id="252"><net_src comp="184" pin="1"/><net_sink comp="248" pin=0"/></net>

<net id="253"><net_src comp="66" pin="0"/><net_sink comp="248" pin=1"/></net>

<net id="258"><net_src comp="174" pin="2"/><net_sink comp="254" pin=0"/></net>

<net id="259"><net_src comp="72" pin="0"/><net_sink comp="254" pin=1"/></net>

<net id="264"><net_src comp="254" pin="2"/><net_sink comp="260" pin=0"/></net>

<net id="265"><net_src comp="248" pin="2"/><net_sink comp="260" pin=1"/></net>

<net id="270"><net_src comp="174" pin="2"/><net_sink comp="266" pin=0"/></net>

<net id="274"><net_src comp="74" pin="1"/><net_sink comp="271" pin=0"/></net>

<net id="275"><net_src comp="271" pin="1"/><net_sink comp="166" pin=1"/></net>

<net id="276"><net_src comp="271" pin="1"/><net_sink comp="171" pin=0"/></net>

<net id="277"><net_src comp="271" pin="1"/><net_sink comp="266" pin=1"/></net>

</net_list>

</model> 
---------------- Datapath Model END ------------------

* FSMD analyzer results:
  - Output states:
	Port: s_axis_data_V_data_V | {}
	Port: s_axis_data_V_keep_V | {}
	Port: s_axis_data_V_strb_V | {}
	Port: s_axis_data_V_user_V | {}
	Port: s_axis_data_V_last_V | {}
	Port: s_axis_data_V_id_V | {}
	Port: s_axis_data_V_dest_V | {}
	Port: p_ZL13encoder_frame_0 | {1 }
	Port: p_ZL13encoder_frame_1 | {1 }
 - Input state : 
	Port: snn_top_hls_Pipeline_LOAD_FRAME : s_axis_data_V_data_V | {1 }
	Port: snn_top_hls_Pipeline_LOAD_FRAME : s_axis_data_V_keep_V | {1 }
	Port: snn_top_hls_Pipeline_LOAD_FRAME : s_axis_data_V_strb_V | {1 }
	Port: snn_top_hls_Pipeline_LOAD_FRAME : s_axis_data_V_user_V | {1 }
	Port: snn_top_hls_Pipeline_LOAD_FRAME : s_axis_data_V_last_V | {1 }
	Port: snn_top_hls_Pipeline_LOAD_FRAME : s_axis_data_V_id_V | {1 }
	Port: snn_top_hls_Pipeline_LOAD_FRAME : s_axis_data_V_dest_V | {1 }
	Port: snn_top_hls_Pipeline_LOAD_FRAME : p_ZL13encoder_frame_0 | {}
	Port: snn_top_hls_Pipeline_LOAD_FRAME : p_ZL13encoder_frame_1 | {}
  - Chain level:
	State 1
		store_ln787 : 1
		i_4 : 1
		add_ln787 : 2
		shl_ln : 2
		zext_ln792 : 3
		trunc_ln792 : 1
		p_ZL13encoder_frame_0_addr : 4
		tmp_7 : 1
		p_ZL13encoder_frame_1_addr : 4
		or_ln : 2
		zext_ln794 : 3
		tmp_8 : 1
		p_ZL13encoder_frame_0_addr_1 : 4
		tmp_9 : 1
		p_ZL13encoder_frame_1_addr_1 : 4
		store_ln792 : 5
		store_ln793 : 5
		store_ln794 : 5
		store_ln795 : 5
		xor_ln796 : 1
		icmp_ln787 : 3
		or_cond : 4
		store_ln787 : 3
		br_ln787 : 4


============================================================
+ Verbose Summary: Datapath Resource usage 
============================================================

* Functional unit list:
|----------|-----------------------|---------|---------|
| Operation|    Functional Unit    |    FF   |   LUT   |
|----------|-----------------------|---------|---------|
|    add   |    add_ln787_fu_174   |    0    |    15   |
|----------|-----------------------|---------|---------|
|   icmp   |   icmp_ln787_fu_254   |    0    |    15   |
|----------|-----------------------|---------|---------|
|    xor   |    xor_ln796_fu_248   |    0    |    2    |
|----------|-----------------------|---------|---------|
|    and   |     or_cond_fu_260    |    0    |    2    |
|----------|-----------------------|---------|---------|
| nbreadreq| tmp_5_nbreadreq_fu_78 |    0    |    0    |
|----------|-----------------------|---------|---------|
|   read   |    empty_read_fu_98   |    0    |    0    |
|----------|-----------------------|---------|---------|
|extractvalue|       p_s_fu_180      |    0    |    0    |
|          |       p_1_fu_184      |    0    |    0    |
|----------|-----------------------|---------|---------|
|bitconcatenate|     shl_ln_fu_188     |    0    |    0    |
|          |      or_ln_fu_216     |    0    |    0    |
|----------|-----------------------|---------|---------|
|   zext   |   zext_ln792_fu_196   |    0    |    0    |
|          |   zext_ln794_fu_224   |    0    |    0    |
|----------|-----------------------|---------|---------|
|   trunc  |   trunc_ln792_fu_202  |    0    |    0    |
|----------|-----------------------|---------|---------|
|          |      tmp_7_fu_207     |    0    |    0    |
|partselect|      tmp_8_fu_230     |    0    |    0    |
|          |      tmp_9_fu_239     |    0    |    0    |
|----------|-----------------------|---------|---------|
|   Total  |                       |    0    |    34   |
|----------|-----------------------|---------|---------|

Memories:
N/A

* Register list:
+---------+--------+
|         |   FF   |
+---------+--------+
|i_reg_271|    8   |
+---------+--------+
|  Total  |    8   |
+---------+--------+

* Multiplexer (MUX) list: 
|--------|------|------|------|--------|
|  Comp  |  Pin | Size |  BW  | S x BW |
|--------|------|------|------|--------|
|  Total |      |      |      |    0   |
|--------|------|------|------|--------|



* Summary:
+-----------+--------+--------+
|           |   FF   |   LUT  |
+-----------+--------+--------+
|  Function |    0   |   34   |
|   Memory  |    -   |    -   |
|Multiplexer|    -   |    -   |
|  Register |    8   |    -   |
+-----------+--------+--------+
|   Total   |    8   |   34   |
+-----------+--------+--------+
