

================================================================
== Vitis HLS Report for 'snn_top_hls_Pipeline_RESET_TRACES'
================================================================
* Date:           Tue Feb 10 18:59:24 2026

* Version:        2025.2 (Build 6295257 on Nov 14 2025)
* Project:        hls_csim_output
* Solution:       hls (Vivado IP Flow Target)
* Product family: zynq
* Target device:  xc7z020-clg400-1


================================================================
== Performance Estimates
================================================================
+ Timing: 
    * Summary: 
    +--------+----------+----------+------------+
    |  Clock |  Target  | Estimated| Uncertainty|
    +--------+----------+----------+------------+
    |ap_clk  |  10.00 ns|  6.665 ns|     2.70 ns|
    +--------+----------+----------+------------+

+ Latency: 
    * Summary: 
    +---------+---------+----------+----------+-----+-----+-------------------+
    |  Latency (cycles) |  Latency (absolute) |  Interval |      Pipeline     |
    |   min   |   max   |    min   |    max   | min | max |        Type       |
    +---------+---------+----------+----------+-----+-----+-------------------+
    |      258|      258|  2.580 us|  2.580 us|    0|    0|  loop pipeline stp|
    +---------+---------+----------+----------+-----+-----+-------------------+

    + Detail: 
        * Instance: 
        N/A

        * Loop: 
        +----------------+---------+---------+----------+-----------+-----------+------+----------+
        |                |  Latency (cycles) | Iteration|  Initiation Interval  | Trip |          |
        |    Loop Name   |   min   |   max   |  Latency |  achieved |   target  | Count| Pipelined|
        +----------------+---------+---------+----------+-----------+-----------+------+----------+
        |- RESET_TRACES  |      256|      256|         1|          1|          1|   256|       yes|
        +----------------+---------+---------+----------+-----------+-----------+------+----------+

============================================================
+ Verbose Summary: Synthesis Manager
============================================================
InlineROM: 1
ExposeGlobal: 0
============================================================
+ Verbose Summary: CDFG Model
============================================================
IsTopModel: 0
ResetActiveHigh: 1
IsCombinational: 0
IsDatapathOnly: 0
HasWiredReturn: 1
HasMFsm: 2
HasVarLatency: 1
IsPipeline: 0
IsRtlPipelined: 0
IsInstanceOverlapped: 0
IsDontTouch: 0
HasImplIP: 0
IsGatedGlobalClock: 0

+ Individual pipeline summary: 
  * Pipeline-0: initiation interval (II) = 1, depth = 1


============================================================
+ Verbose Summary: Schedule
============================================================
* Number of FSM states : 1
* Pipeline : 1
  Pipeline-0 : II = 1, D = 1, States = { 1 }
* Dataflow Pipeline: 0

* FSM state transitions: 
1 --> 

* FSM state operations: 

State 1 <SV = 0> <Delay = 6.66>
ST_1 : Operation 4 [1/1] (0.00ns)   --->   "%i_1 = alloca i32 1" [src/snn_top_hls.cpp:730]   --->   Operation 4 'alloca' 'i_1' <Predicate = true> <Delay = 0.00>
ST_1 : Operation 5 [1/1] (0.00ns)   --->   "%specmemcore_ln0 = specmemcore void @_ssdm_op_SpecMemCore, i16 %post_traces_last_spike_time_0, i64 666, i64 22, i64 18446744073709551615, i1 0"   --->   Operation 5 'specmemcore' 'specmemcore_ln0' <Predicate = true> <Delay = 0.00>
ST_1 : Operation 6 [1/1] (0.00ns)   --->   "%specmemcore_ln0 = specmemcore void @_ssdm_op_SpecMemCore, i16 %post_traces_last_spike_time_1, i64 666, i64 22, i64 18446744073709551615, i1 0"   --->   Operation 6 'specmemcore' 'specmemcore_ln0' <Predicate = true> <Delay = 0.00>
ST_1 : Operation 7 [1/1] (0.00ns)   --->   "%specmemcore_ln0 = specmemcore void @_ssdm_op_SpecMemCore, i8 %post_traces_trace_0, i64 666, i64 22, i64 18446744073709551615, i1 0"   --->   Operation 7 'specmemcore' 'specmemcore_ln0' <Predicate = true> <Delay = 0.00>
ST_1 : Operation 8 [1/1] (0.00ns)   --->   "%specmemcore_ln0 = specmemcore void @_ssdm_op_SpecMemCore, i8 %post_traces_trace_1, i64 666, i64 22, i64 18446744073709551615, i1 0"   --->   Operation 8 'specmemcore' 'specmemcore_ln0' <Predicate = true> <Delay = 0.00>
ST_1 : Operation 9 [1/1] (0.00ns)   --->   "%specmemcore_ln0 = specmemcore void @_ssdm_op_SpecMemCore, i16 %pre_traces_last_spike_time_0, i64 666, i64 22, i64 18446744073709551615, i1 0"   --->   Operation 9 'specmemcore' 'specmemcore_ln0' <Predicate = true> <Delay = 0.00>
ST_1 : Operation 10 [1/1] (0.00ns)   --->   "%specmemcore_ln0 = specmemcore void @_ssdm_op_SpecMemCore, i16 %pre_traces_last_spike_time_1, i64 666, i64 22, i64 18446744073709551615, i1 0"   --->   Operation 10 'specmemcore' 'specmemcore_ln0' <Predicate = true> <Delay = 0.00>
ST_1 : Operation 11 [1/1] (0.00ns)   --->   "%specmemcore_ln0 = specmemcore void @_ssdm_op_SpecMemCore, i8 %pre_traces_trace_0, i64 666, i64 22, i64 18446744073709551615, i1 0"   --->   Operation 11 'specmemcore' 'specmemcore_ln0' <Predicate = true> <Delay = 0.00>
ST_1 : Operation 12 [1/1] (0.00ns)   --->   "%specmemcore_ln0 = specmemcore void @_ssdm_op_SpecMemCore, i8 %pre_traces_trace_1, i64 666, i64 22, i64 18446744073709551615, i1 0"   --->   Operation 12 'specmemcore' 'specmemcore_ln0' <Predicate = true> <Delay = 0.00>
ST_1 : Operation 13 [1/1] (1.58ns)   --->   "%store_ln730 = store i9 0, i9 %i_1" [src/snn_top_hls.cpp:730]   --->   Operation 13 'store' 'store_ln730' <Predicate = true> <Delay = 1.58>
ST_1 : Operation 14 [1/1] (0.00ns)   --->   "%br_ln0 = br void %for.inc82"   --->   Operation 14 'br' 'br_ln0' <Predicate = true> <Delay = 0.00>
ST_1 : Operation 15 [1/1] (0.00ns)   --->   "%i = load i9 %i_1" [src/snn_top_hls.cpp:730]   --->   Operation 15 'load' 'i' <Predicate = true> <Delay = 0.00>
ST_1 : Operation 16 [1/1] (1.82ns)   --->   "%icmp_ln730 = icmp_eq  i9 %i, i9 256" [src/snn_top_hls.cpp:730]   --->   Operation 16 'icmp' 'icmp_ln730' <Predicate = true> <Delay = 1.82> <CoreInst = "Cmp">   --->   Core 9 'Cmp' <Latency = 0> <II = 1> <Delay = 1.82> <FuncUnit> <Opcode : 'seteq' 'setne' 'setle' 'setge' 'setlt' 'setgt'> <InPorts = 2> <OutPorts = 1>
ST_1 : Operation 17 [1/1] (1.82ns)   --->   "%add_ln730 = add i9 %i, i9 1" [src/snn_top_hls.cpp:730]   --->   Operation 17 'add' 'add_ln730' <Predicate = true> <Delay = 1.82> <CoreInst = "Adder">   --->   Core 1 'Adder' <Latency = 0> <II = 1> <Delay = 1.82> <FuncUnit> <Opcode : 'add' 'sub'> <InPorts = 2> <OutPorts = 1>
ST_1 : Operation 18 [1/1] (0.00ns)   --->   "%br_ln730 = br i1 %icmp_ln730, void %for.inc82.split, void %for.inc93.preheader.exitStub" [src/snn_top_hls.cpp:730]   --->   Operation 18 'br' 'br_ln730' <Predicate = true> <Delay = 0.00>
ST_1 : Operation 19 [1/1] (0.00ns)   --->   "%trunc_ln730 = trunc i9 %i" [src/snn_top_hls.cpp:730]   --->   Operation 19 'trunc' 'trunc_ln730' <Predicate = (!icmp_ln730)> <Delay = 0.00>
ST_1 : Operation 20 [1/1] (0.00ns)   --->   "%specpipeline_ln731 = specpipeline void @_ssdm_op_SpecPipeline, i32 1, i32 0, i32 0, i32 0, i32 4294967295, void @empty_3" [src/snn_top_hls.cpp:731]   --->   Operation 20 'specpipeline' 'specpipeline_ln731' <Predicate = (!icmp_ln730)> <Delay = 0.00>
ST_1 : Operation 21 [1/1] (0.00ns)   --->   "%speclooptripcount_ln732 = speclooptripcount void @_ssdm_op_SpecLoopTripCount, i64 256, i64 256, i64 256" [src/snn_top_hls.cpp:732]   --->   Operation 21 'speclooptripcount' 'speclooptripcount_ln732' <Predicate = (!icmp_ln730)> <Delay = 0.00>
ST_1 : Operation 22 [1/1] (0.00ns)   --->   "%specloopname_ln730 = specloopname void @_ssdm_op_SpecLoopName, void @empty_16" [src/snn_top_hls.cpp:730]   --->   Operation 22 'specloopname' 'specloopname_ln730' <Predicate = (!icmp_ln730)> <Delay = 0.00>
ST_1 : Operation 23 [1/1] (0.00ns)   --->   "%lshr_ln1 = partselect i7 @_ssdm_op_PartSelect.i7.i9.i32.i32, i9 %i, i32 1, i32 7" [src/snn_top_hls.cpp:732]   --->   Operation 23 'partselect' 'lshr_ln1' <Predicate = (!icmp_ln730)> <Delay = 0.00>
ST_1 : Operation 24 [1/1] (0.00ns)   --->   "%zext_ln732 = zext i7 %lshr_ln1" [src/snn_top_hls.cpp:732]   --->   Operation 24 'zext' 'zext_ln732' <Predicate = (!icmp_ln730)> <Delay = 0.00>
ST_1 : Operation 25 [1/1] (0.00ns)   --->   "%pre_traces_trace_0_addr = getelementptr i8 %pre_traces_trace_0, i64 0, i64 %zext_ln732" [src/snn_top_hls.cpp:732]   --->   Operation 25 'getelementptr' 'pre_traces_trace_0_addr' <Predicate = (!icmp_ln730)> <Delay = 0.00>
ST_1 : Operation 26 [1/1] (0.00ns)   --->   "%pre_traces_trace_1_addr = getelementptr i8 %pre_traces_trace_1, i64 0, i64 %zext_ln732" [src/snn_top_hls.cpp:732]   --->   Operation 26 'getelementptr' 'pre_traces_trace_1_addr' <Predicate = (!icmp_ln730)> <Delay = 0.00>
ST_1 : Operation 27 [1/1] (0.00ns)   --->   "%pre_traces_last_spike_time_0_addr = getelementptr i16 %pre_traces_last_spike_time_0, i64 0, i64 %zext_ln732" [src/snn_top_hls.cpp:733]   --->   Operation 27 'getelementptr' 'pre_traces_last_spike_time_0_addr' <Predicate = (!icmp_ln730)> <Delay = 0.00>
ST_1 : Operation 28 [1/1] (0.00ns)   --->   "%pre_traces_last_spike_time_1_addr = getelementptr i16 %pre_traces_last_spike_time_1, i64 0, i64 %zext_ln732" [src/snn_top_hls.cpp:733]   --->   Operation 28 'getelementptr' 'pre_traces_last_spike_time_1_addr' <Predicate = (!icmp_ln730)> <Delay = 0.00>
ST_1 : Operation 29 [1/1] (0.00ns)   --->   "%post_traces_trace_0_addr = getelementptr i8 %post_traces_trace_0, i64 0, i64 %zext_ln732" [src/snn_top_hls.cpp:734]   --->   Operation 29 'getelementptr' 'post_traces_trace_0_addr' <Predicate = (!icmp_ln730)> <Delay = 0.00>
ST_1 : Operation 30 [1/1] (0.00ns)   --->   "%post_traces_trace_1_addr = getelementptr i8 %post_traces_trace_1, i64 0, i64 %zext_ln732" [src/snn_top_hls.cpp:734]   --->   Operation 30 'getelementptr' 'post_traces_trace_1_addr' <Predicate = (!icmp_ln730)> <Delay = 0.00>
ST_1 : Operation 31 [1/1] (0.00ns)   --->   "%post_traces_last_spike_time_0_addr = getelementptr i16 %post_traces_last_spike_time_0, i64 0, i64 %zext_ln732" [src/snn_top_hls.cpp:735]   --->   Operation 31 'getelementptr' 'post_traces_last_spike_time_0_addr' <Predicate = (!icmp_ln730)> <Delay = 0.00>
ST_1 : Operation 32 [1/1] (0.00ns)   --->   "%post_traces_last_spike_time_1_addr = getelementptr i16 %post_traces_last_spike_time_1, i64 0, i64 %zext_ln732" [src/snn_top_hls.cpp:735]   --->   Operation 32 'getelementptr' 'post_traces_last_spike_time_1_addr' <Predicate = (!icmp_ln730)> <Delay = 0.00>
ST_1 : Operation 33 [1/1] (0.00ns)   --->   "%br_ln732 = br i1 %trunc_ln730, void %last_spike_time8112.case.0, void %last_spike_time8112.case.1" [src/snn_top_hls.cpp:732]   --->   Operation 33 'br' 'br_ln732' <Predicate = (!icmp_ln730)> <Delay = 0.00>
ST_1 : Operation 34 [1/1] ( I:3.25ns O:3.25ns )   --->   "%store_ln732 = store i8 0, i7 %pre_traces_trace_0_addr" [src/snn_top_hls.cpp:732]   --->   Operation 34 'store' 'store_ln732' <Predicate = (!icmp_ln730 & !trunc_ln730)> <Delay = 3.25> <CoreInst = "RAM_2P_BRAM">   --->   Core 90 'RAM_2P_BRAM' <Latency = 1> <II = 1> <Delay = 3.25> <Storage> <Opcode : 'load' 'store'> <Ports = 2> <Width = 8> <Depth = 128> <RAM>
ST_1 : Operation 35 [1/1] ( I:3.25ns O:3.25ns )   --->   "%store_ln733 = store i16 0, i7 %pre_traces_last_spike_time_0_addr" [src/snn_top_hls.cpp:733]   --->   Operation 35 'store' 'store_ln733' <Predicate = (!icmp_ln730 & !trunc_ln730)> <Delay = 3.25> <CoreInst = "RAM_2P_BRAM">   --->   Core 90 'RAM_2P_BRAM' <Latency = 1> <II = 1> <Delay = 3.25> <Storage> <Opcode : 'load' 'store'> <Ports = 2> <Width = 16> <Depth = 128> <RAM>
ST_1 : Operation 36 [1/1] ( I:3.25ns O:3.25ns )   --->   "%store_ln734 = store i8 0, i7 %post_traces_trace_0_addr" [src/snn_top_hls.cpp:734]   --->   Operation 36 'store' 'store_ln734' <Predicate = (!icmp_ln730 & !trunc_ln730)> <Delay = 3.25> <CoreInst = "RAM_2P_BRAM">   --->   Core 90 'RAM_2P_BRAM' <Latency = 1> <II = 1> <Delay = 3.25> <Storage> <Opcode : 'load' 'store'> <Ports = 2> <Width = 8> <Depth = 128> <RAM>
ST_1 : Operation 37 [1/1] ( I:3.25ns O:3.25ns )   --->   "%store_ln735 = store i16 0, i7 %post_traces_last_spike_time_0_addr" [src/snn_top_hls.cpp:735]   --->   Operation 37 'store' 'store_ln735' <Predicate = (!icmp_ln730 & !trunc_ln730)> <Delay = 3.25> <CoreInst = "RAM_2P_BRAM">   --->   Core 90 'RAM_2P_BRAM' <Latency = 1> <II = 1> <Delay = 3.25> <Storage> <Opcode : 'load' 'store'> <Ports = 2> <Width = 16> <Depth = 128> <RAM>
ST_1 : Operation 38 [1/1] (0.00ns)   --->   "%br_ln735 = br void %last_spike_time8112.exit" [src/snn_top_hls.cpp:735]   --->   Operation 38 'br' 'br_ln735' <Predicate = (!icmp_ln730 & !trunc_ln730)> <Delay = 0.00>
ST_1 : Operation 39 [1/1] ( I:3.25ns O:3.25ns )   --->   "%store_ln732 = store i8 0, i7 %pre_traces_trace_1_addr" [src/snn_top_hls.cpp:732]   --->   Operation 39 'store' 'store_ln732' <Predicate = (!icmp_ln730 & trunc_ln730)> <Delay = 3.25> <CoreInst = "RAM_2P_BRAM">   --->   Core 90 'RAM_2P_BRAM' <Latency = 1> <II = 1> <Delay = 3.25> <Storage> <Opcode : 'load' 'store'> <Ports = 2> <Width = 8> <Depth = 128> <RAM>
ST_1 : Operation 40 [1/1] ( I:3.25ns O:3.25ns )   --->   "%store_ln733 = store i16 0, i7 %pre_traces_last_spike_time_1_addr" [src/snn_top_hls.cpp:733]   --->   Operation 40 'store' 'store_ln733' <Predicate = (!icmp_ln730 & trunc_ln730)> <Delay = 3.25> <CoreInst = "RAM_2P_BRAM">   --->   Core 90 'RAM_2P_BRAM' <Latency = 1> <II = 1> <Delay = 3.25> <Storage> <Opcode : 'load' 'store'> <Ports = 2> <Width = 16> <Depth = 128> <RAM>
ST_1 : Operation 41 [1/1] ( I:3.25ns O:3.25ns )   --->   "%store_ln734 = store i8 0, i7 %post_traces_trace_1_addr" [src/snn_top_hls.cpp:734]   --->   Operation 41 'store' 'store_ln734' <Predicate = (!icmp_ln730 & trunc_ln730)> <Delay = 3.25> <CoreInst = "RAM_2P_BRAM">   --->   Core 90 'RAM_2P_BRAM' <Latency = 1> <II = 1> <Delay = 3.25> <Storage> <Opcode : 'load' 'store'> <Ports = 2> <Width = 8> <Depth = 128> <RAM>
ST_1 : Operation 42 [1/1] ( I:3.25ns O:3.25ns )   --->   "%store_ln735 = store i16 0, i7 %post_traces_last_spike_time_1_addr" [src/snn_top_hls.cpp:735]   --->   Operation 42 'store' 'store_ln735' <Predicate = (!icmp_ln730 & trunc_ln730)> <Delay = 3.25> <CoreInst = "RAM_2P_BRAM">   --->   Core 90 'RAM_2P_BRAM' <Latency = 1> <II = 1> <Delay = 3.25> <Storage> <Opcode : 'load' 'store'> <Ports = 2> <Width = 16> <Depth = 128> <RAM>
ST_1 : Operation 43 [1/1] (0.00ns)   --->   "%br_ln735 = br void %last_spike_time8112.exit" [src/snn_top_hls.cpp:735]   --->   Operation 43 'br' 'br_ln735' <Predicate = (!icmp_ln730 & trunc_ln730)> <Delay = 0.00>
ST_1 : Operation 44 [1/1] (1.58ns)   --->   "%store_ln730 = store i9 %add_ln730, i9 %i_1" [src/snn_top_hls.cpp:730]   --->   Operation 44 'store' 'store_ln730' <Predicate = (!icmp_ln730)> <Delay = 1.58>
ST_1 : Operation 45 [1/1] (0.00ns)   --->   "%br_ln730 = br void %for.inc82" [src/snn_top_hls.cpp:730]   --->   Operation 45 'br' 'br_ln730' <Predicate = (!icmp_ln730)> <Delay = 0.00>
ST_1 : Operation 46 [1/1] (1.58ns)   --->   "%ret_ln0 = ret"   --->   Operation 46 'ret' 'ret_ln0' <Predicate = (icmp_ln730)> <Delay = 1.58>


============================================================
+ Verbose Summary: Binding
============================================================
STG Binding: 
---------------- STG Properties BEGIN ----------------
- Is combinational: 0
- Is one-state seq: 0
- Is datapath-only: 0
- Is pipelined: 0
- Is top level: 0
Port [ Return ] is wired: 1; IO mode=ap_ctrl_hs:ce=0
Port [ pre_traces_trace_0]:  wired=1; compound=1; hidden=0; nouse=0; global=1; static=1; extern=0; dir=1; type=1; pingpong=0; private_global=0; MemPort=[30]; IO mode=ap_memory:ce=0
Port [ pre_traces_last_spike_time_0]:  wired=1; compound=1; hidden=0; nouse=0; global=1; static=1; extern=0; dir=1; type=1; pingpong=0; private_global=0; MemPort=[30]; IO mode=ap_memory:ce=0
Port [ post_traces_trace_0]:  wired=1; compound=1; hidden=0; nouse=0; global=1; static=1; extern=0; dir=1; type=1; pingpong=0; private_global=0; MemPort=[30]; IO mode=ap_memory:ce=0
Port [ post_traces_last_spike_time_0]:  wired=1; compound=1; hidden=0; nouse=0; global=1; static=1; extern=0; dir=1; type=1; pingpong=0; private_global=0; MemPort=[30]; IO mode=ap_memory:ce=0
Port [ pre_traces_trace_1]:  wired=1; compound=1; hidden=0; nouse=0; global=1; static=1; extern=0; dir=1; type=1; pingpong=0; private_global=0; MemPort=[30]; IO mode=ap_memory:ce=0
Port [ pre_traces_last_spike_time_1]:  wired=1; compound=1; hidden=0; nouse=0; global=1; static=1; extern=0; dir=1; type=1; pingpong=0; private_global=0; MemPort=[30]; IO mode=ap_memory:ce=0
Port [ post_traces_trace_1]:  wired=1; compound=1; hidden=0; nouse=0; global=1; static=1; extern=0; dir=1; type=1; pingpong=0; private_global=0; MemPort=[30]; IO mode=ap_memory:ce=0
Port [ post_traces_last_spike_time_1]:  wired=1; compound=1; hidden=0; nouse=0; global=1; static=1; extern=0; dir=1; type=1; pingpong=0; private_global=0; MemPort=[30]; IO mode=ap_memory:ce=0
---------------- STG Properties END ------------------

---------------- Datapath Model BEGIN ----------------

<LifeTime>
<method=bitvector/>
i_1                                (alloca           ) [ 01]
specmemcore_ln0                    (specmemcore      ) [ 00]
specmemcore_ln0                    (specmemcore      ) [ 00]
specmemcore_ln0                    (specmemcore      ) [ 00]
specmemcore_ln0                    (specmemcore      ) [ 00]
specmemcore_ln0                    (specmemcore      ) [ 00]
specmemcore_ln0                    (specmemcore      ) [ 00]
specmemcore_ln0                    (specmemcore      ) [ 00]
specmemcore_ln0                    (specmemcore      ) [ 00]
store_ln730                        (store            ) [ 00]
br_ln0                             (br               ) [ 00]
i                                  (load             ) [ 00]
icmp_ln730                         (icmp             ) [ 01]
add_ln730                          (add              ) [ 00]
br_ln730                           (br               ) [ 00]
trunc_ln730                        (trunc            ) [ 01]
specpipeline_ln731                 (specpipeline     ) [ 00]
speclooptripcount_ln732            (speclooptripcount) [ 00]
specloopname_ln730                 (specloopname     ) [ 00]
lshr_ln1                           (partselect       ) [ 00]
zext_ln732                         (zext             ) [ 00]
pre_traces_trace_0_addr            (getelementptr    ) [ 00]
pre_traces_trace_1_addr            (getelementptr    ) [ 00]
pre_traces_last_spike_time_0_addr  (getelementptr    ) [ 00]
pre_traces_last_spike_time_1_addr  (getelementptr    ) [ 00]
post_traces_trace_0_addr           (getelementptr    ) [ 00]
post_traces_trace_1_addr           (getelementptr    ) [ 00]
post_traces_last_spike_time_0_addr (getelementptr    ) [ 00]
post_traces_last_spike_time_1_addr (getelementptr    ) [ 00]
br_ln732                           (br               ) [ 00]
store_ln732                        (store            ) [ 00]
store_ln733                        (store            ) [ 00]
store_ln734                        (store            ) [ 00]
store_ln735                        (store            ) [ 00]
br_ln735                           (br               ) [ 00]
store_ln732                        (store            ) [ 00]
store_ln733                        (store            ) [ 00]
store_ln734                        (store            ) [ 00]
store_ln735                        (store            ) [ 00]
br_ln735                           (br               ) [ 00]
store_ln730                        (store            ) [ 00]
br_ln730                           (br               ) [ 00]
ret_ln0                            (ret              ) [ 00]
</LifeTime>

<model>

<comp_list>
<comp id="0" class="1000" name="pre_traces_trace_0">
<pin_list>
<pin id="1" dir="1" index="0" bw="1" slack="0"/>
</pin_list>
<bind>
<StgValue><ssdm name="pre_traces_trace_0"/><MemPortTyVec>3 0 </MemPortTyVec>
</StgValue>
</bind>
</comp>

<comp id="2" class="1000" name="pre_traces_last_spike_time_0">
<pin_list>
<pin id="3" dir="1" index="0" bw="1" slack="0"/>
</pin_list>
<bind>
<StgValue><ssdm name="pre_traces_last_spike_time_0"/><MemPortTyVec>3 0 </MemPortTyVec>
</StgValue>
</bind>
</comp>

<comp id="4" class="1000" name="post_traces_trace_0">
<pin_list>
<pin id="5" dir="1" index="0" bw="1" slack="0"/>
</pin_list>
<bind>
<StgValue><ssdm name="post_traces_trace_0"/><MemPortTyVec>3 0 </MemPortTyVec>
</StgValue>
</bind>
</comp>

<comp id="6" class="1000" name="post_traces_last_spike_time_0">
<pin_list>
<pin id="7" dir="1" index="0" bw="1" slack="0"/>
</pin_list>
<bind>
<StgValue><ssdm name="post_traces_last_spike_time_0"/><MemPortTyVec>3 0 </MemPortTyVec>
</StgValue>
</bind>
</comp>

<comp id="8" class="1000" name="pre_traces_trace_1">
<pin_list>
<pin id="9" dir="1" index="0" bw="1" slack="0"/>
</pin_list>
<bind>
<StgValue><ssdm name="pre_traces_trace_1"/><MemPortTyVec>3 0 </MemPortTyVec>
</StgValue>
</bind>
</comp>

<comp id="10" class="1000" name="pre_traces_last_spike_time_1">
<pin_list>
<pin id="11" dir="1" index="0" bw="1" slack="0"/>
</pin_list>
<bind>
<StgValue><ssdm name="pre_traces_last_spike_time_1"/><MemPortTyVec>3 0 </MemPortTyVec>
</StgValue>
</bind>
</comp>

<comp id="12" class="1000" name="post_traces_trace_1">
<pin_list>
<pin id="13" dir="1" index="0" bw="1" slack="0"/>
</pin_list>
<bind>
<StgValue><ssdm name="post_traces_trace_1"/><MemPortTyVec>3 0 </MemPortTyVec>
</StgValue>
</bind>
</comp>

<comp id="14" class="1000" name="post_traces_last_spike_time_1">
<pin_list>
<pin id="15" dir="1" index="0" bw="1" slack="0"/>
</pin_list>
<bind>
<StgValue><ssdm name="post_traces_last_spike_time_1"/><MemPortTyVec>3 0 </MemPortTyVec>
</StgValue>
</bind>
</comp>

<comp id="16" class="1001" name="const_16">
<pin_list>
<pin id="17" dir="1" index="0" bw="1" slack="0"/>
</pin_list>
<bind>
<StgValue><ssdm name=""/></StgValue>
</bind>
</comp>

<comp id="18" class="1001" name="const_18">
<pin_list>
<pin id="19" dir="1" index="0" bw="1" slack="2147483647"/>
</pin_list>
<bind>
<StgValue><ssdm name="_ssdm_op_SpecMemCore"/></StgValue>
</bind>
</comp>

<comp id="20" class="1001" name="const_20">
<pin_list>
<pin id="21" dir="1" index="0" bw="1" slack="2147483647"/>
</pin_list>
<bind>
<StgValue><ssdm name=""/></StgValue>
</bind>
</comp>

<comp id="22" class="1001" name="const_22">
<pin_list>
<pin id="23" dir="1" index="0" bw="1" slack="2147483647"/>
</pin_list>
<bind>
<StgValue><ssdm name=""/></StgValue>
</bind>
</comp>

<comp id="24" class="1001" name="const_24">
<pin_list>
<pin id="25" dir="1" index="0" bw="1" slack="2147483647"/>
</pin_list>
<bind>
<StgValue><ssdm name=""/></StgValue>
</bind>
</comp>

<comp id="26" class="1001" name="const_26">
<pin_list>
<pin id="27" dir="1" index="0" bw="1" slack="2147483647"/>
</pin_list>
<bind>
<StgValue><ssdm name=""/></StgValue>
</bind>
</comp>

<comp id="28" class="1001" name="const_28">
<pin_list>
<pin id="29" dir="1" index="0" bw="1" slack="0"/>
</pin_list>
<bind>
<StgValue><ssdm name=""/></StgValue>
</bind>
</comp>

<comp id="30" class="1001" name="const_30">
<pin_list>
<pin id="31" dir="1" index="0" bw="1" slack="0"/>
</pin_list>
<bind>
<StgValue><ssdm name=""/></StgValue>
</bind>
</comp>

<comp id="32" class="1001" name="const_32">
<pin_list>
<pin id="33" dir="1" index="0" bw="1" slack="0"/>
</pin_list>
<bind>
<StgValue><ssdm name=""/></StgValue>
</bind>
</comp>

<comp id="34" class="1001" name="const_34">
<pin_list>
<pin id="35" dir="1" index="0" bw="1" slack="2147483647"/>
</pin_list>
<bind>
<StgValue><ssdm name="_ssdm_op_SpecPipeline"/></StgValue>
</bind>
</comp>

<comp id="36" class="1001" name="const_36">
<pin_list>
<pin id="37" dir="1" index="0" bw="1" slack="2147483647"/>
</pin_list>
<bind>
<StgValue><ssdm name=""/></StgValue>
</bind>
</comp>

<comp id="38" class="1001" name="const_38">
<pin_list>
<pin id="39" dir="1" index="0" bw="1" slack="2147483647"/>
</pin_list>
<bind>
<StgValue><ssdm name=""/></StgValue>
</bind>
</comp>

<comp id="40" class="1001" name="const_40">
<pin_list>
<pin id="41" dir="1" index="0" bw="1" slack="2147483647"/>
</pin_list>
<bind>
<StgValue><ssdm name="empty_3"/></StgValue>
</bind>
</comp>

<comp id="42" class="1001" name="const_42">
<pin_list>
<pin id="43" dir="1" index="0" bw="1" slack="2147483647"/>
</pin_list>
<bind>
<StgValue><ssdm name="_ssdm_op_SpecLoopTripCount"/></StgValue>
</bind>
</comp>

<comp id="44" class="1001" name="const_44">
<pin_list>
<pin id="45" dir="1" index="0" bw="1" slack="2147483647"/>
</pin_list>
<bind>
<StgValue><ssdm name=""/></StgValue>
</bind>
</comp>

<comp id="46" class="1001" name="const_46">
<pin_list>
<pin id="47" dir="1" index="0" bw="1" slack="2147483647"/>
</pin_list>
<bind>
<StgValue><ssdm name="_ssdm_op_SpecLoopName"/></StgValue>
</bind>
</comp>

<comp id="48" class="1001" name="const_48">
<pin_list>
<pin id="49" dir="1" index="0" bw="1" slack="2147483647"/>
</pin_list>
<bind>
<StgValue><ssdm name="empty_16"/></StgValue>
</bind>
</comp>

<comp id="50" class="1001" name="const_50">
<pin_list>
<pin id="51" dir="1" index="0" bw="1" slack="0"/>
</pin_list>
<bind>
<StgValue><ssdm name="_ssdm_op_PartSelect.i7.i9.i32.i32"/></StgValue>
</bind>
</comp>

<comp id="52" class="1001" name="const_52">
<pin_list>
<pin id="53" dir="1" index="0" bw="1" slack="0"/>
</pin_list>
<bind>
<StgValue><ssdm name=""/></StgValue>
</bind>
</comp>

<comp id="54" class="1001" name="const_54">
<pin_list>
<pin id="55" dir="1" index="0" bw="1" slack="0"/>
</pin_list>
<bind>
<StgValue><ssdm name=""/></StgValue>
</bind>
</comp>

<comp id="56" class="1001" name="const_56">
<pin_list>
<pin id="57" dir="1" index="0" bw="1" slack="0"/>
</pin_list>
<bind>
<StgValue><ssdm name=""/></StgValue>
</bind>
</comp>

<comp id="58" class="1001" name="const_58">
<pin_list>
<pin id="59" dir="1" index="0" bw="1" slack="0"/>
</pin_list>
<bind>
<StgValue><ssdm name=""/></StgValue>
</bind>
</comp>

<comp id="60" class="1004" name="i_1_fu_60">
<pin_list>
<pin id="61" dir="0" index="0" bw="1" slack="0"/>
<pin id="62" dir="1" index="1" bw="9" slack="0"/>
</pin_list>
<bind>
<opcode="alloca(26) " fcode="alloca"/>
<opset="i_1/1 "/>
</bind>
</comp>

<comp id="64" class="1004" name="pre_traces_trace_0_addr_gep_fu_64">
<pin_list>
<pin id="65" dir="0" index="0" bw="8" slack="0"/>
<pin id="66" dir="0" index="1" bw="1" slack="0"/>
<pin id="67" dir="0" index="2" bw="7" slack="0"/>
<pin id="68" dir="1" index="3" bw="7" slack="0"/>
</pin_list>
<bind>
<opcode="getelementptr(29) " fcode="getelementptr"/>
<opset="pre_traces_trace_0_addr/1 "/>
</bind>
</comp>

<comp id="71" class="1004" name="pre_traces_trace_1_addr_gep_fu_71">
<pin_list>
<pin id="72" dir="0" index="0" bw="8" slack="0"/>
<pin id="73" dir="0" index="1" bw="1" slack="0"/>
<pin id="74" dir="0" index="2" bw="7" slack="0"/>
<pin id="75" dir="1" index="3" bw="7" slack="0"/>
</pin_list>
<bind>
<opcode="getelementptr(29) " fcode="getelementptr"/>
<opset="pre_traces_trace_1_addr/1 "/>
</bind>
</comp>

<comp id="78" class="1004" name="pre_traces_last_spike_time_0_addr_gep_fu_78">
<pin_list>
<pin id="79" dir="0" index="0" bw="16" slack="0"/>
<pin id="80" dir="0" index="1" bw="1" slack="0"/>
<pin id="81" dir="0" index="2" bw="7" slack="0"/>
<pin id="82" dir="1" index="3" bw="7" slack="0"/>
</pin_list>
<bind>
<opcode="getelementptr(29) " fcode="getelementptr"/>
<opset="pre_traces_last_spike_time_0_addr/1 "/>
</bind>
</comp>

<comp id="85" class="1004" name="pre_traces_last_spike_time_1_addr_gep_fu_85">
<pin_list>
<pin id="86" dir="0" index="0" bw="16" slack="0"/>
<pin id="87" dir="0" index="1" bw="1" slack="0"/>
<pin id="88" dir="0" index="2" bw="7" slack="0"/>
<pin id="89" dir="1" index="3" bw="7" slack="0"/>
</pin_list>
<bind>
<opcode="getelementptr(29) " fcode="getelementptr"/>
<opset="pre_traces_last_spike_time_1_addr/1 "/>
</bind>
</comp>

<comp id="92" class="1004" name="post_traces_trace_0_addr_gep_fu_92">
<pin_list>
<pin id="93" dir="0" index="0" bw="8" slack="0"/>
<pin id="94" dir="0" index="1" bw="1" slack="0"/>
<pin id="95" dir="0" index="2" bw="7" slack="0"/>
<pin id="96" dir="1" index="3" bw="7" slack="0"/>
</pin_list>
<bind>
<opcode="getelementptr(29) " fcode="getelementptr"/>
<opset="post_traces_trace_0_addr/1 "/>
</bind>
</comp>

<comp id="99" class="1004" name="post_traces_trace_1_addr_gep_fu_99">
<pin_list>
<pin id="100" dir="0" index="0" bw="8" slack="0"/>
<pin id="101" dir="0" index="1" bw="1" slack="0"/>
<pin id="102" dir="0" index="2" bw="7" slack="0"/>
<pin id="103" dir="1" index="3" bw="7" slack="0"/>
</pin_list>
<bind>
<opcode="getelementptr(29) " fcode="getelementptr"/>
<opset="post_traces_trace_1_addr/1 "/>
</bind>
</comp>

<comp id="106" class="1004" name="post_traces_last_spike_time_0_addr_gep_fu_106">
<pin_list>
<pin id="107" dir="0" index="0" bw="16" slack="0"/>
<pin id="108" dir="0" index="1" bw="1" slack="0"/>
<pin id="109" dir="0" index="2" bw="7" slack="0"/>
<pin id="110" dir="1" index="3" bw="7" slack="0"/>
</pin_list>
<bind>
<opcode="getelementptr(29) " fcode="getelementptr"/>
<opset="post_traces_last_spike_time_0_addr/1 "/>
</bind>
</comp>

<comp id="113" class="1004" name="post_traces_last_spike_time_1_addr_gep_fu_113">
<pin_list>
<pin id="114" dir="0" index="0" bw="16" slack="0"/>
<pin id="115" dir="0" index="1" bw="1" slack="0"/>
<pin id="116" dir="0" index="2" bw="7" slack="0"/>
<pin id="117" dir="1" index="3" bw="7" slack="0"/>
</pin_list>
<bind>
<opcode="getelementptr(29) " fcode="getelementptr"/>
<opset="post_traces_last_spike_time_1_addr/1 "/>
</bind>
</comp>

<comp id="120" class="1004" name="store_ln732_access_fu_120">
<pin_list>
<pin id="121" dir="0" index="0" bw="7" slack="2147483647"/>
<pin id="122" dir="0" index="1" bw="8" slack="2147483647"/>
<pin id="123" dir="0" index="2" bw="0" slack="0"/>
<pin id="125" dir="0" index="4" bw="7" slack="0"/>
<pin id="126" dir="0" index="5" bw="8" slack="2147483647"/>
<pin id="127" dir="0" index="6" bw="0" slack="2147483647"/>
<pin id="124" dir="1" index="3" bw="8" slack="2147483647"/>
<pin id="128" dir="1" index="7" bw="8" slack="2147483647"/>
</pin_list>
<bind>
<opcode="store(28) " fcode="store"/>
<opset="store_ln732/1 "/>
</bind>
</comp>

<comp id="131" class="1004" name="store_ln733_access_fu_131">
<pin_list>
<pin id="132" dir="0" index="0" bw="7" slack="2147483647"/>
<pin id="133" dir="0" index="1" bw="16" slack="2147483647"/>
<pin id="134" dir="0" index="2" bw="0" slack="0"/>
<pin id="136" dir="0" index="4" bw="7" slack="0"/>
<pin id="137" dir="0" index="5" bw="16" slack="2147483647"/>
<pin id="138" dir="0" index="6" bw="0" slack="2147483647"/>
<pin id="135" dir="1" index="3" bw="16" slack="2147483647"/>
<pin id="139" dir="1" index="7" bw="16" slack="2147483647"/>
</pin_list>
<bind>
<opcode="store(28) " fcode="store"/>
<opset="store_ln733/1 "/>
</bind>
</comp>

<comp id="142" class="1004" name="store_ln734_access_fu_142">
<pin_list>
<pin id="143" dir="0" index="0" bw="7" slack="2147483647"/>
<pin id="144" dir="0" index="1" bw="8" slack="2147483647"/>
<pin id="145" dir="0" index="2" bw="0" slack="0"/>
<pin id="147" dir="0" index="4" bw="7" slack="0"/>
<pin id="148" dir="0" index="5" bw="8" slack="2147483647"/>
<pin id="149" dir="0" index="6" bw="0" slack="2147483647"/>
<pin id="146" dir="1" index="3" bw="8" slack="2147483647"/>
<pin id="150" dir="1" index="7" bw="8" slack="2147483647"/>
</pin_list>
<bind>
<opcode="store(28) " fcode="store"/>
<opset="store_ln734/1 "/>
</bind>
</comp>

<comp id="153" class="1004" name="store_ln735_access_fu_153">
<pin_list>
<pin id="154" dir="0" index="0" bw="7" slack="2147483647"/>
<pin id="155" dir="0" index="1" bw="16" slack="2147483647"/>
<pin id="156" dir="0" index="2" bw="0" slack="0"/>
<pin id="158" dir="0" index="4" bw="7" slack="0"/>
<pin id="159" dir="0" index="5" bw="16" slack="2147483647"/>
<pin id="160" dir="0" index="6" bw="0" slack="2147483647"/>
<pin id="157" dir="1" index="3" bw="16" slack="2147483647"/>
<pin id="161" dir="1" index="7" bw="16" slack="2147483647"/>
</pin_list>
<bind>
<opcode="store(28) " fcode="store"/>
<opset="store_ln735/1 "/>
</bind>
</comp>

<comp id="164" class="1004" name="store_ln732_access_fu_164">
<pin_list>
<pin id="165" dir="0" index="0" bw="7" slack="2147483647"/>
<pin id="166" dir="0" index="1" bw="8" slack="2147483647"/>
<pin id="167" dir="0" index="2" bw="0" slack="0"/>
<pin id="169" dir="0" index="4" bw="7" slack="0"/>
<pin id="170" dir="0" index="5" bw="8" slack="2147483647"/>
<pin id="171" dir="0" index="6" bw="0" slack="2147483647"/>
<pin id="168" dir="1" index="3" bw="8" slack="2147483647"/>
<pin id="172" dir="1" index="7" bw="8" slack="2147483647"/>
</pin_list>
<bind>
<opcode="store(28) " fcode="store"/>
<opset="store_ln732/1 "/>
</bind>
</comp>

<comp id="175" class="1004" name="store_ln733_access_fu_175">
<pin_list>
<pin id="176" dir="0" index="0" bw="7" slack="2147483647"/>
<pin id="177" dir="0" index="1" bw="16" slack="2147483647"/>
<pin id="178" dir="0" index="2" bw="0" slack="0"/>
<pin id="180" dir="0" index="4" bw="7" slack="0"/>
<pin id="181" dir="0" index="5" bw="16" slack="2147483647"/>
<pin id="182" dir="0" index="6" bw="0" slack="2147483647"/>
<pin id="179" dir="1" index="3" bw="16" slack="2147483647"/>
<pin id="183" dir="1" index="7" bw="16" slack="2147483647"/>
</pin_list>
<bind>
<opcode="store(28) " fcode="store"/>
<opset="store_ln733/1 "/>
</bind>
</comp>

<comp id="186" class="1004" name="store_ln734_access_fu_186">
<pin_list>
<pin id="187" dir="0" index="0" bw="7" slack="2147483647"/>
<pin id="188" dir="0" index="1" bw="8" slack="2147483647"/>
<pin id="189" dir="0" index="2" bw="0" slack="0"/>
<pin id="191" dir="0" index="4" bw="7" slack="0"/>
<pin id="192" dir="0" index="5" bw="8" slack="2147483647"/>
<pin id="193" dir="0" index="6" bw="0" slack="2147483647"/>
<pin id="190" dir="1" index="3" bw="8" slack="2147483647"/>
<pin id="194" dir="1" index="7" bw="8" slack="2147483647"/>
</pin_list>
<bind>
<opcode="store(28) " fcode="store"/>
<opset="store_ln734/1 "/>
</bind>
</comp>

<comp id="197" class="1004" name="store_ln735_access_fu_197">
<pin_list>
<pin id="198" dir="0" index="0" bw="7" slack="2147483647"/>
<pin id="199" dir="0" index="1" bw="16" slack="2147483647"/>
<pin id="200" dir="0" index="2" bw="0" slack="0"/>
<pin id="202" dir="0" index="4" bw="7" slack="0"/>
<pin id="203" dir="0" index="5" bw="16" slack="2147483647"/>
<pin id="204" dir="0" index="6" bw="0" slack="2147483647"/>
<pin id="201" dir="1" index="3" bw="16" slack="2147483647"/>
<pin id="205" dir="1" index="7" bw="16" slack="2147483647"/>
</pin_list>
<bind>
<opcode="store(28) " fcode="store"/>
<opset="store_ln735/1 "/>
</bind>
</comp>

<comp id="208" class="1004" name="store_ln730_store_fu_208">
<pin_list>
<pin id="209" dir="0" index="0" bw="1" slack="0"/>
<pin id="210" dir="0" index="1" bw="9" slack="0"/>
<pin id="211" dir="1" index="2" bw="0" slack="2147483647"/>
</pin_list>
<bind>
<opcode="store(28) " fcode="store"/>
<opset="store_ln730/1 "/>
</bind>
</comp>

<comp id="213" class="1004" name="i_load_fu_213">
<pin_list>
<pin id="214" dir="0" index="0" bw="9" slack="0"/>
<pin id="215" dir="1" index="1" bw="9" slack="0"/>
</pin_list>
<bind>
<opcode="load(27) " fcode="load"/>
<opset="i/1 "/>
</bind>
</comp>

<comp id="216" class="1004" name="icmp_ln730_fu_216">
<pin_list>
<pin id="217" dir="0" index="0" bw="9" slack="0"/>
<pin id="218" dir="0" index="1" bw="9" slack="0"/>
<pin id="219" dir="1" index="2" bw="1" slack="2147483647"/>
</pin_list>
<bind>
<opcode="icmp(45) " fcode="icmp"/>
<opset="icmp_ln730/1 "/>
</bind>
</comp>

<comp id="222" class="1004" name="add_ln730_fu_222">
<pin_list>
<pin id="223" dir="0" index="0" bw="9" slack="0"/>
<pin id="224" dir="0" index="1" bw="1" slack="0"/>
<pin id="225" dir="1" index="2" bw="9" slack="0"/>
</pin_list>
<bind>
<opcode="add(8) " fcode="add"/>
<opset="add_ln730/1 "/>
</bind>
</comp>

<comp id="228" class="1004" name="trunc_ln730_fu_228">
<pin_list>
<pin id="229" dir="0" index="0" bw="9" slack="0"/>
<pin id="230" dir="1" index="1" bw="1" slack="2147483647"/>
</pin_list>
<bind>
<opcode="trunc(33) " fcode="trunc"/>
<opset="trunc_ln730/1 "/>
</bind>
</comp>

<comp id="232" class="1004" name="lshr_ln1_fu_232">
<pin_list>
<pin id="233" dir="0" index="0" bw="7" slack="0"/>
<pin id="234" dir="0" index="1" bw="9" slack="0"/>
<pin id="235" dir="0" index="2" bw="1" slack="0"/>
<pin id="236" dir="0" index="3" bw="4" slack="0"/>
<pin id="237" dir="1" index="4" bw="7" slack="0"/>
</pin_list>
<bind>
<opcode="partselect(1002) " fcode="partselect"/>
<opset="lshr_ln1/1 "/>
</bind>
</comp>

<comp id="242" class="1004" name="zext_ln732_fu_242">
<pin_list>
<pin id="243" dir="0" index="0" bw="7" slack="0"/>
<pin id="244" dir="1" index="1" bw="64" slack="0"/>
</pin_list>
<bind>
<opcode="zext(34) " fcode="zext"/>
<opset="zext_ln732/1 "/>
</bind>
</comp>

<comp id="254" class="1004" name="store_ln730_store_fu_254">
<pin_list>
<pin id="255" dir="0" index="0" bw="9" slack="0"/>
<pin id="256" dir="0" index="1" bw="9" slack="0"/>
<pin id="257" dir="1" index="2" bw="0" slack="2147483647"/>
</pin_list>
<bind>
<opcode="store(28) " fcode="store"/>
<opset="store_ln730/1 "/>
</bind>
</comp>

<comp id="259" class="1005" name="i_1_reg_259">
<pin_list>
<pin id="260" dir="0" index="0" bw="9" slack="0"/>
<pin id="261" dir="1" index="1" bw="9" slack="0"/>
</pin_list>
<bind>
<opset="i_1 "/>
</bind>
</comp>

</comp_list>

<net_list>
<net id="63"><net_src comp="16" pin="0"/><net_sink comp="60" pin=0"/></net>

<net id="69"><net_src comp="0" pin="0"/><net_sink comp="64" pin=0"/></net>

<net id="70"><net_src comp="54" pin="0"/><net_sink comp="64" pin=1"/></net>

<net id="76"><net_src comp="8" pin="0"/><net_sink comp="71" pin=0"/></net>

<net id="77"><net_src comp="54" pin="0"/><net_sink comp="71" pin=1"/></net>

<net id="83"><net_src comp="2" pin="0"/><net_sink comp="78" pin=0"/></net>

<net id="84"><net_src comp="54" pin="0"/><net_sink comp="78" pin=1"/></net>

<net id="90"><net_src comp="10" pin="0"/><net_sink comp="85" pin=0"/></net>

<net id="91"><net_src comp="54" pin="0"/><net_sink comp="85" pin=1"/></net>

<net id="97"><net_src comp="4" pin="0"/><net_sink comp="92" pin=0"/></net>

<net id="98"><net_src comp="54" pin="0"/><net_sink comp="92" pin=1"/></net>

<net id="104"><net_src comp="12" pin="0"/><net_sink comp="99" pin=0"/></net>

<net id="105"><net_src comp="54" pin="0"/><net_sink comp="99" pin=1"/></net>

<net id="111"><net_src comp="6" pin="0"/><net_sink comp="106" pin=0"/></net>

<net id="112"><net_src comp="54" pin="0"/><net_sink comp="106" pin=1"/></net>

<net id="118"><net_src comp="14" pin="0"/><net_sink comp="113" pin=0"/></net>

<net id="119"><net_src comp="54" pin="0"/><net_sink comp="113" pin=1"/></net>

<net id="129"><net_src comp="56" pin="0"/><net_sink comp="120" pin=4"/></net>

<net id="130"><net_src comp="64" pin="3"/><net_sink comp="120" pin=2"/></net>

<net id="140"><net_src comp="58" pin="0"/><net_sink comp="131" pin=4"/></net>

<net id="141"><net_src comp="78" pin="3"/><net_sink comp="131" pin=2"/></net>

<net id="151"><net_src comp="56" pin="0"/><net_sink comp="142" pin=4"/></net>

<net id="152"><net_src comp="92" pin="3"/><net_sink comp="142" pin=2"/></net>

<net id="162"><net_src comp="58" pin="0"/><net_sink comp="153" pin=4"/></net>

<net id="163"><net_src comp="106" pin="3"/><net_sink comp="153" pin=2"/></net>

<net id="173"><net_src comp="56" pin="0"/><net_sink comp="164" pin=4"/></net>

<net id="174"><net_src comp="71" pin="3"/><net_sink comp="164" pin=2"/></net>

<net id="184"><net_src comp="58" pin="0"/><net_sink comp="175" pin=4"/></net>

<net id="185"><net_src comp="85" pin="3"/><net_sink comp="175" pin=2"/></net>

<net id="195"><net_src comp="56" pin="0"/><net_sink comp="186" pin=4"/></net>

<net id="196"><net_src comp="99" pin="3"/><net_sink comp="186" pin=2"/></net>

<net id="206"><net_src comp="58" pin="0"/><net_sink comp="197" pin=4"/></net>

<net id="207"><net_src comp="113" pin="3"/><net_sink comp="197" pin=2"/></net>

<net id="212"><net_src comp="28" pin="0"/><net_sink comp="208" pin=0"/></net>

<net id="220"><net_src comp="213" pin="1"/><net_sink comp="216" pin=0"/></net>

<net id="221"><net_src comp="30" pin="0"/><net_sink comp="216" pin=1"/></net>

<net id="226"><net_src comp="213" pin="1"/><net_sink comp="222" pin=0"/></net>

<net id="227"><net_src comp="32" pin="0"/><net_sink comp="222" pin=1"/></net>

<net id="231"><net_src comp="213" pin="1"/><net_sink comp="228" pin=0"/></net>

<net id="238"><net_src comp="50" pin="0"/><net_sink comp="232" pin=0"/></net>

<net id="239"><net_src comp="213" pin="1"/><net_sink comp="232" pin=1"/></net>

<net id="240"><net_src comp="16" pin="0"/><net_sink comp="232" pin=2"/></net>

<net id="241"><net_src comp="52" pin="0"/><net_sink comp="232" pin=3"/></net>

<net id="245"><net_src comp="232" pin="4"/><net_sink comp="242" pin=0"/></net>

<net id="246"><net_src comp="242" pin="1"/><net_sink comp="64" pin=2"/></net>

<net id="247"><net_src comp="242" pin="1"/><net_sink comp="71" pin=2"/></net>

<net id="248"><net_src comp="242" pin="1"/><net_sink comp="78" pin=2"/></net>

<net id="249"><net_src comp="242" pin="1"/><net_sink comp="85" pin=2"/></net>

<net id="250"><net_src comp="242" pin="1"/><net_sink comp="92" pin=2"/></net>

<net id="251"><net_src comp="242" pin="1"/><net_sink comp="99" pin=2"/></net>

<net id="252"><net_src comp="242" pin="1"/><net_sink comp="106" pin=2"/></net>

<net id="253"><net_src comp="242" pin="1"/><net_sink comp="113" pin=2"/></net>

<net id="258"><net_src comp="222" pin="2"/><net_sink comp="254" pin=0"/></net>

<net id="262"><net_src comp="60" pin="1"/><net_sink comp="259" pin=0"/></net>

<net id="263"><net_src comp="259" pin="1"/><net_sink comp="208" pin=1"/></net>

<net id="264"><net_src comp="259" pin="1"/><net_sink comp="213" pin=0"/></net>

<net id="265"><net_src comp="259" pin="1"/><net_sink comp="254" pin=1"/></net>

</net_list>

</model> 
---------------- Datapath Model END ------------------

* FSMD analyzer results:
  - Output states:
	Port: pre_traces_trace_0 | {1 }
	Port: pre_traces_last_spike_time_0 | {1 }
	Port: post_traces_trace_0 | {1 }
	Port: post_traces_last_spike_time_0 | {1 }
	Port: pre_traces_trace_1 | {1 }
	Port: pre_traces_last_spike_time_1 | {1 }
	Port: post_traces_trace_1 | {1 }
	Port: post_traces_last_spike_time_1 | {1 }
 - Input state : 
  - Chain level:
	State 1
		store_ln730 : 1
		i : 1
		icmp_ln730 : 2
		add_ln730 : 2
		br_ln730 : 3
		trunc_ln730 : 2
		lshr_ln1 : 2
		zext_ln732 : 3
		pre_traces_trace_0_addr : 4
		pre_traces_trace_1_addr : 4
		pre_traces_last_spike_time_0_addr : 4
		pre_traces_last_spike_time_1_addr : 4
		post_traces_trace_0_addr : 4
		post_traces_trace_1_addr : 4
		post_traces_last_spike_time_0_addr : 4
		post_traces_last_spike_time_1_addr : 4
		br_ln732 : 3
		store_ln732 : 5
		store_ln733 : 5
		store_ln734 : 5
		store_ln735 : 5
		store_ln732 : 5
		store_ln733 : 5
		store_ln734 : 5
		store_ln735 : 5
		store_ln730 : 3


============================================================
+ Verbose Summary: Datapath Resource usage 
============================================================

* Functional unit list:
|----------|--------------------|---------|---------|
| Operation|   Functional Unit  |    FF   |   LUT   |
|----------|--------------------|---------|---------|
|   icmp   |  icmp_ln730_fu_216 |    0    |    14   |
|----------|--------------------|---------|---------|
|    add   |  add_ln730_fu_222  |    0    |    14   |
|----------|--------------------|---------|---------|
|   trunc  | trunc_ln730_fu_228 |    0    |    0    |
|----------|--------------------|---------|---------|
|partselect|   lshr_ln1_fu_232  |    0    |    0    |
|----------|--------------------|---------|---------|
|   zext   |  zext_ln732_fu_242 |    0    |    0    |
|----------|--------------------|---------|---------|
|   Total  |                    |    0    |    28   |
|----------|--------------------|---------|---------|

Memories:
N/A

* Register list:
+-----------+--------+
|           |   FF   |
+-----------+--------+
|i_1_reg_259|    9   |
+-----------+--------+
|   Total   |    9   |
+-----------+--------+

* Multiplexer (MUX) list: 
|--------|------|------|------|--------|
|  Comp  |  Pin | Size |  BW  | S x BW |
|--------|------|------|------|--------|
|  Total |      |      |      |    0   |
|--------|------|------|------|--------|



* Summary:
+-----------+--------+--------+
|           |   FF   |   LUT  |
+-----------+--------+--------+
|  Function |    0   |   28   |
|   Memory  |    -   |    -   |
|Multiplexer|    -   |    -   |
|  Register |    9   |    -   |
+-----------+--------+--------+
|   Total   |    9   |   28   |
+-----------+--------+--------+
