

================================================================
== Vitis HLS Report for 'snn_top_hls_Pipeline_WEIGHT_SUM'
================================================================
* Date:           Tue Feb 10 18:59:27 2026

* Version:        2025.2 (Build 6295257 on Nov 14 2025)
* Project:        hls_csim_output
* Solution:       hls (Vivado IP Flow Target)
* Product family: zynq
* Target device:  xc7z020-clg400-1


================================================================
== Performance Estimates
================================================================
+ Timing: 
    * Summary: 
    +--------+----------+----------+------------+
    |  Clock |  Target  | Estimated| Uncertainty|
    +--------+----------+----------+------------+
    |ap_clk  |  10.00 ns|  6.992 ns|     2.70 ns|
    +--------+----------+----------+------------+

+ Latency: 
    * Summary: 
    +---------+---------+----------+----------+-----+-----+-------------------+
    |  Latency (cycles) |  Latency (absolute) |  Interval |      Pipeline     |
    |   min   |   max   |    min   |    max   | min | max |        Type       |
    +---------+---------+----------+----------+-----+-----+-------------------+
    |       19|       19|  0.190 us|  0.190 us|    0|    0|  loop pipeline stp|
    +---------+---------+----------+----------+-----+-----+-------------------+

    + Detail: 
        * Instance: 
        N/A

        * Loop: 
        +--------------+---------+---------+----------+-----------+-----------+------+----------+
        |              |  Latency (cycles) | Iteration|  Initiation Interval  | Trip |          |
        |   Loop Name  |   min   |   max   |  Latency |  achieved |   target  | Count| Pipelined|
        +--------------+---------+---------+----------+-----------+-----------+------+----------+
        |- WEIGHT_SUM  |       17|       17|         4|          2|          1|     8|       yes|
        +--------------+---------+---------+----------+-----------+-----------+------+----------+



================================================================
== Utilization Estimates
================================================================
* Summary: 
+-----------------+---------+-----+--------+-------+-----+
|       Name      | BRAM_18K| DSP |   FF   |  LUT  | URAM|
+-----------------+---------+-----+--------+-------+-----+
|DSP              |        -|    -|       -|      -|    -|
|Expression       |        -|    -|       0|    139|    -|
|FIFO             |        -|    -|       -|      -|    -|
|Instance         |        -|    -|       -|      -|    -|
|Memory           |        -|    -|       -|      -|    -|
|Multiplexer      |        -|    -|       0|    124|    -|
|Register         |        -|    -|      47|      -|    -|
+-----------------+---------+-----+--------+-------+-----+
|Total            |        0|    0|      47|    263|    0|
+-----------------+---------+-----+--------+-------+-----+
|Available        |      280|  220|  106400|  53200|    0|
+-----------------+---------+-----+--------+-------+-----+
|Utilization (%)  |        0|    0|      ~0|     ~0|    0|
+-----------------+---------+-----+--------+-------+-----+

+ Detail: 
    * Instance: 
    N/A

    * DSP: 
    N/A

    * Memory: 
    N/A

    * FIFO: 
    N/A

    * Expression: 
    +------------------------+----------+----+---+----+------------+------------+
    |      Variable Name     | Operation| DSP| FF| LUT| Bitwidth P0| Bitwidth P1|
    +------------------------+----------+----+---+----+------------+------------+
    |add_ln949_fu_172_p2     |         +|   0|  0|  13|           4|           1|
    |add_ln952_1_fu_267_p2   |         +|   0|  0|  14|           9|           9|
    |add_ln952_2_fu_277_p2   |         +|   0|  0|  13|          10|          10|
    |add_ln952_3_fu_299_p2   |         +|   0|  0|  14|           9|           9|
    |add_ln952_4_fu_309_p2   |         +|   0|  0|  14|           9|           9|
    |add_ln952_5_fu_319_p2   |         +|   0|  0|  13|          10|          10|
    |add_ln952_6_fu_334_p2   |         +|   0|  0|  12|          11|          11|
    |add_ln952_fu_257_p2     |         +|   0|  0|  14|           9|           9|
    |weight_sum_1_fu_344_p2  |         +|   0|  0|  17|          14|          14|
    |icmp_ln949_fu_166_p2    |      icmp|   0|  0|  13|           4|           5|
    |ap_enable_pp0           |       xor|   0|  0|   2|           1|           2|
    +------------------------+----------+----+---+----+------------+------------+
    |Total                   |          |   0|  0| 139|          90|          89|
    +------------------------+----------+----+---+----+------------+------------+

    * Multiplexer: 
    +--------------------------------------+----+-----------+-----+-----------+
    |                 Name                 | LUT| Input Size| Bits| Total Bits|
    +--------------------------------------+----+-----------+-----+-----------+
    |ap_NS_fsm                             |  14|          3|    1|          3|
    |ap_done_int                           |   9|          2|    1|          2|
    |ap_enable_reg_pp0_iter0               |   9|          2|    1|          2|
    |ap_enable_reg_pp0_iter1               |   9|          2|    1|          2|
    |ap_sig_allocacmp_i_1                  |   9|          2|    4|          8|
    |i_fu_60                               |   9|          2|    4|          8|
    |p_ZL13weight_memory_0_address0_local  |  14|          3|   15|         45|
    |p_ZL13weight_memory_0_address1_local  |  14|          3|   15|         45|
    |p_ZL13weight_memory_1_address0_local  |  14|          3|   15|         45|
    |p_ZL13weight_memory_1_address1_local  |  14|          3|   15|         45|
    |weight_sum_fu_56                      |   9|          2|   14|         28|
    +--------------------------------------+----+-----------+-----+-----------+
    |Total                                 | 124|         27|   86|        233|
    +--------------------------------------+----+-----------+-----+-----------+

    * Register: 
    +-----------------------------+----+----+-----+-----------+
    |             Name            | FF | LUT| Bits| Const Bits|
    +-----------------------------+----+----+-----+-----------+
    |add_ln952_2_reg_424          |  10|   0|   10|          0|
    |add_ln952_5_reg_429          |  10|   0|   10|          0|
    |ap_CS_fsm                    |   2|   0|    2|          0|
    |ap_done_reg                  |   1|   0|    1|          0|
    |ap_enable_reg_pp0_iter0_reg  |   1|   0|    1|          0|
    |ap_enable_reg_pp0_iter1      |   1|   0|    1|          0|
    |i_fu_60                      |   4|   0|    4|          0|
    |icmp_ln949_reg_374           |   1|   0|    1|          0|
    |trunc_ln949_reg_378          |   3|   0|    3|          0|
    |weight_sum_fu_56             |  14|   0|   14|          0|
    +-----------------------------+----+----+-----+-----------+
    |Total                        |  47|   0|   47|          0|
    +-----------------------------+----+----+-----+-----------+



================================================================
== Interface
================================================================
* Summary: 
+--------------------------------+-----+-----+------------+---------------------------------+--------------+
|            RTL Ports           | Dir | Bits|  Protocol  |          Source Object          |    C Type    |
+--------------------------------+-----+-----+------------+---------------------------------+--------------+
|ap_clk                          |   in|    1|  ap_ctrl_hs|  snn_top_hls_Pipeline_WEIGHT_SUM|  return value|
|ap_rst                          |   in|    1|  ap_ctrl_hs|  snn_top_hls_Pipeline_WEIGHT_SUM|  return value|
|ap_start                        |   in|    1|  ap_ctrl_hs|  snn_top_hls_Pipeline_WEIGHT_SUM|  return value|
|ap_done                         |  out|    1|  ap_ctrl_hs|  snn_top_hls_Pipeline_WEIGHT_SUM|  return value|
|ap_idle                         |  out|    1|  ap_ctrl_hs|  snn_top_hls_Pipeline_WEIGHT_SUM|  return value|
|ap_ready                        |  out|    1|  ap_ctrl_hs|  snn_top_hls_Pipeline_WEIGHT_SUM|  return value|
|weight_sum_out                  |  out|   14|      ap_vld|                   weight_sum_out|       pointer|
|weight_sum_out_ap_vld           |  out|    1|      ap_vld|                   weight_sum_out|       pointer|
|p_ZL13weight_memory_0_address0  |  out|   15|   ap_memory|            p_ZL13weight_memory_0|         array|
|p_ZL13weight_memory_0_ce0       |  out|    1|   ap_memory|            p_ZL13weight_memory_0|         array|
|p_ZL13weight_memory_0_q0        |   in|    8|   ap_memory|            p_ZL13weight_memory_0|         array|
|p_ZL13weight_memory_0_address1  |  out|   15|   ap_memory|            p_ZL13weight_memory_0|         array|
|p_ZL13weight_memory_0_ce1       |  out|    1|   ap_memory|            p_ZL13weight_memory_0|         array|
|p_ZL13weight_memory_0_q1        |   in|    8|   ap_memory|            p_ZL13weight_memory_0|         array|
|p_ZL13weight_memory_1_address0  |  out|   15|   ap_memory|            p_ZL13weight_memory_1|         array|
|p_ZL13weight_memory_1_ce0       |  out|    1|   ap_memory|            p_ZL13weight_memory_1|         array|
|p_ZL13weight_memory_1_q0        |   in|    8|   ap_memory|            p_ZL13weight_memory_1|         array|
|p_ZL13weight_memory_1_address1  |  out|   15|   ap_memory|            p_ZL13weight_memory_1|         array|
|p_ZL13weight_memory_1_ce1       |  out|    1|   ap_memory|            p_ZL13weight_memory_1|         array|
|p_ZL13weight_memory_1_q1        |   in|    8|   ap_memory|            p_ZL13weight_memory_1|         array|
+--------------------------------+-----+-----+------------+---------------------------------+--------------+

============================================================
+ Verbose Summary: Synthesis Manager
============================================================
InlineROM: 1
ExposeGlobal: 0
============================================================
+ Verbose Summary: CDFG Model
============================================================
IsTopModel: 0
ResetActiveHigh: 1
IsCombinational: 2
IsDatapathOnly: 2
HasWiredReturn: 1
HasMFsm: 2
HasVarLatency: 1
IsPipeline: 0
IsRtlPipelined: 0
IsInstanceOverlapped: 0
IsDontTouch: 0
HasImplIP: 0
IsGatedGlobalClock: 0

+ Individual pipeline summary: 
  * Pipeline-0: initiation interval (II) = 2, depth = 4


============================================================
+ Verbose Summary: Schedule
============================================================
* Number of FSM states : 4
* Pipeline : 1
  Pipeline-0 : II = 2, D = 4, States = { 1 2 3 4 }
* Dataflow Pipeline: 0

* FSM state transitions: 
1 --> 2 
2 --> 3 
3 --> 4 
4 --> 

* FSM state operations: 

State 1 <SV = 0> <Delay = 4.91>
ST_1 : Operation 7 [1/1] (0.00ns)   --->   "%weight_sum = alloca i32 1" [src/snn_top_hls.cpp:948]   --->   Operation 7 'alloca' 'weight_sum' <Predicate = true> <Delay = 0.00>
ST_1 : Operation 8 [1/1] (0.00ns)   --->   "%i = alloca i32 1" [src/snn_top_hls.cpp:949]   --->   Operation 8 'alloca' 'i' <Predicate = true> <Delay = 0.00>
ST_1 : Operation 9 [1/1] (0.00ns)   --->   "%specmemcore_ln0 = specmemcore void @_ssdm_op_SpecMemCore, i8 %p_ZL13weight_memory_0, i64 666, i64 22, i64 18446744073709551615, i1 0"   --->   Operation 9 'specmemcore' 'specmemcore_ln0' <Predicate = true> <Delay = 0.00>
ST_1 : Operation 10 [1/1] (0.00ns)   --->   "%specmemcore_ln0 = specmemcore void @_ssdm_op_SpecMemCore, i8 %p_ZL13weight_memory_1, i64 666, i64 22, i64 18446744073709551615, i1 0"   --->   Operation 10 'specmemcore' 'specmemcore_ln0' <Predicate = true> <Delay = 0.00>
ST_1 : Operation 11 [1/1] (1.58ns)   --->   "%store_ln949 = store i4 0, i4 %i" [src/snn_top_hls.cpp:949]   --->   Operation 11 'store' 'store_ln949' <Predicate = true> <Delay = 1.58>
ST_1 : Operation 12 [1/1] (1.58ns)   --->   "%store_ln948 = store i14 0, i14 %weight_sum" [src/snn_top_hls.cpp:948]   --->   Operation 12 'store' 'store_ln948' <Predicate = true> <Delay = 1.58>
ST_1 : Operation 13 [1/1] (0.00ns)   --->   "%br_ln0 = br void %VITIS_LOOP_951_1"   --->   Operation 13 'br' 'br_ln0' <Predicate = true> <Delay = 0.00>
ST_1 : Operation 14 [1/1] (0.00ns)   --->   "%i_1 = load i4 %i" [src/snn_top_hls.cpp:949]   --->   Operation 14 'load' 'i_1' <Predicate = true> <Delay = 0.00>
ST_1 : Operation 15 [1/1] (1.73ns)   --->   "%icmp_ln949 = icmp_eq  i4 %i_1, i4 8" [src/snn_top_hls.cpp:949]   --->   Operation 15 'icmp' 'icmp_ln949' <Predicate = true> <Delay = 1.73> <CoreInst = "Cmp">   --->   Core 9 'Cmp' <Latency = 0> <II = 1> <Delay = 1.78> <FuncUnit> <Opcode : 'seteq' 'setne' 'setle' 'setge' 'setlt' 'setgt'> <InPorts = 2> <OutPorts = 1>
ST_1 : Operation 16 [1/1] (1.73ns)   --->   "%add_ln949 = add i4 %i_1, i4 1" [src/snn_top_hls.cpp:949]   --->   Operation 16 'add' 'add_ln949' <Predicate = true> <Delay = 1.73> <CoreInst = "Adder">   --->   Core 1 'Adder' <Latency = 0> <II = 1> <Delay = 1.73> <FuncUnit> <Opcode : 'add' 'sub'> <InPorts = 2> <OutPorts = 1>
ST_1 : Operation 17 [1/1] (0.00ns)   --->   "%br_ln949 = br i1 %icmp_ln949, void %VITIS_LOOP_951_1.split, void %for.end396.exitStub" [src/snn_top_hls.cpp:949]   --->   Operation 17 'br' 'br_ln949' <Predicate = true> <Delay = 0.00>
ST_1 : Operation 18 [1/1] (0.00ns)   --->   "%trunc_ln949 = trunc i4 %i_1" [src/snn_top_hls.cpp:949]   --->   Operation 18 'trunc' 'trunc_ln949' <Predicate = (!icmp_ln949)> <Delay = 0.00>
ST_1 : Operation 19 [1/1] (0.00ns)   --->   "%tmp_s = bitconcatenate i10 @_ssdm_op_BitConcatenate.i10.i3.i7, i3 %trunc_ln949, i7 0" [src/snn_top_hls.cpp:952]   --->   Operation 19 'bitconcatenate' 'tmp_s' <Predicate = (!icmp_ln949)> <Delay = 0.00>
ST_1 : Operation 20 [1/1] (0.00ns)   --->   "%zext_ln952 = zext i10 %tmp_s" [src/snn_top_hls.cpp:952]   --->   Operation 20 'zext' 'zext_ln952' <Predicate = (!icmp_ln949)> <Delay = 0.00>
ST_1 : Operation 21 [1/1] (0.00ns)   --->   "%p_ZL13weight_memory_0_addr = getelementptr i8 %p_ZL13weight_memory_0, i64 0, i64 %zext_ln952" [src/snn_top_hls.cpp:952]   --->   Operation 21 'getelementptr' 'p_ZL13weight_memory_0_addr' <Predicate = (!icmp_ln949)> <Delay = 0.00>
ST_1 : Operation 22 [1/1] (0.00ns)   --->   "%tmp_1 = bitconcatenate i10 @_ssdm_op_BitConcatenate.i10.i3.i7, i3 %trunc_ln949, i7 1" [src/snn_top_hls.cpp:952]   --->   Operation 22 'bitconcatenate' 'tmp_1' <Predicate = (!icmp_ln949)> <Delay = 0.00>
ST_1 : Operation 23 [1/1] (0.00ns)   --->   "%zext_ln952_1 = zext i10 %tmp_1" [src/snn_top_hls.cpp:952]   --->   Operation 23 'zext' 'zext_ln952_1' <Predicate = (!icmp_ln949)> <Delay = 0.00>
ST_1 : Operation 24 [1/1] (0.00ns)   --->   "%p_ZL13weight_memory_0_addr_1 = getelementptr i8 %p_ZL13weight_memory_0, i64 0, i64 %zext_ln952_1" [src/snn_top_hls.cpp:952]   --->   Operation 24 'getelementptr' 'p_ZL13weight_memory_0_addr_1' <Predicate = (!icmp_ln949)> <Delay = 0.00>
ST_1 : Operation 25 [1/1] (0.00ns)   --->   "%p_ZL13weight_memory_1_addr = getelementptr i8 %p_ZL13weight_memory_1, i64 0, i64 %zext_ln952" [src/snn_top_hls.cpp:952]   --->   Operation 25 'getelementptr' 'p_ZL13weight_memory_1_addr' <Predicate = (!icmp_ln949)> <Delay = 0.00>
ST_1 : Operation 26 [1/1] (0.00ns)   --->   "%p_ZL13weight_memory_1_addr_1 = getelementptr i8 %p_ZL13weight_memory_1, i64 0, i64 %zext_ln952_1" [src/snn_top_hls.cpp:952]   --->   Operation 26 'getelementptr' 'p_ZL13weight_memory_1_addr_1' <Predicate = (!icmp_ln949)> <Delay = 0.00>
ST_1 : Operation 27 [2/2] (3.25ns)   --->   "%p_ZL13weight_memory_0_load = load i15 %p_ZL13weight_memory_0_addr" [src/snn_top_hls.cpp:952]   --->   Operation 27 'load' 'p_ZL13weight_memory_0_load' <Predicate = (!icmp_ln949)> <Delay = 3.25> <CoreInst = "RAM_2P_BRAM">   --->   Core 90 'RAM_2P_BRAM' <Latency = 1> <II = 1> <Delay = 3.25> <Storage> <Opcode : 'load' 'store'> <Ports = 2> <Width = 8> <Depth = 32768> <RAM>
ST_1 : Operation 28 [2/2] (3.25ns)   --->   "%p_ZL13weight_memory_1_load = load i15 %p_ZL13weight_memory_1_addr" [src/snn_top_hls.cpp:952]   --->   Operation 28 'load' 'p_ZL13weight_memory_1_load' <Predicate = (!icmp_ln949)> <Delay = 3.25> <CoreInst = "RAM_2P_BRAM">   --->   Core 90 'RAM_2P_BRAM' <Latency = 1> <II = 1> <Delay = 3.25> <Storage> <Opcode : 'load' 'store'> <Ports = 2> <Width = 8> <Depth = 32768> <RAM>
ST_1 : Operation 29 [2/2] (3.25ns)   --->   "%p_ZL13weight_memory_0_load_1 = load i15 %p_ZL13weight_memory_0_addr_1" [src/snn_top_hls.cpp:952]   --->   Operation 29 'load' 'p_ZL13weight_memory_0_load_1' <Predicate = (!icmp_ln949)> <Delay = 3.25> <CoreInst = "RAM_2P_BRAM">   --->   Core 90 'RAM_2P_BRAM' <Latency = 1> <II = 1> <Delay = 3.25> <Storage> <Opcode : 'load' 'store'> <Ports = 2> <Width = 8> <Depth = 32768> <RAM>
ST_1 : Operation 30 [2/2] (3.25ns)   --->   "%p_ZL13weight_memory_1_load_1 = load i15 %p_ZL13weight_memory_1_addr_1" [src/snn_top_hls.cpp:952]   --->   Operation 30 'load' 'p_ZL13weight_memory_1_load_1' <Predicate = (!icmp_ln949)> <Delay = 3.25> <CoreInst = "RAM_2P_BRAM">   --->   Core 90 'RAM_2P_BRAM' <Latency = 1> <II = 1> <Delay = 3.25> <Storage> <Opcode : 'load' 'store'> <Ports = 2> <Width = 8> <Depth = 32768> <RAM>
ST_1 : Operation 31 [1/1] (1.58ns)   --->   "%store_ln949 = store i4 %add_ln949, i4 %i" [src/snn_top_hls.cpp:949]   --->   Operation 31 'store' 'store_ln949' <Predicate = (!icmp_ln949)> <Delay = 1.58>

State 2 <SV = 1> <Delay = 6.99>
ST_2 : Operation 32 [1/1] (0.00ns)   --->   "%tmp_2 = bitconcatenate i10 @_ssdm_op_BitConcatenate.i10.i3.i7, i3 %trunc_ln949, i7 2" [src/snn_top_hls.cpp:952]   --->   Operation 32 'bitconcatenate' 'tmp_2' <Predicate = (!icmp_ln949)> <Delay = 0.00>
ST_2 : Operation 33 [1/1] (0.00ns)   --->   "%zext_ln952_2 = zext i10 %tmp_2" [src/snn_top_hls.cpp:952]   --->   Operation 33 'zext' 'zext_ln952_2' <Predicate = (!icmp_ln949)> <Delay = 0.00>
ST_2 : Operation 34 [1/1] (0.00ns)   --->   "%p_ZL13weight_memory_0_addr_2 = getelementptr i8 %p_ZL13weight_memory_0, i64 0, i64 %zext_ln952_2" [src/snn_top_hls.cpp:952]   --->   Operation 34 'getelementptr' 'p_ZL13weight_memory_0_addr_2' <Predicate = (!icmp_ln949)> <Delay = 0.00>
ST_2 : Operation 35 [1/1] (0.00ns)   --->   "%tmp_3 = bitconcatenate i10 @_ssdm_op_BitConcatenate.i10.i3.i7, i3 %trunc_ln949, i7 3" [src/snn_top_hls.cpp:952]   --->   Operation 35 'bitconcatenate' 'tmp_3' <Predicate = (!icmp_ln949)> <Delay = 0.00>
ST_2 : Operation 36 [1/1] (0.00ns)   --->   "%zext_ln952_3 = zext i10 %tmp_3" [src/snn_top_hls.cpp:952]   --->   Operation 36 'zext' 'zext_ln952_3' <Predicate = (!icmp_ln949)> <Delay = 0.00>
ST_2 : Operation 37 [1/1] (0.00ns)   --->   "%p_ZL13weight_memory_0_addr_3 = getelementptr i8 %p_ZL13weight_memory_0, i64 0, i64 %zext_ln952_3" [src/snn_top_hls.cpp:952]   --->   Operation 37 'getelementptr' 'p_ZL13weight_memory_0_addr_3' <Predicate = (!icmp_ln949)> <Delay = 0.00>
ST_2 : Operation 38 [1/1] (0.00ns)   --->   "%p_ZL13weight_memory_1_addr_2 = getelementptr i8 %p_ZL13weight_memory_1, i64 0, i64 %zext_ln952_2" [src/snn_top_hls.cpp:952]   --->   Operation 38 'getelementptr' 'p_ZL13weight_memory_1_addr_2' <Predicate = (!icmp_ln949)> <Delay = 0.00>
ST_2 : Operation 39 [1/1] (0.00ns)   --->   "%p_ZL13weight_memory_1_addr_3 = getelementptr i8 %p_ZL13weight_memory_1, i64 0, i64 %zext_ln952_3" [src/snn_top_hls.cpp:952]   --->   Operation 39 'getelementptr' 'p_ZL13weight_memory_1_addr_3' <Predicate = (!icmp_ln949)> <Delay = 0.00>
ST_2 : Operation 40 [1/2] ( I:3.25ns O:3.25ns )   --->   "%p_ZL13weight_memory_0_load = load i15 %p_ZL13weight_memory_0_addr" [src/snn_top_hls.cpp:952]   --->   Operation 40 'load' 'p_ZL13weight_memory_0_load' <Predicate = (!icmp_ln949)> <Delay = 3.25> <CoreInst = "RAM_2P_BRAM">   --->   Core 90 'RAM_2P_BRAM' <Latency = 1> <II = 1> <Delay = 3.25> <Storage> <Opcode : 'load' 'store'> <Ports = 2> <Width = 8> <Depth = 32768> <RAM>
ST_2 : Operation 41 [1/1] (0.00ns)   --->   "%sext_ln952 = sext i8 %p_ZL13weight_memory_0_load" [src/snn_top_hls.cpp:952]   --->   Operation 41 'sext' 'sext_ln952' <Predicate = (!icmp_ln949)> <Delay = 0.00>
ST_2 : Operation 42 [1/2] ( I:3.25ns O:3.25ns )   --->   "%p_ZL13weight_memory_1_load = load i15 %p_ZL13weight_memory_1_addr" [src/snn_top_hls.cpp:952]   --->   Operation 42 'load' 'p_ZL13weight_memory_1_load' <Predicate = (!icmp_ln949)> <Delay = 3.25> <CoreInst = "RAM_2P_BRAM">   --->   Core 90 'RAM_2P_BRAM' <Latency = 1> <II = 1> <Delay = 3.25> <Storage> <Opcode : 'load' 'store'> <Ports = 2> <Width = 8> <Depth = 32768> <RAM>
ST_2 : Operation 43 [1/1] (0.00ns)   --->   "%sext_ln952_1 = sext i8 %p_ZL13weight_memory_1_load" [src/snn_top_hls.cpp:952]   --->   Operation 43 'sext' 'sext_ln952_1' <Predicate = (!icmp_ln949)> <Delay = 0.00>
ST_2 : Operation 44 [1/2] ( I:3.25ns O:3.25ns )   --->   "%p_ZL13weight_memory_0_load_1 = load i15 %p_ZL13weight_memory_0_addr_1" [src/snn_top_hls.cpp:952]   --->   Operation 44 'load' 'p_ZL13weight_memory_0_load_1' <Predicate = (!icmp_ln949)> <Delay = 3.25> <CoreInst = "RAM_2P_BRAM">   --->   Core 90 'RAM_2P_BRAM' <Latency = 1> <II = 1> <Delay = 3.25> <Storage> <Opcode : 'load' 'store'> <Ports = 2> <Width = 8> <Depth = 32768> <RAM>
ST_2 : Operation 45 [1/1] (0.00ns)   --->   "%sext_ln952_2 = sext i8 %p_ZL13weight_memory_0_load_1" [src/snn_top_hls.cpp:952]   --->   Operation 45 'sext' 'sext_ln952_2' <Predicate = (!icmp_ln949)> <Delay = 0.00>
ST_2 : Operation 46 [1/2] ( I:3.25ns O:3.25ns )   --->   "%p_ZL13weight_memory_1_load_1 = load i15 %p_ZL13weight_memory_1_addr_1" [src/snn_top_hls.cpp:952]   --->   Operation 46 'load' 'p_ZL13weight_memory_1_load_1' <Predicate = (!icmp_ln949)> <Delay = 3.25> <CoreInst = "RAM_2P_BRAM">   --->   Core 90 'RAM_2P_BRAM' <Latency = 1> <II = 1> <Delay = 3.25> <Storage> <Opcode : 'load' 'store'> <Ports = 2> <Width = 8> <Depth = 32768> <RAM>
ST_2 : Operation 47 [1/1] (0.00ns)   --->   "%sext_ln952_3 = sext i8 %p_ZL13weight_memory_1_load_1" [src/snn_top_hls.cpp:952]   --->   Operation 47 'sext' 'sext_ln952_3' <Predicate = (!icmp_ln949)> <Delay = 0.00>
ST_2 : Operation 48 [2/2] (3.25ns)   --->   "%p_ZL13weight_memory_0_load_2 = load i15 %p_ZL13weight_memory_0_addr_2" [src/snn_top_hls.cpp:952]   --->   Operation 48 'load' 'p_ZL13weight_memory_0_load_2' <Predicate = (!icmp_ln949)> <Delay = 3.25> <CoreInst = "RAM_2P_BRAM">   --->   Core 90 'RAM_2P_BRAM' <Latency = 1> <II = 1> <Delay = 3.25> <Storage> <Opcode : 'load' 'store'> <Ports = 2> <Width = 8> <Depth = 32768> <RAM>
ST_2 : Operation 49 [2/2] (3.25ns)   --->   "%p_ZL13weight_memory_1_load_2 = load i15 %p_ZL13weight_memory_1_addr_2" [src/snn_top_hls.cpp:952]   --->   Operation 49 'load' 'p_ZL13weight_memory_1_load_2' <Predicate = (!icmp_ln949)> <Delay = 3.25> <CoreInst = "RAM_2P_BRAM">   --->   Core 90 'RAM_2P_BRAM' <Latency = 1> <II = 1> <Delay = 3.25> <Storage> <Opcode : 'load' 'store'> <Ports = 2> <Width = 8> <Depth = 32768> <RAM>
ST_2 : Operation 50 [2/2] (3.25ns)   --->   "%p_ZL13weight_memory_0_load_3 = load i15 %p_ZL13weight_memory_0_addr_3" [src/snn_top_hls.cpp:952]   --->   Operation 50 'load' 'p_ZL13weight_memory_0_load_3' <Predicate = (!icmp_ln949)> <Delay = 3.25> <CoreInst = "RAM_2P_BRAM">   --->   Core 90 'RAM_2P_BRAM' <Latency = 1> <II = 1> <Delay = 3.25> <Storage> <Opcode : 'load' 'store'> <Ports = 2> <Width = 8> <Depth = 32768> <RAM>
ST_2 : Operation 51 [2/2] (3.25ns)   --->   "%p_ZL13weight_memory_1_load_3 = load i15 %p_ZL13weight_memory_1_addr_3" [src/snn_top_hls.cpp:952]   --->   Operation 51 'load' 'p_ZL13weight_memory_1_load_3' <Predicate = (!icmp_ln949)> <Delay = 3.25> <CoreInst = "RAM_2P_BRAM">   --->   Core 90 'RAM_2P_BRAM' <Latency = 1> <II = 1> <Delay = 3.25> <Storage> <Opcode : 'load' 'store'> <Ports = 2> <Width = 8> <Depth = 32768> <RAM>
ST_2 : Operation 52 [1/1] (1.91ns)   --->   "%add_ln952 = add i9 %sext_ln952, i9 %sext_ln952_1" [src/snn_top_hls.cpp:952]   --->   Operation 52 'add' 'add_ln952' <Predicate = (!icmp_ln949)> <Delay = 1.91> <CoreInst = "Adder">   --->   Core 1 'Adder' <Latency = 0> <II = 1> <Delay = 1.82> <FuncUnit> <Opcode : 'add' 'sub'> <InPorts = 2> <OutPorts = 1>
ST_2 : Operation 53 [1/1] (0.00ns)   --->   "%sext_ln952_8 = sext i9 %add_ln952" [src/snn_top_hls.cpp:952]   --->   Operation 53 'sext' 'sext_ln952_8' <Predicate = (!icmp_ln949)> <Delay = 0.00>
ST_2 : Operation 54 [1/1] (1.91ns)   --->   "%add_ln952_1 = add i9 %sext_ln952_2, i9 %sext_ln952_3" [src/snn_top_hls.cpp:952]   --->   Operation 54 'add' 'add_ln952_1' <Predicate = (!icmp_ln949)> <Delay = 1.91> <CoreInst = "Adder">   --->   Core 1 'Adder' <Latency = 0> <II = 1> <Delay = 1.82> <FuncUnit> <Opcode : 'add' 'sub'> <InPorts = 2> <OutPorts = 1>
ST_2 : Operation 55 [1/1] (0.00ns)   --->   "%sext_ln952_9 = sext i9 %add_ln952_1" [src/snn_top_hls.cpp:952]   --->   Operation 55 'sext' 'sext_ln952_9' <Predicate = (!icmp_ln949)> <Delay = 0.00>
ST_2 : Operation 56 [1/1] (1.82ns)   --->   "%add_ln952_2 = add i10 %sext_ln952_9, i10 %sext_ln952_8" [src/snn_top_hls.cpp:952]   --->   Operation 56 'add' 'add_ln952_2' <Predicate = (!icmp_ln949)> <Delay = 1.82> <CoreInst = "Adder">   --->   Core 1 'Adder' <Latency = 0> <II = 1> <Delay = 1.73> <FuncUnit> <Opcode : 'add' 'sub'> <InPorts = 2> <OutPorts = 1>
ST_2 : Operation 81 [1/1] (0.00ns)   --->   "%weight_sum_load_1 = load i14 %weight_sum"   --->   Operation 81 'load' 'weight_sum_load_1' <Predicate = (icmp_ln949)> <Delay = 0.00>
ST_2 : Operation 82 [1/1] (0.00ns)   --->   "%write_ln0 = write void @_ssdm_op_Write.ap_auto.i14P0A, i14 %weight_sum_out, i14 %weight_sum_load_1"   --->   Operation 82 'write' 'write_ln0' <Predicate = (icmp_ln949)> <Delay = 0.00>
ST_2 : Operation 83 [1/1] (1.58ns)   --->   "%ret_ln0 = ret"   --->   Operation 83 'ret' 'ret_ln0' <Predicate = (icmp_ln949)> <Delay = 1.58>

State 3 <SV = 2> <Delay = 6.99>
ST_3 : Operation 57 [1/2] ( I:3.25ns O:3.25ns )   --->   "%p_ZL13weight_memory_0_load_2 = load i15 %p_ZL13weight_memory_0_addr_2" [src/snn_top_hls.cpp:952]   --->   Operation 57 'load' 'p_ZL13weight_memory_0_load_2' <Predicate = true> <Delay = 3.25> <CoreInst = "RAM_2P_BRAM">   --->   Core 90 'RAM_2P_BRAM' <Latency = 1> <II = 1> <Delay = 3.25> <Storage> <Opcode : 'load' 'store'> <Ports = 2> <Width = 8> <Depth = 32768> <RAM>
ST_3 : Operation 58 [1/1] (0.00ns)   --->   "%sext_ln952_4 = sext i8 %p_ZL13weight_memory_0_load_2" [src/snn_top_hls.cpp:952]   --->   Operation 58 'sext' 'sext_ln952_4' <Predicate = true> <Delay = 0.00>
ST_3 : Operation 59 [1/2] ( I:3.25ns O:3.25ns )   --->   "%p_ZL13weight_memory_1_load_2 = load i15 %p_ZL13weight_memory_1_addr_2" [src/snn_top_hls.cpp:952]   --->   Operation 59 'load' 'p_ZL13weight_memory_1_load_2' <Predicate = true> <Delay = 3.25> <CoreInst = "RAM_2P_BRAM">   --->   Core 90 'RAM_2P_BRAM' <Latency = 1> <II = 1> <Delay = 3.25> <Storage> <Opcode : 'load' 'store'> <Ports = 2> <Width = 8> <Depth = 32768> <RAM>
ST_3 : Operation 60 [1/1] (0.00ns)   --->   "%sext_ln952_5 = sext i8 %p_ZL13weight_memory_1_load_2" [src/snn_top_hls.cpp:952]   --->   Operation 60 'sext' 'sext_ln952_5' <Predicate = true> <Delay = 0.00>
ST_3 : Operation 61 [1/2] ( I:3.25ns O:3.25ns )   --->   "%p_ZL13weight_memory_0_load_3 = load i15 %p_ZL13weight_memory_0_addr_3" [src/snn_top_hls.cpp:952]   --->   Operation 61 'load' 'p_ZL13weight_memory_0_load_3' <Predicate = true> <Delay = 3.25> <CoreInst = "RAM_2P_BRAM">   --->   Core 90 'RAM_2P_BRAM' <Latency = 1> <II = 1> <Delay = 3.25> <Storage> <Opcode : 'load' 'store'> <Ports = 2> <Width = 8> <Depth = 32768> <RAM>
ST_3 : Operation 62 [1/1] (0.00ns)   --->   "%sext_ln952_6 = sext i8 %p_ZL13weight_memory_0_load_3" [src/snn_top_hls.cpp:952]   --->   Operation 62 'sext' 'sext_ln952_6' <Predicate = true> <Delay = 0.00>
ST_3 : Operation 63 [1/2] ( I:3.25ns O:3.25ns )   --->   "%p_ZL13weight_memory_1_load_3 = load i15 %p_ZL13weight_memory_1_addr_3" [src/snn_top_hls.cpp:952]   --->   Operation 63 'load' 'p_ZL13weight_memory_1_load_3' <Predicate = true> <Delay = 3.25> <CoreInst = "RAM_2P_BRAM">   --->   Core 90 'RAM_2P_BRAM' <Latency = 1> <II = 1> <Delay = 3.25> <Storage> <Opcode : 'load' 'store'> <Ports = 2> <Width = 8> <Depth = 32768> <RAM>
ST_3 : Operation 64 [1/1] (0.00ns)   --->   "%sext_ln952_7 = sext i8 %p_ZL13weight_memory_1_load_3" [src/snn_top_hls.cpp:952]   --->   Operation 64 'sext' 'sext_ln952_7' <Predicate = true> <Delay = 0.00>
ST_3 : Operation 65 [1/1] (1.91ns)   --->   "%add_ln952_3 = add i9 %sext_ln952_4, i9 %sext_ln952_5" [src/snn_top_hls.cpp:952]   --->   Operation 65 'add' 'add_ln952_3' <Predicate = true> <Delay = 1.91> <CoreInst = "Adder">   --->   Core 1 'Adder' <Latency = 0> <II = 1> <Delay = 1.82> <FuncUnit> <Opcode : 'add' 'sub'> <InPorts = 2> <OutPorts = 1>
ST_3 : Operation 66 [1/1] (0.00ns)   --->   "%sext_ln952_11 = sext i9 %add_ln952_3" [src/snn_top_hls.cpp:952]   --->   Operation 66 'sext' 'sext_ln952_11' <Predicate = true> <Delay = 0.00>
ST_3 : Operation 67 [1/1] (1.91ns)   --->   "%add_ln952_4 = add i9 %sext_ln952_6, i9 %sext_ln952_7" [src/snn_top_hls.cpp:952]   --->   Operation 67 'add' 'add_ln952_4' <Predicate = true> <Delay = 1.91> <CoreInst = "Adder">   --->   Core 1 'Adder' <Latency = 0> <II = 1> <Delay = 1.82> <FuncUnit> <Opcode : 'add' 'sub'> <InPorts = 2> <OutPorts = 1>
ST_3 : Operation 68 [1/1] (0.00ns)   --->   "%sext_ln952_12 = sext i9 %add_ln952_4" [src/snn_top_hls.cpp:952]   --->   Operation 68 'sext' 'sext_ln952_12' <Predicate = true> <Delay = 0.00>
ST_3 : Operation 69 [1/1] (1.82ns)   --->   "%add_ln952_5 = add i10 %sext_ln952_12, i10 %sext_ln952_11" [src/snn_top_hls.cpp:952]   --->   Operation 69 'add' 'add_ln952_5' <Predicate = true> <Delay = 1.82> <CoreInst = "Adder">   --->   Core 1 'Adder' <Latency = 0> <II = 1> <Delay = 1.73> <FuncUnit> <Opcode : 'add' 'sub'> <InPorts = 2> <OutPorts = 1>

State 4 <SV = 3> <Delay = 5.13>
ST_4 : Operation 70 [1/1] (0.00ns)   --->   "%weight_sum_load = load i14 %weight_sum" [src/snn_top_hls.cpp:952]   --->   Operation 70 'load' 'weight_sum_load' <Predicate = true> <Delay = 0.00>
ST_4 : Operation 71 [1/1] (0.00ns)   --->   "%specpipeline_ln950 = specpipeline void @_ssdm_op_SpecPipeline, i32 1, i32 0, i32 0, i32 0, i32 4294967295, void @empty_3" [src/snn_top_hls.cpp:950]   --->   Operation 71 'specpipeline' 'specpipeline_ln950' <Predicate = true> <Delay = 0.00>
ST_4 : Operation 72 [1/1] (0.00ns)   --->   "%speclooptripcount_ln948 = speclooptripcount void @_ssdm_op_SpecLoopTripCount, i64 8, i64 8, i64 8" [src/snn_top_hls.cpp:948]   --->   Operation 72 'speclooptripcount' 'speclooptripcount_ln948' <Predicate = true> <Delay = 0.00>
ST_4 : Operation 73 [1/1] (0.00ns)   --->   "%specloopname_ln949 = specloopname void @_ssdm_op_SpecLoopName, void @empty_37" [src/snn_top_hls.cpp:949]   --->   Operation 73 'specloopname' 'specloopname_ln949' <Predicate = true> <Delay = 0.00>
ST_4 : Operation 74 [1/1] (0.00ns)   --->   "%sext_ln952_10 = sext i10 %add_ln952_2" [src/snn_top_hls.cpp:952]   --->   Operation 74 'sext' 'sext_ln952_10' <Predicate = true> <Delay = 0.00>
ST_4 : Operation 75 [1/1] (0.00ns)   --->   "%sext_ln952_13 = sext i10 %add_ln952_5" [src/snn_top_hls.cpp:952]   --->   Operation 75 'sext' 'sext_ln952_13' <Predicate = true> <Delay = 0.00>
ST_4 : Operation 76 [1/1] (1.73ns)   --->   "%add_ln952_6 = add i11 %sext_ln952_13, i11 %sext_ln952_10" [src/snn_top_hls.cpp:952]   --->   Operation 76 'add' 'add_ln952_6' <Predicate = true> <Delay = 1.73> <CoreInst = "Adder">   --->   Core 1 'Adder' <Latency = 0> <II = 1> <Delay = 1.63> <FuncUnit> <Opcode : 'add' 'sub'> <InPorts = 2> <OutPorts = 1>
ST_4 : Operation 77 [1/1] (0.00ns)   --->   "%sext_ln952_14 = sext i11 %add_ln952_6" [src/snn_top_hls.cpp:952]   --->   Operation 77 'sext' 'sext_ln952_14' <Predicate = true> <Delay = 0.00>
ST_4 : Operation 78 [1/1] (1.81ns)   --->   "%weight_sum_1 = add i14 %weight_sum_load, i14 %sext_ln952_14" [src/snn_top_hls.cpp:952]   --->   Operation 78 'add' 'weight_sum_1' <Predicate = true> <Delay = 1.81> <CoreInst = "Adder">   --->   Core 1 'Adder' <Latency = 0> <II = 1> <Delay = 1.81> <FuncUnit> <Opcode : 'add' 'sub'> <InPorts = 2> <OutPorts = 1>
ST_4 : Operation 79 [1/1] (1.58ns)   --->   "%store_ln948 = store i14 %weight_sum_1, i14 %weight_sum" [src/snn_top_hls.cpp:948]   --->   Operation 79 'store' 'store_ln948' <Predicate = true> <Delay = 1.58>
ST_4 : Operation 80 [1/1] (0.00ns)   --->   "%br_ln949 = br void %VITIS_LOOP_951_1" [src/snn_top_hls.cpp:949]   --->   Operation 80 'br' 'br_ln949' <Predicate = true> <Delay = 0.00>


============================================================
+ Verbose Summary: Binding
============================================================
STG Binding: 
---------------- STG Properties BEGIN ----------------
- Is combinational: 0
- Is one-state seq: 0
- Is datapath-only: 0
- Is pipelined: 0
- Is top level: 0
Port [ Return ] is wired: 1; IO mode=ap_ctrl_hs:ce=0
Port [ weight_sum_out]:  wired=1; compound=0; hidden=0; nouse=0; global=0; static=0; extern=0; dir=1; type=0; pingpong=0; private_global=0; IO mode=ap_vld:ce=0
Port [ p_ZL13weight_memory_0]:  wired=1; compound=1; hidden=0; nouse=0; global=1; static=1; extern=0; dir=0; type=1; pingpong=0; private_global=0; MemPort=[11]; IO mode=ap_memory:ce=0
Port [ p_ZL13weight_memory_1]:  wired=1; compound=1; hidden=0; nouse=0; global=1; static=1; extern=0; dir=0; type=1; pingpong=0; private_global=0; MemPort=[11]; IO mode=ap_memory:ce=0
---------------- STG Properties END ------------------

---------------- Datapath Model BEGIN ----------------

<LifeTime>
<method=bitvector/>
weight_sum                   (alloca           ) [ 01111]
i                            (alloca           ) [ 01000]
specmemcore_ln0              (specmemcore      ) [ 00000]
specmemcore_ln0              (specmemcore      ) [ 00000]
store_ln949                  (store            ) [ 00000]
store_ln948                  (store            ) [ 00000]
br_ln0                       (br               ) [ 00000]
i_1                          (load             ) [ 00000]
icmp_ln949                   (icmp             ) [ 01100]
add_ln949                    (add              ) [ 00000]
br_ln949                     (br               ) [ 00000]
trunc_ln949                  (trunc            ) [ 00100]
tmp_s                        (bitconcatenate   ) [ 00000]
zext_ln952                   (zext             ) [ 00000]
p_ZL13weight_memory_0_addr   (getelementptr    ) [ 00100]
tmp_1                        (bitconcatenate   ) [ 00000]
zext_ln952_1                 (zext             ) [ 00000]
p_ZL13weight_memory_0_addr_1 (getelementptr    ) [ 00100]
p_ZL13weight_memory_1_addr   (getelementptr    ) [ 00100]
p_ZL13weight_memory_1_addr_1 (getelementptr    ) [ 00100]
store_ln949                  (store            ) [ 00000]
tmp_2                        (bitconcatenate   ) [ 00000]
zext_ln952_2                 (zext             ) [ 00000]
p_ZL13weight_memory_0_addr_2 (getelementptr    ) [ 01010]
tmp_3                        (bitconcatenate   ) [ 00000]
zext_ln952_3                 (zext             ) [ 00000]
p_ZL13weight_memory_0_addr_3 (getelementptr    ) [ 01010]
p_ZL13weight_memory_1_addr_2 (getelementptr    ) [ 01010]
p_ZL13weight_memory_1_addr_3 (getelementptr    ) [ 01010]
p_ZL13weight_memory_0_load   (load             ) [ 00000]
sext_ln952                   (sext             ) [ 00000]
p_ZL13weight_memory_1_load   (load             ) [ 00000]
sext_ln952_1                 (sext             ) [ 00000]
p_ZL13weight_memory_0_load_1 (load             ) [ 00000]
sext_ln952_2                 (sext             ) [ 00000]
p_ZL13weight_memory_1_load_1 (load             ) [ 00000]
sext_ln952_3                 (sext             ) [ 00000]
add_ln952                    (add              ) [ 00000]
sext_ln952_8                 (sext             ) [ 00000]
add_ln952_1                  (add              ) [ 00000]
sext_ln952_9                 (sext             ) [ 00000]
add_ln952_2                  (add              ) [ 01111]
p_ZL13weight_memory_0_load_2 (load             ) [ 00000]
sext_ln952_4                 (sext             ) [ 00000]
p_ZL13weight_memory_1_load_2 (load             ) [ 00000]
sext_ln952_5                 (sext             ) [ 00000]
p_ZL13weight_memory_0_load_3 (load             ) [ 00000]
sext_ln952_6                 (sext             ) [ 00000]
p_ZL13weight_memory_1_load_3 (load             ) [ 00000]
sext_ln952_7                 (sext             ) [ 00000]
add_ln952_3                  (add              ) [ 00000]
sext_ln952_11                (sext             ) [ 00000]
add_ln952_4                  (add              ) [ 00000]
sext_ln952_12                (sext             ) [ 00000]
add_ln952_5                  (add              ) [ 00101]
weight_sum_load              (load             ) [ 00000]
specpipeline_ln950           (specpipeline     ) [ 00000]
speclooptripcount_ln948      (speclooptripcount) [ 00000]
specloopname_ln949           (specloopname     ) [ 00000]
sext_ln952_10                (sext             ) [ 00000]
sext_ln952_13                (sext             ) [ 00000]
add_ln952_6                  (add              ) [ 00000]
sext_ln952_14                (sext             ) [ 00000]
weight_sum_1                 (add              ) [ 00000]
store_ln948                  (store            ) [ 00000]
br_ln949                     (br               ) [ 00000]
weight_sum_load_1            (load             ) [ 00000]
write_ln0                    (write            ) [ 00000]
ret_ln0                      (ret              ) [ 00000]
</LifeTime>

<model>

<comp_list>
<comp id="0" class="1000" name="weight_sum_out">
<pin_list>
<pin id="1" dir="1" index="0" bw="1" slack="0"/>
</pin_list>
<bind>
<StgValue><ssdm name="weight_sum_out"/></StgValue>
</bind>
</comp>

<comp id="2" class="1000" name="p_ZL13weight_memory_0">
<pin_list>
<pin id="3" dir="1" index="0" bw="1" slack="0"/>
</pin_list>
<bind>
<StgValue><ssdm name="p_ZL13weight_memory_0"/><MemPortTyVec>1 1 </MemPortTyVec>
</StgValue>
</bind>
</comp>

<comp id="4" class="1000" name="p_ZL13weight_memory_1">
<pin_list>
<pin id="5" dir="1" index="0" bw="1" slack="0"/>
</pin_list>
<bind>
<StgValue><ssdm name="p_ZL13weight_memory_1"/><MemPortTyVec>1 1 </MemPortTyVec>
</StgValue>
</bind>
</comp>

<comp id="6" class="1001" name="const_6">
<pin_list>
<pin id="7" dir="1" index="0" bw="1" slack="0"/>
</pin_list>
<bind>
<StgValue><ssdm name=""/></StgValue>
</bind>
</comp>

<comp id="8" class="1001" name="const_8">
<pin_list>
<pin id="9" dir="1" index="0" bw="1" slack="2147483647"/>
</pin_list>
<bind>
<StgValue><ssdm name="_ssdm_op_SpecMemCore"/></StgValue>
</bind>
</comp>

<comp id="10" class="1001" name="const_10">
<pin_list>
<pin id="11" dir="1" index="0" bw="1" slack="2147483647"/>
</pin_list>
<bind>
<StgValue><ssdm name=""/></StgValue>
</bind>
</comp>

<comp id="12" class="1001" name="const_12">
<pin_list>
<pin id="13" dir="1" index="0" bw="1" slack="2147483647"/>
</pin_list>
<bind>
<StgValue><ssdm name=""/></StgValue>
</bind>
</comp>

<comp id="14" class="1001" name="const_14">
<pin_list>
<pin id="15" dir="1" index="0" bw="1" slack="2147483647"/>
</pin_list>
<bind>
<StgValue><ssdm name=""/></StgValue>
</bind>
</comp>

<comp id="16" class="1001" name="const_16">
<pin_list>
<pin id="17" dir="1" index="0" bw="1" slack="2147483647"/>
</pin_list>
<bind>
<StgValue><ssdm name=""/></StgValue>
</bind>
</comp>

<comp id="18" class="1001" name="const_18">
<pin_list>
<pin id="19" dir="1" index="0" bw="1" slack="0"/>
</pin_list>
<bind>
<StgValue><ssdm name=""/></StgValue>
</bind>
</comp>

<comp id="20" class="1001" name="const_20">
<pin_list>
<pin id="21" dir="1" index="0" bw="1" slack="0"/>
</pin_list>
<bind>
<StgValue><ssdm name=""/></StgValue>
</bind>
</comp>

<comp id="22" class="1001" name="const_22">
<pin_list>
<pin id="23" dir="1" index="0" bw="1" slack="0"/>
</pin_list>
<bind>
<StgValue><ssdm name=""/></StgValue>
</bind>
</comp>

<comp id="24" class="1001" name="const_24">
<pin_list>
<pin id="25" dir="1" index="0" bw="1" slack="0"/>
</pin_list>
<bind>
<StgValue><ssdm name=""/></StgValue>
</bind>
</comp>

<comp id="26" class="1001" name="const_26">
<pin_list>
<pin id="27" dir="1" index="0" bw="1" slack="0"/>
</pin_list>
<bind>
<StgValue><ssdm name="_ssdm_op_BitConcatenate.i10.i3.i7"/></StgValue>
</bind>
</comp>

<comp id="28" class="1001" name="const_28">
<pin_list>
<pin id="29" dir="1" index="0" bw="1" slack="0"/>
</pin_list>
<bind>
<StgValue><ssdm name=""/></StgValue>
</bind>
</comp>

<comp id="30" class="1001" name="const_30">
<pin_list>
<pin id="31" dir="1" index="0" bw="1" slack="0"/>
</pin_list>
<bind>
<StgValue><ssdm name=""/></StgValue>
</bind>
</comp>

<comp id="32" class="1001" name="const_32">
<pin_list>
<pin id="33" dir="1" index="0" bw="1" slack="0"/>
</pin_list>
<bind>
<StgValue><ssdm name=""/></StgValue>
</bind>
</comp>

<comp id="34" class="1001" name="const_34">
<pin_list>
<pin id="35" dir="1" index="0" bw="1" slack="0"/>
</pin_list>
<bind>
<StgValue><ssdm name=""/></StgValue>
</bind>
</comp>

<comp id="36" class="1001" name="const_36">
<pin_list>
<pin id="37" dir="1" index="0" bw="1" slack="0"/>
</pin_list>
<bind>
<StgValue><ssdm name=""/></StgValue>
</bind>
</comp>

<comp id="38" class="1001" name="const_38">
<pin_list>
<pin id="39" dir="1" index="0" bw="1" slack="2147483647"/>
</pin_list>
<bind>
<StgValue><ssdm name="_ssdm_op_SpecPipeline"/></StgValue>
</bind>
</comp>

<comp id="40" class="1001" name="const_40">
<pin_list>
<pin id="41" dir="1" index="0" bw="1" slack="2147483647"/>
</pin_list>
<bind>
<StgValue><ssdm name=""/></StgValue>
</bind>
</comp>

<comp id="42" class="1001" name="const_42">
<pin_list>
<pin id="43" dir="1" index="0" bw="1" slack="2147483647"/>
</pin_list>
<bind>
<StgValue><ssdm name=""/></StgValue>
</bind>
</comp>

<comp id="44" class="1001" name="const_44">
<pin_list>
<pin id="45" dir="1" index="0" bw="1" slack="2147483647"/>
</pin_list>
<bind>
<StgValue><ssdm name="empty_3"/></StgValue>
</bind>
</comp>

<comp id="46" class="1001" name="const_46">
<pin_list>
<pin id="47" dir="1" index="0" bw="1" slack="2147483647"/>
</pin_list>
<bind>
<StgValue><ssdm name="_ssdm_op_SpecLoopTripCount"/></StgValue>
</bind>
</comp>

<comp id="48" class="1001" name="const_48">
<pin_list>
<pin id="49" dir="1" index="0" bw="1" slack="2147483647"/>
</pin_list>
<bind>
<StgValue><ssdm name=""/></StgValue>
</bind>
</comp>

<comp id="50" class="1001" name="const_50">
<pin_list>
<pin id="51" dir="1" index="0" bw="1" slack="2147483647"/>
</pin_list>
<bind>
<StgValue><ssdm name="_ssdm_op_SpecLoopName"/></StgValue>
</bind>
</comp>

<comp id="52" class="1001" name="const_52">
<pin_list>
<pin id="53" dir="1" index="0" bw="1" slack="2147483647"/>
</pin_list>
<bind>
<StgValue><ssdm name="empty_37"/></StgValue>
</bind>
</comp>

<comp id="54" class="1001" name="const_54">
<pin_list>
<pin id="55" dir="1" index="0" bw="1" slack="0"/>
</pin_list>
<bind>
<StgValue><ssdm name="_ssdm_op_Write.ap_auto.i14P0A"/></StgValue>
</bind>
</comp>

<comp id="56" class="1004" name="weight_sum_fu_56">
<pin_list>
<pin id="57" dir="0" index="0" bw="1" slack="0"/>
<pin id="58" dir="1" index="1" bw="14" slack="0"/>
</pin_list>
<bind>
<opcode="alloca(26) " fcode="alloca"/>
<opset="weight_sum/1 "/>
</bind>
</comp>

<comp id="60" class="1004" name="i_fu_60">
<pin_list>
<pin id="61" dir="0" index="0" bw="1" slack="0"/>
<pin id="62" dir="1" index="1" bw="4" slack="0"/>
</pin_list>
<bind>
<opcode="alloca(26) " fcode="alloca"/>
<opset="i/1 "/>
</bind>
</comp>

<comp id="64" class="1004" name="write_ln0_write_fu_64">
<pin_list>
<pin id="65" dir="0" index="0" bw="0" slack="0"/>
<pin id="66" dir="0" index="1" bw="14" slack="0"/>
<pin id="67" dir="0" index="2" bw="14" slack="0"/>
<pin id="68" dir="1" index="3" bw="0" slack="2147483647"/>
</pin_list>
<bind>
<opcode="write(1151) " fcode="write"/>
<opset="write_ln0/2 "/>
</bind>
</comp>

<comp id="71" class="1004" name="p_ZL13weight_memory_0_addr_gep_fu_71">
<pin_list>
<pin id="72" dir="0" index="0" bw="8" slack="0"/>
<pin id="73" dir="0" index="1" bw="1" slack="0"/>
<pin id="74" dir="0" index="2" bw="10" slack="0"/>
<pin id="75" dir="1" index="3" bw="15" slack="0"/>
</pin_list>
<bind>
<opcode="getelementptr(29) " fcode="getelementptr"/>
<opset="p_ZL13weight_memory_0_addr/1 "/>
</bind>
</comp>

<comp id="78" class="1004" name="p_ZL13weight_memory_0_addr_1_gep_fu_78">
<pin_list>
<pin id="79" dir="0" index="0" bw="8" slack="0"/>
<pin id="80" dir="0" index="1" bw="1" slack="0"/>
<pin id="81" dir="0" index="2" bw="10" slack="0"/>
<pin id="82" dir="1" index="3" bw="15" slack="0"/>
</pin_list>
<bind>
<opcode="getelementptr(29) " fcode="getelementptr"/>
<opset="p_ZL13weight_memory_0_addr_1/1 "/>
</bind>
</comp>

<comp id="85" class="1004" name="p_ZL13weight_memory_1_addr_gep_fu_85">
<pin_list>
<pin id="86" dir="0" index="0" bw="8" slack="0"/>
<pin id="87" dir="0" index="1" bw="1" slack="0"/>
<pin id="88" dir="0" index="2" bw="10" slack="0"/>
<pin id="89" dir="1" index="3" bw="15" slack="0"/>
</pin_list>
<bind>
<opcode="getelementptr(29) " fcode="getelementptr"/>
<opset="p_ZL13weight_memory_1_addr/1 "/>
</bind>
</comp>

<comp id="92" class="1004" name="p_ZL13weight_memory_1_addr_1_gep_fu_92">
<pin_list>
<pin id="93" dir="0" index="0" bw="8" slack="0"/>
<pin id="94" dir="0" index="1" bw="1" slack="0"/>
<pin id="95" dir="0" index="2" bw="10" slack="0"/>
<pin id="96" dir="1" index="3" bw="15" slack="0"/>
</pin_list>
<bind>
<opcode="getelementptr(29) " fcode="getelementptr"/>
<opset="p_ZL13weight_memory_1_addr_1/1 "/>
</bind>
</comp>

<comp id="99" class="1004" name="grp_access_fu_99">
<pin_list>
<pin id="100" dir="0" index="0" bw="15" slack="0"/>
<pin id="101" dir="0" index="1" bw="8" slack="2147483647"/>
<pin id="102" dir="0" index="2" bw="0" slack="0"/>
<pin id="104" dir="0" index="4" bw="15" slack="2147483647"/>
<pin id="105" dir="0" index="5" bw="8" slack="2147483647"/>
<pin id="106" dir="0" index="6" bw="0" slack="2147483647"/>
<pin id="103" dir="1" index="3" bw="8" slack="0"/>
<pin id="107" dir="1" index="7" bw="8" slack="0"/>
</pin_list>
<bind>
<opcode="load(27) " fcode="load"/>
<opset="p_ZL13weight_memory_0_load/1 p_ZL13weight_memory_0_load_1/1 p_ZL13weight_memory_0_load_2/2 p_ZL13weight_memory_0_load_3/2 "/>
</bind>
</comp>

<comp id="109" class="1004" name="grp_access_fu_109">
<pin_list>
<pin id="110" dir="0" index="0" bw="15" slack="0"/>
<pin id="111" dir="0" index="1" bw="8" slack="2147483647"/>
<pin id="112" dir="0" index="2" bw="0" slack="0"/>
<pin id="114" dir="0" index="4" bw="15" slack="2147483647"/>
<pin id="115" dir="0" index="5" bw="8" slack="2147483647"/>
<pin id="116" dir="0" index="6" bw="0" slack="2147483647"/>
<pin id="113" dir="1" index="3" bw="8" slack="0"/>
<pin id="117" dir="1" index="7" bw="8" slack="0"/>
</pin_list>
<bind>
<opcode="load(27) " fcode="load"/>
<opset="p_ZL13weight_memory_1_load/1 p_ZL13weight_memory_1_load_1/1 p_ZL13weight_memory_1_load_2/2 p_ZL13weight_memory_1_load_3/2 "/>
</bind>
</comp>

<comp id="121" class="1004" name="p_ZL13weight_memory_0_addr_2_gep_fu_121">
<pin_list>
<pin id="122" dir="0" index="0" bw="8" slack="0"/>
<pin id="123" dir="0" index="1" bw="1" slack="0"/>
<pin id="124" dir="0" index="2" bw="10" slack="0"/>
<pin id="125" dir="1" index="3" bw="15" slack="0"/>
</pin_list>
<bind>
<opcode="getelementptr(29) " fcode="getelementptr"/>
<opset="p_ZL13weight_memory_0_addr_2/2 "/>
</bind>
</comp>

<comp id="128" class="1004" name="p_ZL13weight_memory_0_addr_3_gep_fu_128">
<pin_list>
<pin id="129" dir="0" index="0" bw="8" slack="0"/>
<pin id="130" dir="0" index="1" bw="1" slack="0"/>
<pin id="131" dir="0" index="2" bw="10" slack="0"/>
<pin id="132" dir="1" index="3" bw="15" slack="0"/>
</pin_list>
<bind>
<opcode="getelementptr(29) " fcode="getelementptr"/>
<opset="p_ZL13weight_memory_0_addr_3/2 "/>
</bind>
</comp>

<comp id="135" class="1004" name="p_ZL13weight_memory_1_addr_2_gep_fu_135">
<pin_list>
<pin id="136" dir="0" index="0" bw="8" slack="0"/>
<pin id="137" dir="0" index="1" bw="1" slack="0"/>
<pin id="138" dir="0" index="2" bw="10" slack="0"/>
<pin id="139" dir="1" index="3" bw="15" slack="0"/>
</pin_list>
<bind>
<opcode="getelementptr(29) " fcode="getelementptr"/>
<opset="p_ZL13weight_memory_1_addr_2/2 "/>
</bind>
</comp>

<comp id="142" class="1004" name="p_ZL13weight_memory_1_addr_3_gep_fu_142">
<pin_list>
<pin id="143" dir="0" index="0" bw="8" slack="0"/>
<pin id="144" dir="0" index="1" bw="1" slack="0"/>
<pin id="145" dir="0" index="2" bw="10" slack="0"/>
<pin id="146" dir="1" index="3" bw="15" slack="0"/>
</pin_list>
<bind>
<opcode="getelementptr(29) " fcode="getelementptr"/>
<opset="p_ZL13weight_memory_1_addr_3/2 "/>
</bind>
</comp>

<comp id="153" class="1004" name="store_ln949_store_fu_153">
<pin_list>
<pin id="154" dir="0" index="0" bw="1" slack="0"/>
<pin id="155" dir="0" index="1" bw="4" slack="0"/>
<pin id="156" dir="1" index="2" bw="0" slack="2147483647"/>
</pin_list>
<bind>
<opcode="store(28) " fcode="store"/>
<opset="store_ln949/1 "/>
</bind>
</comp>

<comp id="158" class="1004" name="store_ln948_store_fu_158">
<pin_list>
<pin id="159" dir="0" index="0" bw="1" slack="0"/>
<pin id="160" dir="0" index="1" bw="14" slack="0"/>
<pin id="161" dir="1" index="2" bw="0" slack="2147483647"/>
</pin_list>
<bind>
<opcode="store(28) " fcode="store"/>
<opset="store_ln948/1 "/>
</bind>
</comp>

<comp id="163" class="1004" name="i_1_load_fu_163">
<pin_list>
<pin id="164" dir="0" index="0" bw="4" slack="0"/>
<pin id="165" dir="1" index="1" bw="4" slack="0"/>
</pin_list>
<bind>
<opcode="load(27) " fcode="load"/>
<opset="i_1/1 "/>
</bind>
</comp>

<comp id="166" class="1004" name="icmp_ln949_fu_166">
<pin_list>
<pin id="167" dir="0" index="0" bw="4" slack="0"/>
<pin id="168" dir="0" index="1" bw="4" slack="0"/>
<pin id="169" dir="1" index="2" bw="1" slack="1"/>
</pin_list>
<bind>
<opcode="icmp(45) " fcode="icmp"/>
<opset="icmp_ln949/1 "/>
</bind>
</comp>

<comp id="172" class="1004" name="add_ln949_fu_172">
<pin_list>
<pin id="173" dir="0" index="0" bw="4" slack="0"/>
<pin id="174" dir="0" index="1" bw="1" slack="0"/>
<pin id="175" dir="1" index="2" bw="4" slack="0"/>
</pin_list>
<bind>
<opcode="add(8) " fcode="add"/>
<opset="add_ln949/1 "/>
</bind>
</comp>

<comp id="178" class="1004" name="trunc_ln949_fu_178">
<pin_list>
<pin id="179" dir="0" index="0" bw="4" slack="0"/>
<pin id="180" dir="1" index="1" bw="3" slack="0"/>
</pin_list>
<bind>
<opcode="trunc(33) " fcode="trunc"/>
<opset="trunc_ln949/1 "/>
</bind>
</comp>

<comp id="182" class="1004" name="tmp_s_fu_182">
<pin_list>
<pin id="183" dir="0" index="0" bw="10" slack="0"/>
<pin id="184" dir="0" index="1" bw="3" slack="0"/>
<pin id="185" dir="0" index="2" bw="1" slack="0"/>
<pin id="186" dir="1" index="3" bw="10" slack="0"/>
</pin_list>
<bind>
<opcode="bitconcatenate(1004) " fcode="bitconcatenate"/>
<opset="tmp_s/1 "/>
</bind>
</comp>

<comp id="190" class="1004" name="zext_ln952_fu_190">
<pin_list>
<pin id="191" dir="0" index="0" bw="10" slack="0"/>
<pin id="192" dir="1" index="1" bw="64" slack="0"/>
</pin_list>
<bind>
<opcode="zext(34) " fcode="zext"/>
<opset="zext_ln952/1 "/>
</bind>
</comp>

<comp id="196" class="1004" name="tmp_1_fu_196">
<pin_list>
<pin id="197" dir="0" index="0" bw="10" slack="0"/>
<pin id="198" dir="0" index="1" bw="3" slack="0"/>
<pin id="199" dir="0" index="2" bw="1" slack="0"/>
<pin id="200" dir="1" index="3" bw="10" slack="0"/>
</pin_list>
<bind>
<opcode="bitconcatenate(1004) " fcode="bitconcatenate"/>
<opset="tmp_1/1 "/>
</bind>
</comp>

<comp id="204" class="1004" name="zext_ln952_1_fu_204">
<pin_list>
<pin id="205" dir="0" index="0" bw="10" slack="0"/>
<pin id="206" dir="1" index="1" bw="64" slack="0"/>
</pin_list>
<bind>
<opcode="zext(34) " fcode="zext"/>
<opset="zext_ln952_1/1 "/>
</bind>
</comp>

<comp id="210" class="1004" name="store_ln949_store_fu_210">
<pin_list>
<pin id="211" dir="0" index="0" bw="4" slack="0"/>
<pin id="212" dir="0" index="1" bw="4" slack="0"/>
<pin id="213" dir="1" index="2" bw="0" slack="2147483647"/>
</pin_list>
<bind>
<opcode="store(28) " fcode="store"/>
<opset="store_ln949/1 "/>
</bind>
</comp>

<comp id="215" class="1004" name="tmp_2_fu_215">
<pin_list>
<pin id="216" dir="0" index="0" bw="10" slack="0"/>
<pin id="217" dir="0" index="1" bw="3" slack="1"/>
<pin id="218" dir="0" index="2" bw="3" slack="0"/>
<pin id="219" dir="1" index="3" bw="10" slack="0"/>
</pin_list>
<bind>
<opcode="bitconcatenate(1004) " fcode="bitconcatenate"/>
<opset="tmp_2/2 "/>
</bind>
</comp>

<comp id="222" class="1004" name="zext_ln952_2_fu_222">
<pin_list>
<pin id="223" dir="0" index="0" bw="10" slack="0"/>
<pin id="224" dir="1" index="1" bw="64" slack="0"/>
</pin_list>
<bind>
<opcode="zext(34) " fcode="zext"/>
<opset="zext_ln952_2/2 "/>
</bind>
</comp>

<comp id="228" class="1004" name="tmp_3_fu_228">
<pin_list>
<pin id="229" dir="0" index="0" bw="10" slack="0"/>
<pin id="230" dir="0" index="1" bw="3" slack="1"/>
<pin id="231" dir="0" index="2" bw="3" slack="0"/>
<pin id="232" dir="1" index="3" bw="10" slack="0"/>
</pin_list>
<bind>
<opcode="bitconcatenate(1004) " fcode="bitconcatenate"/>
<opset="tmp_3/2 "/>
</bind>
</comp>

<comp id="235" class="1004" name="zext_ln952_3_fu_235">
<pin_list>
<pin id="236" dir="0" index="0" bw="10" slack="0"/>
<pin id="237" dir="1" index="1" bw="64" slack="0"/>
</pin_list>
<bind>
<opcode="zext(34) " fcode="zext"/>
<opset="zext_ln952_3/2 "/>
</bind>
</comp>

<comp id="241" class="1004" name="sext_ln952_fu_241">
<pin_list>
<pin id="242" dir="0" index="0" bw="8" slack="0"/>
<pin id="243" dir="1" index="1" bw="9" slack="0"/>
</pin_list>
<bind>
<opcode="sext(35) " fcode="sext"/>
<opset="sext_ln952/2 "/>
</bind>
</comp>

<comp id="245" class="1004" name="sext_ln952_1_fu_245">
<pin_list>
<pin id="246" dir="0" index="0" bw="8" slack="0"/>
<pin id="247" dir="1" index="1" bw="9" slack="0"/>
</pin_list>
<bind>
<opcode="sext(35) " fcode="sext"/>
<opset="sext_ln952_1/2 "/>
</bind>
</comp>

<comp id="249" class="1004" name="sext_ln952_2_fu_249">
<pin_list>
<pin id="250" dir="0" index="0" bw="8" slack="0"/>
<pin id="251" dir="1" index="1" bw="9" slack="0"/>
</pin_list>
<bind>
<opcode="sext(35) " fcode="sext"/>
<opset="sext_ln952_2/2 "/>
</bind>
</comp>

<comp id="253" class="1004" name="sext_ln952_3_fu_253">
<pin_list>
<pin id="254" dir="0" index="0" bw="8" slack="0"/>
<pin id="255" dir="1" index="1" bw="9" slack="0"/>
</pin_list>
<bind>
<opcode="sext(35) " fcode="sext"/>
<opset="sext_ln952_3/2 "/>
</bind>
</comp>

<comp id="257" class="1004" name="add_ln952_fu_257">
<pin_list>
<pin id="258" dir="0" index="0" bw="8" slack="0"/>
<pin id="259" dir="0" index="1" bw="8" slack="0"/>
<pin id="260" dir="1" index="2" bw="9" slack="0"/>
</pin_list>
<bind>
<opcode="add(8) " fcode="add"/>
<opset="add_ln952/2 "/>
</bind>
</comp>

<comp id="263" class="1004" name="sext_ln952_8_fu_263">
<pin_list>
<pin id="264" dir="0" index="0" bw="9" slack="0"/>
<pin id="265" dir="1" index="1" bw="10" slack="0"/>
</pin_list>
<bind>
<opcode="sext(35) " fcode="sext"/>
<opset="sext_ln952_8/2 "/>
</bind>
</comp>

<comp id="267" class="1004" name="add_ln952_1_fu_267">
<pin_list>
<pin id="268" dir="0" index="0" bw="8" slack="0"/>
<pin id="269" dir="0" index="1" bw="8" slack="0"/>
<pin id="270" dir="1" index="2" bw="9" slack="0"/>
</pin_list>
<bind>
<opcode="add(8) " fcode="add"/>
<opset="add_ln952_1/2 "/>
</bind>
</comp>

<comp id="273" class="1004" name="sext_ln952_9_fu_273">
<pin_list>
<pin id="274" dir="0" index="0" bw="9" slack="0"/>
<pin id="275" dir="1" index="1" bw="10" slack="0"/>
</pin_list>
<bind>
<opcode="sext(35) " fcode="sext"/>
<opset="sext_ln952_9/2 "/>
</bind>
</comp>

<comp id="277" class="1004" name="add_ln952_2_fu_277">
<pin_list>
<pin id="278" dir="0" index="0" bw="9" slack="0"/>
<pin id="279" dir="0" index="1" bw="9" slack="0"/>
<pin id="280" dir="1" index="2" bw="10" slack="2"/>
</pin_list>
<bind>
<opcode="add(8) " fcode="add"/>
<opset="add_ln952_2/2 "/>
</bind>
</comp>

<comp id="283" class="1004" name="sext_ln952_4_fu_283">
<pin_list>
<pin id="284" dir="0" index="0" bw="8" slack="0"/>
<pin id="285" dir="1" index="1" bw="9" slack="0"/>
</pin_list>
<bind>
<opcode="sext(35) " fcode="sext"/>
<opset="sext_ln952_4/3 "/>
</bind>
</comp>

<comp id="287" class="1004" name="sext_ln952_5_fu_287">
<pin_list>
<pin id="288" dir="0" index="0" bw="8" slack="0"/>
<pin id="289" dir="1" index="1" bw="9" slack="0"/>
</pin_list>
<bind>
<opcode="sext(35) " fcode="sext"/>
<opset="sext_ln952_5/3 "/>
</bind>
</comp>

<comp id="291" class="1004" name="sext_ln952_6_fu_291">
<pin_list>
<pin id="292" dir="0" index="0" bw="8" slack="0"/>
<pin id="293" dir="1" index="1" bw="9" slack="0"/>
</pin_list>
<bind>
<opcode="sext(35) " fcode="sext"/>
<opset="sext_ln952_6/3 "/>
</bind>
</comp>

<comp id="295" class="1004" name="sext_ln952_7_fu_295">
<pin_list>
<pin id="296" dir="0" index="0" bw="8" slack="0"/>
<pin id="297" dir="1" index="1" bw="9" slack="0"/>
</pin_list>
<bind>
<opcode="sext(35) " fcode="sext"/>
<opset="sext_ln952_7/3 "/>
</bind>
</comp>

<comp id="299" class="1004" name="add_ln952_3_fu_299">
<pin_list>
<pin id="300" dir="0" index="0" bw="8" slack="0"/>
<pin id="301" dir="0" index="1" bw="8" slack="0"/>
<pin id="302" dir="1" index="2" bw="9" slack="0"/>
</pin_list>
<bind>
<opcode="add(8) " fcode="add"/>
<opset="add_ln952_3/3 "/>
</bind>
</comp>

<comp id="305" class="1004" name="sext_ln952_11_fu_305">
<pin_list>
<pin id="306" dir="0" index="0" bw="9" slack="0"/>
<pin id="307" dir="1" index="1" bw="10" slack="0"/>
</pin_list>
<bind>
<opcode="sext(35) " fcode="sext"/>
<opset="sext_ln952_11/3 "/>
</bind>
</comp>

<comp id="309" class="1004" name="add_ln952_4_fu_309">
<pin_list>
<pin id="310" dir="0" index="0" bw="8" slack="0"/>
<pin id="311" dir="0" index="1" bw="8" slack="0"/>
<pin id="312" dir="1" index="2" bw="9" slack="0"/>
</pin_list>
<bind>
<opcode="add(8) " fcode="add"/>
<opset="add_ln952_4/3 "/>
</bind>
</comp>

<comp id="315" class="1004" name="sext_ln952_12_fu_315">
<pin_list>
<pin id="316" dir="0" index="0" bw="9" slack="0"/>
<pin id="317" dir="1" index="1" bw="10" slack="0"/>
</pin_list>
<bind>
<opcode="sext(35) " fcode="sext"/>
<opset="sext_ln952_12/3 "/>
</bind>
</comp>

<comp id="319" class="1004" name="add_ln952_5_fu_319">
<pin_list>
<pin id="320" dir="0" index="0" bw="9" slack="0"/>
<pin id="321" dir="0" index="1" bw="9" slack="0"/>
<pin id="322" dir="1" index="2" bw="10" slack="1"/>
</pin_list>
<bind>
<opcode="add(8) " fcode="add"/>
<opset="add_ln952_5/3 "/>
</bind>
</comp>

<comp id="325" class="1004" name="weight_sum_load_load_fu_325">
<pin_list>
<pin id="326" dir="0" index="0" bw="14" slack="3"/>
<pin id="327" dir="1" index="1" bw="14" slack="0"/>
</pin_list>
<bind>
<opcode="load(27) " fcode="load"/>
<opset="weight_sum_load/4 "/>
</bind>
</comp>

<comp id="328" class="1004" name="sext_ln952_10_fu_328">
<pin_list>
<pin id="329" dir="0" index="0" bw="10" slack="2"/>
<pin id="330" dir="1" index="1" bw="11" slack="0"/>
</pin_list>
<bind>
<opcode="sext(35) " fcode="sext"/>
<opset="sext_ln952_10/4 "/>
</bind>
</comp>

<comp id="331" class="1004" name="sext_ln952_13_fu_331">
<pin_list>
<pin id="332" dir="0" index="0" bw="10" slack="1"/>
<pin id="333" dir="1" index="1" bw="11" slack="0"/>
</pin_list>
<bind>
<opcode="sext(35) " fcode="sext"/>
<opset="sext_ln952_13/4 "/>
</bind>
</comp>

<comp id="334" class="1004" name="add_ln952_6_fu_334">
<pin_list>
<pin id="335" dir="0" index="0" bw="10" slack="0"/>
<pin id="336" dir="0" index="1" bw="10" slack="0"/>
<pin id="337" dir="1" index="2" bw="11" slack="0"/>
</pin_list>
<bind>
<opcode="add(8) " fcode="add"/>
<opset="add_ln952_6/4 "/>
</bind>
</comp>

<comp id="340" class="1004" name="sext_ln952_14_fu_340">
<pin_list>
<pin id="341" dir="0" index="0" bw="11" slack="0"/>
<pin id="342" dir="1" index="1" bw="14" slack="0"/>
</pin_list>
<bind>
<opcode="sext(35) " fcode="sext"/>
<opset="sext_ln952_14/4 "/>
</bind>
</comp>

<comp id="344" class="1004" name="weight_sum_1_fu_344">
<pin_list>
<pin id="345" dir="0" index="0" bw="14" slack="0"/>
<pin id="346" dir="0" index="1" bw="11" slack="0"/>
<pin id="347" dir="1" index="2" bw="14" slack="0"/>
</pin_list>
<bind>
<opcode="add(8) " fcode="add"/>
<opset="weight_sum_1/4 "/>
</bind>
</comp>

<comp id="350" class="1004" name="store_ln948_store_fu_350">
<pin_list>
<pin id="351" dir="0" index="0" bw="14" slack="0"/>
<pin id="352" dir="0" index="1" bw="14" slack="3"/>
<pin id="353" dir="1" index="2" bw="0" slack="2147483647"/>
</pin_list>
<bind>
<opcode="store(28) " fcode="store"/>
<opset="store_ln948/4 "/>
</bind>
</comp>

<comp id="355" class="1004" name="weight_sum_load_1_load_fu_355">
<pin_list>
<pin id="356" dir="0" index="0" bw="14" slack="1"/>
<pin id="357" dir="1" index="1" bw="14" slack="0"/>
</pin_list>
<bind>
<opcode="load(27) " fcode="load"/>
<opset="weight_sum_load_1/2 "/>
</bind>
</comp>

<comp id="359" class="1005" name="weight_sum_reg_359">
<pin_list>
<pin id="360" dir="0" index="0" bw="14" slack="0"/>
<pin id="361" dir="1" index="1" bw="14" slack="0"/>
</pin_list>
<bind>
<opset="weight_sum "/>
</bind>
</comp>

<comp id="367" class="1005" name="i_reg_367">
<pin_list>
<pin id="368" dir="0" index="0" bw="4" slack="0"/>
<pin id="369" dir="1" index="1" bw="4" slack="0"/>
</pin_list>
<bind>
<opset="i "/>
</bind>
</comp>

<comp id="374" class="1005" name="icmp_ln949_reg_374">
<pin_list>
<pin id="375" dir="0" index="0" bw="1" slack="1"/>
<pin id="376" dir="1" index="1" bw="1" slack="2147483647"/>
</pin_list>
<bind>
<opset="icmp_ln949 "/>
</bind>
</comp>

<comp id="378" class="1005" name="trunc_ln949_reg_378">
<pin_list>
<pin id="379" dir="0" index="0" bw="3" slack="1"/>
<pin id="380" dir="1" index="1" bw="3" slack="1"/>
</pin_list>
<bind>
<opset="trunc_ln949 "/>
</bind>
</comp>

<comp id="384" class="1005" name="p_ZL13weight_memory_0_addr_reg_384">
<pin_list>
<pin id="385" dir="0" index="0" bw="15" slack="1"/>
<pin id="386" dir="1" index="1" bw="15" slack="1"/>
</pin_list>
<bind>
<opset="p_ZL13weight_memory_0_addr "/>
</bind>
</comp>

<comp id="389" class="1005" name="p_ZL13weight_memory_0_addr_1_reg_389">
<pin_list>
<pin id="390" dir="0" index="0" bw="15" slack="1"/>
<pin id="391" dir="1" index="1" bw="15" slack="1"/>
</pin_list>
<bind>
<opset="p_ZL13weight_memory_0_addr_1 "/>
</bind>
</comp>

<comp id="394" class="1005" name="p_ZL13weight_memory_1_addr_reg_394">
<pin_list>
<pin id="395" dir="0" index="0" bw="15" slack="1"/>
<pin id="396" dir="1" index="1" bw="15" slack="1"/>
</pin_list>
<bind>
<opset="p_ZL13weight_memory_1_addr "/>
</bind>
</comp>

<comp id="399" class="1005" name="p_ZL13weight_memory_1_addr_1_reg_399">
<pin_list>
<pin id="400" dir="0" index="0" bw="15" slack="1"/>
<pin id="401" dir="1" index="1" bw="15" slack="1"/>
</pin_list>
<bind>
<opset="p_ZL13weight_memory_1_addr_1 "/>
</bind>
</comp>

<comp id="404" class="1005" name="p_ZL13weight_memory_0_addr_2_reg_404">
<pin_list>
<pin id="405" dir="0" index="0" bw="15" slack="1"/>
<pin id="406" dir="1" index="1" bw="15" slack="1"/>
</pin_list>
<bind>
<opset="p_ZL13weight_memory_0_addr_2 "/>
</bind>
</comp>

<comp id="409" class="1005" name="p_ZL13weight_memory_0_addr_3_reg_409">
<pin_list>
<pin id="410" dir="0" index="0" bw="15" slack="1"/>
<pin id="411" dir="1" index="1" bw="15" slack="1"/>
</pin_list>
<bind>
<opset="p_ZL13weight_memory_0_addr_3 "/>
</bind>
</comp>

<comp id="414" class="1005" name="p_ZL13weight_memory_1_addr_2_reg_414">
<pin_list>
<pin id="415" dir="0" index="0" bw="15" slack="1"/>
<pin id="416" dir="1" index="1" bw="15" slack="1"/>
</pin_list>
<bind>
<opset="p_ZL13weight_memory_1_addr_2 "/>
</bind>
</comp>

<comp id="419" class="1005" name="p_ZL13weight_memory_1_addr_3_reg_419">
<pin_list>
<pin id="420" dir="0" index="0" bw="15" slack="1"/>
<pin id="421" dir="1" index="1" bw="15" slack="1"/>
</pin_list>
<bind>
<opset="p_ZL13weight_memory_1_addr_3 "/>
</bind>
</comp>

<comp id="424" class="1005" name="add_ln952_2_reg_424">
<pin_list>
<pin id="425" dir="0" index="0" bw="10" slack="2"/>
<pin id="426" dir="1" index="1" bw="10" slack="2"/>
</pin_list>
<bind>
<opset="add_ln952_2 "/>
</bind>
</comp>

<comp id="429" class="1005" name="add_ln952_5_reg_429">
<pin_list>
<pin id="430" dir="0" index="0" bw="10" slack="1"/>
<pin id="431" dir="1" index="1" bw="10" slack="1"/>
</pin_list>
<bind>
<opset="add_ln952_5 "/>
</bind>
</comp>

</comp_list>

<net_list>
<net id="59"><net_src comp="6" pin="0"/><net_sink comp="56" pin=0"/></net>

<net id="63"><net_src comp="6" pin="0"/><net_sink comp="60" pin=0"/></net>

<net id="69"><net_src comp="54" pin="0"/><net_sink comp="64" pin=0"/></net>

<net id="70"><net_src comp="0" pin="0"/><net_sink comp="64" pin=1"/></net>

<net id="76"><net_src comp="2" pin="0"/><net_sink comp="71" pin=0"/></net>

<net id="77"><net_src comp="30" pin="0"/><net_sink comp="71" pin=1"/></net>

<net id="83"><net_src comp="2" pin="0"/><net_sink comp="78" pin=0"/></net>

<net id="84"><net_src comp="30" pin="0"/><net_sink comp="78" pin=1"/></net>

<net id="90"><net_src comp="4" pin="0"/><net_sink comp="85" pin=0"/></net>

<net id="91"><net_src comp="30" pin="0"/><net_sink comp="85" pin=1"/></net>

<net id="97"><net_src comp="4" pin="0"/><net_sink comp="92" pin=0"/></net>

<net id="98"><net_src comp="30" pin="0"/><net_sink comp="92" pin=1"/></net>

<net id="108"><net_src comp="71" pin="3"/><net_sink comp="99" pin=2"/></net>

<net id="118"><net_src comp="85" pin="3"/><net_sink comp="109" pin=2"/></net>

<net id="119"><net_src comp="78" pin="3"/><net_sink comp="99" pin=0"/></net>

<net id="120"><net_src comp="92" pin="3"/><net_sink comp="109" pin=0"/></net>

<net id="126"><net_src comp="2" pin="0"/><net_sink comp="121" pin=0"/></net>

<net id="127"><net_src comp="30" pin="0"/><net_sink comp="121" pin=1"/></net>

<net id="133"><net_src comp="2" pin="0"/><net_sink comp="128" pin=0"/></net>

<net id="134"><net_src comp="30" pin="0"/><net_sink comp="128" pin=1"/></net>

<net id="140"><net_src comp="4" pin="0"/><net_sink comp="135" pin=0"/></net>

<net id="141"><net_src comp="30" pin="0"/><net_sink comp="135" pin=1"/></net>

<net id="147"><net_src comp="4" pin="0"/><net_sink comp="142" pin=0"/></net>

<net id="148"><net_src comp="30" pin="0"/><net_sink comp="142" pin=1"/></net>

<net id="149"><net_src comp="121" pin="3"/><net_sink comp="99" pin=2"/></net>

<net id="150"><net_src comp="135" pin="3"/><net_sink comp="109" pin=2"/></net>

<net id="151"><net_src comp="128" pin="3"/><net_sink comp="99" pin=0"/></net>

<net id="152"><net_src comp="142" pin="3"/><net_sink comp="109" pin=0"/></net>

<net id="157"><net_src comp="18" pin="0"/><net_sink comp="153" pin=0"/></net>

<net id="162"><net_src comp="20" pin="0"/><net_sink comp="158" pin=0"/></net>

<net id="170"><net_src comp="163" pin="1"/><net_sink comp="166" pin=0"/></net>

<net id="171"><net_src comp="22" pin="0"/><net_sink comp="166" pin=1"/></net>

<net id="176"><net_src comp="163" pin="1"/><net_sink comp="172" pin=0"/></net>

<net id="177"><net_src comp="24" pin="0"/><net_sink comp="172" pin=1"/></net>

<net id="181"><net_src comp="163" pin="1"/><net_sink comp="178" pin=0"/></net>

<net id="187"><net_src comp="26" pin="0"/><net_sink comp="182" pin=0"/></net>

<net id="188"><net_src comp="178" pin="1"/><net_sink comp="182" pin=1"/></net>

<net id="189"><net_src comp="28" pin="0"/><net_sink comp="182" pin=2"/></net>

<net id="193"><net_src comp="182" pin="3"/><net_sink comp="190" pin=0"/></net>

<net id="194"><net_src comp="190" pin="1"/><net_sink comp="71" pin=2"/></net>

<net id="195"><net_src comp="190" pin="1"/><net_sink comp="85" pin=2"/></net>

<net id="201"><net_src comp="26" pin="0"/><net_sink comp="196" pin=0"/></net>

<net id="202"><net_src comp="178" pin="1"/><net_sink comp="196" pin=1"/></net>

<net id="203"><net_src comp="32" pin="0"/><net_sink comp="196" pin=2"/></net>

<net id="207"><net_src comp="196" pin="3"/><net_sink comp="204" pin=0"/></net>

<net id="208"><net_src comp="204" pin="1"/><net_sink comp="78" pin=2"/></net>

<net id="209"><net_src comp="204" pin="1"/><net_sink comp="92" pin=2"/></net>

<net id="214"><net_src comp="172" pin="2"/><net_sink comp="210" pin=0"/></net>

<net id="220"><net_src comp="26" pin="0"/><net_sink comp="215" pin=0"/></net>

<net id="221"><net_src comp="34" pin="0"/><net_sink comp="215" pin=2"/></net>

<net id="225"><net_src comp="215" pin="3"/><net_sink comp="222" pin=0"/></net>

<net id="226"><net_src comp="222" pin="1"/><net_sink comp="121" pin=2"/></net>

<net id="227"><net_src comp="222" pin="1"/><net_sink comp="135" pin=2"/></net>

<net id="233"><net_src comp="26" pin="0"/><net_sink comp="228" pin=0"/></net>

<net id="234"><net_src comp="36" pin="0"/><net_sink comp="228" pin=2"/></net>

<net id="238"><net_src comp="228" pin="3"/><net_sink comp="235" pin=0"/></net>

<net id="239"><net_src comp="235" pin="1"/><net_sink comp="128" pin=2"/></net>

<net id="240"><net_src comp="235" pin="1"/><net_sink comp="142" pin=2"/></net>

<net id="244"><net_src comp="99" pin="7"/><net_sink comp="241" pin=0"/></net>

<net id="248"><net_src comp="109" pin="7"/><net_sink comp="245" pin=0"/></net>

<net id="252"><net_src comp="99" pin="3"/><net_sink comp="249" pin=0"/></net>

<net id="256"><net_src comp="109" pin="3"/><net_sink comp="253" pin=0"/></net>

<net id="261"><net_src comp="241" pin="1"/><net_sink comp="257" pin=0"/></net>

<net id="262"><net_src comp="245" pin="1"/><net_sink comp="257" pin=1"/></net>

<net id="266"><net_src comp="257" pin="2"/><net_sink comp="263" pin=0"/></net>

<net id="271"><net_src comp="249" pin="1"/><net_sink comp="267" pin=0"/></net>

<net id="272"><net_src comp="253" pin="1"/><net_sink comp="267" pin=1"/></net>

<net id="276"><net_src comp="267" pin="2"/><net_sink comp="273" pin=0"/></net>

<net id="281"><net_src comp="273" pin="1"/><net_sink comp="277" pin=0"/></net>

<net id="282"><net_src comp="263" pin="1"/><net_sink comp="277" pin=1"/></net>

<net id="286"><net_src comp="99" pin="7"/><net_sink comp="283" pin=0"/></net>

<net id="290"><net_src comp="109" pin="7"/><net_sink comp="287" pin=0"/></net>

<net id="294"><net_src comp="99" pin="3"/><net_sink comp="291" pin=0"/></net>

<net id="298"><net_src comp="109" pin="3"/><net_sink comp="295" pin=0"/></net>

<net id="303"><net_src comp="283" pin="1"/><net_sink comp="299" pin=0"/></net>

<net id="304"><net_src comp="287" pin="1"/><net_sink comp="299" pin=1"/></net>

<net id="308"><net_src comp="299" pin="2"/><net_sink comp="305" pin=0"/></net>

<net id="313"><net_src comp="291" pin="1"/><net_sink comp="309" pin=0"/></net>

<net id="314"><net_src comp="295" pin="1"/><net_sink comp="309" pin=1"/></net>

<net id="318"><net_src comp="309" pin="2"/><net_sink comp="315" pin=0"/></net>

<net id="323"><net_src comp="315" pin="1"/><net_sink comp="319" pin=0"/></net>

<net id="324"><net_src comp="305" pin="1"/><net_sink comp="319" pin=1"/></net>

<net id="338"><net_src comp="331" pin="1"/><net_sink comp="334" pin=0"/></net>

<net id="339"><net_src comp="328" pin="1"/><net_sink comp="334" pin=1"/></net>

<net id="343"><net_src comp="334" pin="2"/><net_sink comp="340" pin=0"/></net>

<net id="348"><net_src comp="325" pin="1"/><net_sink comp="344" pin=0"/></net>

<net id="349"><net_src comp="340" pin="1"/><net_sink comp="344" pin=1"/></net>

<net id="354"><net_src comp="344" pin="2"/><net_sink comp="350" pin=0"/></net>

<net id="358"><net_src comp="355" pin="1"/><net_sink comp="64" pin=2"/></net>

<net id="362"><net_src comp="56" pin="1"/><net_sink comp="359" pin=0"/></net>

<net id="363"><net_src comp="359" pin="1"/><net_sink comp="158" pin=1"/></net>

<net id="364"><net_src comp="359" pin="1"/><net_sink comp="325" pin=0"/></net>

<net id="365"><net_src comp="359" pin="1"/><net_sink comp="350" pin=1"/></net>

<net id="366"><net_src comp="359" pin="1"/><net_sink comp="355" pin=0"/></net>

<net id="370"><net_src comp="60" pin="1"/><net_sink comp="367" pin=0"/></net>

<net id="371"><net_src comp="367" pin="1"/><net_sink comp="153" pin=1"/></net>

<net id="372"><net_src comp="367" pin="1"/><net_sink comp="163" pin=0"/></net>

<net id="373"><net_src comp="367" pin="1"/><net_sink comp="210" pin=1"/></net>

<net id="377"><net_src comp="166" pin="2"/><net_sink comp="374" pin=0"/></net>

<net id="381"><net_src comp="178" pin="1"/><net_sink comp="378" pin=0"/></net>

<net id="382"><net_src comp="378" pin="1"/><net_sink comp="215" pin=1"/></net>

<net id="383"><net_src comp="378" pin="1"/><net_sink comp="228" pin=1"/></net>

<net id="387"><net_src comp="71" pin="3"/><net_sink comp="384" pin=0"/></net>

<net id="388"><net_src comp="384" pin="1"/><net_sink comp="99" pin=2"/></net>

<net id="392"><net_src comp="78" pin="3"/><net_sink comp="389" pin=0"/></net>

<net id="393"><net_src comp="389" pin="1"/><net_sink comp="99" pin=0"/></net>

<net id="397"><net_src comp="85" pin="3"/><net_sink comp="394" pin=0"/></net>

<net id="398"><net_src comp="394" pin="1"/><net_sink comp="109" pin=2"/></net>

<net id="402"><net_src comp="92" pin="3"/><net_sink comp="399" pin=0"/></net>

<net id="403"><net_src comp="399" pin="1"/><net_sink comp="109" pin=0"/></net>

<net id="407"><net_src comp="121" pin="3"/><net_sink comp="404" pin=0"/></net>

<net id="408"><net_src comp="404" pin="1"/><net_sink comp="99" pin=2"/></net>

<net id="412"><net_src comp="128" pin="3"/><net_sink comp="409" pin=0"/></net>

<net id="413"><net_src comp="409" pin="1"/><net_sink comp="99" pin=0"/></net>

<net id="417"><net_src comp="135" pin="3"/><net_sink comp="414" pin=0"/></net>

<net id="418"><net_src comp="414" pin="1"/><net_sink comp="109" pin=2"/></net>

<net id="422"><net_src comp="142" pin="3"/><net_sink comp="419" pin=0"/></net>

<net id="423"><net_src comp="419" pin="1"/><net_sink comp="109" pin=0"/></net>

<net id="427"><net_src comp="277" pin="2"/><net_sink comp="424" pin=0"/></net>

<net id="428"><net_src comp="424" pin="1"/><net_sink comp="328" pin=0"/></net>

<net id="432"><net_src comp="319" pin="2"/><net_sink comp="429" pin=0"/></net>

<net id="433"><net_src comp="429" pin="1"/><net_sink comp="331" pin=0"/></net>

</net_list>

</model> 
---------------- Datapath Model END ------------------

* FSMD analyzer results:
  - Output states:
	Port: weight_sum_out | {2 }
	Port: p_ZL13weight_memory_0 | {}
	Port: p_ZL13weight_memory_1 | {}
 - Input state : 
	Port: snn_top_hls_Pipeline_WEIGHT_SUM : p_ZL13weight_memory_0 | {1 2 3 }
	Port: snn_top_hls_Pipeline_WEIGHT_SUM : p_ZL13weight_memory_1 | {1 2 3 }
  - Chain level:
	State 1
		store_ln949 : 1
		store_ln948 : 1
		i_1 : 1
		icmp_ln949 : 2
		add_ln949 : 2
		br_ln949 : 3
		trunc_ln949 : 2
		tmp_s : 3
		zext_ln952 : 4
		p_ZL13weight_memory_0_addr : 5
		tmp_1 : 3
		zext_ln952_1 : 4
		p_ZL13weight_memory_0_addr_1 : 5
		p_ZL13weight_memory_1_addr : 5
		p_ZL13weight_memory_1_addr_1 : 5
		p_ZL13weight_memory_0_load : 6
		p_ZL13weight_memory_1_load : 6
		p_ZL13weight_memory_0_load_1 : 6
		p_ZL13weight_memory_1_load_1 : 6
		store_ln949 : 3
	State 2
		zext_ln952_2 : 1
		p_ZL13weight_memory_0_addr_2 : 2
		zext_ln952_3 : 1
		p_ZL13weight_memory_0_addr_3 : 2
		p_ZL13weight_memory_1_addr_2 : 2
		p_ZL13weight_memory_1_addr_3 : 2
		sext_ln952 : 1
		sext_ln952_1 : 1
		sext_ln952_2 : 1
		sext_ln952_3 : 1
		p_ZL13weight_memory_0_load_2 : 3
		p_ZL13weight_memory_1_load_2 : 3
		p_ZL13weight_memory_0_load_3 : 3
		p_ZL13weight_memory_1_load_3 : 3
		add_ln952 : 2
		sext_ln952_8 : 3
		add_ln952_1 : 2
		sext_ln952_9 : 3
		add_ln952_2 : 4
		write_ln0 : 1
	State 3
		sext_ln952_4 : 1
		sext_ln952_5 : 1
		sext_ln952_6 : 1
		sext_ln952_7 : 1
		add_ln952_3 : 2
		sext_ln952_11 : 3
		add_ln952_4 : 2
		sext_ln952_12 : 3
		add_ln952_5 : 4
	State 4
		add_ln952_6 : 1
		sext_ln952_14 : 2
		weight_sum_1 : 3
		store_ln948 : 4


============================================================
+ Verbose Summary: Datapath Resource usage 
============================================================

* Functional unit list:
|----------|-----------------------|---------|---------|
| Operation|    Functional Unit    |    FF   |   LUT   |
|----------|-----------------------|---------|---------|
|          |    add_ln949_fu_172   |    0    |    13   |
|          |    add_ln952_fu_257   |    0    |    15   |
|          |   add_ln952_1_fu_267  |    0    |    15   |
|          |   add_ln952_2_fu_277  |    0    |    14   |
|    add   |   add_ln952_3_fu_299  |    0    |    15   |
|          |   add_ln952_4_fu_309  |    0    |    15   |
|          |   add_ln952_5_fu_319  |    0    |    14   |
|          |   add_ln952_6_fu_334  |    0    |    13   |
|          |  weight_sum_1_fu_344  |    0    |    17   |
|----------|-----------------------|---------|---------|
|   icmp   |   icmp_ln949_fu_166   |    0    |    13   |
|----------|-----------------------|---------|---------|
|   write  | write_ln0_write_fu_64 |    0    |    0    |
|----------|-----------------------|---------|---------|
|   trunc  |   trunc_ln949_fu_178  |    0    |    0    |
|----------|-----------------------|---------|---------|
|          |      tmp_s_fu_182     |    0    |    0    |
|bitconcatenate|      tmp_1_fu_196     |    0    |    0    |
|          |      tmp_2_fu_215     |    0    |    0    |
|          |      tmp_3_fu_228     |    0    |    0    |
|----------|-----------------------|---------|---------|
|          |   zext_ln952_fu_190   |    0    |    0    |
|   zext   |  zext_ln952_1_fu_204  |    0    |    0    |
|          |  zext_ln952_2_fu_222  |    0    |    0    |
|          |  zext_ln952_3_fu_235  |    0    |    0    |
|----------|-----------------------|---------|---------|
|          |   sext_ln952_fu_241   |    0    |    0    |
|          |  sext_ln952_1_fu_245  |    0    |    0    |
|          |  sext_ln952_2_fu_249  |    0    |    0    |
|          |  sext_ln952_3_fu_253  |    0    |    0    |
|          |  sext_ln952_8_fu_263  |    0    |    0    |
|          |  sext_ln952_9_fu_273  |    0    |    0    |
|          |  sext_ln952_4_fu_283  |    0    |    0    |
|   sext   |  sext_ln952_5_fu_287  |    0    |    0    |
|          |  sext_ln952_6_fu_291  |    0    |    0    |
|          |  sext_ln952_7_fu_295  |    0    |    0    |
|          |  sext_ln952_11_fu_305 |    0    |    0    |
|          |  sext_ln952_12_fu_315 |    0    |    0    |
|          |  sext_ln952_10_fu_328 |    0    |    0    |
|          |  sext_ln952_13_fu_331 |    0    |    0    |
|          |  sext_ln952_14_fu_340 |    0    |    0    |
|----------|-----------------------|---------|---------|
|   Total  |                       |    0    |   144   |
|----------|-----------------------|---------|---------|

Memories:
N/A

* Register list:
+------------------------------------+--------+
|                                    |   FF   |
+------------------------------------+--------+
|         add_ln952_2_reg_424        |   10   |
|         add_ln952_5_reg_429        |   10   |
|              i_reg_367             |    4   |
|         icmp_ln949_reg_374         |    1   |
|p_ZL13weight_memory_0_addr_1_reg_389|   15   |
|p_ZL13weight_memory_0_addr_2_reg_404|   15   |
|p_ZL13weight_memory_0_addr_3_reg_409|   15   |
| p_ZL13weight_memory_0_addr_reg_384 |   15   |
|p_ZL13weight_memory_1_addr_1_reg_399|   15   |
|p_ZL13weight_memory_1_addr_2_reg_414|   15   |
|p_ZL13weight_memory_1_addr_3_reg_419|   15   |
| p_ZL13weight_memory_1_addr_reg_394 |   15   |
|         trunc_ln949_reg_378        |    3   |
|         weight_sum_reg_359         |   14   |
+------------------------------------+--------+
|                Total               |   162  |
+------------------------------------+--------+

* Multiplexer (MUX) list: 
|-------------------|------|------|------|--------||---------||---------||---------|
|        Comp       |  Pin | Size |  BW  | S x BW ||  Delay  ||    FF   ||   LUT   |
|-------------------|------|------|------|--------||---------||---------||---------|
|  grp_access_fu_99 |  p0  |   4  |  15  |   60   ||    0    ||    20   |
|  grp_access_fu_99 |  p2  |   4  |   0  |    0   ||    0    ||    20   |
| grp_access_fu_109 |  p0  |   4  |  15  |   60   ||    0    ||    20   |
| grp_access_fu_109 |  p2  |   4  |   0  |    0   ||    0    ||    20   |
|-------------------|------|------|------|--------||---------||---------||---------|
|       Total       |      |      |      |   120  ||  7.3064 ||    0    ||    80   |
|-------------------|------|------|------|--------||---------||---------||---------|



* Summary:
+-----------+--------+--------+--------+
|           |  Delay |   FF   |   LUT  |
+-----------+--------+--------+--------+
|  Function |    -   |    0   |   144  |
|   Memory  |    -   |    -   |    -   |
|Multiplexer|    7   |    0   |   80   |
|  Register |    -   |   162  |    -   |
+-----------+--------+--------+--------+
|   Total   |    7   |   162  |   224  |
+-----------+--------+--------+--------+
