

================================================================
== Vitis HLS Report for 'snn_top_hls_Pipeline_RESET_ELIG'
================================================================
* Date:           Tue Feb 10 18:59:25 2026

* Version:        2025.2 (Build 6295257 on Nov 14 2025)
* Project:        hls_csim_output
* Solution:       hls (Vivado IP Flow Target)
* Product family: zynq
* Target device:  xc7z020-clg400-1


================================================================
== Performance Estimates
================================================================
+ Timing: 
    * Summary: 
    +--------+----------+----------+------------+
    |  Clock |  Target  | Estimated| Uncertainty|
    +--------+----------+----------+------------+
    |ap_clk  |  10.00 ns|  6.665 ns|     2.70 ns|
    +--------+----------+----------+------------+

+ Latency: 
    * Summary: 
    +---------+---------+----------+----------+-----+-----+-------------------+
    |  Latency (cycles) |  Latency (absolute) |  Interval |      Pipeline     |
    |   min   |   max   |    min   |    max   | min | max |        Type       |
    +---------+---------+----------+----------+-----+-----+-------------------+
    |      258|      258|  2.580 us|  2.580 us|    0|    0|  loop pipeline stp|
    +---------+---------+----------+----------+-----+-----+-------------------+

    + Detail: 
        * Instance: 
        N/A

        * Loop: 
        +--------------+---------+---------+----------+-----------+-----------+------+----------+
        |              |  Latency (cycles) | Iteration|  Initiation Interval  | Trip |          |
        |   Loop Name  |   min   |   max   |  Latency |  achieved |   target  | Count| Pipelined|
        +--------------+---------+---------+----------+-----------+-----------+------+----------+
        |- RESET_ELIG  |      256|      256|         1|          1|          1|   256|       yes|
        +--------------+---------+---------+----------+-----------+-----------+------+----------+



================================================================
== Utilization Estimates
================================================================
* Summary: 
+-----------------+---------+-----+--------+-------+-----+
|       Name      | BRAM_18K| DSP |   FF   |  LUT  | URAM|
+-----------------+---------+-----+--------+-------+-----+
|DSP              |        -|    -|       -|      -|    -|
|Expression       |        -|    -|       0|     27|    -|
|FIFO             |        -|    -|       -|      -|    -|
|Instance         |        -|    -|       -|      -|    -|
|Memory           |        -|    -|       -|      -|    -|
|Multiplexer      |        -|    -|       0|     27|    -|
|Register         |        -|    -|      11|      -|    -|
+-----------------+---------+-----+--------+-------+-----+
|Total            |        0|    0|      11|     54|    0|
+-----------------+---------+-----+--------+-------+-----+
|Available        |      280|  220|  106400|  53200|    0|
+-----------------+---------+-----+--------+-------+-----+
|Utilization (%)  |        0|    0|      ~0|     ~0|    0|
+-----------------+---------+-----+--------+-------+-----+

+ Detail: 
    * Instance: 
    N/A

    * DSP: 
    N/A

    * Memory: 
    N/A

    * FIFO: 
    N/A

    * Expression: 
    +----------------------+----------+----+---+----+------------+------------+
    |     Variable Name    | Operation| DSP| FF| LUT| Bitwidth P0| Bitwidth P1|
    +----------------------+----------+----+---+----+------------+------------+
    |add_ln723_fu_140_p2   |         +|   0|  0|  14|           9|           1|
    |icmp_ln723_fu_134_p2  |      icmp|   0|  0|  13|           9|          10|
    +----------------------+----------+----+---+----+------------+------------+
    |Total                 |          |   0|  0|  27|          18|          11|
    +----------------------+----------+----+---+----+------------+------------+

    * Multiplexer: 
    +----------------------+----+-----------+-----+-----------+
    |         Name         | LUT| Input Size| Bits| Total Bits|
    +----------------------+----+-----------+-----+-----------+
    |ap_done_int           |   9|          2|    1|          2|
    |ap_sig_allocacmp_i_3  |   9|          2|    9|         18|
    |i_fu_50               |   9|          2|    9|         18|
    +----------------------+----+-----------+-----+-----------+
    |Total                 |  27|          6|   19|         38|
    +----------------------+----+-----------+-----+-----------+

    * Register: 
    +-------------+---+----+-----+-----------+
    |     Name    | FF| LUT| Bits| Const Bits|
    +-------------+---+----+-----+-----------+
    |ap_CS_fsm    |  1|   0|    1|          0|
    |ap_done_reg  |  1|   0|    1|          0|
    |i_fu_50      |  9|   0|    9|          0|
    +-------------+---+----+-----+-----------+
    |Total        | 11|   0|   11|          0|
    +-------------+---+----+-----+-----------+



================================================================
== Interface
================================================================
* Summary: 
+-----------------------------------+-----+-----+------------+---------------------------------+--------------+
|             RTL Ports             | Dir | Bits|  Protocol  |          Source Object          |    C Type    |
+-----------------------------------+-----+-----+------------+---------------------------------+--------------+
|ap_clk                             |   in|    1|  ap_ctrl_hs|  snn_top_hls_Pipeline_RESET_ELIG|  return value|
|ap_rst                             |   in|    1|  ap_ctrl_hs|  snn_top_hls_Pipeline_RESET_ELIG|  return value|
|ap_start                           |   in|    1|  ap_ctrl_hs|  snn_top_hls_Pipeline_RESET_ELIG|  return value|
|ap_done                            |  out|    1|  ap_ctrl_hs|  snn_top_hls_Pipeline_RESET_ELIG|  return value|
|ap_idle                            |  out|    1|  ap_ctrl_hs|  snn_top_hls_Pipeline_RESET_ELIG|  return value|
|ap_ready                           |  out|    1|  ap_ctrl_hs|  snn_top_hls_Pipeline_RESET_ELIG|  return value|
|p_ZL15pre_eligibility_0_address1   |  out|    7|   ap_memory|          p_ZL15pre_eligibility_0|         array|
|p_ZL15pre_eligibility_0_ce1        |  out|    1|   ap_memory|          p_ZL15pre_eligibility_0|         array|
|p_ZL15pre_eligibility_0_we1        |  out|    1|   ap_memory|          p_ZL15pre_eligibility_0|         array|
|p_ZL15pre_eligibility_0_d1         |  out|    8|   ap_memory|          p_ZL15pre_eligibility_0|         array|
|p_ZL16post_eligibility_0_address1  |  out|    7|   ap_memory|         p_ZL16post_eligibility_0|         array|
|p_ZL16post_eligibility_0_ce1       |  out|    1|   ap_memory|         p_ZL16post_eligibility_0|         array|
|p_ZL16post_eligibility_0_we1       |  out|    1|   ap_memory|         p_ZL16post_eligibility_0|         array|
|p_ZL16post_eligibility_0_d1        |  out|    8|   ap_memory|         p_ZL16post_eligibility_0|         array|
|p_ZL15pre_eligibility_1_address1   |  out|    7|   ap_memory|          p_ZL15pre_eligibility_1|         array|
|p_ZL15pre_eligibility_1_ce1        |  out|    1|   ap_memory|          p_ZL15pre_eligibility_1|         array|
|p_ZL15pre_eligibility_1_we1        |  out|    1|   ap_memory|          p_ZL15pre_eligibility_1|         array|
|p_ZL15pre_eligibility_1_d1         |  out|    8|   ap_memory|          p_ZL15pre_eligibility_1|         array|
|p_ZL16post_eligibility_1_address1  |  out|    7|   ap_memory|         p_ZL16post_eligibility_1|         array|
|p_ZL16post_eligibility_1_ce1       |  out|    1|   ap_memory|         p_ZL16post_eligibility_1|         array|
|p_ZL16post_eligibility_1_we1       |  out|    1|   ap_memory|         p_ZL16post_eligibility_1|         array|
|p_ZL16post_eligibility_1_d1        |  out|    8|   ap_memory|         p_ZL16post_eligibility_1|         array|
+-----------------------------------+-----+-----+------------+---------------------------------+--------------+

============================================================
+ Verbose Summary: Synthesis Manager
============================================================
InlineROM: 1
ExposeGlobal: 0
============================================================
+ Verbose Summary: CDFG Model
============================================================
IsTopModel: 0
ResetActiveHigh: 1
IsCombinational: 2
IsDatapathOnly: 2
HasWiredReturn: 1
HasMFsm: 2
HasVarLatency: 1
IsPipeline: 0
IsRtlPipelined: 0
IsInstanceOverlapped: 0
IsDontTouch: 0
HasImplIP: 0
IsGatedGlobalClock: 0

+ Individual pipeline summary: 
  * Pipeline-0: initiation interval (II) = 1, depth = 1


============================================================
+ Verbose Summary: Schedule
============================================================
* Number of FSM states : 1
* Pipeline : 1
  Pipeline-0 : II = 1, D = 1, States = { 1 }
* Dataflow Pipeline: 0

* FSM state transitions: 
1 --> 

* FSM state operations: 

State 1 <SV = 0> <Delay = 6.66>
ST_1 : Operation 4 [1/1] (0.00ns)   --->   "%i = alloca i32 1" [src/snn_top_hls.cpp:723]   --->   Operation 4 'alloca' 'i' <Predicate = true> <Delay = 0.00>
ST_1 : Operation 5 [1/1] (0.00ns)   --->   "%specmemcore_ln0 = specmemcore void @_ssdm_op_SpecMemCore, i8 %p_ZL16post_eligibility_0, i64 666, i64 22, i64 18446744073709551615, i1 0"   --->   Operation 5 'specmemcore' 'specmemcore_ln0' <Predicate = true> <Delay = 0.00>
ST_1 : Operation 6 [1/1] (0.00ns)   --->   "%specmemcore_ln0 = specmemcore void @_ssdm_op_SpecMemCore, i8 %p_ZL16post_eligibility_1, i64 666, i64 22, i64 18446744073709551615, i1 0"   --->   Operation 6 'specmemcore' 'specmemcore_ln0' <Predicate = true> <Delay = 0.00>
ST_1 : Operation 7 [1/1] (0.00ns)   --->   "%specmemcore_ln0 = specmemcore void @_ssdm_op_SpecMemCore, i8 %p_ZL15pre_eligibility_0, i64 666, i64 22, i64 18446744073709551615, i1 0"   --->   Operation 7 'specmemcore' 'specmemcore_ln0' <Predicate = true> <Delay = 0.00>
ST_1 : Operation 8 [1/1] (0.00ns)   --->   "%specmemcore_ln0 = specmemcore void @_ssdm_op_SpecMemCore, i8 %p_ZL15pre_eligibility_1, i64 666, i64 22, i64 18446744073709551615, i1 0"   --->   Operation 8 'specmemcore' 'specmemcore_ln0' <Predicate = true> <Delay = 0.00>
ST_1 : Operation 9 [1/1] (1.58ns)   --->   "%store_ln723 = store i9 0, i9 %i" [src/snn_top_hls.cpp:723]   --->   Operation 9 'store' 'store_ln723' <Predicate = true> <Delay = 1.58>
ST_1 : Operation 10 [1/1] (0.00ns)   --->   "%br_ln0 = br void %for.inc"   --->   Operation 10 'br' 'br_ln0' <Predicate = true> <Delay = 0.00>
ST_1 : Operation 11 [1/1] (0.00ns)   --->   "%i_3 = load i9 %i" [src/snn_top_hls.cpp:723]   --->   Operation 11 'load' 'i_3' <Predicate = true> <Delay = 0.00>
ST_1 : Operation 12 [1/1] (1.82ns)   --->   "%icmp_ln723 = icmp_eq  i9 %i_3, i9 256" [src/snn_top_hls.cpp:723]   --->   Operation 12 'icmp' 'icmp_ln723' <Predicate = true> <Delay = 1.82> <CoreInst = "Cmp">   --->   Core 9 'Cmp' <Latency = 0> <II = 1> <Delay = 1.73> <FuncUnit> <Opcode : 'seteq' 'setne' 'setle' 'setge' 'setlt' 'setgt'> <InPorts = 2> <OutPorts = 1>
ST_1 : Operation 13 [1/1] (1.82ns)   --->   "%add_ln723 = add i9 %i_3, i9 1" [src/snn_top_hls.cpp:723]   --->   Operation 13 'add' 'add_ln723' <Predicate = true> <Delay = 1.82> <CoreInst = "Adder">   --->   Core 1 'Adder' <Latency = 0> <II = 1> <Delay = 1.82> <FuncUnit> <Opcode : 'add' 'sub'> <InPorts = 2> <OutPorts = 1>
ST_1 : Operation 14 [1/1] (0.00ns)   --->   "%br_ln723 = br i1 %icmp_ln723, void %for.inc.split, void %for.inc82.preheader.exitStub" [src/snn_top_hls.cpp:723]   --->   Operation 14 'br' 'br_ln723' <Predicate = true> <Delay = 0.00>
ST_1 : Operation 15 [1/1] (0.00ns)   --->   "%trunc_ln723 = trunc i9 %i_3" [src/snn_top_hls.cpp:723]   --->   Operation 15 'trunc' 'trunc_ln723' <Predicate = (!icmp_ln723)> <Delay = 0.00>
ST_1 : Operation 16 [1/1] (0.00ns)   --->   "%specpipeline_ln724 = specpipeline void @_ssdm_op_SpecPipeline, i32 1, i32 0, i32 0, i32 0, i32 4294967295, void @empty_3" [src/snn_top_hls.cpp:724]   --->   Operation 16 'specpipeline' 'specpipeline_ln724' <Predicate = (!icmp_ln723)> <Delay = 0.00>
ST_1 : Operation 17 [1/1] (0.00ns)   --->   "%speclooptripcount_ln725 = speclooptripcount void @_ssdm_op_SpecLoopTripCount, i64 256, i64 256, i64 256" [src/snn_top_hls.cpp:725]   --->   Operation 17 'speclooptripcount' 'speclooptripcount_ln725' <Predicate = (!icmp_ln723)> <Delay = 0.00>
ST_1 : Operation 18 [1/1] (0.00ns)   --->   "%specloopname_ln723 = specloopname void @_ssdm_op_SpecLoopName, void @empty_7" [src/snn_top_hls.cpp:723]   --->   Operation 18 'specloopname' 'specloopname_ln723' <Predicate = (!icmp_ln723)> <Delay = 0.00>
ST_1 : Operation 19 [1/1] (0.00ns)   --->   "%lshr_ln = partselect i7 @_ssdm_op_PartSelect.i7.i9.i32.i32, i9 %i_3, i32 1, i32 7" [src/snn_top_hls.cpp:725]   --->   Operation 19 'partselect' 'lshr_ln' <Predicate = (!icmp_ln723)> <Delay = 0.00>
ST_1 : Operation 20 [1/1] (0.00ns)   --->   "%zext_ln725 = zext i7 %lshr_ln" [src/snn_top_hls.cpp:725]   --->   Operation 20 'zext' 'zext_ln725' <Predicate = (!icmp_ln723)> <Delay = 0.00>
ST_1 : Operation 21 [1/1] (0.00ns)   --->   "%p_ZL15pre_eligibility_0_addr = getelementptr i8 %p_ZL15pre_eligibility_0, i64 0, i64 %zext_ln725" [src/snn_top_hls.cpp:725]   --->   Operation 21 'getelementptr' 'p_ZL15pre_eligibility_0_addr' <Predicate = (!icmp_ln723)> <Delay = 0.00>
ST_1 : Operation 22 [1/1] (0.00ns)   --->   "%p_ZL15pre_eligibility_1_addr = getelementptr i8 %p_ZL15pre_eligibility_1, i64 0, i64 %zext_ln725" [src/snn_top_hls.cpp:725]   --->   Operation 22 'getelementptr' 'p_ZL15pre_eligibility_1_addr' <Predicate = (!icmp_ln723)> <Delay = 0.00>
ST_1 : Operation 23 [1/1] (0.00ns)   --->   "%p_ZL16post_eligibility_0_addr = getelementptr i8 %p_ZL16post_eligibility_0, i64 0, i64 %zext_ln725" [src/snn_top_hls.cpp:726]   --->   Operation 23 'getelementptr' 'p_ZL16post_eligibility_0_addr' <Predicate = (!icmp_ln723)> <Delay = 0.00>
ST_1 : Operation 24 [1/1] (0.00ns)   --->   "%p_ZL16post_eligibility_1_addr = getelementptr i8 %p_ZL16post_eligibility_1, i64 0, i64 %zext_ln725" [src/snn_top_hls.cpp:726]   --->   Operation 24 'getelementptr' 'p_ZL16post_eligibility_1_addr' <Predicate = (!icmp_ln723)> <Delay = 0.00>
ST_1 : Operation 25 [1/1] (0.00ns)   --->   "%br_ln725 = br i1 %trunc_ln723, void %arrayidx62.case.0, void %arrayidx62.case.1" [src/snn_top_hls.cpp:725]   --->   Operation 25 'br' 'br_ln725' <Predicate = (!icmp_ln723)> <Delay = 0.00>
ST_1 : Operation 26 [1/1] ( I:3.25ns O:3.25ns )   --->   "%store_ln725 = store i8 0, i7 %p_ZL15pre_eligibility_0_addr" [src/snn_top_hls.cpp:725]   --->   Operation 26 'store' 'store_ln725' <Predicate = (!icmp_ln723 & !trunc_ln723)> <Delay = 3.25> <CoreInst = "RAM_2P_BRAM">   --->   Core 90 'RAM_2P_BRAM' <Latency = 1> <II = 1> <Delay = 3.25> <Storage> <Opcode : 'load' 'store'> <Ports = 2> <Width = 8> <Depth = 128> <RAM>
ST_1 : Operation 27 [1/1] ( I:3.25ns O:3.25ns )   --->   "%store_ln726 = store i8 0, i7 %p_ZL16post_eligibility_0_addr" [src/snn_top_hls.cpp:726]   --->   Operation 27 'store' 'store_ln726' <Predicate = (!icmp_ln723 & !trunc_ln723)> <Delay = 3.25> <CoreInst = "RAM_2P_BRAM">   --->   Core 90 'RAM_2P_BRAM' <Latency = 1> <II = 1> <Delay = 3.25> <Storage> <Opcode : 'load' 'store'> <Ports = 2> <Width = 8> <Depth = 128> <RAM>
ST_1 : Operation 28 [1/1] (0.00ns)   --->   "%br_ln726 = br void %arrayidx62.exit" [src/snn_top_hls.cpp:726]   --->   Operation 28 'br' 'br_ln726' <Predicate = (!icmp_ln723 & !trunc_ln723)> <Delay = 0.00>
ST_1 : Operation 29 [1/1] ( I:3.25ns O:3.25ns )   --->   "%store_ln725 = store i8 0, i7 %p_ZL15pre_eligibility_1_addr" [src/snn_top_hls.cpp:725]   --->   Operation 29 'store' 'store_ln725' <Predicate = (!icmp_ln723 & trunc_ln723)> <Delay = 3.25> <CoreInst = "RAM_2P_BRAM">   --->   Core 90 'RAM_2P_BRAM' <Latency = 1> <II = 1> <Delay = 3.25> <Storage> <Opcode : 'load' 'store'> <Ports = 2> <Width = 8> <Depth = 128> <RAM>
ST_1 : Operation 30 [1/1] ( I:3.25ns O:3.25ns )   --->   "%store_ln726 = store i8 0, i7 %p_ZL16post_eligibility_1_addr" [src/snn_top_hls.cpp:726]   --->   Operation 30 'store' 'store_ln726' <Predicate = (!icmp_ln723 & trunc_ln723)> <Delay = 3.25> <CoreInst = "RAM_2P_BRAM">   --->   Core 90 'RAM_2P_BRAM' <Latency = 1> <II = 1> <Delay = 3.25> <Storage> <Opcode : 'load' 'store'> <Ports = 2> <Width = 8> <Depth = 128> <RAM>
ST_1 : Operation 31 [1/1] (0.00ns)   --->   "%br_ln726 = br void %arrayidx62.exit" [src/snn_top_hls.cpp:726]   --->   Operation 31 'br' 'br_ln726' <Predicate = (!icmp_ln723 & trunc_ln723)> <Delay = 0.00>
ST_1 : Operation 32 [1/1] (1.58ns)   --->   "%store_ln723 = store i9 %add_ln723, i9 %i" [src/snn_top_hls.cpp:723]   --->   Operation 32 'store' 'store_ln723' <Predicate = (!icmp_ln723)> <Delay = 1.58>
ST_1 : Operation 33 [1/1] (0.00ns)   --->   "%br_ln723 = br void %for.inc" [src/snn_top_hls.cpp:723]   --->   Operation 33 'br' 'br_ln723' <Predicate = (!icmp_ln723)> <Delay = 0.00>
ST_1 : Operation 34 [1/1] (1.58ns)   --->   "%ret_ln0 = ret"   --->   Operation 34 'ret' 'ret_ln0' <Predicate = (icmp_ln723)> <Delay = 1.58>


============================================================
+ Verbose Summary: Binding
============================================================
STG Binding: 
---------------- STG Properties BEGIN ----------------
- Is combinational: 0
- Is one-state seq: 0
- Is datapath-only: 0
- Is pipelined: 0
- Is top level: 0
Port [ Return ] is wired: 1; IO mode=ap_ctrl_hs:ce=0
Port [ p_ZL15pre_eligibility_0]:  wired=1; compound=1; hidden=0; nouse=0; global=1; static=1; extern=0; dir=1; type=1; pingpong=0; private_global=0; MemPort=[30]; IO mode=ap_memory:ce=0
Port [ p_ZL16post_eligibility_0]:  wired=1; compound=1; hidden=0; nouse=0; global=1; static=1; extern=0; dir=1; type=1; pingpong=0; private_global=0; MemPort=[30]; IO mode=ap_memory:ce=0
Port [ p_ZL15pre_eligibility_1]:  wired=1; compound=1; hidden=0; nouse=0; global=1; static=1; extern=0; dir=1; type=1; pingpong=0; private_global=0; MemPort=[30]; IO mode=ap_memory:ce=0
Port [ p_ZL16post_eligibility_1]:  wired=1; compound=1; hidden=0; nouse=0; global=1; static=1; extern=0; dir=1; type=1; pingpong=0; private_global=0; MemPort=[30]; IO mode=ap_memory:ce=0
---------------- STG Properties END ------------------

---------------- Datapath Model BEGIN ----------------

<LifeTime>
<method=bitvector/>
i                             (alloca           ) [ 01]
specmemcore_ln0               (specmemcore      ) [ 00]
specmemcore_ln0               (specmemcore      ) [ 00]
specmemcore_ln0               (specmemcore      ) [ 00]
specmemcore_ln0               (specmemcore      ) [ 00]
store_ln723                   (store            ) [ 00]
br_ln0                        (br               ) [ 00]
i_3                           (load             ) [ 00]
icmp_ln723                    (icmp             ) [ 01]
add_ln723                     (add              ) [ 00]
br_ln723                      (br               ) [ 00]
trunc_ln723                   (trunc            ) [ 01]
specpipeline_ln724            (specpipeline     ) [ 00]
speclooptripcount_ln725       (speclooptripcount) [ 00]
specloopname_ln723            (specloopname     ) [ 00]
lshr_ln                       (partselect       ) [ 00]
zext_ln725                    (zext             ) [ 00]
p_ZL15pre_eligibility_0_addr  (getelementptr    ) [ 00]
p_ZL15pre_eligibility_1_addr  (getelementptr    ) [ 00]
p_ZL16post_eligibility_0_addr (getelementptr    ) [ 00]
p_ZL16post_eligibility_1_addr (getelementptr    ) [ 00]
br_ln725                      (br               ) [ 00]
store_ln725                   (store            ) [ 00]
store_ln726                   (store            ) [ 00]
br_ln726                      (br               ) [ 00]
store_ln725                   (store            ) [ 00]
store_ln726                   (store            ) [ 00]
br_ln726                      (br               ) [ 00]
store_ln723                   (store            ) [ 00]
br_ln723                      (br               ) [ 00]
ret_ln0                       (ret              ) [ 00]
</LifeTime>

<model>

<comp_list>
<comp id="0" class="1000" name="p_ZL15pre_eligibility_0">
<pin_list>
<pin id="1" dir="1" index="0" bw="1" slack="0"/>
</pin_list>
<bind>
<StgValue><ssdm name="p_ZL15pre_eligibility_0"/><MemPortTyVec>3 0 </MemPortTyVec>
</StgValue>
</bind>
</comp>

<comp id="2" class="1000" name="p_ZL16post_eligibility_0">
<pin_list>
<pin id="3" dir="1" index="0" bw="1" slack="0"/>
</pin_list>
<bind>
<StgValue><ssdm name="p_ZL16post_eligibility_0"/><MemPortTyVec>3 0 </MemPortTyVec>
</StgValue>
</bind>
</comp>

<comp id="4" class="1000" name="p_ZL15pre_eligibility_1">
<pin_list>
<pin id="5" dir="1" index="0" bw="1" slack="0"/>
</pin_list>
<bind>
<StgValue><ssdm name="p_ZL15pre_eligibility_1"/><MemPortTyVec>3 0 </MemPortTyVec>
</StgValue>
</bind>
</comp>

<comp id="6" class="1000" name="p_ZL16post_eligibility_1">
<pin_list>
<pin id="7" dir="1" index="0" bw="1" slack="0"/>
</pin_list>
<bind>
<StgValue><ssdm name="p_ZL16post_eligibility_1"/><MemPortTyVec>3 0 </MemPortTyVec>
</StgValue>
</bind>
</comp>

<comp id="8" class="1001" name="const_8">
<pin_list>
<pin id="9" dir="1" index="0" bw="1" slack="0"/>
</pin_list>
<bind>
<StgValue><ssdm name=""/></StgValue>
</bind>
</comp>

<comp id="10" class="1001" name="const_10">
<pin_list>
<pin id="11" dir="1" index="0" bw="1" slack="2147483647"/>
</pin_list>
<bind>
<StgValue><ssdm name="_ssdm_op_SpecMemCore"/></StgValue>
</bind>
</comp>

<comp id="12" class="1001" name="const_12">
<pin_list>
<pin id="13" dir="1" index="0" bw="1" slack="2147483647"/>
</pin_list>
<bind>
<StgValue><ssdm name=""/></StgValue>
</bind>
</comp>

<comp id="14" class="1001" name="const_14">
<pin_list>
<pin id="15" dir="1" index="0" bw="1" slack="2147483647"/>
</pin_list>
<bind>
<StgValue><ssdm name=""/></StgValue>
</bind>
</comp>

<comp id="16" class="1001" name="const_16">
<pin_list>
<pin id="17" dir="1" index="0" bw="1" slack="2147483647"/>
</pin_list>
<bind>
<StgValue><ssdm name=""/></StgValue>
</bind>
</comp>

<comp id="18" class="1001" name="const_18">
<pin_list>
<pin id="19" dir="1" index="0" bw="1" slack="2147483647"/>
</pin_list>
<bind>
<StgValue><ssdm name=""/></StgValue>
</bind>
</comp>

<comp id="20" class="1001" name="const_20">
<pin_list>
<pin id="21" dir="1" index="0" bw="1" slack="0"/>
</pin_list>
<bind>
<StgValue><ssdm name=""/></StgValue>
</bind>
</comp>

<comp id="22" class="1001" name="const_22">
<pin_list>
<pin id="23" dir="1" index="0" bw="1" slack="0"/>
</pin_list>
<bind>
<StgValue><ssdm name=""/></StgValue>
</bind>
</comp>

<comp id="24" class="1001" name="const_24">
<pin_list>
<pin id="25" dir="1" index="0" bw="1" slack="0"/>
</pin_list>
<bind>
<StgValue><ssdm name=""/></StgValue>
</bind>
</comp>

<comp id="26" class="1001" name="const_26">
<pin_list>
<pin id="27" dir="1" index="0" bw="1" slack="2147483647"/>
</pin_list>
<bind>
<StgValue><ssdm name="_ssdm_op_SpecPipeline"/></StgValue>
</bind>
</comp>

<comp id="28" class="1001" name="const_28">
<pin_list>
<pin id="29" dir="1" index="0" bw="1" slack="2147483647"/>
</pin_list>
<bind>
<StgValue><ssdm name=""/></StgValue>
</bind>
</comp>

<comp id="30" class="1001" name="const_30">
<pin_list>
<pin id="31" dir="1" index="0" bw="1" slack="2147483647"/>
</pin_list>
<bind>
<StgValue><ssdm name=""/></StgValue>
</bind>
</comp>

<comp id="32" class="1001" name="const_32">
<pin_list>
<pin id="33" dir="1" index="0" bw="1" slack="2147483647"/>
</pin_list>
<bind>
<StgValue><ssdm name="empty_3"/></StgValue>
</bind>
</comp>

<comp id="34" class="1001" name="const_34">
<pin_list>
<pin id="35" dir="1" index="0" bw="1" slack="2147483647"/>
</pin_list>
<bind>
<StgValue><ssdm name="_ssdm_op_SpecLoopTripCount"/></StgValue>
</bind>
</comp>

<comp id="36" class="1001" name="const_36">
<pin_list>
<pin id="37" dir="1" index="0" bw="1" slack="2147483647"/>
</pin_list>
<bind>
<StgValue><ssdm name=""/></StgValue>
</bind>
</comp>

<comp id="38" class="1001" name="const_38">
<pin_list>
<pin id="39" dir="1" index="0" bw="1" slack="2147483647"/>
</pin_list>
<bind>
<StgValue><ssdm name="_ssdm_op_SpecLoopName"/></StgValue>
</bind>
</comp>

<comp id="40" class="1001" name="const_40">
<pin_list>
<pin id="41" dir="1" index="0" bw="1" slack="2147483647"/>
</pin_list>
<bind>
<StgValue><ssdm name="empty_7"/></StgValue>
</bind>
</comp>

<comp id="42" class="1001" name="const_42">
<pin_list>
<pin id="43" dir="1" index="0" bw="1" slack="0"/>
</pin_list>
<bind>
<StgValue><ssdm name="_ssdm_op_PartSelect.i7.i9.i32.i32"/></StgValue>
</bind>
</comp>

<comp id="44" class="1001" name="const_44">
<pin_list>
<pin id="45" dir="1" index="0" bw="1" slack="0"/>
</pin_list>
<bind>
<StgValue><ssdm name=""/></StgValue>
</bind>
</comp>

<comp id="46" class="1001" name="const_46">
<pin_list>
<pin id="47" dir="1" index="0" bw="1" slack="0"/>
</pin_list>
<bind>
<StgValue><ssdm name=""/></StgValue>
</bind>
</comp>

<comp id="48" class="1001" name="const_48">
<pin_list>
<pin id="49" dir="1" index="0" bw="1" slack="0"/>
</pin_list>
<bind>
<StgValue><ssdm name=""/></StgValue>
</bind>
</comp>

<comp id="50" class="1004" name="i_fu_50">
<pin_list>
<pin id="51" dir="0" index="0" bw="1" slack="0"/>
<pin id="52" dir="1" index="1" bw="9" slack="0"/>
</pin_list>
<bind>
<opcode="alloca(26) " fcode="alloca"/>
<opset="i/1 "/>
</bind>
</comp>

<comp id="54" class="1004" name="p_ZL15pre_eligibility_0_addr_gep_fu_54">
<pin_list>
<pin id="55" dir="0" index="0" bw="8" slack="0"/>
<pin id="56" dir="0" index="1" bw="1" slack="0"/>
<pin id="57" dir="0" index="2" bw="7" slack="0"/>
<pin id="58" dir="1" index="3" bw="7" slack="0"/>
</pin_list>
<bind>
<opcode="getelementptr(29) " fcode="getelementptr"/>
<opset="p_ZL15pre_eligibility_0_addr/1 "/>
</bind>
</comp>

<comp id="61" class="1004" name="p_ZL15pre_eligibility_1_addr_gep_fu_61">
<pin_list>
<pin id="62" dir="0" index="0" bw="8" slack="0"/>
<pin id="63" dir="0" index="1" bw="1" slack="0"/>
<pin id="64" dir="0" index="2" bw="7" slack="0"/>
<pin id="65" dir="1" index="3" bw="7" slack="0"/>
</pin_list>
<bind>
<opcode="getelementptr(29) " fcode="getelementptr"/>
<opset="p_ZL15pre_eligibility_1_addr/1 "/>
</bind>
</comp>

<comp id="68" class="1004" name="p_ZL16post_eligibility_0_addr_gep_fu_68">
<pin_list>
<pin id="69" dir="0" index="0" bw="8" slack="0"/>
<pin id="70" dir="0" index="1" bw="1" slack="0"/>
<pin id="71" dir="0" index="2" bw="7" slack="0"/>
<pin id="72" dir="1" index="3" bw="7" slack="0"/>
</pin_list>
<bind>
<opcode="getelementptr(29) " fcode="getelementptr"/>
<opset="p_ZL16post_eligibility_0_addr/1 "/>
</bind>
</comp>

<comp id="75" class="1004" name="p_ZL16post_eligibility_1_addr_gep_fu_75">
<pin_list>
<pin id="76" dir="0" index="0" bw="8" slack="0"/>
<pin id="77" dir="0" index="1" bw="1" slack="0"/>
<pin id="78" dir="0" index="2" bw="7" slack="0"/>
<pin id="79" dir="1" index="3" bw="7" slack="0"/>
</pin_list>
<bind>
<opcode="getelementptr(29) " fcode="getelementptr"/>
<opset="p_ZL16post_eligibility_1_addr/1 "/>
</bind>
</comp>

<comp id="82" class="1004" name="store_ln725_access_fu_82">
<pin_list>
<pin id="83" dir="0" index="0" bw="7" slack="2147483647"/>
<pin id="84" dir="0" index="1" bw="8" slack="2147483647"/>
<pin id="85" dir="0" index="2" bw="0" slack="0"/>
<pin id="87" dir="0" index="4" bw="7" slack="0"/>
<pin id="88" dir="0" index="5" bw="8" slack="2147483647"/>
<pin id="89" dir="0" index="6" bw="0" slack="2147483647"/>
<pin id="86" dir="1" index="3" bw="8" slack="2147483647"/>
<pin id="90" dir="1" index="7" bw="8" slack="2147483647"/>
</pin_list>
<bind>
<opcode="store(28) " fcode="store"/>
<opset="store_ln725/1 "/>
</bind>
</comp>

<comp id="93" class="1004" name="store_ln726_access_fu_93">
<pin_list>
<pin id="94" dir="0" index="0" bw="7" slack="2147483647"/>
<pin id="95" dir="0" index="1" bw="8" slack="2147483647"/>
<pin id="96" dir="0" index="2" bw="0" slack="0"/>
<pin id="98" dir="0" index="4" bw="7" slack="0"/>
<pin id="99" dir="0" index="5" bw="8" slack="2147483647"/>
<pin id="100" dir="0" index="6" bw="0" slack="2147483647"/>
<pin id="97" dir="1" index="3" bw="8" slack="2147483647"/>
<pin id="101" dir="1" index="7" bw="8" slack="2147483647"/>
</pin_list>
<bind>
<opcode="store(28) " fcode="store"/>
<opset="store_ln726/1 "/>
</bind>
</comp>

<comp id="104" class="1004" name="store_ln725_access_fu_104">
<pin_list>
<pin id="105" dir="0" index="0" bw="7" slack="2147483647"/>
<pin id="106" dir="0" index="1" bw="8" slack="2147483647"/>
<pin id="107" dir="0" index="2" bw="0" slack="0"/>
<pin id="109" dir="0" index="4" bw="7" slack="0"/>
<pin id="110" dir="0" index="5" bw="8" slack="2147483647"/>
<pin id="111" dir="0" index="6" bw="0" slack="2147483647"/>
<pin id="108" dir="1" index="3" bw="8" slack="2147483647"/>
<pin id="112" dir="1" index="7" bw="8" slack="2147483647"/>
</pin_list>
<bind>
<opcode="store(28) " fcode="store"/>
<opset="store_ln725/1 "/>
</bind>
</comp>

<comp id="115" class="1004" name="store_ln726_access_fu_115">
<pin_list>
<pin id="116" dir="0" index="0" bw="7" slack="2147483647"/>
<pin id="117" dir="0" index="1" bw="8" slack="2147483647"/>
<pin id="118" dir="0" index="2" bw="0" slack="0"/>
<pin id="120" dir="0" index="4" bw="7" slack="0"/>
<pin id="121" dir="0" index="5" bw="8" slack="2147483647"/>
<pin id="122" dir="0" index="6" bw="0" slack="2147483647"/>
<pin id="119" dir="1" index="3" bw="8" slack="2147483647"/>
<pin id="123" dir="1" index="7" bw="8" slack="2147483647"/>
</pin_list>
<bind>
<opcode="store(28) " fcode="store"/>
<opset="store_ln726/1 "/>
</bind>
</comp>

<comp id="126" class="1004" name="store_ln723_store_fu_126">
<pin_list>
<pin id="127" dir="0" index="0" bw="1" slack="0"/>
<pin id="128" dir="0" index="1" bw="9" slack="0"/>
<pin id="129" dir="1" index="2" bw="0" slack="2147483647"/>
</pin_list>
<bind>
<opcode="store(28) " fcode="store"/>
<opset="store_ln723/1 "/>
</bind>
</comp>

<comp id="131" class="1004" name="i_3_load_fu_131">
<pin_list>
<pin id="132" dir="0" index="0" bw="9" slack="0"/>
<pin id="133" dir="1" index="1" bw="9" slack="0"/>
</pin_list>
<bind>
<opcode="load(27) " fcode="load"/>
<opset="i_3/1 "/>
</bind>
</comp>

<comp id="134" class="1004" name="icmp_ln723_fu_134">
<pin_list>
<pin id="135" dir="0" index="0" bw="9" slack="0"/>
<pin id="136" dir="0" index="1" bw="9" slack="0"/>
<pin id="137" dir="1" index="2" bw="1" slack="2147483647"/>
</pin_list>
<bind>
<opcode="icmp(45) " fcode="icmp"/>
<opset="icmp_ln723/1 "/>
</bind>
</comp>

<comp id="140" class="1004" name="add_ln723_fu_140">
<pin_list>
<pin id="141" dir="0" index="0" bw="9" slack="0"/>
<pin id="142" dir="0" index="1" bw="1" slack="0"/>
<pin id="143" dir="1" index="2" bw="9" slack="0"/>
</pin_list>
<bind>
<opcode="add(8) " fcode="add"/>
<opset="add_ln723/1 "/>
</bind>
</comp>

<comp id="146" class="1004" name="trunc_ln723_fu_146">
<pin_list>
<pin id="147" dir="0" index="0" bw="9" slack="0"/>
<pin id="148" dir="1" index="1" bw="1" slack="2147483647"/>
</pin_list>
<bind>
<opcode="trunc(33) " fcode="trunc"/>
<opset="trunc_ln723/1 "/>
</bind>
</comp>

<comp id="150" class="1004" name="lshr_ln_fu_150">
<pin_list>
<pin id="151" dir="0" index="0" bw="7" slack="0"/>
<pin id="152" dir="0" index="1" bw="9" slack="0"/>
<pin id="153" dir="0" index="2" bw="1" slack="0"/>
<pin id="154" dir="0" index="3" bw="4" slack="0"/>
<pin id="155" dir="1" index="4" bw="7" slack="0"/>
</pin_list>
<bind>
<opcode="partselect(1002) " fcode="partselect"/>
<opset="lshr_ln/1 "/>
</bind>
</comp>

<comp id="160" class="1004" name="zext_ln725_fu_160">
<pin_list>
<pin id="161" dir="0" index="0" bw="7" slack="0"/>
<pin id="162" dir="1" index="1" bw="64" slack="0"/>
</pin_list>
<bind>
<opcode="zext(34) " fcode="zext"/>
<opset="zext_ln725/1 "/>
</bind>
</comp>

<comp id="168" class="1004" name="store_ln723_store_fu_168">
<pin_list>
<pin id="169" dir="0" index="0" bw="9" slack="0"/>
<pin id="170" dir="0" index="1" bw="9" slack="0"/>
<pin id="171" dir="1" index="2" bw="0" slack="2147483647"/>
</pin_list>
<bind>
<opcode="store(28) " fcode="store"/>
<opset="store_ln723/1 "/>
</bind>
</comp>

<comp id="173" class="1005" name="i_reg_173">
<pin_list>
<pin id="174" dir="0" index="0" bw="9" slack="0"/>
<pin id="175" dir="1" index="1" bw="9" slack="0"/>
</pin_list>
<bind>
<opset="i "/>
</bind>
</comp>

</comp_list>

<net_list>
<net id="53"><net_src comp="8" pin="0"/><net_sink comp="50" pin=0"/></net>

<net id="59"><net_src comp="0" pin="0"/><net_sink comp="54" pin=0"/></net>

<net id="60"><net_src comp="46" pin="0"/><net_sink comp="54" pin=1"/></net>

<net id="66"><net_src comp="4" pin="0"/><net_sink comp="61" pin=0"/></net>

<net id="67"><net_src comp="46" pin="0"/><net_sink comp="61" pin=1"/></net>

<net id="73"><net_src comp="2" pin="0"/><net_sink comp="68" pin=0"/></net>

<net id="74"><net_src comp="46" pin="0"/><net_sink comp="68" pin=1"/></net>

<net id="80"><net_src comp="6" pin="0"/><net_sink comp="75" pin=0"/></net>

<net id="81"><net_src comp="46" pin="0"/><net_sink comp="75" pin=1"/></net>

<net id="91"><net_src comp="48" pin="0"/><net_sink comp="82" pin=4"/></net>

<net id="92"><net_src comp="54" pin="3"/><net_sink comp="82" pin=2"/></net>

<net id="102"><net_src comp="48" pin="0"/><net_sink comp="93" pin=4"/></net>

<net id="103"><net_src comp="68" pin="3"/><net_sink comp="93" pin=2"/></net>

<net id="113"><net_src comp="48" pin="0"/><net_sink comp="104" pin=4"/></net>

<net id="114"><net_src comp="61" pin="3"/><net_sink comp="104" pin=2"/></net>

<net id="124"><net_src comp="48" pin="0"/><net_sink comp="115" pin=4"/></net>

<net id="125"><net_src comp="75" pin="3"/><net_sink comp="115" pin=2"/></net>

<net id="130"><net_src comp="20" pin="0"/><net_sink comp="126" pin=0"/></net>

<net id="138"><net_src comp="131" pin="1"/><net_sink comp="134" pin=0"/></net>

<net id="139"><net_src comp="22" pin="0"/><net_sink comp="134" pin=1"/></net>

<net id="144"><net_src comp="131" pin="1"/><net_sink comp="140" pin=0"/></net>

<net id="145"><net_src comp="24" pin="0"/><net_sink comp="140" pin=1"/></net>

<net id="149"><net_src comp="131" pin="1"/><net_sink comp="146" pin=0"/></net>

<net id="156"><net_src comp="42" pin="0"/><net_sink comp="150" pin=0"/></net>

<net id="157"><net_src comp="131" pin="1"/><net_sink comp="150" pin=1"/></net>

<net id="158"><net_src comp="8" pin="0"/><net_sink comp="150" pin=2"/></net>

<net id="159"><net_src comp="44" pin="0"/><net_sink comp="150" pin=3"/></net>

<net id="163"><net_src comp="150" pin="4"/><net_sink comp="160" pin=0"/></net>

<net id="164"><net_src comp="160" pin="1"/><net_sink comp="54" pin=2"/></net>

<net id="165"><net_src comp="160" pin="1"/><net_sink comp="61" pin=2"/></net>

<net id="166"><net_src comp="160" pin="1"/><net_sink comp="68" pin=2"/></net>

<net id="167"><net_src comp="160" pin="1"/><net_sink comp="75" pin=2"/></net>

<net id="172"><net_src comp="140" pin="2"/><net_sink comp="168" pin=0"/></net>

<net id="176"><net_src comp="50" pin="1"/><net_sink comp="173" pin=0"/></net>

<net id="177"><net_src comp="173" pin="1"/><net_sink comp="126" pin=1"/></net>

<net id="178"><net_src comp="173" pin="1"/><net_sink comp="131" pin=0"/></net>

<net id="179"><net_src comp="173" pin="1"/><net_sink comp="168" pin=1"/></net>

</net_list>

</model> 
---------------- Datapath Model END ------------------

* FSMD analyzer results:
  - Output states:
	Port: p_ZL15pre_eligibility_0 | {1 }
	Port: p_ZL16post_eligibility_0 | {1 }
	Port: p_ZL15pre_eligibility_1 | {1 }
	Port: p_ZL16post_eligibility_1 | {1 }
 - Input state : 
	Port: snn_top_hls_Pipeline_RESET_ELIG : p_ZL15pre_eligibility_0 | {}
	Port: snn_top_hls_Pipeline_RESET_ELIG : p_ZL16post_eligibility_0 | {}
	Port: snn_top_hls_Pipeline_RESET_ELIG : p_ZL15pre_eligibility_1 | {}
	Port: snn_top_hls_Pipeline_RESET_ELIG : p_ZL16post_eligibility_1 | {}
  - Chain level:
	State 1
		store_ln723 : 1
		i_3 : 1
		icmp_ln723 : 2
		add_ln723 : 2
		br_ln723 : 3
		trunc_ln723 : 2
		lshr_ln : 2
		zext_ln725 : 3
		p_ZL15pre_eligibility_0_addr : 4
		p_ZL15pre_eligibility_1_addr : 4
		p_ZL16post_eligibility_0_addr : 4
		p_ZL16post_eligibility_1_addr : 4
		br_ln725 : 3
		store_ln725 : 5
		store_ln726 : 5
		store_ln725 : 5
		store_ln726 : 5
		store_ln723 : 3


============================================================
+ Verbose Summary: Datapath Resource usage 
============================================================

* Functional unit list:
|----------|--------------------|---------|---------|
| Operation|   Functional Unit  |    FF   |   LUT   |
|----------|--------------------|---------|---------|
|   icmp   |  icmp_ln723_fu_134 |    0    |    14   |
|----------|--------------------|---------|---------|
|    add   |  add_ln723_fu_140  |    0    |    14   |
|----------|--------------------|---------|---------|
|   trunc  | trunc_ln723_fu_146 |    0    |    0    |
|----------|--------------------|---------|---------|
|partselect|   lshr_ln_fu_150   |    0    |    0    |
|----------|--------------------|---------|---------|
|   zext   |  zext_ln725_fu_160 |    0    |    0    |
|----------|--------------------|---------|---------|
|   Total  |                    |    0    |    28   |
|----------|--------------------|---------|---------|

Memories:
N/A

* Register list:
+---------+--------+
|         |   FF   |
+---------+--------+
|i_reg_173|    9   |
+---------+--------+
|  Total  |    9   |
+---------+--------+

* Multiplexer (MUX) list: 
|--------|------|------|------|--------|
|  Comp  |  Pin | Size |  BW  | S x BW |
|--------|------|------|------|--------|
|  Total |      |      |      |    0   |
|--------|------|------|------|--------|



* Summary:
+-----------+--------+--------+
|           |   FF   |   LUT  |
+-----------+--------+--------+
|  Function |    0   |   28   |
|   Memory  |    -   |    -   |
|Multiplexer|    -   |    -   |
|  Register |    9   |    -   |
+-----------+--------+--------+
|   Total   |    9   |   28   |
+-----------+--------+--------+
