

================================================================
== Vitis HLS Report for 'snn_top_hls_Pipeline_INIT_WEIGHT_OUTER_INIT_WEIGHT_INNER'
================================================================
* Date:           Tue Feb 10 18:59:24 2026

* Version:        2025.2 (Build 6295257 on Nov 14 2025)
* Project:        hls_csim_output
* Solution:       hls (Vivado IP Flow Target)
* Product family: zynq
* Target device:  xc7z020-clg400-1


================================================================
== Performance Estimates
================================================================
+ Timing: 
    * Summary: 
    +--------+----------+----------+------------+
    |  Clock |  Target  | Estimated| Uncertainty|
    +--------+----------+----------+------------+
    |ap_clk  |  10.00 ns|  6.202 ns|     2.70 ns|
    +--------+----------+----------+------------+

+ Latency: 
    * Summary: 
    +---------+---------+----------+----------+-----+-----+-------------------+
    |  Latency (cycles) |  Latency (absolute) |  Interval |      Pipeline     |
    |   min   |   max   |    min   |    max   | min | max |        Type       |
    +---------+---------+----------+----------+-----+-----+-------------------+
    |    65538|    65538|  0.655 ms|  0.655 ms|    0|    0|  loop pipeline stp|
    +---------+---------+----------+----------+-----+-----+-------------------+

    + Detail: 
        * Instance: 
        N/A

        * Loop: 
        +---------------------------------------+---------+---------+----------+-----------+-----------+-------+----------+
        |                                       |  Latency (cycles) | Iteration|  Initiation Interval  |  Trip |          |
        |               Loop Name               |   min   |   max   |  Latency |  achieved |   target  | Count | Pipelined|
        +---------------------------------------+---------+---------+----------+-----------+-----------+-------+----------+
        |- INIT_WEIGHT_OUTER_INIT_WEIGHT_INNER  |    65536|    65536|         2|          1|          1|  65536|       yes|
        +---------------------------------------+---------+---------+----------+-----------+-----------+-------+----------+

============================================================
+ Verbose Summary: Synthesis Manager
============================================================
InlineROM: 1
ExposeGlobal: 0
============================================================
+ Verbose Summary: CDFG Model
============================================================
IsTopModel: 0
ResetActiveHigh: 1
IsCombinational: 0
IsDatapathOnly: 0
HasWiredReturn: 1
HasMFsm: 2
HasVarLatency: 1
IsPipeline: 0
IsRtlPipelined: 0
IsInstanceOverlapped: 0
IsDontTouch: 0
HasImplIP: 0
IsGatedGlobalClock: 0

+ Individual pipeline summary: 
  * Pipeline-0: initiation interval (II) = 1, depth = 2


============================================================
+ Verbose Summary: Schedule
============================================================
* Number of FSM states : 2
* Pipeline : 1
  Pipeline-0 : II = 1, D = 2, States = { 1 2 }
* Dataflow Pipeline: 0

* FSM state transitions: 
1 --> 2 
2 --> 

* FSM state operations: 

State 1 <SV = 0> <Delay = 5.28>
ST_1 : Operation 5 [1/1] (0.00ns)   --->   "%j = alloca i32 1" [src/snn_top_hls.cpp:747]   --->   Operation 5 'alloca' 'j' <Predicate = true> <Delay = 0.00>
ST_1 : Operation 6 [1/1] (0.00ns)   --->   "%i_3 = alloca i32 1" [src/snn_top_hls.cpp:746]   --->   Operation 6 'alloca' 'i_3' <Predicate = true> <Delay = 0.00>
ST_1 : Operation 7 [1/1] (0.00ns)   --->   "%indvar_flatten = alloca i32 1"   --->   Operation 7 'alloca' 'indvar_flatten' <Predicate = true> <Delay = 0.00>
ST_1 : Operation 8 [1/1] (0.00ns)   --->   "%specmemcore_ln0 = specmemcore void @_ssdm_op_SpecMemCore, i8 %p_ZL13weight_memory_0, i64 666, i64 22, i64 18446744073709551615, i1 0"   --->   Operation 8 'specmemcore' 'specmemcore_ln0' <Predicate = true> <Delay = 0.00>
ST_1 : Operation 9 [1/1] (0.00ns)   --->   "%specmemcore_ln0 = specmemcore void @_ssdm_op_SpecMemCore, i8 %p_ZL13weight_memory_1, i64 666, i64 22, i64 18446744073709551615, i1 0"   --->   Operation 9 'specmemcore' 'specmemcore_ln0' <Predicate = true> <Delay = 0.00>
ST_1 : Operation 10 [1/1] (1.58ns)   --->   "%store_ln0 = store i17 0, i17 %indvar_flatten"   --->   Operation 10 'store' 'store_ln0' <Predicate = true> <Delay = 1.58>
ST_1 : Operation 11 [1/1] (1.58ns)   --->   "%store_ln746 = store i9 0, i9 %i_3" [src/snn_top_hls.cpp:746]   --->   Operation 11 'store' 'store_ln746' <Predicate = true> <Delay = 1.58>
ST_1 : Operation 12 [1/1] (1.58ns)   --->   "%store_ln747 = store i9 0, i9 %j" [src/snn_top_hls.cpp:747]   --->   Operation 12 'store' 'store_ln747' <Predicate = true> <Delay = 1.58>
ST_1 : Operation 13 [1/1] (0.00ns)   --->   "%br_ln0 = br void %for.inc112"   --->   Operation 13 'br' 'br_ln0' <Predicate = true> <Delay = 0.00>
ST_1 : Operation 14 [1/1] (0.00ns)   --->   "%indvar_flatten_load = load i17 %indvar_flatten" [src/snn_top_hls.cpp:746]   --->   Operation 14 'load' 'indvar_flatten_load' <Predicate = true> <Delay = 0.00>
ST_1 : Operation 15 [1/1] (2.10ns)   --->   "%icmp_ln746 = icmp_eq  i17 %indvar_flatten_load, i17 65536" [src/snn_top_hls.cpp:746]   --->   Operation 15 'icmp' 'icmp_ln746' <Predicate = true> <Delay = 2.10> <CoreInst = "Cmp">   --->   Core 9 'Cmp' <Latency = 0> <II = 1> <Delay = 2.10> <FuncUnit> <Opcode : 'seteq' 'setne' 'setle' 'setge' 'setlt' 'setgt'> <InPorts = 2> <OutPorts = 1>
ST_1 : Operation 16 [1/1] (2.10ns)   --->   "%add_ln746_1 = add i17 %indvar_flatten_load, i17 1" [src/snn_top_hls.cpp:746]   --->   Operation 16 'add' 'add_ln746_1' <Predicate = true> <Delay = 2.10> <CoreInst = "Adder">   --->   Core 1 'Adder' <Latency = 0> <II = 1> <Delay = 2.10> <FuncUnit> <Opcode : 'add' 'sub'> <InPorts = 2> <OutPorts = 1>
ST_1 : Operation 17 [1/1] (0.00ns)   --->   "%br_ln746 = br i1 %icmp_ln746, void %for.inc115, void %for.end117.exitStub" [src/snn_top_hls.cpp:746]   --->   Operation 17 'br' 'br_ln746' <Predicate = true> <Delay = 0.00>
ST_1 : Operation 18 [1/1] (1.58ns)   --->   "%store_ln746 = store i17 %add_ln746_1, i17 %indvar_flatten" [src/snn_top_hls.cpp:746]   --->   Operation 18 'store' 'store_ln746' <Predicate = (!icmp_ln746)> <Delay = 1.58>
ST_1 : Operation 44 [1/1] (1.58ns)   --->   "%ret_ln0 = ret"   --->   Operation 44 'ret' 'ret_ln0' <Predicate = (icmp_ln746)> <Delay = 1.58>

State 2 <SV = 1> <Delay = 6.20>
ST_2 : Operation 19 [1/1] (0.00ns)   --->   "%j_load = load i9 %j" [src/snn_top_hls.cpp:747]   --->   Operation 19 'load' 'j_load' <Predicate = true> <Delay = 0.00>
ST_2 : Operation 20 [1/1] (0.00ns)   --->   "%i_3_load = load i9 %i_3" [src/snn_top_hls.cpp:746]   --->   Operation 20 'load' 'i_3_load' <Predicate = true> <Delay = 0.00>
ST_2 : Operation 21 [1/1] (1.82ns)   --->   "%add_ln746 = add i9 %i_3_load, i9 1" [src/snn_top_hls.cpp:746]   --->   Operation 21 'add' 'add_ln746' <Predicate = true> <Delay = 1.82> <CoreInst = "Adder">   --->   Core 1 'Adder' <Latency = 0> <II = 1> <Delay = 1.82> <FuncUnit> <Opcode : 'add' 'sub'> <InPorts = 2> <OutPorts = 1>
ST_2 : Operation 22 [1/1] (0.00ns)   --->   "%specloopname_ln0 = specloopname void @_ssdm_op_SpecLoopName, void @INIT_WEIGHT_OUTER_INIT_WEIGHT_INNER_str"   --->   Operation 22 'specloopname' 'specloopname_ln0' <Predicate = true> <Delay = 0.00>
ST_2 : Operation 23 [1/1] (0.00ns)   --->   "%speclooptripcount_ln0 = speclooptripcount void @_ssdm_op_SpecLoopTripCount, i64 65536, i64 65536, i64 65536"   --->   Operation 23 'speclooptripcount' 'speclooptripcount_ln0' <Predicate = true> <Delay = 0.00>
ST_2 : Operation 24 [1/1] (1.82ns)   --->   "%icmp_ln747 = icmp_eq  i9 %j_load, i9 256" [src/snn_top_hls.cpp:747]   --->   Operation 24 'icmp' 'icmp_ln747' <Predicate = true> <Delay = 1.82> <CoreInst = "Cmp">   --->   Core 9 'Cmp' <Latency = 0> <II = 1> <Delay = 1.82> <FuncUnit> <Opcode : 'seteq' 'setne' 'setle' 'setge' 'setlt' 'setgt'> <InPorts = 2> <OutPorts = 1>
ST_2 : Operation 25 [1/1] (0.96ns)   --->   "%select_ln746 = select i1 %icmp_ln747, i9 0, i9 %j_load" [src/snn_top_hls.cpp:746]   --->   Operation 25 'select' 'select_ln746' <Predicate = true> <Delay = 0.96> <CoreInst = "Sel">   --->   Core 73 'Sel' <Latency = 0> <II = 1> <Delay = 0.96> <FuncUnit> <Opcode : 'select'> <InPorts = 3> <OutPorts = 1>
ST_2 : Operation 26 [1/1] (0.96ns)   --->   "%select_ln746_1 = select i1 %icmp_ln747, i9 %add_ln746, i9 %i_3_load" [src/snn_top_hls.cpp:746]   --->   Operation 26 'select' 'select_ln746_1' <Predicate = true> <Delay = 0.96> <CoreInst = "Sel">   --->   Core 73 'Sel' <Latency = 0> <II = 1> <Delay = 0.96> <FuncUnit> <Opcode : 'select'> <InPorts = 3> <OutPorts = 1>
ST_2 : Operation 27 [1/1] (0.00ns)   --->   "%trunc_ln747 = trunc i9 %select_ln746_1" [src/snn_top_hls.cpp:747]   --->   Operation 27 'trunc' 'trunc_ln747' <Predicate = true> <Delay = 0.00>
ST_2 : Operation 28 [1/1] (0.00ns)   --->   "%trunc_ln747_1 = trunc i9 %select_ln746" [src/snn_top_hls.cpp:747]   --->   Operation 28 'trunc' 'trunc_ln747_1' <Predicate = true> <Delay = 0.00>
ST_2 : Operation 29 [1/1] (0.00ns)   --->   "%specpipeline_ln748 = specpipeline void @_ssdm_op_SpecPipeline, i32 1, i32 0, i32 0, i32 0, i32 4294967295, void @empty_3" [src/snn_top_hls.cpp:748]   --->   Operation 29 'specpipeline' 'specpipeline_ln748' <Predicate = true> <Delay = 0.00>
ST_2 : Operation 30 [1/1] (0.00ns)   --->   "%lshr_ln3 = partselect i7 @_ssdm_op_PartSelect.i7.i9.i32.i32, i9 %select_ln746, i32 1, i32 7" [src/snn_top_hls.cpp:750]   --->   Operation 30 'partselect' 'lshr_ln3' <Predicate = true> <Delay = 0.00>
ST_2 : Operation 31 [1/1] (0.00ns)   --->   "%tmp_s = bitconcatenate i15 @_ssdm_op_BitConcatenate.i15.i8.i7, i8 %trunc_ln747, i7 %lshr_ln3" [src/snn_top_hls.cpp:750]   --->   Operation 31 'bitconcatenate' 'tmp_s' <Predicate = true> <Delay = 0.00>
ST_2 : Operation 32 [1/1] (0.00ns)   --->   "%zext_ln750 = zext i15 %tmp_s" [src/snn_top_hls.cpp:750]   --->   Operation 32 'zext' 'zext_ln750' <Predicate = true> <Delay = 0.00>
ST_2 : Operation 33 [1/1] (0.00ns)   --->   "%p_ZL13weight_memory_0_addr = getelementptr i8 %p_ZL13weight_memory_0, i64 0, i64 %zext_ln750" [src/snn_top_hls.cpp:750]   --->   Operation 33 'getelementptr' 'p_ZL13weight_memory_0_addr' <Predicate = true> <Delay = 0.00>
ST_2 : Operation 34 [1/1] (0.00ns)   --->   "%p_ZL13weight_memory_1_addr = getelementptr i8 %p_ZL13weight_memory_1, i64 0, i64 %zext_ln750" [src/snn_top_hls.cpp:750]   --->   Operation 34 'getelementptr' 'p_ZL13weight_memory_1_addr' <Predicate = true> <Delay = 0.00>
ST_2 : Operation 35 [1/1] (0.00ns)   --->   "%br_ln750 = br i1 %trunc_ln747_1, void %arrayidx1118.case.0, void %arrayidx1118.case.1" [src/snn_top_hls.cpp:750]   --->   Operation 35 'br' 'br_ln750' <Predicate = true> <Delay = 0.00>
ST_2 : Operation 36 [1/1] ( I:3.25ns O:3.25ns )   --->   "%store_ln750 = store i8 0, i15 %p_ZL13weight_memory_0_addr" [src/snn_top_hls.cpp:750]   --->   Operation 36 'store' 'store_ln750' <Predicate = (!trunc_ln747_1)> <Delay = 3.25> <CoreInst = "RAM_2P_BRAM">   --->   Core 90 'RAM_2P_BRAM' <Latency = 1> <II = 1> <Delay = 3.25> <Storage> <Opcode : 'load' 'store'> <Ports = 2> <Width = 8> <Depth = 32768> <RAM>
ST_2 : Operation 37 [1/1] (0.00ns)   --->   "%br_ln750 = br void %arrayidx1118.exit" [src/snn_top_hls.cpp:750]   --->   Operation 37 'br' 'br_ln750' <Predicate = (!trunc_ln747_1)> <Delay = 0.00>
ST_2 : Operation 38 [1/1] ( I:3.25ns O:3.25ns )   --->   "%store_ln750 = store i8 0, i15 %p_ZL13weight_memory_1_addr" [src/snn_top_hls.cpp:750]   --->   Operation 38 'store' 'store_ln750' <Predicate = (trunc_ln747_1)> <Delay = 3.25> <CoreInst = "RAM_2P_BRAM">   --->   Core 90 'RAM_2P_BRAM' <Latency = 1> <II = 1> <Delay = 3.25> <Storage> <Opcode : 'load' 'store'> <Ports = 2> <Width = 8> <Depth = 32768> <RAM>
ST_2 : Operation 39 [1/1] (0.00ns)   --->   "%br_ln750 = br void %arrayidx1118.exit" [src/snn_top_hls.cpp:750]   --->   Operation 39 'br' 'br_ln750' <Predicate = (trunc_ln747_1)> <Delay = 0.00>
ST_2 : Operation 40 [1/1] (1.82ns)   --->   "%add_ln747 = add i9 %select_ln746, i9 1" [src/snn_top_hls.cpp:747]   --->   Operation 40 'add' 'add_ln747' <Predicate = true> <Delay = 1.82> <CoreInst = "Adder">   --->   Core 1 'Adder' <Latency = 0> <II = 1> <Delay = 1.82> <FuncUnit> <Opcode : 'add' 'sub'> <InPorts = 2> <OutPorts = 1>
ST_2 : Operation 41 [1/1] (1.58ns)   --->   "%store_ln746 = store i9 %select_ln746_1, i9 %i_3" [src/snn_top_hls.cpp:746]   --->   Operation 41 'store' 'store_ln746' <Predicate = true> <Delay = 1.58>
ST_2 : Operation 42 [1/1] (1.58ns)   --->   "%store_ln747 = store i9 %add_ln747, i9 %j" [src/snn_top_hls.cpp:747]   --->   Operation 42 'store' 'store_ln747' <Predicate = true> <Delay = 1.58>
ST_2 : Operation 43 [1/1] (0.00ns)   --->   "%br_ln747 = br void %for.inc112" [src/snn_top_hls.cpp:747]   --->   Operation 43 'br' 'br_ln747' <Predicate = true> <Delay = 0.00>


============================================================
+ Verbose Summary: Binding
============================================================
STG Binding: 
---------------- STG Properties BEGIN ----------------
- Is combinational: 0
- Is one-state seq: 0
- Is datapath-only: 0
- Is pipelined: 0
- Is top level: 0
Port [ Return ] is wired: 1; IO mode=ap_ctrl_hs:ce=0
Port [ p_ZL13weight_memory_0]:  wired=1; compound=1; hidden=0; nouse=0; global=1; static=1; extern=0; dir=1; type=1; pingpong=0; private_global=0; MemPort=[30]; IO mode=ap_memory:ce=0
Port [ p_ZL13weight_memory_1]:  wired=1; compound=1; hidden=0; nouse=0; global=1; static=1; extern=0; dir=1; type=1; pingpong=0; private_global=0; MemPort=[30]; IO mode=ap_memory:ce=0
---------------- STG Properties END ------------------

---------------- Datapath Model BEGIN ----------------

<LifeTime>
<method=bitvector/>
j                          (alloca           ) [ 011]
i_3                        (alloca           ) [ 011]
indvar_flatten             (alloca           ) [ 010]
specmemcore_ln0            (specmemcore      ) [ 000]
specmemcore_ln0            (specmemcore      ) [ 000]
store_ln0                  (store            ) [ 000]
store_ln746                (store            ) [ 000]
store_ln747                (store            ) [ 000]
br_ln0                     (br               ) [ 000]
indvar_flatten_load        (load             ) [ 000]
icmp_ln746                 (icmp             ) [ 010]
add_ln746_1                (add              ) [ 000]
br_ln746                   (br               ) [ 000]
store_ln746                (store            ) [ 000]
j_load                     (load             ) [ 000]
i_3_load                   (load             ) [ 000]
add_ln746                  (add              ) [ 000]
specloopname_ln0           (specloopname     ) [ 000]
speclooptripcount_ln0      (speclooptripcount) [ 000]
icmp_ln747                 (icmp             ) [ 000]
select_ln746               (select           ) [ 000]
select_ln746_1             (select           ) [ 000]
trunc_ln747                (trunc            ) [ 000]
trunc_ln747_1              (trunc            ) [ 011]
specpipeline_ln748         (specpipeline     ) [ 000]
lshr_ln3                   (partselect       ) [ 000]
tmp_s                      (bitconcatenate   ) [ 000]
zext_ln750                 (zext             ) [ 000]
p_ZL13weight_memory_0_addr (getelementptr    ) [ 000]
p_ZL13weight_memory_1_addr (getelementptr    ) [ 000]
br_ln750                   (br               ) [ 000]
store_ln750                (store            ) [ 000]
br_ln750                   (br               ) [ 000]
store_ln750                (store            ) [ 000]
br_ln750                   (br               ) [ 000]
add_ln747                  (add              ) [ 000]
store_ln746                (store            ) [ 000]
store_ln747                (store            ) [ 000]
br_ln747                   (br               ) [ 000]
ret_ln0                    (ret              ) [ 000]
</LifeTime>

<model>

<comp_list>
<comp id="0" class="1000" name="p_ZL13weight_memory_0">
<pin_list>
<pin id="1" dir="1" index="0" bw="1" slack="0"/>
</pin_list>
<bind>
<StgValue><ssdm name="p_ZL13weight_memory_0"/><MemPortTyVec>3 0 </MemPortTyVec>
</StgValue>
</bind>
</comp>

<comp id="2" class="1000" name="p_ZL13weight_memory_1">
<pin_list>
<pin id="3" dir="1" index="0" bw="1" slack="0"/>
</pin_list>
<bind>
<StgValue><ssdm name="p_ZL13weight_memory_1"/><MemPortTyVec>3 0 </MemPortTyVec>
</StgValue>
</bind>
</comp>

<comp id="4" class="1001" name="const_4">
<pin_list>
<pin id="5" dir="1" index="0" bw="1" slack="0"/>
</pin_list>
<bind>
<StgValue><ssdm name=""/></StgValue>
</bind>
</comp>

<comp id="6" class="1001" name="const_6">
<pin_list>
<pin id="7" dir="1" index="0" bw="1" slack="2147483647"/>
</pin_list>
<bind>
<StgValue><ssdm name="_ssdm_op_SpecMemCore"/></StgValue>
</bind>
</comp>

<comp id="8" class="1001" name="const_8">
<pin_list>
<pin id="9" dir="1" index="0" bw="1" slack="2147483647"/>
</pin_list>
<bind>
<StgValue><ssdm name=""/></StgValue>
</bind>
</comp>

<comp id="10" class="1001" name="const_10">
<pin_list>
<pin id="11" dir="1" index="0" bw="1" slack="2147483647"/>
</pin_list>
<bind>
<StgValue><ssdm name=""/></StgValue>
</bind>
</comp>

<comp id="12" class="1001" name="const_12">
<pin_list>
<pin id="13" dir="1" index="0" bw="1" slack="2147483647"/>
</pin_list>
<bind>
<StgValue><ssdm name=""/></StgValue>
</bind>
</comp>

<comp id="14" class="1001" name="const_14">
<pin_list>
<pin id="15" dir="1" index="0" bw="1" slack="2147483647"/>
</pin_list>
<bind>
<StgValue><ssdm name=""/></StgValue>
</bind>
</comp>

<comp id="16" class="1001" name="const_16">
<pin_list>
<pin id="17" dir="1" index="0" bw="1" slack="0"/>
</pin_list>
<bind>
<StgValue><ssdm name=""/></StgValue>
</bind>
</comp>

<comp id="18" class="1001" name="const_18">
<pin_list>
<pin id="19" dir="1" index="0" bw="1" slack="0"/>
</pin_list>
<bind>
<StgValue><ssdm name=""/></StgValue>
</bind>
</comp>

<comp id="20" class="1001" name="const_20">
<pin_list>
<pin id="21" dir="1" index="0" bw="1" slack="0"/>
</pin_list>
<bind>
<StgValue><ssdm name=""/></StgValue>
</bind>
</comp>

<comp id="22" class="1001" name="const_22">
<pin_list>
<pin id="23" dir="1" index="0" bw="1" slack="0"/>
</pin_list>
<bind>
<StgValue><ssdm name=""/></StgValue>
</bind>
</comp>

<comp id="24" class="1001" name="const_24">
<pin_list>
<pin id="25" dir="1" index="0" bw="1" slack="0"/>
</pin_list>
<bind>
<StgValue><ssdm name=""/></StgValue>
</bind>
</comp>

<comp id="26" class="1001" name="const_26">
<pin_list>
<pin id="27" dir="1" index="0" bw="1" slack="2147483647"/>
</pin_list>
<bind>
<StgValue><ssdm name="_ssdm_op_SpecLoopName"/></StgValue>
</bind>
</comp>

<comp id="28" class="1001" name="const_28">
<pin_list>
<pin id="29" dir="1" index="0" bw="1" slack="2147483647"/>
</pin_list>
<bind>
<StgValue><ssdm name="INIT_WEIGHT_OUTER_INIT_WEIGHT_INNER_str"/></StgValue>
</bind>
</comp>

<comp id="30" class="1001" name="const_30">
<pin_list>
<pin id="31" dir="1" index="0" bw="1" slack="2147483647"/>
</pin_list>
<bind>
<StgValue><ssdm name="_ssdm_op_SpecLoopTripCount"/></StgValue>
</bind>
</comp>

<comp id="32" class="1001" name="const_32">
<pin_list>
<pin id="33" dir="1" index="0" bw="1" slack="2147483647"/>
</pin_list>
<bind>
<StgValue><ssdm name=""/></StgValue>
</bind>
</comp>

<comp id="34" class="1001" name="const_34">
<pin_list>
<pin id="35" dir="1" index="0" bw="1" slack="0"/>
</pin_list>
<bind>
<StgValue><ssdm name=""/></StgValue>
</bind>
</comp>

<comp id="36" class="1001" name="const_36">
<pin_list>
<pin id="37" dir="1" index="0" bw="1" slack="2147483647"/>
</pin_list>
<bind>
<StgValue><ssdm name="_ssdm_op_SpecPipeline"/></StgValue>
</bind>
</comp>

<comp id="38" class="1001" name="const_38">
<pin_list>
<pin id="39" dir="1" index="0" bw="1" slack="2147483647"/>
</pin_list>
<bind>
<StgValue><ssdm name=""/></StgValue>
</bind>
</comp>

<comp id="40" class="1001" name="const_40">
<pin_list>
<pin id="41" dir="1" index="0" bw="1" slack="2147483647"/>
</pin_list>
<bind>
<StgValue><ssdm name=""/></StgValue>
</bind>
</comp>

<comp id="42" class="1001" name="const_42">
<pin_list>
<pin id="43" dir="1" index="0" bw="1" slack="2147483647"/>
</pin_list>
<bind>
<StgValue><ssdm name="empty_3"/></StgValue>
</bind>
</comp>

<comp id="44" class="1001" name="const_44">
<pin_list>
<pin id="45" dir="1" index="0" bw="1" slack="0"/>
</pin_list>
<bind>
<StgValue><ssdm name="_ssdm_op_PartSelect.i7.i9.i32.i32"/></StgValue>
</bind>
</comp>

<comp id="46" class="1001" name="const_46">
<pin_list>
<pin id="47" dir="1" index="0" bw="1" slack="0"/>
</pin_list>
<bind>
<StgValue><ssdm name=""/></StgValue>
</bind>
</comp>

<comp id="48" class="1001" name="const_48">
<pin_list>
<pin id="49" dir="1" index="0" bw="1" slack="0"/>
</pin_list>
<bind>
<StgValue><ssdm name="_ssdm_op_BitConcatenate.i15.i8.i7"/></StgValue>
</bind>
</comp>

<comp id="50" class="1001" name="const_50">
<pin_list>
<pin id="51" dir="1" index="0" bw="1" slack="0"/>
</pin_list>
<bind>
<StgValue><ssdm name=""/></StgValue>
</bind>
</comp>

<comp id="52" class="1001" name="const_52">
<pin_list>
<pin id="53" dir="1" index="0" bw="1" slack="0"/>
</pin_list>
<bind>
<StgValue><ssdm name=""/></StgValue>
</bind>
</comp>

<comp id="54" class="1004" name="j_fu_54">
<pin_list>
<pin id="55" dir="0" index="0" bw="1" slack="0"/>
<pin id="56" dir="1" index="1" bw="9" slack="0"/>
</pin_list>
<bind>
<opcode="alloca(26) " fcode="alloca"/>
<opset="j/1 "/>
</bind>
</comp>

<comp id="58" class="1004" name="i_3_fu_58">
<pin_list>
<pin id="59" dir="0" index="0" bw="1" slack="0"/>
<pin id="60" dir="1" index="1" bw="9" slack="0"/>
</pin_list>
<bind>
<opcode="alloca(26) " fcode="alloca"/>
<opset="i_3/1 "/>
</bind>
</comp>

<comp id="62" class="1004" name="indvar_flatten_fu_62">
<pin_list>
<pin id="63" dir="0" index="0" bw="1" slack="0"/>
<pin id="64" dir="1" index="1" bw="17" slack="0"/>
</pin_list>
<bind>
<opcode="alloca(26) " fcode="alloca"/>
<opset="indvar_flatten/1 "/>
</bind>
</comp>

<comp id="66" class="1004" name="p_ZL13weight_memory_0_addr_gep_fu_66">
<pin_list>
<pin id="67" dir="0" index="0" bw="8" slack="0"/>
<pin id="68" dir="0" index="1" bw="1" slack="0"/>
<pin id="69" dir="0" index="2" bw="15" slack="0"/>
<pin id="70" dir="1" index="3" bw="15" slack="0"/>
</pin_list>
<bind>
<opcode="getelementptr(29) " fcode="getelementptr"/>
<opset="p_ZL13weight_memory_0_addr/2 "/>
</bind>
</comp>

<comp id="73" class="1004" name="p_ZL13weight_memory_1_addr_gep_fu_73">
<pin_list>
<pin id="74" dir="0" index="0" bw="8" slack="0"/>
<pin id="75" dir="0" index="1" bw="1" slack="0"/>
<pin id="76" dir="0" index="2" bw="15" slack="0"/>
<pin id="77" dir="1" index="3" bw="15" slack="0"/>
</pin_list>
<bind>
<opcode="getelementptr(29) " fcode="getelementptr"/>
<opset="p_ZL13weight_memory_1_addr/2 "/>
</bind>
</comp>

<comp id="80" class="1004" name="store_ln750_access_fu_80">
<pin_list>
<pin id="81" dir="0" index="0" bw="15" slack="2147483647"/>
<pin id="82" dir="0" index="1" bw="8" slack="2147483647"/>
<pin id="83" dir="0" index="2" bw="0" slack="0"/>
<pin id="85" dir="0" index="4" bw="15" slack="0"/>
<pin id="86" dir="0" index="5" bw="8" slack="2147483647"/>
<pin id="87" dir="0" index="6" bw="0" slack="2147483647"/>
<pin id="84" dir="1" index="3" bw="8" slack="2147483647"/>
<pin id="88" dir="1" index="7" bw="8" slack="2147483647"/>
</pin_list>
<bind>
<opcode="store(28) " fcode="store"/>
<opset="store_ln750/2 "/>
</bind>
</comp>

<comp id="91" class="1004" name="store_ln750_access_fu_91">
<pin_list>
<pin id="92" dir="0" index="0" bw="15" slack="2147483647"/>
<pin id="93" dir="0" index="1" bw="8" slack="2147483647"/>
<pin id="94" dir="0" index="2" bw="0" slack="0"/>
<pin id="96" dir="0" index="4" bw="15" slack="0"/>
<pin id="97" dir="0" index="5" bw="8" slack="2147483647"/>
<pin id="98" dir="0" index="6" bw="0" slack="2147483647"/>
<pin id="95" dir="1" index="3" bw="8" slack="2147483647"/>
<pin id="99" dir="1" index="7" bw="8" slack="2147483647"/>
</pin_list>
<bind>
<opcode="store(28) " fcode="store"/>
<opset="store_ln750/2 "/>
</bind>
</comp>

<comp id="102" class="1004" name="store_ln0_store_fu_102">
<pin_list>
<pin id="103" dir="0" index="0" bw="1" slack="0"/>
<pin id="104" dir="0" index="1" bw="17" slack="0"/>
<pin id="105" dir="1" index="2" bw="0" slack="2147483647"/>
</pin_list>
<bind>
<opcode="store(28) " fcode="store"/>
<opset="store_ln0/1 "/>
</bind>
</comp>

<comp id="107" class="1004" name="store_ln746_store_fu_107">
<pin_list>
<pin id="108" dir="0" index="0" bw="1" slack="0"/>
<pin id="109" dir="0" index="1" bw="9" slack="0"/>
<pin id="110" dir="1" index="2" bw="0" slack="2147483647"/>
</pin_list>
<bind>
<opcode="store(28) " fcode="store"/>
<opset="store_ln746/1 "/>
</bind>
</comp>

<comp id="112" class="1004" name="store_ln747_store_fu_112">
<pin_list>
<pin id="113" dir="0" index="0" bw="1" slack="0"/>
<pin id="114" dir="0" index="1" bw="9" slack="0"/>
<pin id="115" dir="1" index="2" bw="0" slack="2147483647"/>
</pin_list>
<bind>
<opcode="store(28) " fcode="store"/>
<opset="store_ln747/1 "/>
</bind>
</comp>

<comp id="117" class="1004" name="indvar_flatten_load_load_fu_117">
<pin_list>
<pin id="118" dir="0" index="0" bw="17" slack="0"/>
<pin id="119" dir="1" index="1" bw="17" slack="0"/>
</pin_list>
<bind>
<opcode="load(27) " fcode="load"/>
<opset="indvar_flatten_load/1 "/>
</bind>
</comp>

<comp id="120" class="1004" name="icmp_ln746_fu_120">
<pin_list>
<pin id="121" dir="0" index="0" bw="17" slack="0"/>
<pin id="122" dir="0" index="1" bw="17" slack="0"/>
<pin id="123" dir="1" index="2" bw="1" slack="2147483647"/>
</pin_list>
<bind>
<opcode="icmp(45) " fcode="icmp"/>
<opset="icmp_ln746/1 "/>
</bind>
</comp>

<comp id="126" class="1004" name="add_ln746_1_fu_126">
<pin_list>
<pin id="127" dir="0" index="0" bw="17" slack="0"/>
<pin id="128" dir="0" index="1" bw="1" slack="0"/>
<pin id="129" dir="1" index="2" bw="17" slack="0"/>
</pin_list>
<bind>
<opcode="add(8) " fcode="add"/>
<opset="add_ln746_1/1 "/>
</bind>
</comp>

<comp id="132" class="1004" name="store_ln746_store_fu_132">
<pin_list>
<pin id="133" dir="0" index="0" bw="17" slack="0"/>
<pin id="134" dir="0" index="1" bw="17" slack="0"/>
<pin id="135" dir="1" index="2" bw="0" slack="2147483647"/>
</pin_list>
<bind>
<opcode="store(28) " fcode="store"/>
<opset="store_ln746/1 "/>
</bind>
</comp>

<comp id="137" class="1004" name="j_load_load_fu_137">
<pin_list>
<pin id="138" dir="0" index="0" bw="9" slack="1"/>
<pin id="139" dir="1" index="1" bw="9" slack="0"/>
</pin_list>
<bind>
<opcode="load(27) " fcode="load"/>
<opset="j_load/2 "/>
</bind>
</comp>

<comp id="140" class="1004" name="i_3_load_load_fu_140">
<pin_list>
<pin id="141" dir="0" index="0" bw="9" slack="1"/>
<pin id="142" dir="1" index="1" bw="9" slack="0"/>
</pin_list>
<bind>
<opcode="load(27) " fcode="load"/>
<opset="i_3_load/2 "/>
</bind>
</comp>

<comp id="143" class="1004" name="add_ln746_fu_143">
<pin_list>
<pin id="144" dir="0" index="0" bw="9" slack="0"/>
<pin id="145" dir="0" index="1" bw="1" slack="0"/>
<pin id="146" dir="1" index="2" bw="9" slack="0"/>
</pin_list>
<bind>
<opcode="add(8) " fcode="add"/>
<opset="add_ln746/2 "/>
</bind>
</comp>

<comp id="149" class="1004" name="icmp_ln747_fu_149">
<pin_list>
<pin id="150" dir="0" index="0" bw="9" slack="0"/>
<pin id="151" dir="0" index="1" bw="9" slack="0"/>
<pin id="152" dir="1" index="2" bw="1" slack="0"/>
</pin_list>
<bind>
<opcode="icmp(45) " fcode="icmp"/>
<opset="icmp_ln747/2 "/>
</bind>
</comp>

<comp id="155" class="1004" name="select_ln746_fu_155">
<pin_list>
<pin id="156" dir="0" index="0" bw="1" slack="0"/>
<pin id="157" dir="0" index="1" bw="1" slack="0"/>
<pin id="158" dir="0" index="2" bw="9" slack="0"/>
<pin id="159" dir="1" index="3" bw="9" slack="0"/>
</pin_list>
<bind>
<opcode="select(49) " fcode="select"/>
<opset="select_ln746/2 "/>
</bind>
</comp>

<comp id="163" class="1004" name="select_ln746_1_fu_163">
<pin_list>
<pin id="164" dir="0" index="0" bw="1" slack="0"/>
<pin id="165" dir="0" index="1" bw="9" slack="0"/>
<pin id="166" dir="0" index="2" bw="9" slack="0"/>
<pin id="167" dir="1" index="3" bw="9" slack="0"/>
</pin_list>
<bind>
<opcode="select(49) " fcode="select"/>
<opset="select_ln746_1/2 "/>
</bind>
</comp>

<comp id="171" class="1004" name="trunc_ln747_fu_171">
<pin_list>
<pin id="172" dir="0" index="0" bw="9" slack="0"/>
<pin id="173" dir="1" index="1" bw="8" slack="0"/>
</pin_list>
<bind>
<opcode="trunc(33) " fcode="trunc"/>
<opset="trunc_ln747/2 "/>
</bind>
</comp>

<comp id="175" class="1004" name="trunc_ln747_1_fu_175">
<pin_list>
<pin id="176" dir="0" index="0" bw="9" slack="0"/>
<pin id="177" dir="1" index="1" bw="1" slack="2147483647"/>
</pin_list>
<bind>
<opcode="trunc(33) " fcode="trunc"/>
<opset="trunc_ln747_1/2 "/>
</bind>
</comp>

<comp id="179" class="1004" name="lshr_ln3_fu_179">
<pin_list>
<pin id="180" dir="0" index="0" bw="7" slack="0"/>
<pin id="181" dir="0" index="1" bw="9" slack="0"/>
<pin id="182" dir="0" index="2" bw="1" slack="0"/>
<pin id="183" dir="0" index="3" bw="4" slack="0"/>
<pin id="184" dir="1" index="4" bw="7" slack="0"/>
</pin_list>
<bind>
<opcode="partselect(1002) " fcode="partselect"/>
<opset="lshr_ln3/2 "/>
</bind>
</comp>

<comp id="189" class="1004" name="tmp_s_fu_189">
<pin_list>
<pin id="190" dir="0" index="0" bw="15" slack="0"/>
<pin id="191" dir="0" index="1" bw="8" slack="0"/>
<pin id="192" dir="0" index="2" bw="7" slack="0"/>
<pin id="193" dir="1" index="3" bw="15" slack="0"/>
</pin_list>
<bind>
<opcode="bitconcatenate(1004) " fcode="bitconcatenate"/>
<opset="tmp_s/2 "/>
</bind>
</comp>

<comp id="197" class="1004" name="zext_ln750_fu_197">
<pin_list>
<pin id="198" dir="0" index="0" bw="15" slack="0"/>
<pin id="199" dir="1" index="1" bw="64" slack="0"/>
</pin_list>
<bind>
<opcode="zext(34) " fcode="zext"/>
<opset="zext_ln750/2 "/>
</bind>
</comp>

<comp id="203" class="1004" name="add_ln747_fu_203">
<pin_list>
<pin id="204" dir="0" index="0" bw="9" slack="0"/>
<pin id="205" dir="0" index="1" bw="1" slack="0"/>
<pin id="206" dir="1" index="2" bw="9" slack="0"/>
</pin_list>
<bind>
<opcode="add(8) " fcode="add"/>
<opset="add_ln747/2 "/>
</bind>
</comp>

<comp id="209" class="1004" name="store_ln746_store_fu_209">
<pin_list>
<pin id="210" dir="0" index="0" bw="9" slack="0"/>
<pin id="211" dir="0" index="1" bw="9" slack="1"/>
<pin id="212" dir="1" index="2" bw="0" slack="2147483647"/>
</pin_list>
<bind>
<opcode="store(28) " fcode="store"/>
<opset="store_ln746/2 "/>
</bind>
</comp>

<comp id="214" class="1004" name="store_ln747_store_fu_214">
<pin_list>
<pin id="215" dir="0" index="0" bw="9" slack="0"/>
<pin id="216" dir="0" index="1" bw="9" slack="1"/>
<pin id="217" dir="1" index="2" bw="0" slack="2147483647"/>
</pin_list>
<bind>
<opcode="store(28) " fcode="store"/>
<opset="store_ln747/2 "/>
</bind>
</comp>

<comp id="219" class="1005" name="j_reg_219">
<pin_list>
<pin id="220" dir="0" index="0" bw="9" slack="0"/>
<pin id="221" dir="1" index="1" bw="9" slack="0"/>
</pin_list>
<bind>
<opset="j "/>
</bind>
</comp>

<comp id="226" class="1005" name="i_3_reg_226">
<pin_list>
<pin id="227" dir="0" index="0" bw="9" slack="0"/>
<pin id="228" dir="1" index="1" bw="9" slack="0"/>
</pin_list>
<bind>
<opset="i_3 "/>
</bind>
</comp>

<comp id="233" class="1005" name="indvar_flatten_reg_233">
<pin_list>
<pin id="234" dir="0" index="0" bw="17" slack="0"/>
<pin id="235" dir="1" index="1" bw="17" slack="0"/>
</pin_list>
<bind>
<opset="indvar_flatten "/>
</bind>
</comp>

</comp_list>

<net_list>
<net id="57"><net_src comp="4" pin="0"/><net_sink comp="54" pin=0"/></net>

<net id="61"><net_src comp="4" pin="0"/><net_sink comp="58" pin=0"/></net>

<net id="65"><net_src comp="4" pin="0"/><net_sink comp="62" pin=0"/></net>

<net id="71"><net_src comp="0" pin="0"/><net_sink comp="66" pin=0"/></net>

<net id="72"><net_src comp="50" pin="0"/><net_sink comp="66" pin=1"/></net>

<net id="78"><net_src comp="2" pin="0"/><net_sink comp="73" pin=0"/></net>

<net id="79"><net_src comp="50" pin="0"/><net_sink comp="73" pin=1"/></net>

<net id="89"><net_src comp="52" pin="0"/><net_sink comp="80" pin=4"/></net>

<net id="90"><net_src comp="66" pin="3"/><net_sink comp="80" pin=2"/></net>

<net id="100"><net_src comp="52" pin="0"/><net_sink comp="91" pin=4"/></net>

<net id="101"><net_src comp="73" pin="3"/><net_sink comp="91" pin=2"/></net>

<net id="106"><net_src comp="16" pin="0"/><net_sink comp="102" pin=0"/></net>

<net id="111"><net_src comp="18" pin="0"/><net_sink comp="107" pin=0"/></net>

<net id="116"><net_src comp="18" pin="0"/><net_sink comp="112" pin=0"/></net>

<net id="124"><net_src comp="117" pin="1"/><net_sink comp="120" pin=0"/></net>

<net id="125"><net_src comp="20" pin="0"/><net_sink comp="120" pin=1"/></net>

<net id="130"><net_src comp="117" pin="1"/><net_sink comp="126" pin=0"/></net>

<net id="131"><net_src comp="22" pin="0"/><net_sink comp="126" pin=1"/></net>

<net id="136"><net_src comp="126" pin="2"/><net_sink comp="132" pin=0"/></net>

<net id="147"><net_src comp="140" pin="1"/><net_sink comp="143" pin=0"/></net>

<net id="148"><net_src comp="24" pin="0"/><net_sink comp="143" pin=1"/></net>

<net id="153"><net_src comp="137" pin="1"/><net_sink comp="149" pin=0"/></net>

<net id="154"><net_src comp="34" pin="0"/><net_sink comp="149" pin=1"/></net>

<net id="160"><net_src comp="149" pin="2"/><net_sink comp="155" pin=0"/></net>

<net id="161"><net_src comp="18" pin="0"/><net_sink comp="155" pin=1"/></net>

<net id="162"><net_src comp="137" pin="1"/><net_sink comp="155" pin=2"/></net>

<net id="168"><net_src comp="149" pin="2"/><net_sink comp="163" pin=0"/></net>

<net id="169"><net_src comp="143" pin="2"/><net_sink comp="163" pin=1"/></net>

<net id="170"><net_src comp="140" pin="1"/><net_sink comp="163" pin=2"/></net>

<net id="174"><net_src comp="163" pin="3"/><net_sink comp="171" pin=0"/></net>

<net id="178"><net_src comp="155" pin="3"/><net_sink comp="175" pin=0"/></net>

<net id="185"><net_src comp="44" pin="0"/><net_sink comp="179" pin=0"/></net>

<net id="186"><net_src comp="155" pin="3"/><net_sink comp="179" pin=1"/></net>

<net id="187"><net_src comp="4" pin="0"/><net_sink comp="179" pin=2"/></net>

<net id="188"><net_src comp="46" pin="0"/><net_sink comp="179" pin=3"/></net>

<net id="194"><net_src comp="48" pin="0"/><net_sink comp="189" pin=0"/></net>

<net id="195"><net_src comp="171" pin="1"/><net_sink comp="189" pin=1"/></net>

<net id="196"><net_src comp="179" pin="4"/><net_sink comp="189" pin=2"/></net>

<net id="200"><net_src comp="189" pin="3"/><net_sink comp="197" pin=0"/></net>

<net id="201"><net_src comp="197" pin="1"/><net_sink comp="66" pin=2"/></net>

<net id="202"><net_src comp="197" pin="1"/><net_sink comp="73" pin=2"/></net>

<net id="207"><net_src comp="155" pin="3"/><net_sink comp="203" pin=0"/></net>

<net id="208"><net_src comp="24" pin="0"/><net_sink comp="203" pin=1"/></net>

<net id="213"><net_src comp="163" pin="3"/><net_sink comp="209" pin=0"/></net>

<net id="218"><net_src comp="203" pin="2"/><net_sink comp="214" pin=0"/></net>

<net id="222"><net_src comp="54" pin="1"/><net_sink comp="219" pin=0"/></net>

<net id="223"><net_src comp="219" pin="1"/><net_sink comp="112" pin=1"/></net>

<net id="224"><net_src comp="219" pin="1"/><net_sink comp="137" pin=0"/></net>

<net id="225"><net_src comp="219" pin="1"/><net_sink comp="214" pin=1"/></net>

<net id="229"><net_src comp="58" pin="1"/><net_sink comp="226" pin=0"/></net>

<net id="230"><net_src comp="226" pin="1"/><net_sink comp="107" pin=1"/></net>

<net id="231"><net_src comp="226" pin="1"/><net_sink comp="140" pin=0"/></net>

<net id="232"><net_src comp="226" pin="1"/><net_sink comp="209" pin=1"/></net>

<net id="236"><net_src comp="62" pin="1"/><net_sink comp="233" pin=0"/></net>

<net id="237"><net_src comp="233" pin="1"/><net_sink comp="102" pin=1"/></net>

<net id="238"><net_src comp="233" pin="1"/><net_sink comp="117" pin=0"/></net>

<net id="239"><net_src comp="233" pin="1"/><net_sink comp="132" pin=1"/></net>

</net_list>

</model> 
---------------- Datapath Model END ------------------

* FSMD analyzer results:
  - Output states:
	Port: p_ZL13weight_memory_0 | {2 }
	Port: p_ZL13weight_memory_1 | {2 }
 - Input state : 
  - Chain level:
	State 1
		store_ln0 : 1
		store_ln746 : 1
		store_ln747 : 1
		indvar_flatten_load : 1
		icmp_ln746 : 2
		add_ln746_1 : 2
		br_ln746 : 3
		store_ln746 : 3
	State 2
		add_ln746 : 1
		icmp_ln747 : 1
		select_ln746 : 2
		select_ln746_1 : 2
		trunc_ln747 : 3
		trunc_ln747_1 : 3
		lshr_ln3 : 3
		tmp_s : 4
		zext_ln750 : 5
		p_ZL13weight_memory_0_addr : 6
		p_ZL13weight_memory_1_addr : 6
		br_ln750 : 4
		store_ln750 : 7
		store_ln750 : 7
		add_ln747 : 3
		store_ln746 : 3
		store_ln747 : 4


============================================================
+ Verbose Summary: Datapath Resource usage 
============================================================

* Functional unit list:
|----------|-----------------------|---------|---------|
| Operation|    Functional Unit    |    FF   |   LUT   |
|----------|-----------------------|---------|---------|
|          |   add_ln746_1_fu_126  |    0    |    24   |
|    add   |    add_ln746_fu_143   |    0    |    14   |
|          |    add_ln747_fu_203   |    0    |    14   |
|----------|-----------------------|---------|---------|
|   icmp   |   icmp_ln746_fu_120   |    0    |    24   |
|          |   icmp_ln747_fu_149   |    0    |    14   |
|----------|-----------------------|---------|---------|
|  select  |  select_ln746_fu_155  |    0    |    9    |
|          | select_ln746_1_fu_163 |    0    |    9    |
|----------|-----------------------|---------|---------|
|   trunc  |   trunc_ln747_fu_171  |    0    |    0    |
|          |  trunc_ln747_1_fu_175 |    0    |    0    |
|----------|-----------------------|---------|---------|
|partselect|    lshr_ln3_fu_179    |    0    |    0    |
|----------|-----------------------|---------|---------|
|bitconcatenate|      tmp_s_fu_189     |    0    |    0    |
|----------|-----------------------|---------|---------|
|   zext   |   zext_ln750_fu_197   |    0    |    0    |
|----------|-----------------------|---------|---------|
|   Total  |                       |    0    |   108   |
|----------|-----------------------|---------|---------|

Memories:
N/A

* Register list:
+----------------------+--------+
|                      |   FF   |
+----------------------+--------+
|      i_3_reg_226     |    9   |
|indvar_flatten_reg_233|   17   |
|       j_reg_219      |    9   |
+----------------------+--------+
|         Total        |   35   |
+----------------------+--------+

* Multiplexer (MUX) list: 
|--------|------|------|------|--------|
|  Comp  |  Pin | Size |  BW  | S x BW |
|--------|------|------|------|--------|
|  Total |      |      |      |    0   |
|--------|------|------|------|--------|



* Summary:
+-----------+--------+--------+
|           |   FF   |   LUT  |
+-----------+--------+--------+
|  Function |    0   |   108  |
|   Memory  |    -   |    -   |
|Multiplexer|    -   |    -   |
|  Register |   35   |    -   |
+-----------+--------+--------+
|   Total   |   35   |   108  |
+-----------+--------+--------+
