

================================================================
== Vitis HLS Report for 'snn_top_hls_Pipeline_WEIGHT_SUM'
================================================================
* Date:           Tue Feb 10 18:59:25 2026

* Version:        2025.2 (Build 6295257 on Nov 14 2025)
* Project:        hls_csim_output
* Solution:       hls (Vivado IP Flow Target)
* Product family: zynq
* Target device:  xc7z020-clg400-1


================================================================
== Performance Estimates
================================================================
+ Timing: 
    * Summary: 
    +--------+----------+----------+------------+
    |  Clock |  Target  | Estimated| Uncertainty|
    +--------+----------+----------+------------+
    |ap_clk  |  10.00 ns|  6.992 ns|     2.70 ns|
    +--------+----------+----------+------------+

+ Latency: 
    * Summary: 
    +---------+---------+----------+----------+-----+-----+-------------------+
    |  Latency (cycles) |  Latency (absolute) |  Interval |      Pipeline     |
    |   min   |   max   |    min   |    max   | min | max |        Type       |
    +---------+---------+----------+----------+-----+-----+-------------------+
    |       19|       19|  0.190 us|  0.190 us|    0|    0|  loop pipeline stp|
    +---------+---------+----------+----------+-----+-----+-------------------+

    + Detail: 
        * Instance: 
        N/A

        * Loop: 
        +--------------+---------+---------+----------+-----------+-----------+------+----------+
        |              |  Latency (cycles) | Iteration|  Initiation Interval  | Trip |          |
        |   Loop Name  |   min   |   max   |  Latency |  achieved |   target  | Count| Pipelined|
        +--------------+---------+---------+----------+-----------+-----------+------+----------+
        |- WEIGHT_SUM  |       17|       17|         4|          2|          1|     8|       yes|
        +--------------+---------+---------+----------+-----------+-----------+------+----------+

============================================================
+ Verbose Summary: Synthesis Manager
============================================================
InlineROM: 1
ExposeGlobal: 0
============================================================
+ Verbose Summary: CDFG Model
============================================================
IsTopModel: 0
ResetActiveHigh: 1
IsCombinational: 0
IsDatapathOnly: 0
HasWiredReturn: 1
HasMFsm: 2
HasVarLatency: 1
IsPipeline: 0
IsRtlPipelined: 0
IsInstanceOverlapped: 0
IsDontTouch: 0
HasImplIP: 0
IsGatedGlobalClock: 0

+ Individual pipeline summary: 
  * Pipeline-0: initiation interval (II) = 2, depth = 4


============================================================
+ Verbose Summary: Schedule
============================================================
* Number of FSM states : 4
* Pipeline : 1
  Pipeline-0 : II = 2, D = 4, States = { 1 2 3 4 }
* Dataflow Pipeline: 0

* FSM state transitions: 
1 --> 2 
2 --> 3 
3 --> 4 
4 --> 

* FSM state operations: 

State 1 <SV = 0> <Delay = 4.91>
ST_1 : Operation 7 [1/1] (0.00ns)   --->   "%weight_sum = alloca i32 1" [src/snn_top_hls.cpp:948]   --->   Operation 7 'alloca' 'weight_sum' <Predicate = true> <Delay = 0.00>
ST_1 : Operation 8 [1/1] (0.00ns)   --->   "%i = alloca i32 1" [src/snn_top_hls.cpp:949]   --->   Operation 8 'alloca' 'i' <Predicate = true> <Delay = 0.00>
ST_1 : Operation 9 [1/1] (0.00ns)   --->   "%specmemcore_ln0 = specmemcore void @_ssdm_op_SpecMemCore, i8 %p_ZL13weight_memory_0, i64 666, i64 22, i64 18446744073709551615, i1 0"   --->   Operation 9 'specmemcore' 'specmemcore_ln0' <Predicate = true> <Delay = 0.00>
ST_1 : Operation 10 [1/1] (0.00ns)   --->   "%specmemcore_ln0 = specmemcore void @_ssdm_op_SpecMemCore, i8 %p_ZL13weight_memory_1, i64 666, i64 22, i64 18446744073709551615, i1 0"   --->   Operation 10 'specmemcore' 'specmemcore_ln0' <Predicate = true> <Delay = 0.00>
ST_1 : Operation 11 [1/1] (1.58ns)   --->   "%store_ln949 = store i4 0, i4 %i" [src/snn_top_hls.cpp:949]   --->   Operation 11 'store' 'store_ln949' <Predicate = true> <Delay = 1.58>
ST_1 : Operation 12 [1/1] (1.58ns)   --->   "%store_ln948 = store i14 0, i14 %weight_sum" [src/snn_top_hls.cpp:948]   --->   Operation 12 'store' 'store_ln948' <Predicate = true> <Delay = 1.58>
ST_1 : Operation 13 [1/1] (0.00ns)   --->   "%br_ln0 = br void %VITIS_LOOP_951_1"   --->   Operation 13 'br' 'br_ln0' <Predicate = true> <Delay = 0.00>
ST_1 : Operation 14 [1/1] (0.00ns)   --->   "%i_1 = load i4 %i" [src/snn_top_hls.cpp:949]   --->   Operation 14 'load' 'i_1' <Predicate = true> <Delay = 0.00>
ST_1 : Operation 15 [1/1] (1.73ns)   --->   "%icmp_ln949 = icmp_eq  i4 %i_1, i4 8" [src/snn_top_hls.cpp:949]   --->   Operation 15 'icmp' 'icmp_ln949' <Predicate = true> <Delay = 1.73> <CoreInst = "Cmp">   --->   Core 9 'Cmp' <Latency = 0> <II = 1> <Delay = 1.73> <FuncUnit> <Opcode : 'seteq' 'setne' 'setle' 'setge' 'setlt' 'setgt'> <InPorts = 2> <OutPorts = 1>
ST_1 : Operation 16 [1/1] (1.73ns)   --->   "%add_ln949 = add i4 %i_1, i4 1" [src/snn_top_hls.cpp:949]   --->   Operation 16 'add' 'add_ln949' <Predicate = true> <Delay = 1.73> <CoreInst = "Adder">   --->   Core 1 'Adder' <Latency = 0> <II = 1> <Delay = 1.73> <FuncUnit> <Opcode : 'add' 'sub'> <InPorts = 2> <OutPorts = 1>
ST_1 : Operation 17 [1/1] (0.00ns)   --->   "%br_ln949 = br i1 %icmp_ln949, void %VITIS_LOOP_951_1.split, void %for.end396.exitStub" [src/snn_top_hls.cpp:949]   --->   Operation 17 'br' 'br_ln949' <Predicate = true> <Delay = 0.00>
ST_1 : Operation 18 [1/1] (0.00ns)   --->   "%trunc_ln949 = trunc i4 %i_1" [src/snn_top_hls.cpp:949]   --->   Operation 18 'trunc' 'trunc_ln949' <Predicate = (!icmp_ln949)> <Delay = 0.00>
ST_1 : Operation 19 [1/1] (0.00ns)   --->   "%tmp_s = bitconcatenate i10 @_ssdm_op_BitConcatenate.i10.i3.i7, i3 %trunc_ln949, i7 0" [src/snn_top_hls.cpp:952]   --->   Operation 19 'bitconcatenate' 'tmp_s' <Predicate = (!icmp_ln949)> <Delay = 0.00>
ST_1 : Operation 20 [1/1] (0.00ns)   --->   "%zext_ln952 = zext i10 %tmp_s" [src/snn_top_hls.cpp:952]   --->   Operation 20 'zext' 'zext_ln952' <Predicate = (!icmp_ln949)> <Delay = 0.00>
ST_1 : Operation 21 [1/1] (0.00ns)   --->   "%p_ZL13weight_memory_0_addr = getelementptr i8 %p_ZL13weight_memory_0, i64 0, i64 %zext_ln952" [src/snn_top_hls.cpp:952]   --->   Operation 21 'getelementptr' 'p_ZL13weight_memory_0_addr' <Predicate = (!icmp_ln949)> <Delay = 0.00>
ST_1 : Operation 22 [1/1] (0.00ns)   --->   "%tmp_1 = bitconcatenate i10 @_ssdm_op_BitConcatenate.i10.i3.i7, i3 %trunc_ln949, i7 1" [src/snn_top_hls.cpp:952]   --->   Operation 22 'bitconcatenate' 'tmp_1' <Predicate = (!icmp_ln949)> <Delay = 0.00>
ST_1 : Operation 23 [1/1] (0.00ns)   --->   "%zext_ln952_1 = zext i10 %tmp_1" [src/snn_top_hls.cpp:952]   --->   Operation 23 'zext' 'zext_ln952_1' <Predicate = (!icmp_ln949)> <Delay = 0.00>
ST_1 : Operation 24 [1/1] (0.00ns)   --->   "%p_ZL13weight_memory_0_addr_1 = getelementptr i8 %p_ZL13weight_memory_0, i64 0, i64 %zext_ln952_1" [src/snn_top_hls.cpp:952]   --->   Operation 24 'getelementptr' 'p_ZL13weight_memory_0_addr_1' <Predicate = (!icmp_ln949)> <Delay = 0.00>
ST_1 : Operation 25 [1/1] (0.00ns)   --->   "%p_ZL13weight_memory_1_addr = getelementptr i8 %p_ZL13weight_memory_1, i64 0, i64 %zext_ln952" [src/snn_top_hls.cpp:952]   --->   Operation 25 'getelementptr' 'p_ZL13weight_memory_1_addr' <Predicate = (!icmp_ln949)> <Delay = 0.00>
ST_1 : Operation 26 [1/1] (0.00ns)   --->   "%p_ZL13weight_memory_1_addr_1 = getelementptr i8 %p_ZL13weight_memory_1, i64 0, i64 %zext_ln952_1" [src/snn_top_hls.cpp:952]   --->   Operation 26 'getelementptr' 'p_ZL13weight_memory_1_addr_1' <Predicate = (!icmp_ln949)> <Delay = 0.00>
ST_1 : Operation 27 [2/2] (3.25ns)   --->   "%p_ZL13weight_memory_0_load = load i15 %p_ZL13weight_memory_0_addr" [src/snn_top_hls.cpp:952]   --->   Operation 27 'load' 'p_ZL13weight_memory_0_load' <Predicate = (!icmp_ln949)> <Delay = 3.25> <CoreInst = "RAM_2P_BRAM">   --->   Core 90 'RAM_2P_BRAM' <Latency = 1> <II = 1> <Delay = 3.25> <Storage> <Opcode : 'load' 'store'> <Ports = 2> <Width = 8> <Depth = 32768> <RAM>
ST_1 : Operation 28 [2/2] (3.25ns)   --->   "%p_ZL13weight_memory_1_load = load i15 %p_ZL13weight_memory_1_addr" [src/snn_top_hls.cpp:952]   --->   Operation 28 'load' 'p_ZL13weight_memory_1_load' <Predicate = (!icmp_ln949)> <Delay = 3.25> <CoreInst = "RAM_2P_BRAM">   --->   Core 90 'RAM_2P_BRAM' <Latency = 1> <II = 1> <Delay = 3.25> <Storage> <Opcode : 'load' 'store'> <Ports = 2> <Width = 8> <Depth = 32768> <RAM>
ST_1 : Operation 29 [2/2] (3.25ns)   --->   "%p_ZL13weight_memory_0_load_1 = load i15 %p_ZL13weight_memory_0_addr_1" [src/snn_top_hls.cpp:952]   --->   Operation 29 'load' 'p_ZL13weight_memory_0_load_1' <Predicate = (!icmp_ln949)> <Delay = 3.25> <CoreInst = "RAM_2P_BRAM">   --->   Core 90 'RAM_2P_BRAM' <Latency = 1> <II = 1> <Delay = 3.25> <Storage> <Opcode : 'load' 'store'> <Ports = 2> <Width = 8> <Depth = 32768> <RAM>
ST_1 : Operation 30 [2/2] (3.25ns)   --->   "%p_ZL13weight_memory_1_load_1 = load i15 %p_ZL13weight_memory_1_addr_1" [src/snn_top_hls.cpp:952]   --->   Operation 30 'load' 'p_ZL13weight_memory_1_load_1' <Predicate = (!icmp_ln949)> <Delay = 3.25> <CoreInst = "RAM_2P_BRAM">   --->   Core 90 'RAM_2P_BRAM' <Latency = 1> <II = 1> <Delay = 3.25> <Storage> <Opcode : 'load' 'store'> <Ports = 2> <Width = 8> <Depth = 32768> <RAM>
ST_1 : Operation 31 [1/1] (1.58ns)   --->   "%store_ln949 = store i4 %add_ln949, i4 %i" [src/snn_top_hls.cpp:949]   --->   Operation 31 'store' 'store_ln949' <Predicate = (!icmp_ln949)> <Delay = 1.58>

State 2 <SV = 1> <Delay = 6.99>
ST_2 : Operation 32 [1/1] (0.00ns)   --->   "%tmp_2 = bitconcatenate i10 @_ssdm_op_BitConcatenate.i10.i3.i7, i3 %trunc_ln949, i7 2" [src/snn_top_hls.cpp:952]   --->   Operation 32 'bitconcatenate' 'tmp_2' <Predicate = (!icmp_ln949)> <Delay = 0.00>
ST_2 : Operation 33 [1/1] (0.00ns)   --->   "%zext_ln952_2 = zext i10 %tmp_2" [src/snn_top_hls.cpp:952]   --->   Operation 33 'zext' 'zext_ln952_2' <Predicate = (!icmp_ln949)> <Delay = 0.00>
ST_2 : Operation 34 [1/1] (0.00ns)   --->   "%p_ZL13weight_memory_0_addr_2 = getelementptr i8 %p_ZL13weight_memory_0, i64 0, i64 %zext_ln952_2" [src/snn_top_hls.cpp:952]   --->   Operation 34 'getelementptr' 'p_ZL13weight_memory_0_addr_2' <Predicate = (!icmp_ln949)> <Delay = 0.00>
ST_2 : Operation 35 [1/1] (0.00ns)   --->   "%tmp_3 = bitconcatenate i10 @_ssdm_op_BitConcatenate.i10.i3.i7, i3 %trunc_ln949, i7 3" [src/snn_top_hls.cpp:952]   --->   Operation 35 'bitconcatenate' 'tmp_3' <Predicate = (!icmp_ln949)> <Delay = 0.00>
ST_2 : Operation 36 [1/1] (0.00ns)   --->   "%zext_ln952_3 = zext i10 %tmp_3" [src/snn_top_hls.cpp:952]   --->   Operation 36 'zext' 'zext_ln952_3' <Predicate = (!icmp_ln949)> <Delay = 0.00>
ST_2 : Operation 37 [1/1] (0.00ns)   --->   "%p_ZL13weight_memory_0_addr_3 = getelementptr i8 %p_ZL13weight_memory_0, i64 0, i64 %zext_ln952_3" [src/snn_top_hls.cpp:952]   --->   Operation 37 'getelementptr' 'p_ZL13weight_memory_0_addr_3' <Predicate = (!icmp_ln949)> <Delay = 0.00>
ST_2 : Operation 38 [1/1] (0.00ns)   --->   "%p_ZL13weight_memory_1_addr_2 = getelementptr i8 %p_ZL13weight_memory_1, i64 0, i64 %zext_ln952_2" [src/snn_top_hls.cpp:952]   --->   Operation 38 'getelementptr' 'p_ZL13weight_memory_1_addr_2' <Predicate = (!icmp_ln949)> <Delay = 0.00>
ST_2 : Operation 39 [1/1] (0.00ns)   --->   "%p_ZL13weight_memory_1_addr_3 = getelementptr i8 %p_ZL13weight_memory_1, i64 0, i64 %zext_ln952_3" [src/snn_top_hls.cpp:952]   --->   Operation 39 'getelementptr' 'p_ZL13weight_memory_1_addr_3' <Predicate = (!icmp_ln949)> <Delay = 0.00>
ST_2 : Operation 40 [1/2] ( I:3.25ns O:3.25ns )   --->   "%p_ZL13weight_memory_0_load = load i15 %p_ZL13weight_memory_0_addr" [src/snn_top_hls.cpp:952]   --->   Operation 40 'load' 'p_ZL13weight_memory_0_load' <Predicate = (!icmp_ln949)> <Delay = 3.25> <CoreInst = "RAM_2P_BRAM">   --->   Core 90 'RAM_2P_BRAM' <Latency = 1> <II = 1> <Delay = 3.25> <Storage> <Opcode : 'load' 'store'> <Ports = 2> <Width = 8> <Depth = 32768> <RAM>
ST_2 : Operation 41 [1/1] (0.00ns)   --->   "%sext_ln952 = sext i8 %p_ZL13weight_memory_0_load" [src/snn_top_hls.cpp:952]   --->   Operation 41 'sext' 'sext_ln952' <Predicate = (!icmp_ln949)> <Delay = 0.00>
ST_2 : Operation 42 [1/2] ( I:3.25ns O:3.25ns )   --->   "%p_ZL13weight_memory_1_load = load i15 %p_ZL13weight_memory_1_addr" [src/snn_top_hls.cpp:952]   --->   Operation 42 'load' 'p_ZL13weight_memory_1_load' <Predicate = (!icmp_ln949)> <Delay = 3.25> <CoreInst = "RAM_2P_BRAM">   --->   Core 90 'RAM_2P_BRAM' <Latency = 1> <II = 1> <Delay = 3.25> <Storage> <Opcode : 'load' 'store'> <Ports = 2> <Width = 8> <Depth = 32768> <RAM>
ST_2 : Operation 43 [1/1] (0.00ns)   --->   "%sext_ln952_1 = sext i8 %p_ZL13weight_memory_1_load" [src/snn_top_hls.cpp:952]   --->   Operation 43 'sext' 'sext_ln952_1' <Predicate = (!icmp_ln949)> <Delay = 0.00>
ST_2 : Operation 44 [1/2] ( I:3.25ns O:3.25ns )   --->   "%p_ZL13weight_memory_0_load_1 = load i15 %p_ZL13weight_memory_0_addr_1" [src/snn_top_hls.cpp:952]   --->   Operation 44 'load' 'p_ZL13weight_memory_0_load_1' <Predicate = (!icmp_ln949)> <Delay = 3.25> <CoreInst = "RAM_2P_BRAM">   --->   Core 90 'RAM_2P_BRAM' <Latency = 1> <II = 1> <Delay = 3.25> <Storage> <Opcode : 'load' 'store'> <Ports = 2> <Width = 8> <Depth = 32768> <RAM>
ST_2 : Operation 45 [1/1] (0.00ns)   --->   "%sext_ln952_2 = sext i8 %p_ZL13weight_memory_0_load_1" [src/snn_top_hls.cpp:952]   --->   Operation 45 'sext' 'sext_ln952_2' <Predicate = (!icmp_ln949)> <Delay = 0.00>
ST_2 : Operation 46 [1/2] ( I:3.25ns O:3.25ns )   --->   "%p_ZL13weight_memory_1_load_1 = load i15 %p_ZL13weight_memory_1_addr_1" [src/snn_top_hls.cpp:952]   --->   Operation 46 'load' 'p_ZL13weight_memory_1_load_1' <Predicate = (!icmp_ln949)> <Delay = 3.25> <CoreInst = "RAM_2P_BRAM">   --->   Core 90 'RAM_2P_BRAM' <Latency = 1> <II = 1> <Delay = 3.25> <Storage> <Opcode : 'load' 'store'> <Ports = 2> <Width = 8> <Depth = 32768> <RAM>
ST_2 : Operation 47 [1/1] (0.00ns)   --->   "%sext_ln952_3 = sext i8 %p_ZL13weight_memory_1_load_1" [src/snn_top_hls.cpp:952]   --->   Operation 47 'sext' 'sext_ln952_3' <Predicate = (!icmp_ln949)> <Delay = 0.00>
ST_2 : Operation 48 [2/2] (3.25ns)   --->   "%p_ZL13weight_memory_0_load_2 = load i15 %p_ZL13weight_memory_0_addr_2" [src/snn_top_hls.cpp:952]   --->   Operation 48 'load' 'p_ZL13weight_memory_0_load_2' <Predicate = (!icmp_ln949)> <Delay = 3.25> <CoreInst = "RAM_2P_BRAM">   --->   Core 90 'RAM_2P_BRAM' <Latency = 1> <II = 1> <Delay = 3.25> <Storage> <Opcode : 'load' 'store'> <Ports = 2> <Width = 8> <Depth = 32768> <RAM>
ST_2 : Operation 49 [2/2] (3.25ns)   --->   "%p_ZL13weight_memory_1_load_2 = load i15 %p_ZL13weight_memory_1_addr_2" [src/snn_top_hls.cpp:952]   --->   Operation 49 'load' 'p_ZL13weight_memory_1_load_2' <Predicate = (!icmp_ln949)> <Delay = 3.25> <CoreInst = "RAM_2P_BRAM">   --->   Core 90 'RAM_2P_BRAM' <Latency = 1> <II = 1> <Delay = 3.25> <Storage> <Opcode : 'load' 'store'> <Ports = 2> <Width = 8> <Depth = 32768> <RAM>
ST_2 : Operation 50 [2/2] (3.25ns)   --->   "%p_ZL13weight_memory_0_load_3 = load i15 %p_ZL13weight_memory_0_addr_3" [src/snn_top_hls.cpp:952]   --->   Operation 50 'load' 'p_ZL13weight_memory_0_load_3' <Predicate = (!icmp_ln949)> <Delay = 3.25> <CoreInst = "RAM_2P_BRAM">   --->   Core 90 'RAM_2P_BRAM' <Latency = 1> <II = 1> <Delay = 3.25> <Storage> <Opcode : 'load' 'store'> <Ports = 2> <Width = 8> <Depth = 32768> <RAM>
ST_2 : Operation 51 [2/2] (3.25ns)   --->   "%p_ZL13weight_memory_1_load_3 = load i15 %p_ZL13weight_memory_1_addr_3" [src/snn_top_hls.cpp:952]   --->   Operation 51 'load' 'p_ZL13weight_memory_1_load_3' <Predicate = (!icmp_ln949)> <Delay = 3.25> <CoreInst = "RAM_2P_BRAM">   --->   Core 90 'RAM_2P_BRAM' <Latency = 1> <II = 1> <Delay = 3.25> <Storage> <Opcode : 'load' 'store'> <Ports = 2> <Width = 8> <Depth = 32768> <RAM>
ST_2 : Operation 52 [1/1] (1.91ns)   --->   "%add_ln952 = add i9 %sext_ln952, i9 %sext_ln952_1" [src/snn_top_hls.cpp:952]   --->   Operation 52 'add' 'add_ln952' <Predicate = (!icmp_ln949)> <Delay = 1.91> <CoreInst = "Adder">   --->   Core 1 'Adder' <Latency = 0> <II = 1> <Delay = 1.91> <FuncUnit> <Opcode : 'add' 'sub'> <InPorts = 2> <OutPorts = 1>
ST_2 : Operation 53 [1/1] (0.00ns)   --->   "%sext_ln952_8 = sext i9 %add_ln952" [src/snn_top_hls.cpp:952]   --->   Operation 53 'sext' 'sext_ln952_8' <Predicate = (!icmp_ln949)> <Delay = 0.00>
ST_2 : Operation 54 [1/1] (1.91ns)   --->   "%add_ln952_1 = add i9 %sext_ln952_2, i9 %sext_ln952_3" [src/snn_top_hls.cpp:952]   --->   Operation 54 'add' 'add_ln952_1' <Predicate = (!icmp_ln949)> <Delay = 1.91> <CoreInst = "Adder">   --->   Core 1 'Adder' <Latency = 0> <II = 1> <Delay = 1.91> <FuncUnit> <Opcode : 'add' 'sub'> <InPorts = 2> <OutPorts = 1>
ST_2 : Operation 55 [1/1] (0.00ns)   --->   "%sext_ln952_9 = sext i9 %add_ln952_1" [src/snn_top_hls.cpp:952]   --->   Operation 55 'sext' 'sext_ln952_9' <Predicate = (!icmp_ln949)> <Delay = 0.00>
ST_2 : Operation 56 [1/1] (1.82ns)   --->   "%add_ln952_2 = add i10 %sext_ln952_9, i10 %sext_ln952_8" [src/snn_top_hls.cpp:952]   --->   Operation 56 'add' 'add_ln952_2' <Predicate = (!icmp_ln949)> <Delay = 1.82> <CoreInst = "Adder">   --->   Core 1 'Adder' <Latency = 0> <II = 1> <Delay = 1.82> <FuncUnit> <Opcode : 'add' 'sub'> <InPorts = 2> <OutPorts = 1>
ST_2 : Operation 81 [1/1] (0.00ns)   --->   "%weight_sum_load_1 = load i14 %weight_sum"   --->   Operation 81 'load' 'weight_sum_load_1' <Predicate = (icmp_ln949)> <Delay = 0.00>
ST_2 : Operation 82 [1/1] (0.00ns)   --->   "%write_ln0 = write void @_ssdm_op_Write.ap_auto.i14P0A, i14 %weight_sum_out, i14 %weight_sum_load_1"   --->   Operation 82 'write' 'write_ln0' <Predicate = (icmp_ln949)> <Delay = 0.00>
ST_2 : Operation 83 [1/1] (1.58ns)   --->   "%ret_ln0 = ret"   --->   Operation 83 'ret' 'ret_ln0' <Predicate = (icmp_ln949)> <Delay = 1.58>

State 3 <SV = 2> <Delay = 6.99>
ST_3 : Operation 57 [1/2] ( I:3.25ns O:3.25ns )   --->   "%p_ZL13weight_memory_0_load_2 = load i15 %p_ZL13weight_memory_0_addr_2" [src/snn_top_hls.cpp:952]   --->   Operation 57 'load' 'p_ZL13weight_memory_0_load_2' <Predicate = true> <Delay = 3.25> <CoreInst = "RAM_2P_BRAM">   --->   Core 90 'RAM_2P_BRAM' <Latency = 1> <II = 1> <Delay = 3.25> <Storage> <Opcode : 'load' 'store'> <Ports = 2> <Width = 8> <Depth = 32768> <RAM>
ST_3 : Operation 58 [1/1] (0.00ns)   --->   "%sext_ln952_4 = sext i8 %p_ZL13weight_memory_0_load_2" [src/snn_top_hls.cpp:952]   --->   Operation 58 'sext' 'sext_ln952_4' <Predicate = true> <Delay = 0.00>
ST_3 : Operation 59 [1/2] ( I:3.25ns O:3.25ns )   --->   "%p_ZL13weight_memory_1_load_2 = load i15 %p_ZL13weight_memory_1_addr_2" [src/snn_top_hls.cpp:952]   --->   Operation 59 'load' 'p_ZL13weight_memory_1_load_2' <Predicate = true> <Delay = 3.25> <CoreInst = "RAM_2P_BRAM">   --->   Core 90 'RAM_2P_BRAM' <Latency = 1> <II = 1> <Delay = 3.25> <Storage> <Opcode : 'load' 'store'> <Ports = 2> <Width = 8> <Depth = 32768> <RAM>
ST_3 : Operation 60 [1/1] (0.00ns)   --->   "%sext_ln952_5 = sext i8 %p_ZL13weight_memory_1_load_2" [src/snn_top_hls.cpp:952]   --->   Operation 60 'sext' 'sext_ln952_5' <Predicate = true> <Delay = 0.00>
ST_3 : Operation 61 [1/2] ( I:3.25ns O:3.25ns )   --->   "%p_ZL13weight_memory_0_load_3 = load i15 %p_ZL13weight_memory_0_addr_3" [src/snn_top_hls.cpp:952]   --->   Operation 61 'load' 'p_ZL13weight_memory_0_load_3' <Predicate = true> <Delay = 3.25> <CoreInst = "RAM_2P_BRAM">   --->   Core 90 'RAM_2P_BRAM' <Latency = 1> <II = 1> <Delay = 3.25> <Storage> <Opcode : 'load' 'store'> <Ports = 2> <Width = 8> <Depth = 32768> <RAM>
ST_3 : Operation 62 [1/1] (0.00ns)   --->   "%sext_ln952_6 = sext i8 %p_ZL13weight_memory_0_load_3" [src/snn_top_hls.cpp:952]   --->   Operation 62 'sext' 'sext_ln952_6' <Predicate = true> <Delay = 0.00>
ST_3 : Operation 63 [1/2] ( I:3.25ns O:3.25ns )   --->   "%p_ZL13weight_memory_1_load_3 = load i15 %p_ZL13weight_memory_1_addr_3" [src/snn_top_hls.cpp:952]   --->   Operation 63 'load' 'p_ZL13weight_memory_1_load_3' <Predicate = true> <Delay = 3.25> <CoreInst = "RAM_2P_BRAM">   --->   Core 90 'RAM_2P_BRAM' <Latency = 1> <II = 1> <Delay = 3.25> <Storage> <Opcode : 'load' 'store'> <Ports = 2> <Width = 8> <Depth = 32768> <RAM>
ST_3 : Operation 64 [1/1] (0.00ns)   --->   "%sext_ln952_7 = sext i8 %p_ZL13weight_memory_1_load_3" [src/snn_top_hls.cpp:952]   --->   Operation 64 'sext' 'sext_ln952_7' <Predicate = true> <Delay = 0.00>
ST_3 : Operation 65 [1/1] (1.91ns)   --->   "%add_ln952_3 = add i9 %sext_ln952_4, i9 %sext_ln952_5" [src/snn_top_hls.cpp:952]   --->   Operation 65 'add' 'add_ln952_3' <Predicate = true> <Delay = 1.91> <CoreInst = "Adder">   --->   Core 1 'Adder' <Latency = 0> <II = 1> <Delay = 1.91> <FuncUnit> <Opcode : 'add' 'sub'> <InPorts = 2> <OutPorts = 1>
ST_3 : Operation 66 [1/1] (0.00ns)   --->   "%sext_ln952_11 = sext i9 %add_ln952_3" [src/snn_top_hls.cpp:952]   --->   Operation 66 'sext' 'sext_ln952_11' <Predicate = true> <Delay = 0.00>
ST_3 : Operation 67 [1/1] (1.91ns)   --->   "%add_ln952_4 = add i9 %sext_ln952_6, i9 %sext_ln952_7" [src/snn_top_hls.cpp:952]   --->   Operation 67 'add' 'add_ln952_4' <Predicate = true> <Delay = 1.91> <CoreInst = "Adder">   --->   Core 1 'Adder' <Latency = 0> <II = 1> <Delay = 1.91> <FuncUnit> <Opcode : 'add' 'sub'> <InPorts = 2> <OutPorts = 1>
ST_3 : Operation 68 [1/1] (0.00ns)   --->   "%sext_ln952_12 = sext i9 %add_ln952_4" [src/snn_top_hls.cpp:952]   --->   Operation 68 'sext' 'sext_ln952_12' <Predicate = true> <Delay = 0.00>
ST_3 : Operation 69 [1/1] (1.82ns)   --->   "%add_ln952_5 = add i10 %sext_ln952_12, i10 %sext_ln952_11" [src/snn_top_hls.cpp:952]   --->   Operation 69 'add' 'add_ln952_5' <Predicate = true> <Delay = 1.82> <CoreInst = "Adder">   --->   Core 1 'Adder' <Latency = 0> <II = 1> <Delay = 1.82> <FuncUnit> <Opcode : 'add' 'sub'> <InPorts = 2> <OutPorts = 1>

State 4 <SV = 3> <Delay = 5.13>
ST_4 : Operation 70 [1/1] (0.00ns)   --->   "%weight_sum_load = load i14 %weight_sum" [src/snn_top_hls.cpp:952]   --->   Operation 70 'load' 'weight_sum_load' <Predicate = true> <Delay = 0.00>
ST_4 : Operation 71 [1/1] (0.00ns)   --->   "%specpipeline_ln950 = specpipeline void @_ssdm_op_SpecPipeline, i32 1, i32 0, i32 0, i32 0, i32 4294967295, void @empty_3" [src/snn_top_hls.cpp:950]   --->   Operation 71 'specpipeline' 'specpipeline_ln950' <Predicate = true> <Delay = 0.00>
ST_4 : Operation 72 [1/1] (0.00ns)   --->   "%speclooptripcount_ln948 = speclooptripcount void @_ssdm_op_SpecLoopTripCount, i64 8, i64 8, i64 8" [src/snn_top_hls.cpp:948]   --->   Operation 72 'speclooptripcount' 'speclooptripcount_ln948' <Predicate = true> <Delay = 0.00>
ST_4 : Operation 73 [1/1] (0.00ns)   --->   "%specloopname_ln949 = specloopname void @_ssdm_op_SpecLoopName, void @empty_37" [src/snn_top_hls.cpp:949]   --->   Operation 73 'specloopname' 'specloopname_ln949' <Predicate = true> <Delay = 0.00>
ST_4 : Operation 74 [1/1] (0.00ns)   --->   "%sext_ln952_10 = sext i10 %add_ln952_2" [src/snn_top_hls.cpp:952]   --->   Operation 74 'sext' 'sext_ln952_10' <Predicate = true> <Delay = 0.00>
ST_4 : Operation 75 [1/1] (0.00ns)   --->   "%sext_ln952_13 = sext i10 %add_ln952_5" [src/snn_top_hls.cpp:952]   --->   Operation 75 'sext' 'sext_ln952_13' <Predicate = true> <Delay = 0.00>
ST_4 : Operation 76 [1/1] (1.73ns)   --->   "%add_ln952_6 = add i11 %sext_ln952_13, i11 %sext_ln952_10" [src/snn_top_hls.cpp:952]   --->   Operation 76 'add' 'add_ln952_6' <Predicate = true> <Delay = 1.73> <CoreInst = "Adder">   --->   Core 1 'Adder' <Latency = 0> <II = 1> <Delay = 1.73> <FuncUnit> <Opcode : 'add' 'sub'> <InPorts = 2> <OutPorts = 1>
ST_4 : Operation 77 [1/1] (0.00ns)   --->   "%sext_ln952_14 = sext i11 %add_ln952_6" [src/snn_top_hls.cpp:952]   --->   Operation 77 'sext' 'sext_ln952_14' <Predicate = true> <Delay = 0.00>
ST_4 : Operation 78 [1/1] (1.81ns)   --->   "%weight_sum_1 = add i14 %weight_sum_load, i14 %sext_ln952_14" [src/snn_top_hls.cpp:952]   --->   Operation 78 'add' 'weight_sum_1' <Predicate = true> <Delay = 1.81> <CoreInst = "Adder">   --->   Core 1 'Adder' <Latency = 0> <II = 1> <Delay = 1.81> <FuncUnit> <Opcode : 'add' 'sub'> <InPorts = 2> <OutPorts = 1>
ST_4 : Operation 79 [1/1] (1.58ns)   --->   "%store_ln948 = store i14 %weight_sum_1, i14 %weight_sum" [src/snn_top_hls.cpp:948]   --->   Operation 79 'store' 'store_ln948' <Predicate = true> <Delay = 1.58>
ST_4 : Operation 80 [1/1] (0.00ns)   --->   "%br_ln949 = br void %VITIS_LOOP_951_1" [src/snn_top_hls.cpp:949]   --->   Operation 80 'br' 'br_ln949' <Predicate = true> <Delay = 0.00>


============================================================
+ Verbose Summary: Timing violations
============================================================
Target clock period: 10.000ns, clock uncertainty: 2.700ns.

 <State 1>: 4.911ns
The critical path consists of the following:
	'store' operation ('store_ln949', src/snn_top_hls.cpp:949) of constant 0 4 bit on local variable 'i', src/snn_top_hls.cpp:949 [8]  (1.588 ns)
	'load' operation 4 bit ('i', src/snn_top_hls.cpp:949) on local variable 'i', src/snn_top_hls.cpp:949 [12]  (0.000 ns)
	'icmp' operation 1 bit ('icmp_ln949', src/snn_top_hls.cpp:949) [13]  (1.735 ns)
	'store' operation ('store_ln949', src/snn_top_hls.cpp:949) of variable 'add_ln949', src/snn_top_hls.cpp:949 4 bit on local variable 'i', src/snn_top_hls.cpp:949 [69]  (1.588 ns)

 <State 2>: 6.992ns
The critical path consists of the following:
	'load' operation 8 bit ('p_ZL13weight_memory_0_load', src/snn_top_hls.cpp:952) on array 'p_ZL13weight_memory_0' [38]  (3.254 ns)
	'add' operation 9 bit ('add_ln952', src/snn_top_hls.cpp:952) [54]  (1.915 ns)
	'add' operation 10 bit ('add_ln952_2', src/snn_top_hls.cpp:952) [58]  (1.823 ns)

 <State 3>: 6.992ns
The critical path consists of the following:
	'load' operation 8 bit ('p_ZL13weight_memory_0_load_2', src/snn_top_hls.cpp:952) on array 'p_ZL13weight_memory_0' [46]  (3.254 ns)
	'add' operation 9 bit ('add_ln952_3', src/snn_top_hls.cpp:952) [60]  (1.915 ns)
	'add' operation 10 bit ('add_ln952_5', src/snn_top_hls.cpp:952) [64]  (1.823 ns)

 <State 4>: 5.131ns
The critical path consists of the following:
	'add' operation 11 bit ('add_ln952_6', src/snn_top_hls.cpp:952) [66]  (1.731 ns)
	'add' operation 14 bit ('weight_sum', src/snn_top_hls.cpp:952) [68]  (1.812 ns)
	'store' operation ('store_ln948', src/snn_top_hls.cpp:948) of variable 'weight_sum', src/snn_top_hls.cpp:952 14 bit on local variable 'weight_sum', src/snn_top_hls.cpp:948 [70]  (1.588 ns)


============================================================
+ Verbose Summary: Binding
============================================================
N/A
* FSMD analyzer results:
  - Output states:
 - Input state : 
  - Chain level:
	State 1
	State 2
	State 3
	State 4


============================================================
+ Verbose Summary: Datapath Resource usage 
============================================================
N/A
