

================================================================
== Vitis HLS Report for 'apply_rstdp_reward'
================================================================
* Date:           Tue Feb 10 18:59:27 2026

* Version:        2025.2 (Build 6295257 on Nov 14 2025)
* Project:        hls_csim_output
* Solution:       hls (Vivado IP Flow Target)
* Product family: zynq
* Target device:  xc7z020-clg400-1


================================================================
== Performance Estimates
================================================================
+ Timing: 
    * Summary: 
    +--------+----------+----------+------------+
    |  Clock |  Target  | Estimated| Uncertainty|
    +--------+----------+----------+------------+
    |ap_clk  |  10.00 ns|  6.486 ns|     2.70 ns|
    +--------+----------+----------+------------+

+ Latency: 
    * Summary: 
    +---------+---------+-----------+----------+-----+-------+---------+
    |  Latency (cycles) |  Latency (absolute)  |   Interval  | Pipeline|
    |   min   |   max   |    min    |    max   | min |  max  |   Type  |
    +---------+---------+-----------+----------+-----+-------+---------+
    |        1|    67585|  10.000 ns|  0.676 ms|    1|  67585|       no|
    +---------+---------+-----------+----------+-----+-------+---------+

    + Detail: 
        * Instance: 
        +----------------------------------------------------+-----------------------------------------+---------+---------+----------+----------+-----+-----+-------------------+
        |                                                    |                                         |  Latency (cycles) |  Latency (absolute) |  Interval |      Pipeline     |
        |                      Instance                      |                  Module                 |   min   |   max   |    min   |    max   | min | max |        Type       |
        +----------------------------------------------------+-----------------------------------------+---------+---------+----------+----------+-----+-----+-------------------+
        |grp_apply_rstdp_reward_Pipeline_RSTDP_INNER_fu_132  |apply_rstdp_reward_Pipeline_RSTDP_INNER  |      261|      261|  2.610 us|  2.610 us|    0|    0|  loop pipeline stp|
        +----------------------------------------------------+-----------------------------------------+---------+---------+----------+----------+-----+-----+-------------------+

        * Loop: 
        +---------------+---------+---------+----------+-----------+-----------+------+----------+
        |               |  Latency (cycles) | Iteration|  Initiation Interval  | Trip |          |
        |   Loop Name   |   min   |   max   |  Latency |  achieved |   target  | Count| Pipelined|
        +---------------+---------+---------+----------+-----------+-----------+------+----------+
        |- RSTDP_OUTER  |      768|    67584|   3 ~ 264|          -|          -|   256|        no|
        +---------------+---------+---------+----------+-----------+-----------+------+----------+



================================================================
== Utilization Estimates
================================================================
* Summary: 
+-----------------+---------+-----+--------+-------+-----+
|       Name      | BRAM_18K| DSP |   FF   |  LUT  | URAM|
+-----------------+---------+-----+--------+-------+-----+
|DSP              |        -|    -|       -|      -|    -|
|Expression       |        -|    -|       0|    133|    -|
|FIFO             |        -|    -|       -|      -|    -|
|Instance         |        -|    0|     272|    350|    -|
|Memory           |        -|    -|       -|      -|    -|
|Multiplexer      |        -|    -|       0|     34|    -|
|Register         |        -|    -|      44|      -|    -|
+-----------------+---------+-----+--------+-------+-----+
|Total            |        0|    0|     316|    517|    0|
+-----------------+---------+-----+--------+-------+-----+
|Available        |      280|  220|  106400|  53200|    0|
+-----------------+---------+-----+--------+-------+-----+
|Utilization (%)  |        0|    0|      ~0|     ~0|    0|
+-----------------+---------+-----+--------+-------+-----+

+ Detail: 
    * Instance: 
    +----------------------------------------------------+-----------------------------------------+---------+----+-----+-----+-----+
    |                      Instance                      |                  Module                 | BRAM_18K| DSP|  FF | LUT | URAM|
    +----------------------------------------------------+-----------------------------------------+---------+----+-----+-----+-----+
    |grp_apply_rstdp_reward_Pipeline_RSTDP_INNER_fu_132  |apply_rstdp_reward_Pipeline_RSTDP_INNER  |        0|   0|  272|  341|    0|
    |sparsemux_7_2_2_1_1_U155                            |sparsemux_7_2_2_1_1                      |        0|   0|    0|    9|    0|
    +----------------------------------------------------+-----------------------------------------+---------+----+-----+-----+-----+
    |Total                                               |                                         |        0|   0|  272|  350|    0|
    +----------------------------------------------------+-----------------------------------------+---------+----+-----+-----+-----+

    * DSP: 
    N/A

    * Memory: 
    N/A

    * FIFO: 
    N/A

    * Expression: 
    +---------------------------------+----------+----+---+----+------------+------------+
    |          Variable Name          | Operation| DSP| FF| LUT| Bitwidth P0| Bitwidth P1|
    +---------------------------------+----------+----+---+----+------------+------------+
    |add_ln473_fu_292_p2              |         +|   0|  0|  14|           9|           1|
    |reward_mag_fu_168_p2             |         -|   0|  0|  15|           1|           8|
    |and_ln458_fu_154_p2              |       and|   0|  0|   2|           1|           1|
    |and_ln466_fu_244_p2              |       and|   0|  0|   2|           1|           1|
    |ap_block_state4_on_subcall_done  |       and|   0|  0|   2|           1|           1|
    |icmp_ln458_fu_148_p2             |      icmp|   0|  0|  15|           8|           1|
    |icmp_ln465_fu_192_p2             |      icmp|   0|  0|  10|           2|           1|
    |icmp_ln466_fu_208_p2             |      icmp|   0|  0|  11|           3|           1|
    |icmp_ln467_fu_224_p2             |      icmp|   0|  0|  13|           4|           1|
    |icmp_ln473_fu_286_p2             |      icmp|   0|  0|  13|           9|          10|
    |icmp_ln477_fu_330_p2             |      icmp|   0|  0|  15|           8|           1|
    |pre_elig_fu_321_p3               |    select|   0|  0|   8|           1|           8|
    |reward_mag_1_fu_174_p3           |    select|   0|  0|   8|           1|           8|
    |shift_sel_fu_258_p6              |    select|   0|  0|   3|           1|           3|
    |xor_ln465_fu_238_p2              |       xor|   0|  0|   2|           1|           2|
    +---------------------------------+----------+----+---+----+------------+------------+
    |Total                            |          |   0|  0| 133|          51|          48|
    +---------------------------------+----------+----+---+----+------------+------------+

    * Multiplexer: 
    +-----------+----+-----------+-----+-----------+
    |    Name   | LUT| Input Size| Bits| Total Bits|
    +-----------+----+-----------+-----+-----------+
    |ap_NS_fsm  |  25|          5|    1|          5|
    |i_fu_90    |   9|          2|    9|         18|
    +-----------+----+-----------+-----+-----------+
    |Total      |  34|          7|   10|         23|
    +-----------+----+-----------+-----+-----------+

    * Register: 
    +-----------------------------------------------------------------+---+----+-----+-----------+
    |                               Name                              | FF| LUT| Bits| Const Bits|
    +-----------------------------------------------------------------+---+----+-----+-----------+
    |add_ln473_reg_367                                                |  9|   0|    9|          0|
    |and_ln458_reg_340                                                |  1|   0|    1|          0|
    |ap_CS_fsm                                                        |  4|   0|    4|          0|
    |grp_apply_rstdp_reward_Pipeline_RSTDP_INNER_fu_132_ap_start_reg  |  1|   0|    1|          0|
    |i_fu_90                                                          |  9|   0|    9|          0|
    |icmp_ln477_reg_392                                               |  1|   0|    1|          0|
    |pre_elig_reg_387                                                 |  8|   0|    8|          0|
    |shift_sel_reg_356                                                |  2|   0|    2|          0|
    |tmp_reg_351                                                      |  1|   0|    1|          0|
    |trunc_ln473_reg_382                                              |  8|   0|    8|          0|
    +-----------------------------------------------------------------+---+----+-----+-----------+
    |Total                                                            | 44|   0|   44|          0|
    +-----------------------------------------------------------------+---+----+-----+-----------+



================================================================
== Interface
================================================================
* Summary: 
+-----------------------------------+-----+-----+------------+--------------------------+--------------+
|             RTL Ports             | Dir | Bits|  Protocol  |       Source Object      |    C Type    |
+-----------------------------------+-----+-----+------------+--------------------------+--------------+
|ap_clk                             |   in|    1|  ap_ctrl_hs|        apply_rstdp_reward|  return value|
|ap_rst                             |   in|    1|  ap_ctrl_hs|        apply_rstdp_reward|  return value|
|ap_start                           |   in|    1|  ap_ctrl_hs|        apply_rstdp_reward|  return value|
|ap_done                            |  out|    1|  ap_ctrl_hs|        apply_rstdp_reward|  return value|
|ap_idle                            |  out|    1|  ap_ctrl_hs|        apply_rstdp_reward|  return value|
|ap_ready                           |  out|    1|  ap_ctrl_hs|        apply_rstdp_reward|  return value|
|reward_signal                      |   in|    8|     ap_none|             reward_signal|        scalar|
|params_rstdp_enable_val            |   in|    1|     ap_none|   params_rstdp_enable_val|        scalar|
|p_ZL15pre_eligibility_0_address0   |  out|    7|   ap_memory|   p_ZL15pre_eligibility_0|         array|
|p_ZL15pre_eligibility_0_ce0        |  out|    1|   ap_memory|   p_ZL15pre_eligibility_0|         array|
|p_ZL15pre_eligibility_0_q0         |   in|    8|   ap_memory|   p_ZL15pre_eligibility_0|         array|
|p_ZL15pre_eligibility_1_address0   |  out|    7|   ap_memory|   p_ZL15pre_eligibility_1|         array|
|p_ZL15pre_eligibility_1_ce0        |  out|    1|   ap_memory|   p_ZL15pre_eligibility_1|         array|
|p_ZL15pre_eligibility_1_q0         |   in|    8|   ap_memory|   p_ZL15pre_eligibility_1|         array|
|p_ZL16post_eligibility_0_address0  |  out|    7|   ap_memory|  p_ZL16post_eligibility_0|         array|
|p_ZL16post_eligibility_0_ce0       |  out|    1|   ap_memory|  p_ZL16post_eligibility_0|         array|
|p_ZL16post_eligibility_0_q0        |   in|    8|   ap_memory|  p_ZL16post_eligibility_0|         array|
|p_ZL16post_eligibility_1_address0  |  out|    7|   ap_memory|  p_ZL16post_eligibility_1|         array|
|p_ZL16post_eligibility_1_ce0       |  out|    1|   ap_memory|  p_ZL16post_eligibility_1|         array|
|p_ZL16post_eligibility_1_q0        |   in|    8|   ap_memory|  p_ZL16post_eligibility_1|         array|
|p_ZL13weight_memory_0_address0     |  out|   15|   ap_memory|     p_ZL13weight_memory_0|         array|
|p_ZL13weight_memory_0_ce0          |  out|    1|   ap_memory|     p_ZL13weight_memory_0|         array|
|p_ZL13weight_memory_0_q0           |   in|    8|   ap_memory|     p_ZL13weight_memory_0|         array|
|p_ZL13weight_memory_0_address1     |  out|   15|   ap_memory|     p_ZL13weight_memory_0|         array|
|p_ZL13weight_memory_0_ce1          |  out|    1|   ap_memory|     p_ZL13weight_memory_0|         array|
|p_ZL13weight_memory_0_we1          |  out|    1|   ap_memory|     p_ZL13weight_memory_0|         array|
|p_ZL13weight_memory_0_d1           |  out|    8|   ap_memory|     p_ZL13weight_memory_0|         array|
|p_ZL13weight_memory_1_address0     |  out|   15|   ap_memory|     p_ZL13weight_memory_1|         array|
|p_ZL13weight_memory_1_ce0          |  out|    1|   ap_memory|     p_ZL13weight_memory_1|         array|
|p_ZL13weight_memory_1_q0           |   in|    8|   ap_memory|     p_ZL13weight_memory_1|         array|
|p_ZL13weight_memory_1_address1     |  out|   15|   ap_memory|     p_ZL13weight_memory_1|         array|
|p_ZL13weight_memory_1_ce1          |  out|    1|   ap_memory|     p_ZL13weight_memory_1|         array|
|p_ZL13weight_memory_1_we1          |  out|    1|   ap_memory|     p_ZL13weight_memory_1|         array|
|p_ZL13weight_memory_1_d1           |  out|    8|   ap_memory|     p_ZL13weight_memory_1|         array|
+-----------------------------------+-----+-----+------------+--------------------------+--------------+

