

================================================================
== Vitis HLS Report for 'decay_eligibility_traces_Pipeline_DECAY_POST'
================================================================
* Date:           Tue Feb 10 18:59:27 2026

* Version:        2025.2 (Build 6295257 on Nov 14 2025)
* Project:        hls_csim_output
* Solution:       hls (Vivado IP Flow Target)
* Product family: zynq
* Target device:  xc7z020-clg400-1


================================================================
== Performance Estimates
================================================================
+ Timing: 
    * Summary: 
    +--------+----------+----------+------------+
    |  Clock |  Target  | Estimated| Uncertainty|
    +--------+----------+----------+------------+
    |ap_clk  |  10.00 ns|  5.169 ns|     2.70 ns|
    +--------+----------+----------+------------+

+ Latency: 
    * Summary: 
    +---------+---------+----------+----------+-----+-----+-------------------+
    |  Latency (cycles) |  Latency (absolute) |  Interval |      Pipeline     |
    |   min   |   max   |    min   |    max   | min | max |        Type       |
    +---------+---------+----------+----------+-----+-----+-------------------+
    |      131|      131|  1.310 us|  1.310 us|    0|    0|  loop pipeline stp|
    +---------+---------+----------+----------+-----+-----+-------------------+

    + Detail: 
        * Instance: 
        N/A

        * Loop: 
        +--------------+---------+---------+----------+-----------+-----------+------+----------+
        |              |  Latency (cycles) | Iteration|  Initiation Interval  | Trip |          |
        |   Loop Name  |   min   |   max   |  Latency |  achieved |   target  | Count| Pipelined|
        +--------------+---------+---------+----------+-----------+-----------+------+----------+
        |- DECAY_POST  |      129|      129|         3|          1|          1|   128|       yes|
        +--------------+---------+---------+----------+-----------+-----------+------+----------+



================================================================
== Utilization Estimates
================================================================
* Summary: 
+-----------------+---------+-----+--------+-------+-----+
|       Name      | BRAM_18K| DSP |   FF   |  LUT  | URAM|
+-----------------+---------+-----+--------+-------+-----+
|DSP              |        -|    -|       -|      -|    -|
|Expression       |        -|    -|       0|     46|    -|
|FIFO             |        -|    -|       -|      -|    -|
|Instance         |        -|    -|       -|      -|    -|
|Memory           |        -|    -|       -|      -|    -|
|Multiplexer      |        -|    -|       0|     36|    -|
|Register         |        -|    -|      58|      -|    -|
+-----------------+---------+-----+--------+-------+-----+
|Total            |        0|    0|      58|     82|    0|
+-----------------+---------+-----+--------+-------+-----+
|Available        |      280|  220|  106400|  53200|    0|
+-----------------+---------+-----+--------+-------+-----+
|Utilization (%)  |        0|    0|      ~0|     ~0|    0|
+-----------------+---------+-----+--------+-------+-----+

+ Detail: 
    * Instance: 
    N/A

    * DSP: 
    N/A

    * Memory: 
    N/A

    * FIFO: 
    N/A

    * Expression: 
    +-----------------------+----------+----+---+----+------------+------------+
    |     Variable Name     | Operation| DSP| FF| LUT| Bitwidth P0| Bitwidth P1|
    +-----------------------+----------+----+---+----+------------+------------+
    |add_ln525_fu_120_p2    |         +|   0|  0|  14|           9|           2|
    |sub_ln530_1_fu_165_p2  |         -|   0|  0|  15|           8|           8|
    |sub_ln530_fu_145_p2    |         -|   0|  0|  15|           8|           8|
    |ap_enable_pp0          |       xor|   0|  0|   2|           1|           2|
    +-----------------------+----------+----+---+----+------------+------------+
    |Total                  |          |   0|  0|  46|          26|          20|
    +-----------------------+----------+----+---+----+------------+------------+

    * Multiplexer: 
    +-------------------------+----+-----------+-----+-----------+
    |           Name          | LUT| Input Size| Bits| Total Bits|
    +-------------------------+----+-----------+-----+-----------+
    |ap_done_int              |   9|          2|    1|          2|
    |ap_enable_reg_pp0_iter1  |   9|          2|    1|          2|
    |ap_sig_allocacmp_j_2     |   9|          2|    9|         18|
    |j_fu_50                  |   9|          2|    9|         18|
    +-------------------------+----+-----------+-----+-----------+
    |Total                    |  36|          8|   20|         40|
    +-------------------------+----+-----------+-----+-----------+

    * Register: 
    +-----------------------------------------------------+---+----+-----+-----------+
    |                         Name                        | FF| LUT| Bits| Const Bits|
    +-----------------------------------------------------+---+----+-----+-----------+
    |ap_CS_fsm                                            |  1|   0|    1|          0|
    |ap_done_reg                                          |  1|   0|    1|          0|
    |ap_enable_reg_pp0_iter1                              |  1|   0|    1|          0|
    |ap_enable_reg_pp0_iter2                              |  1|   0|    1|          0|
    |ap_loop_exit_ready_pp0_iter1_reg                     |  1|   0|    1|          0|
    |j_fu_50                                              |  9|   0|    9|          0|
    |p_ZL16post_eligibility_0_addr_reg_182                |  7|   0|    7|          0|
    |p_ZL16post_eligibility_0_addr_reg_182_pp0_iter1_reg  |  7|   0|    7|          0|
    |p_ZL16post_eligibility_1_addr_reg_188                |  7|   0|    7|          0|
    |p_ZL16post_eligibility_1_addr_reg_188_pp0_iter1_reg  |  7|   0|    7|          0|
    |sub_ln530_1_reg_199                                  |  8|   0|    8|          0|
    |sub_ln530_reg_194                                    |  8|   0|    8|          0|
    +-----------------------------------------------------+---+----+-----+-----------+
    |Total                                                | 58|   0|   58|          0|
    +-----------------------------------------------------+---+----+-----+-----------+



================================================================
== Interface
================================================================
* Summary: 
+-----------------------------------+-----+-----+------------+----------------------------------------------+--------------+
|             RTL Ports             | Dir | Bits|  Protocol  |                 Source Object                |    C Type    |
+-----------------------------------+-----+-----+------------+----------------------------------------------+--------------+
|ap_clk                             |   in|    1|  ap_ctrl_hs|  decay_eligibility_traces_Pipeline_DECAY_POST|  return value|
|ap_rst                             |   in|    1|  ap_ctrl_hs|  decay_eligibility_traces_Pipeline_DECAY_POST|  return value|
|ap_start                           |   in|    1|  ap_ctrl_hs|  decay_eligibility_traces_Pipeline_DECAY_POST|  return value|
|ap_done                            |  out|    1|  ap_ctrl_hs|  decay_eligibility_traces_Pipeline_DECAY_POST|  return value|
|ap_idle                            |  out|    1|  ap_ctrl_hs|  decay_eligibility_traces_Pipeline_DECAY_POST|  return value|
|ap_ready                           |  out|    1|  ap_ctrl_hs|  decay_eligibility_traces_Pipeline_DECAY_POST|  return value|
|p_ZL16post_eligibility_0_address0  |  out|    7|   ap_memory|                      p_ZL16post_eligibility_0|         array|
|p_ZL16post_eligibility_0_ce0       |  out|    1|   ap_memory|                      p_ZL16post_eligibility_0|         array|
|p_ZL16post_eligibility_0_q0        |   in|    8|   ap_memory|                      p_ZL16post_eligibility_0|         array|
|p_ZL16post_eligibility_0_address1  |  out|    7|   ap_memory|                      p_ZL16post_eligibility_0|         array|
|p_ZL16post_eligibility_0_ce1       |  out|    1|   ap_memory|                      p_ZL16post_eligibility_0|         array|
|p_ZL16post_eligibility_0_we1       |  out|    1|   ap_memory|                      p_ZL16post_eligibility_0|         array|
|p_ZL16post_eligibility_0_d1        |  out|    8|   ap_memory|                      p_ZL16post_eligibility_0|         array|
|p_ZL16post_eligibility_1_address0  |  out|    7|   ap_memory|                      p_ZL16post_eligibility_1|         array|
|p_ZL16post_eligibility_1_ce0       |  out|    1|   ap_memory|                      p_ZL16post_eligibility_1|         array|
|p_ZL16post_eligibility_1_q0        |   in|    8|   ap_memory|                      p_ZL16post_eligibility_1|         array|
|p_ZL16post_eligibility_1_address1  |  out|    7|   ap_memory|                      p_ZL16post_eligibility_1|         array|
|p_ZL16post_eligibility_1_ce1       |  out|    1|   ap_memory|                      p_ZL16post_eligibility_1|         array|
|p_ZL16post_eligibility_1_we1       |  out|    1|   ap_memory|                      p_ZL16post_eligibility_1|         array|
|p_ZL16post_eligibility_1_d1        |  out|    8|   ap_memory|                      p_ZL16post_eligibility_1|         array|
+-----------------------------------+-----+-----+------------+----------------------------------------------+--------------+

