

================================================================
== Vitis HLS Report for 'process_pre_spike_aer_Pipeline_LTD_LOOP'
================================================================
* Date:           Tue Feb 10 18:59:26 2026

* Version:        2025.2 (Build 6295257 on Nov 14 2025)
* Project:        hls_csim_output
* Solution:       hls (Vivado IP Flow Target)
* Product family: zynq
* Target device:  xc7z020-clg400-1


================================================================
== Performance Estimates
================================================================
+ Timing: 
    * Summary: 
    +--------+----------+----------+------------+
    |  Clock |  Target  | Estimated| Uncertainty|
    +--------+----------+----------+------------+
    |ap_clk  |  10.00 ns|  7.063 ns|     2.70 ns|
    +--------+----------+----------+------------+

+ Latency: 
    * Summary: 
    +---------+---------+----------+----------+-----+-----+-------------------+
    |  Latency (cycles) |  Latency (absolute) |  Interval |      Pipeline     |
    |   min   |   max   |    min   |    max   | min | max |        Type       |
    +---------+---------+----------+----------+-----+-----+-------------------+
    |      264|      264|  2.640 us|  2.640 us|    0|    0|  loop pipeline stp|
    +---------+---------+----------+----------+-----+-----+-------------------+

    + Detail: 
        * Instance: 
        N/A

        * Loop: 
        +------------+---------+---------+----------+-----------+-----------+------+----------+
        |            |  Latency (cycles) | Iteration|  Initiation Interval  | Trip |          |
        |  Loop Name |   min   |   max   |  Latency |  achieved |   target  | Count| Pipelined|
        +------------+---------+---------+----------+-----------+-----------+------+----------+
        |- LTD_LOOP  |      262|      262|         9|          2|          2|   128|       yes|
        +------------+---------+---------+----------+-----------+-----------+------+----------+



================================================================
== Utilization Estimates
================================================================
* Summary: 
+-----------------+---------+-----+--------+-------+-----+
|       Name      | BRAM_18K| DSP |   FF   |  LUT  | URAM|
+-----------------+---------+-----+--------+-------+-----+
|DSP              |        -|    -|       -|      -|    -|
|Expression       |        -|    -|       0|    240|    -|
|FIFO             |        -|    -|       -|      -|    -|
|Instance         |        -|    0|       0|    164|    -|
|Memory           |        0|    -|       8|      2|    -|
|Multiplexer      |        -|    -|       0|    109|    -|
|Register         |        -|    -|     340|     32|    -|
+-----------------+---------+-----+--------+-------+-----+
|Total            |        0|    0|     348|    547|    0|
+-----------------+---------+-----+--------+-------+-----+
|Available        |      280|  220|  106400|  53200|    0|
+-----------------+---------+-----+--------+-------+-----+
|Utilization (%)  |        0|    0|      ~0|      1|    0|
+-----------------+---------+-----+--------+-------+-----+

+ Detail: 
    * Instance: 
    +------------------------+--------------------+---------+----+---+----+-----+
    |        Instance        |       Module       | BRAM_18K| DSP| FF| LUT| URAM|
    +------------------------+--------------------+---------+----+---+----+-----+
    |mul_8ns_8ns_16_1_1_U88  |mul_8ns_8ns_16_1_1  |        0|   0|  0|  41|    0|
    |mul_8ns_8ns_16_1_1_U89  |mul_8ns_8ns_16_1_1  |        0|   0|  0|  41|    0|
    |mul_8ns_8ns_16_1_1_U90  |mul_8ns_8ns_16_1_1  |        0|   0|  0|  41|    0|
    |mul_8ns_8ns_16_1_1_U91  |mul_8ns_8ns_16_1_1  |        0|   0|  0|  41|    0|
    +------------------------+--------------------+---------+----+---+----+-----+
    |Total                   |                    |        0|   0|  0| 164|    0|
    +------------------------+--------------------+---------+----+---+----+-----+

    * DSP: 
    N/A

    * Memory: 
    +-----------------+-------------------------------------------------------------------+---------+---+----+-----+------+-----+------+-------------+
    |      Memory     |                               Module                              | BRAM_18K| FF| LUT| URAM| Words| Bits| Banks| W*Bits*Banks|
    +-----------------+-------------------------------------------------------------------+---------+---+----+-----+------+-----+------+-------------+
    |EXP_DECAY_LUT_U  |process_pre_spike_aer_Pipeline_LTD_LOOP_EXP_DECAY_LUT_ROM_AUTO_1R  |        0|  8|   2|    0|    16|    8|     1|          128|
    +-----------------+-------------------------------------------------------------------+---------+---+----+-----+------+-----+------+-------------+
    |Total            |                                                                   |        0|  8|   2|    0|    16|    8|     1|          128|
    +-----------------+-------------------------------------------------------------------+---------+---+----+-----+------+-----+------+-------------+

    * FIFO: 
    N/A

    * Expression: 
    +----------------------------+----------+----+---+----+------------+------------+
    |        Variable Name       | Operation| DSP| FF| LUT| Bitwidth P0| Bitwidth P1|
    +----------------------------+----------+----+---+----+------------+------------+
    |add_ln367_fu_247_p2         |         +|   0|  0|  14|           9|           2|
    |dt_1_fu_279_p2              |         -|   0|  0|  23|          16|          16|
    |dt_fu_258_p2                |         -|   0|  0|  23|          16|          16|
    |w_1_fu_541_p2               |         -|   0|  0|  13|          10|          10|
    |w_fu_464_p2                 |         -|   0|  0|  13|          10|          10|
    |icmp_ln315_1_fu_365_p2      |      icmp|   0|  0|  15|           8|           1|
    |icmp_ln315_fu_304_p2        |      icmp|   0|  0|  15|           8|           1|
    |icmp_ln321_1_fu_294_p2      |      icmp|   0|  0|  12|          12|           1|
    |icmp_ln321_fu_273_p2        |      icmp|   0|  0|  12|          12|           1|
    |icmp_ln336_1_fu_551_p2      |      icmp|   0|  0|  13|          10|           9|
    |icmp_ln336_fu_486_p2        |      icmp|   0|  0|  13|          10|           9|
    |icmp_ln376_1_fu_416_p2      |      icmp|   0|  0|  15|           8|           1|
    |icmp_ln376_fu_359_p2        |      icmp|   0|  0|  15|           8|           1|
    |or_ln321_1_fu_404_p2        |        or|   0|  0|   2|           1|           1|
    |or_ln321_fu_347_p2          |        or|   0|  0|   2|           1|           1|
    |post_trace_val_1_fu_351_p3  |    select|   0|  0|   8|           1|           1|
    |post_trace_val_3_fu_408_p3  |    select|   0|  0|   8|           1|           1|
    |select_ln335_1_fu_556_p3    |    select|   0|  0|   9|           1|           9|
    |select_ln335_fu_491_p3      |    select|   0|  0|   9|           1|           9|
    |ap_enable_pp0               |       xor|   0|  0|   2|           1|           2|
    |xor_ln383_1_fu_502_p2       |       xor|   0|  0|   2|           1|           2|
    |xor_ln383_fu_425_p2         |       xor|   0|  0|   2|           1|           2|
    +----------------------------+----------+----+---+----+------------+------------+
    |Total                       |          |   0|  0| 240|         146|         106|
    +----------------------------+----------+----+---+----+------------+------------+

    * Multiplexer: 
    +----------------------------------+----+-----------+-----+-----------+
    |               Name               | LUT| Input Size| Bits| Total Bits|
    +----------------------------------+----+-----------+-----+-----------+
    |EXP_DECAY_LUT_address0_local      |  14|          3|    4|         12|
    |ap_NS_fsm                         |  14|          3|    1|          3|
    |ap_done_int                       |   9|          2|    1|          2|
    |ap_enable_reg_pp0_iter0           |   9|          2|    1|          2|
    |ap_enable_reg_pp0_iter1           |   9|          2|    1|          2|
    |ap_enable_reg_pp0_iter4           |   9|          2|    1|          2|
    |ap_loop_exit_ready_pp0_iter1_reg  |   9|          2|    1|          2|
    |ap_loop_exit_ready_pp0_iter2_reg  |   9|          2|    1|          2|
    |ap_loop_exit_ready_pp0_iter3_reg  |   9|          2|    1|          2|
    |ap_sig_allocacmp_j_1              |   9|          2|    9|         18|
    |j_fu_92                           |   9|          2|    9|         18|
    +----------------------------------+----+-----------+-----+-----------+
    |Total                             | 109|         24|   30|         65|
    +----------------------------------+----+-----------+-----+-----------+

    * Register: 
    +--------------------------------------------------+----+----+-----+-----------+
    |                       Name                       | FF | LUT| Bits| Const Bits|
    +--------------------------------------------------+----+----+-----+-----------+
    |ap_CS_fsm                                         |   2|   0|    2|          0|
    |ap_done_reg                                       |   1|   0|    1|          0|
    |ap_enable_reg_pp0_iter0_reg                       |   1|   0|    1|          0|
    |ap_enable_reg_pp0_iter1                           |   1|   0|    1|          0|
    |ap_enable_reg_pp0_iter2                           |   1|   0|    1|          0|
    |ap_enable_reg_pp0_iter3                           |   1|   0|    1|          0|
    |ap_enable_reg_pp0_iter4                           |   1|   0|    1|          0|
    |ap_loop_exit_ready_pp0_iter1_reg                  |   1|   0|    1|          0|
    |ap_loop_exit_ready_pp0_iter2_reg                  |   1|   0|    1|          0|
    |ap_loop_exit_ready_pp0_iter3_reg                  |   1|   0|    1|          0|
    |bit_sel1_reg_738                                  |   1|   0|    1|          0|
    |bit_sel_reg_704                                   |   1|   0|    1|          0|
    |current_w_1_reg_733                               |   8|   0|    8|          0|
    |current_w_reg_699                                 |   8|   0|    8|          0|
    |dt_1_reg_627                                      |  16|   0|   16|          0|
    |dt_reg_617                                        |  16|   0|   16|          0|
    |icmp_ln315_1_reg_689                              |   1|   0|    1|          0|
    |icmp_ln315_reg_647                                |   1|   0|    1|          0|
    |icmp_ln321_1_reg_632                              |   1|   0|    1|          0|
    |icmp_ln321_1_reg_632_pp0_iter1_reg                |   1|   0|    1|          0|
    |icmp_ln321_reg_622                                |   1|   0|    1|          0|
    |icmp_ln321_reg_622_pp0_iter1_reg                  |   1|   0|    1|          0|
    |icmp_ln376_1_reg_719                              |   1|   0|    1|          0|
    |icmp_ln376_1_reg_719_pp0_iter3_reg                |   1|   0|    1|          0|
    |icmp_ln376_reg_685                                |   1|   0|    1|          0|
    |icmp_ln376_reg_685_pp0_iter3_reg                  |   1|   0|    1|          0|
    |j_fu_92                                           |   9|   0|    9|          0|
    |lshr_ln9_reg_586                                  |   7|   0|    7|          0|
    |lshr_ln9_reg_586_pp0_iter1_reg                    |   7|   0|    7|          0|
    |mul_ln325_1_reg_694                               |  16|   0|   16|          0|
    |mul_ln325_reg_652                                 |  16|   0|   16|          0|
    |p_ZL13weight_memory_0_addr_reg_668                |  15|   0|   15|          0|
    |p_ZL13weight_memory_0_addr_reg_668_pp0_iter3_reg  |  15|   0|   15|          0|
    |p_ZL13weight_memory_1_addr_reg_674                |  15|   0|   15|          0|
    |p_ZL13weight_memory_1_addr_reg_674_pp0_iter3_reg  |  15|   0|   15|          0|
    |post_t_trace_1_reg_611                            |   8|   0|    8|          0|
    |post_t_trace_reg_657                              |   8|   0|    8|          0|
    |post_trace_val_1_reg_680                          |   8|   0|    8|          0|
    |post_trace_val_3_reg_714                          |   8|   0|    8|          0|
    |tmp_reg_582                                       |   1|   0|    1|          0|
    |trunc_ln337_1_reg_753                             |   8|   0|    8|          0|
    |trunc_ln337_reg_728                               |   8|   0|    8|          0|
    |trunc_ln383_1_reg_743                             |   7|   0|    7|          0|
    |trunc_ln383_reg_709                               |   7|   0|    7|          0|
    |w_1_reg_748                                       |  10|   0|   10|          0|
    |w_reg_723                                         |  10|   0|   10|          0|
    |zext_ln367_reg_591                                |   7|   0|   64|         57|
    |tmp_reg_582                                       |  64|  32|    1|          0|
    +--------------------------------------------------+----+----+-----+-----------+
    |Total                                             | 340|  32|  334|         57|
    +--------------------------------------------------+----+----+-----+-----------+



================================================================
== Interface
================================================================
* Summary: 
+----------------------------------------+-----+-----+------------+-----------------------------------------+--------------+
|                RTL Ports               | Dir | Bits|  Protocol  |              Source Object              |    C Type    |
+----------------------------------------+-----+-----+------------+-----------------------------------------+--------------+
|ap_clk                                  |   in|    1|  ap_ctrl_hs|  process_pre_spike_aer_Pipeline_LTD_LOOP|  return value|
|ap_rst                                  |   in|    1|  ap_ctrl_hs|  process_pre_spike_aer_Pipeline_LTD_LOOP|  return value|
|ap_start                                |   in|    1|  ap_ctrl_hs|  process_pre_spike_aer_Pipeline_LTD_LOOP|  return value|
|ap_done                                 |  out|    1|  ap_ctrl_hs|  process_pre_spike_aer_Pipeline_LTD_LOOP|  return value|
|ap_idle                                 |  out|    1|  ap_ctrl_hs|  process_pre_spike_aer_Pipeline_LTD_LOOP|  return value|
|ap_ready                                |  out|    1|  ap_ctrl_hs|  process_pre_spike_aer_Pipeline_LTD_LOOP|  return value|
|current_time                            |   in|   16|     ap_none|                             current_time|        scalar|
|pre_id                                  |   in|    8|     ap_none|                                   pre_id|        scalar|
|post_traces_trace_1_address0            |  out|    7|   ap_memory|                      post_traces_trace_1|         array|
|post_traces_trace_1_ce0                 |  out|    1|   ap_memory|                      post_traces_trace_1|         array|
|post_traces_trace_1_q0                  |   in|    8|   ap_memory|                      post_traces_trace_1|         array|
|post_traces_last_spike_time_1_address0  |  out|    7|   ap_memory|            post_traces_last_spike_time_1|         array|
|post_traces_last_spike_time_1_ce0       |  out|    1|   ap_memory|            post_traces_last_spike_time_1|         array|
|post_traces_last_spike_time_1_q0        |   in|   16|   ap_memory|            post_traces_last_spike_time_1|         array|
|post_traces_trace_0_address0            |  out|    7|   ap_memory|                      post_traces_trace_0|         array|
|post_traces_trace_0_ce0                 |  out|    1|   ap_memory|                      post_traces_trace_0|         array|
|post_traces_trace_0_q0                  |   in|    8|   ap_memory|                      post_traces_trace_0|         array|
|post_traces_last_spike_time_0_address0  |  out|    7|   ap_memory|            post_traces_last_spike_time_0|         array|
|post_traces_last_spike_time_0_ce0       |  out|    1|   ap_memory|            post_traces_last_spike_time_0|         array|
|post_traces_last_spike_time_0_q0        |   in|   16|   ap_memory|            post_traces_last_spike_time_0|         array|
|p_ZL13weight_memory_0_address0          |  out|   15|   ap_memory|                    p_ZL13weight_memory_0|         array|
|p_ZL13weight_memory_0_ce0               |  out|    1|   ap_memory|                    p_ZL13weight_memory_0|         array|
|p_ZL13weight_memory_0_q0                |   in|    8|   ap_memory|                    p_ZL13weight_memory_0|         array|
|p_ZL13weight_memory_0_address1          |  out|   15|   ap_memory|                    p_ZL13weight_memory_0|         array|
|p_ZL13weight_memory_0_ce1               |  out|    1|   ap_memory|                    p_ZL13weight_memory_0|         array|
|p_ZL13weight_memory_0_we1               |  out|    1|   ap_memory|                    p_ZL13weight_memory_0|         array|
|p_ZL13weight_memory_0_d1                |  out|    8|   ap_memory|                    p_ZL13weight_memory_0|         array|
|p_ZL13weight_memory_1_address0          |  out|   15|   ap_memory|                    p_ZL13weight_memory_1|         array|
|p_ZL13weight_memory_1_ce0               |  out|    1|   ap_memory|                    p_ZL13weight_memory_1|         array|
|p_ZL13weight_memory_1_q0                |   in|    8|   ap_memory|                    p_ZL13weight_memory_1|         array|
|p_ZL13weight_memory_1_address1          |  out|   15|   ap_memory|                    p_ZL13weight_memory_1|         array|
|p_ZL13weight_memory_1_ce1               |  out|    1|   ap_memory|                    p_ZL13weight_memory_1|         array|
|p_ZL13weight_memory_1_we1               |  out|    1|   ap_memory|                    p_ZL13weight_memory_1|         array|
|p_ZL13weight_memory_1_d1                |  out|    8|   ap_memory|                    p_ZL13weight_memory_1|         array|
+----------------------------------------+-----+-----+------------+-----------------------------------------+--------------+

