

================================================================
== Vitis HLS Report for 'process_pre_spike_aer'
================================================================
* Date:           Tue Feb 10 18:59:26 2026

* Version:        2025.2 (Build 6295257 on Nov 14 2025)
* Project:        hls_csim_output
* Solution:       hls (Vivado IP Flow Target)
* Product family: zynq
* Target device:  xc7z020-clg400-1


================================================================
== Performance Estimates
================================================================
+ Timing: 
    * Summary: 
    +--------+----------+----------+------------+
    |  Clock |  Target  | Estimated| Uncertainty|
    +--------+----------+----------+------------+
    |ap_clk  |  10.00 ns|  7.241 ns|     2.70 ns|
    +--------+----------+----------+------------+

+ Latency: 
    * Summary: 
    +---------+---------+----------+----------+-----+-----+---------+
    |  Latency (cycles) |  Latency (absolute) |  Interval | Pipeline|
    |   min   |   max   |    min   |    max   | min | max |   Type  |
    +---------+---------+----------+----------+-----+-----+---------+
    |      271|      271|  2.710 us|  2.710 us|  271|  271|       no|
    +---------+---------+----------+----------+-----+-----+---------+

    + Detail: 
        * Instance: 
        +----------------------------------------------------+-----------------------------------------+---------+---------+----------+----------+-----+-----+-------------------+
        |                                                    |                                         |  Latency (cycles) |  Latency (absolute) |  Interval |      Pipeline     |
        |                      Instance                      |                  Module                 |   min   |   max   |    min   |    max   | min | max |        Type       |
        +----------------------------------------------------+-----------------------------------------+---------+---------+----------+----------+-----+-----+-------------------+
        |grp_process_pre_spike_aer_Pipeline_LTD_LOOP_fu_161  |process_pre_spike_aer_Pipeline_LTD_LOOP  |      264|      264|  2.640 us|  2.640 us|    0|    0|  loop pipeline stp|
        +----------------------------------------------------+-----------------------------------------+---------+---------+----------+----------+-----+-----+-------------------+

        * Loop: 
        N/A



================================================================
== Utilization Estimates
================================================================
* Summary: 
+-----------------+---------+-----+--------+-------+-----+
|       Name      | BRAM_18K| DSP |   FF   |  LUT  | URAM|
+-----------------+---------+-----+--------+-------+-----+
|DSP              |        -|    -|       -|      -|    -|
|Expression       |        -|    -|       0|    106|    -|
|FIFO             |        -|    -|       -|      -|    -|
|Instance         |        0|    0|     348|    588|    -|
|Memory           |        -|    -|       -|      -|    -|
|Multiplexer      |        -|    -|       0|     48|    -|
|Register         |        -|    -|      79|      -|    -|
+-----------------+---------+-----+--------+-------+-----+
|Total            |        0|    0|     427|    742|    0|
+-----------------+---------+-----+--------+-------+-----+
|Available        |      280|  220|  106400|  53200|    0|
+-----------------+---------+-----+--------+-------+-----+
|Utilization (%)  |        0|    0|      ~0|      1|    0|
+-----------------+---------+-----+--------+-------+-----+

+ Detail: 
    * Instance: 
    +----------------------------------------------------+-----------------------------------------+---------+----+-----+-----+-----+
    |                      Instance                      |                  Module                 | BRAM_18K| DSP|  FF | LUT | URAM|
    +----------------------------------------------------+-----------------------------------------+---------+----+-----+-----+-----+
    |mul_8ns_8ns_16_1_1_U102                             |mul_8ns_8ns_16_1_1                       |        0|   0|    0|   41|    0|
    |grp_process_pre_spike_aer_Pipeline_LTD_LOOP_fu_161  |process_pre_spike_aer_Pipeline_LTD_LOOP  |        0|   0|  348|  547|    0|
    +----------------------------------------------------+-----------------------------------------+---------+----+-----+-----+-----+
    |Total                                               |                                         |        0|   0|  348|  588|    0|
    +----------------------------------------------------+-----------------------------------------+---------+----+-----+-----+-----+

    * DSP: 
    N/A

    * Memory: 
    N/A

    * FIFO: 
    N/A

    * Expression: 
    +-----------------------------------+----------+----+---+----+------------+------------+
    |           Variable Name           | Operation| DSP| FF| LUT| Bitwidth P0| Bitwidth P1|
    +-----------------------------------+----------+----+---+----+------------+------------+
    |new_trace_fu_287_p2                |         +|   0|  0|  14|           9|           8|
    |dt_fu_210_p2                       |         -|   0|  0|  23|          16|          16|
    |icmp_ln315_fu_243_p2               |      icmp|   0|  0|  15|           8|           1|
    |icmp_ln321_fu_225_p2               |      icmp|   0|  0|  12|          12|           1|
    |or_ln321_fu_270_p2                 |        or|   0|  0|   2|           1|           1|
    |decayed_pre_1_fu_275_p3            |    select|   0|  0|   8|           1|           1|
    |old_pre_last_spike_time_fu_203_p3  |    select|   0|  0|  16|           1|          16|
    |old_pre_trace_fu_236_p3            |    select|   0|  0|   8|           1|           8|
    |select_ln361_fu_305_p3             |    select|   0|  0|   8|           1|           2|
    +-----------------------------------+----------+----+---+----+------------+------------+
    |Total                              |          |   0|  0| 106|          50|          54|
    +-----------------------------------+----------+----+---+----+------------+------------+

    * Multiplexer: 
    +-----------+----+-----------+-----+-----------+
    |    Name   | LUT| Input Size| Bits| Total Bits|
    +-----------+----+-----------+-----+-----------+
    |ap_NS_fsm  |  48|          9|    1|          9|
    +-----------+----+-----------+-----+-----------+
    |Total      |  48|          9|    1|          9|
    +-----------+----+-----------+-----+-----------+

    * Register: 
    +-----------------------------------------------------------------+----+----+-----+-----------+
    |                               Name                              | FF | LUT| Bits| Const Bits|
    +-----------------------------------------------------------------+----+----+-----+-----------+
    |EXP_DECAY_LUT_load_reg_376                                       |   8|   0|    8|          0|
    |ap_CS_fsm                                                        |   8|   0|    8|          0|
    |grp_process_pre_spike_aer_Pipeline_LTD_LOOP_fu_161_ap_start_reg  |   1|   0|    1|          0|
    |icmp_ln321_reg_360                                               |   1|   0|    1|          0|
    |old_pre_last_spike_time_reg_348                                  |  16|   0|   16|          0|
    |old_pre_trace_reg_370                                            |   8|   0|    8|          0|
    |pre_traces_last_spike_time_0_addr_reg_336                        |   7|   0|    7|          0|
    |pre_traces_last_spike_time_1_addr_reg_342                        |   7|   0|    7|          0|
    |pre_traces_trace_0_addr_reg_324                                  |   7|   0|    7|          0|
    |pre_traces_trace_1_addr_reg_330                                  |   7|   0|    7|          0|
    |select_ln361_reg_381                                             |   8|   0|    8|          0|
    |trunc_ln356_reg_318                                              |   1|   0|    1|          0|
    +-----------------------------------------------------------------+----+----+-----+-----------+
    |Total                                                            |  79|   0|   79|          0|
    +-----------------------------------------------------------------+----+----+-----+-----------+



================================================================
== Interface
================================================================
* Summary: 
+----------------------------------------+-----+-----+------------+-------------------------------+--------------+
|                RTL Ports               | Dir | Bits|  Protocol  |         Source Object         |    C Type    |
+----------------------------------------+-----+-----+------------+-------------------------------+--------------+
|ap_clk                                  |   in|    1|  ap_ctrl_hs|          process_pre_spike_aer|  return value|
|ap_rst                                  |   in|    1|  ap_ctrl_hs|          process_pre_spike_aer|  return value|
|ap_start                                |   in|    1|  ap_ctrl_hs|          process_pre_spike_aer|  return value|
|ap_done                                 |  out|    1|  ap_ctrl_hs|          process_pre_spike_aer|  return value|
|ap_idle                                 |  out|    1|  ap_ctrl_hs|          process_pre_spike_aer|  return value|
|ap_ready                                |  out|    1|  ap_ctrl_hs|          process_pre_spike_aer|  return value|
|pre_id                                  |   in|    8|     ap_none|                         pre_id|        scalar|
|current_time                            |   in|   16|     ap_none|                   current_time|        scalar|
|pre_traces_trace_0_address0             |  out|    7|   ap_memory|             pre_traces_trace_0|         array|
|pre_traces_trace_0_ce0                  |  out|    1|   ap_memory|             pre_traces_trace_0|         array|
|pre_traces_trace_0_q0                   |   in|    8|   ap_memory|             pre_traces_trace_0|         array|
|pre_traces_trace_0_address1             |  out|    7|   ap_memory|             pre_traces_trace_0|         array|
|pre_traces_trace_0_ce1                  |  out|    1|   ap_memory|             pre_traces_trace_0|         array|
|pre_traces_trace_0_we1                  |  out|    1|   ap_memory|             pre_traces_trace_0|         array|
|pre_traces_trace_0_d1                   |  out|    8|   ap_memory|             pre_traces_trace_0|         array|
|pre_traces_trace_1_address0             |  out|    7|   ap_memory|             pre_traces_trace_1|         array|
|pre_traces_trace_1_ce0                  |  out|    1|   ap_memory|             pre_traces_trace_1|         array|
|pre_traces_trace_1_q0                   |   in|    8|   ap_memory|             pre_traces_trace_1|         array|
|pre_traces_trace_1_address1             |  out|    7|   ap_memory|             pre_traces_trace_1|         array|
|pre_traces_trace_1_ce1                  |  out|    1|   ap_memory|             pre_traces_trace_1|         array|
|pre_traces_trace_1_we1                  |  out|    1|   ap_memory|             pre_traces_trace_1|         array|
|pre_traces_trace_1_d1                   |  out|    8|   ap_memory|             pre_traces_trace_1|         array|
|pre_traces_last_spike_time_0_address0   |  out|    7|   ap_memory|   pre_traces_last_spike_time_0|         array|
|pre_traces_last_spike_time_0_ce0        |  out|    1|   ap_memory|   pre_traces_last_spike_time_0|         array|
|pre_traces_last_spike_time_0_q0         |   in|   16|   ap_memory|   pre_traces_last_spike_time_0|         array|
|pre_traces_last_spike_time_0_address1   |  out|    7|   ap_memory|   pre_traces_last_spike_time_0|         array|
|pre_traces_last_spike_time_0_ce1        |  out|    1|   ap_memory|   pre_traces_last_spike_time_0|         array|
|pre_traces_last_spike_time_0_we1        |  out|    1|   ap_memory|   pre_traces_last_spike_time_0|         array|
|pre_traces_last_spike_time_0_d1         |  out|   16|   ap_memory|   pre_traces_last_spike_time_0|         array|
|pre_traces_last_spike_time_1_address0   |  out|    7|   ap_memory|   pre_traces_last_spike_time_1|         array|
|pre_traces_last_spike_time_1_ce0        |  out|    1|   ap_memory|   pre_traces_last_spike_time_1|         array|
|pre_traces_last_spike_time_1_q0         |   in|   16|   ap_memory|   pre_traces_last_spike_time_1|         array|
|pre_traces_last_spike_time_1_address1   |  out|    7|   ap_memory|   pre_traces_last_spike_time_1|         array|
|pre_traces_last_spike_time_1_ce1        |  out|    1|   ap_memory|   pre_traces_last_spike_time_1|         array|
|pre_traces_last_spike_time_1_we1        |  out|    1|   ap_memory|   pre_traces_last_spike_time_1|         array|
|pre_traces_last_spike_time_1_d1         |  out|   16|   ap_memory|   pre_traces_last_spike_time_1|         array|
|EXP_DECAY_LUT_address0                  |  out|    4|   ap_memory|                  EXP_DECAY_LUT|         array|
|EXP_DECAY_LUT_ce0                       |  out|    1|   ap_memory|                  EXP_DECAY_LUT|         array|
|EXP_DECAY_LUT_q0                        |   in|    8|   ap_memory|                  EXP_DECAY_LUT|         array|
|post_traces_trace_1_address0            |  out|    7|   ap_memory|            post_traces_trace_1|         array|
|post_traces_trace_1_ce0                 |  out|    1|   ap_memory|            post_traces_trace_1|         array|
|post_traces_trace_1_q0                  |   in|    8|   ap_memory|            post_traces_trace_1|         array|
|post_traces_last_spike_time_1_address0  |  out|    7|   ap_memory|  post_traces_last_spike_time_1|         array|
|post_traces_last_spike_time_1_ce0       |  out|    1|   ap_memory|  post_traces_last_spike_time_1|         array|
|post_traces_last_spike_time_1_q0        |   in|   16|   ap_memory|  post_traces_last_spike_time_1|         array|
|post_traces_trace_0_address0            |  out|    7|   ap_memory|            post_traces_trace_0|         array|
|post_traces_trace_0_ce0                 |  out|    1|   ap_memory|            post_traces_trace_0|         array|
|post_traces_trace_0_q0                  |   in|    8|   ap_memory|            post_traces_trace_0|         array|
|post_traces_last_spike_time_0_address0  |  out|    7|   ap_memory|  post_traces_last_spike_time_0|         array|
|post_traces_last_spike_time_0_ce0       |  out|    1|   ap_memory|  post_traces_last_spike_time_0|         array|
|post_traces_last_spike_time_0_q0        |   in|   16|   ap_memory|  post_traces_last_spike_time_0|         array|
|p_ZL13weight_memory_0_address0          |  out|   15|   ap_memory|          p_ZL13weight_memory_0|         array|
|p_ZL13weight_memory_0_ce0               |  out|    1|   ap_memory|          p_ZL13weight_memory_0|         array|
|p_ZL13weight_memory_0_q0                |   in|    8|   ap_memory|          p_ZL13weight_memory_0|         array|
|p_ZL13weight_memory_0_address1          |  out|   15|   ap_memory|          p_ZL13weight_memory_0|         array|
|p_ZL13weight_memory_0_ce1               |  out|    1|   ap_memory|          p_ZL13weight_memory_0|         array|
|p_ZL13weight_memory_0_we1               |  out|    1|   ap_memory|          p_ZL13weight_memory_0|         array|
|p_ZL13weight_memory_0_d1                |  out|    8|   ap_memory|          p_ZL13weight_memory_0|         array|
|p_ZL13weight_memory_1_address0          |  out|   15|   ap_memory|          p_ZL13weight_memory_1|         array|
|p_ZL13weight_memory_1_ce0               |  out|    1|   ap_memory|          p_ZL13weight_memory_1|         array|
|p_ZL13weight_memory_1_q0                |   in|    8|   ap_memory|          p_ZL13weight_memory_1|         array|
|p_ZL13weight_memory_1_address1          |  out|   15|   ap_memory|          p_ZL13weight_memory_1|         array|
|p_ZL13weight_memory_1_ce1               |  out|    1|   ap_memory|          p_ZL13weight_memory_1|         array|
|p_ZL13weight_memory_1_we1               |  out|    1|   ap_memory|          p_ZL13weight_memory_1|         array|
|p_ZL13weight_memory_1_d1                |  out|    8|   ap_memory|          p_ZL13weight_memory_1|         array|
+----------------------------------------+-----+-----+------------+-------------------------------+--------------+

