

================================================================
== Vitis HLS Report for 'run_encoder_once_Pipeline_ENCODER_LOOP'
================================================================
* Date:           Tue Feb 10 18:59:26 2026

* Version:        2025.2 (Build 6295257 on Nov 14 2025)
* Project:        hls_csim_output
* Solution:       hls (Vivado IP Flow Target)
* Product family: zynq
* Target device:  xc7z020-clg400-1


================================================================
== Performance Estimates
================================================================
+ Timing: 
    * Summary: 
    +--------+----------+----------+------------+
    |  Clock |  Target  | Estimated| Uncertainty|
    +--------+----------+----------+------------+
    |ap_clk  |  10.00 ns|  7.036 ns|     2.70 ns|
    +--------+----------+----------+------------+

+ Latency: 
    * Summary: 
    +---------+---------+-----------+-----------+-----+-----+-------------------+
    |  Latency (cycles) |   Latency (absolute)  |  Interval |      Pipeline     |
    |   min   |   max   |    min    |    max    | min | max |        Type       |
    +---------+---------+-----------+-----------+-----+-----+-------------------+
    |     1574|     1574|  15.740 us|  15.740 us|    0|    0|  loop pipeline stp|
    +---------+---------+-----------+-----------+-----+-----+-------------------+

    + Detail: 
        * Instance: 
        N/A

        * Loop: 
        +----------------+---------+---------+----------+-----------+-----------+------+----------+
        |                |  Latency (cycles) | Iteration|  Initiation Interval  | Trip |          |
        |    Loop Name   |   min   |   max   |  Latency |  achieved |   target  | Count| Pipelined|
        +----------------+---------+---------+----------+-----------+-----------+------+----------+
        |- ENCODER_LOOP  |     1572|     1572|         9|          4|          1|   392|       yes|
        +----------------+---------+---------+----------+-----------+-----------+------+----------+



================================================================
== Utilization Estimates
================================================================
* Summary: 
+-----------------+---------+-----+--------+-------+-----+
|       Name      | BRAM_18K| DSP |   FF   |  LUT  | URAM|
+-----------------+---------+-----+--------+-------+-----+
|DSP              |        -|    -|       -|      -|    -|
|Expression       |        -|    -|       0|   1825|    -|
|FIFO             |        -|    -|       -|      -|    -|
|Instance         |        -|   12|       0|     72|    -|
|Memory           |        -|    -|       -|      -|    -|
|Multiplexer      |        -|    -|       0|    599|    -|
|Register         |        -|    -|    1044|      -|    -|
+-----------------+---------+-----+--------+-------+-----+
|Total            |        0|   12|    1044|   2496|    0|
+-----------------+---------+-----+--------+-------+-----+
|Available        |      280|  220|  106400|  53200|    0|
+-----------------+---------+-----+--------+-------+-----+
|Utilization (%)  |        0|    5|      ~0|      4|    0|
+-----------------+---------+-----+--------+-------+-----+

+ Detail: 
    * Instance: 
    +-------------------------+---------------------+---------+----+---+----+-----+
    |         Instance        |        Module       | BRAM_18K| DSP| FF| LUT| URAM|
    +-------------------------+---------------------+---------+----+---+----+-----+
    |mul_16ns_8ns_24_1_1_U31  |mul_16ns_8ns_24_1_1  |        0|   1|  0|   6|    0|
    |mul_16ns_8ns_24_1_1_U34  |mul_16ns_8ns_24_1_1  |        0|   1|  0|   6|    0|
    |mul_16ns_8ns_24_1_1_U35  |mul_16ns_8ns_24_1_1  |        0|   1|  0|   6|    0|
    |mul_16ns_8ns_24_1_1_U36  |mul_16ns_8ns_24_1_1  |        0|   1|  0|   6|    0|
    |mul_16ns_8ns_24_1_1_U39  |mul_16ns_8ns_24_1_1  |        0|   1|  0|   6|    0|
    |mul_16ns_8ns_24_1_1_U40  |mul_16ns_8ns_24_1_1  |        0|   1|  0|   6|    0|
    |mul_8ns_16ns_24_1_1_U32  |mul_8ns_16ns_24_1_1  |        0|   1|  0|   6|    0|
    |mul_8ns_16ns_24_1_1_U33  |mul_8ns_16ns_24_1_1  |        0|   1|  0|   6|    0|
    |mul_8ns_16ns_24_1_1_U37  |mul_8ns_16ns_24_1_1  |        0|   1|  0|   6|    0|
    |mul_8ns_16ns_24_1_1_U38  |mul_8ns_16ns_24_1_1  |        0|   1|  0|   6|    0|
    |mul_8ns_16ns_24_1_1_U41  |mul_8ns_16ns_24_1_1  |        0|   1|  0|   6|    0|
    |mul_8ns_16ns_24_1_1_U42  |mul_8ns_16ns_24_1_1  |        0|   1|  0|   6|    0|
    +-------------------------+---------------------+---------+----+---+----+-----+
    |Total                    |                     |        0|  12|  0|  72|    0|
    +-------------------------+---------------------+---------+----+---+----+-----+

    * DSP: 
    N/A

    * Memory: 
    N/A

    * FIFO: 
    N/A

    * Expression: 
    +---------------------------------------+----------+----+---+----+------------+------------+
    |             Variable Name             | Operation| DSP| FF| LUT| Bitwidth P0| Bitwidth P1|
    +---------------------------------------+----------+----+---+----+------------+------------+
    |add_ln137_1_fu_1292_p2                 |         +|   0|  0|  40|          33|          33|
    |add_ln137_2_fu_1068_p2                 |         +|   0|  0|  40|          33|          33|
    |add_ln137_3_fu_1224_p2                 |         +|   0|  0|  40|          33|          33|
    |add_ln137_4_fu_1353_p2                 |         +|   0|  0|  40|          33|          33|
    |add_ln137_5_fu_1237_p2                 |         +|   0|  0|  40|          33|          33|
    |add_ln137_fu_1051_p2                   |         +|   0|  0|  40|          33|          33|
    |add_ln155_1_fu_1301_p2                 |         +|   0|  0|  23|          16|          16|
    |add_ln155_2_fu_1341_p2                 |         +|   0|  0|  23|          16|          16|
    |add_ln155_3_fu_941_p2                  |         +|   0|  0|  23|          16|          16|
    |add_ln155_4_fu_1362_p2                 |         +|   0|  0|  23|          16|          16|
    |add_ln155_5_fu_950_p2                  |         +|   0|  0|  23|          16|          16|
    |add_ln155_fu_1310_p2                   |         +|   0|  0|  23|          16|          16|
    |ch_3_fu_1275_p2                        |         +|   0|  0|  13|          10|           2|
    |grp_fu_575_p2                          |         +|   0|  0|  39|          32|           1|
    |sub_ln159_1_fu_1522_p2                 |         -|   0|  0|  23|          16|          16|
    |sub_ln159_2_fu_1627_p2                 |         -|   0|  0|  23|          16|          16|
    |sub_ln159_3_fu_1247_p2                 |         -|   0|  0|  23|          16|          16|
    |sub_ln159_4_fu_1652_p2                 |         -|   0|  0|  23|          16|          16|
    |sub_ln159_5_fu_1263_p2                 |         -|   0|  0|  23|          16|          16|
    |sub_ln159_fu_1320_p2                   |         -|   0|  0|  23|          16|          16|
    |sub_ln165_1_fu_1730_p2                 |         -|   0|  0|  23|          16|          16|
    |sub_ln165_2_fu_1818_p2                 |         -|   0|  0|  23|          16|          16|
    |sub_ln165_3_fu_1494_p2                 |         -|   0|  0|  23|          16|          16|
    |sub_ln165_4_fu_1892_p2                 |         -|   0|  0|  23|          16|          16|
    |sub_ln165_5_fu_1503_p2                 |         -|   0|  0|  23|          16|          16|
    |sub_ln165_fu_1787_p2                   |         -|   0|  0|  23|          16|          16|
    |sub_ln66_1_fu_708_p2                   |         -|   0|  0|  15|           8|           8|
    |sub_ln66_fu_668_p2                     |         -|   0|  0|  15|           8|           8|
    |sub_ln70_1_fu_713_p2                   |         -|   0|  0|  15|           8|           8|
    |sub_ln70_fu_673_p2                     |         -|   0|  0|  15|           8|           8|
    |ap_block_pp0_stage0_01001_grp4         |       and|   0|  0|   2|           1|           1|
    |ap_block_pp0_stage1_01001_grp1         |       and|   0|  0|   2|           1|           1|
    |ap_block_pp0_stage2_01001_grp2         |       and|   0|  0|   2|           1|           1|
    |ap_block_pp0_stage3_01001_grp3         |       and|   0|  0|   2|           1|           1|
    |ap_predicate_op402_write_state6        |       and|   0|  0|   2|           1|           1|
    |ap_predicate_op413_write_state6        |       and|   0|  0|   2|           1|           1|
    |ap_predicate_op440_write_state7        |       and|   0|  0|   2|           1|           1|
    |ap_predicate_op448_write_state7        |       and|   0|  0|   2|           1|           1|
    |ap_predicate_op471_write_state7        |       and|   0|  0|   2|           1|           1|
    |ap_predicate_op484_write_state7        |       and|   0|  0|   2|           1|           1|
    |ap_predicate_op533_write_state8        |       and|   0|  0|   2|           1|           1|
    |ap_predicate_op543_write_state8        |       and|   0|  0|   2|           1|           1|
    |ap_predicate_op559_write_state9        |       and|   0|  0|   2|           1|           1|
    |ap_predicate_op567_write_state9        |       and|   0|  0|   2|           1|           1|
    |ap_predicate_op587_write_state9        |       and|   0|  0|   2|           1|           1|
    |ap_predicate_op597_write_state9        |       and|   0|  0|   2|           1|           1|
    |ap_predicate_pred1189_state3           |       and|   0|  0|   2|           1|           1|
    |ap_predicate_pred1267_state3           |       and|   0|  0|   2|           1|           1|
    |ap_predicate_pred1357_state5           |       and|   0|  0|   2|           1|           1|
    |ap_predicate_pred1364_state6           |       and|   0|  0|   2|           1|           1|
    |ap_predicate_pred1413_state6           |       and|   0|  0|   2|           1|           1|
    |ap_predicate_pred283_state5            |       and|   0|  0|   2|           1|           1|
    |ap_predicate_pred287_state7            |       and|   0|  0|   2|           1|           1|
    |ap_predicate_pred340_state7            |       and|   0|  0|   2|           1|           1|
    |ap_predicate_pred372_state7            |       and|   0|  0|   2|           1|           1|
    |ap_predicate_pred792_state3            |       and|   0|  0|   2|           1|           1|
    |ap_predicate_pred807_state4            |       and|   0|  0|   2|           1|           1|
    |ap_predicate_pred811_state4            |       and|   0|  0|   2|           1|           1|
    |ap_predicate_pred844_state3            |       and|   0|  0|   2|           1|           1|
    |ap_predicate_pred884_state3            |       and|   0|  0|   2|           1|           1|
    |ap_predicate_pred903_state5            |       and|   0|  0|   2|           1|           1|
    |ap_predicate_pred911_state4            |       and|   0|  0|   2|           1|           1|
    |ap_predicate_pred916_state4            |       and|   0|  0|   2|           1|           1|
    |icmp_ln110_1_fu_1040_p2                |      icmp|   0|  0|  23|          16|          16|
    |icmp_ln110_2_fu_1188_p2                |      icmp|   0|  0|  23|          16|          16|
    |icmp_ln110_3_fu_1422_p2                |      icmp|   0|  0|  23|          16|          16|
    |icmp_ln110_4_fu_1883_p2                |      icmp|   0|  0|  23|          16|          16|
    |icmp_ln110_5_fu_1485_p2                |      icmp|   0|  0|  23|          16|          16|
    |icmp_ln110_fu_1125_p2                  |      icmp|   0|  0|  23|          16|          16|
    |icmp_ln137_1_fu_1508_p2                |      icmp|   0|  0|  40|          33|          33|
    |icmp_ln137_2_fu_1074_p2                |      icmp|   0|  0|  40|          33|          33|
    |icmp_ln137_3_fu_1368_p2                |      icmp|   0|  0|  40|          33|          33|
    |icmp_ln137_4_fu_1644_p2                |      icmp|   0|  0|  40|          33|          33|
    |icmp_ln137_5_fu_1372_p2                |      icmp|   0|  0|  40|          33|          33|
    |icmp_ln137_fu_1057_p2                  |      icmp|   0|  0|  40|          33|          33|
    |icmp_ln158_1_fu_1518_p2                |      icmp|   0|  0|  23|          16|          16|
    |icmp_ln158_2_fu_1623_p2                |      icmp|   0|  0|  23|          16|          16|
    |icmp_ln158_3_fu_1243_p2                |      icmp|   0|  0|  23|          16|          16|
    |icmp_ln158_4_fu_1648_p2                |      icmp|   0|  0|  23|          16|          16|
    |icmp_ln158_5_fu_1259_p2                |      icmp|   0|  0|  23|          16|          16|
    |icmp_ln158_fu_1315_p2                  |      icmp|   0|  0|  23|          16|          16|
    |icmp_ln163_1_fu_1534_p2                |      icmp|   0|  0|  23|          16|          16|
    |icmp_ln163_2_fu_1639_p2                |      icmp|   0|  0|  23|          16|          16|
    |icmp_ln163_3_fu_1490_p2                |      icmp|   0|  0|  23|          16|          16|
    |icmp_ln163_4_fu_1888_p2                |      icmp|   0|  0|  23|          16|          16|
    |icmp_ln163_5_fu_1499_p2                |      icmp|   0|  0|  23|          16|          16|
    |icmp_ln163_fu_1333_p2                  |      icmp|   0|  0|  23|          16|          16|
    |icmp_ln192_fu_601_p2                   |      icmp|   0|  0|  13|          10|           9|
    |icmp_ln194_1_fu_657_p2                 |      icmp|   0|  0|  23|          16|          16|
    |icmp_ln194_fu_639_p2                   |      icmp|   0|  0|  23|          16|          16|
    |icmp_ln65_1_fu_703_p2                  |      icmp|   0|  0|  15|           8|           8|
    |icmp_ln65_fu_663_p2                    |      icmp|   0|  0|  15|           8|           8|
    |ap_block_state6_pp0_stage1_iter1_grp1  |        or|   0|  0|   2|           1|           1|
    |ap_block_state7_pp0_stage2_iter1_grp2  |        or|   0|  0|   2|           1|           1|
    |ap_block_state8_pp0_stage3_iter1_grp3  |        or|   0|  0|   2|           1|           1|
    |ap_block_state9_pp0_stage0_iter2_grp4  |        or|   0|  0|   2|           1|           1|
    |ap_predicate_op388_write_state6        |        or|   0|  0|   2|           1|           1|
    |ap_predicate_op435_write_state7        |        or|   0|  0|   2|           1|           1|
    |ap_predicate_op461_write_state7        |        or|   0|  0|   2|           1|           1|
    |ap_predicate_op523_write_state8        |        or|   0|  0|   2|           1|           1|
    |ap_predicate_op551_write_state9        |        or|   0|  0|   2|           1|           1|
    |ap_predicate_op577_write_state9        |        or|   0|  0|   2|           1|           1|
    |ap_predicate_pred1245_state6           |        or|   0|  0|   2|           1|           1|
    |ap_predicate_pred1302_state6           |        or|   0|  0|   2|           1|           1|
    |ap_predicate_pred2187_state4           |        or|   0|  0|   2|           1|           1|
    |ap_predicate_pred2197_state4           |        or|   0|  0|   2|           1|           1|
    |ap_predicate_pred2260_state5           |        or|   0|  0|   2|           1|           1|
    |ap_predicate_pred2265_state5           |        or|   0|  0|   2|           1|           1|
    |ap_predicate_pred2295_state6           |        or|   0|  0|   2|           1|           1|
    |ap_predicate_pred2328_state6           |        or|   0|  0|   2|           1|           1|
    |off_val_1_fu_726_p3                    |    select|   0|  0|   8|           1|           1|
    |off_val_fu_686_p3                      |    select|   0|  0|   8|           1|           1|
    |on_val_1_fu_718_p3                     |    select|   0|  0|   8|           1|           8|
    |on_val_fu_678_p3                       |    select|   0|  0|   8|           1|           8|
    |select_ln158_1_fu_1526_p3              |    select|   0|  0|  16|           1|          16|
    |select_ln158_2_fu_1631_p3              |    select|   0|  0|  16|           1|          16|
    |select_ln158_3_fu_1251_p3              |    select|   0|  0|  16|           1|          16|
    |select_ln158_4_fu_1656_p3              |    select|   0|  0|  16|           1|          16|
    |select_ln158_5_fu_1267_p3              |    select|   0|  0|  16|           1|          16|
    |select_ln158_fu_1325_p3                |    select|   0|  0|  16|           1|          16|
    |ap_enable_pp0                          |       xor|   0|  0|   2|           1|           2|
    |xor_ln136_1_fu_956_p2                  |       xor|   0|  0|   8|           8|           2|
    |xor_ln136_2_fu_776_p2                  |       xor|   0|  0|   8|           8|           2|
    |xor_ln136_3_fu_854_p2                  |       xor|   0|  0|   8|           8|           2|
    |xor_ln136_4_fu_1193_p2                 |       xor|   0|  0|   8|           8|           2|
    |xor_ln136_5_fu_878_p2                  |       xor|   0|  0|   8|           8|           2|
    |xor_ln136_fu_752_p2                    |       xor|   0|  0|   8|           8|           2|
    |xor_ln42_10_fu_1154_p2                 |       xor|   0|  0|   2|           1|           1|
    |xor_ln42_11_fu_1160_p2                 |       xor|   0|  0|   2|           1|           1|
    |xor_ln42_12_fu_1396_p2                 |       xor|   0|  0|   2|           1|           1|
    |xor_ln42_13_fu_1402_p2                 |       xor|   0|  0|   2|           1|           1|
    |xor_ln42_14_fu_1851_p2                 |       xor|   0|  0|   2|           1|           1|
    |xor_ln42_15_fu_1857_p2                 |       xor|   0|  0|   2|           1|           1|
    |xor_ln42_16_fu_1451_p2                 |       xor|   0|  0|   2|           1|           1|
    |xor_ln42_17_fu_1457_p2                 |       xor|   0|  0|   2|           1|           1|
    |xor_ln42_1_fu_1020_p2                  |       xor|   0|  0|   2|           1|           1|
    |xor_ln42_2_fu_1166_p2                  |       xor|   0|  0|   2|           1|           1|
    |xor_ln42_3_fu_1408_p2                  |       xor|   0|  0|   2|           1|           1|
    |xor_ln42_4_fu_1863_p2                  |       xor|   0|  0|   2|           1|           1|
    |xor_ln42_5_fu_1463_p2                  |       xor|   0|  0|   2|           1|           1|
    |xor_ln42_6_fu_1105_p2                  |       xor|   0|  0|   2|           1|           1|
    |xor_ln42_7_fu_1099_p2                  |       xor|   0|  0|   2|           1|           1|
    |xor_ln42_8_fu_1008_p2                  |       xor|   0|  0|   2|           1|           1|
    |xor_ln42_9_fu_1014_p2                  |       xor|   0|  0|   2|           1|           1|
    |xor_ln42_fu_1111_p2                    |       xor|   0|  0|   2|           1|           1|
    +---------------------------------------+----------+----+---+----+------------+------------+
    |Total                                  |          |   0|  0|1825|        1232|        1261|
    +---------------------------------------+----------+----+---+----+------------+------------+

    * Multiplexer: 
    +-----------------------------------------------+----+-----------+-----+-----------+
    |                      Name                     | LUT| Input Size| Bits| Total Bits|
    +-----------------------------------------------+----+-----------+-----+-----------+
    |ap_NS_fsm                                      |  25|          5|    1|          5|
    |ap_done_int                                    |   9|          2|    1|          2|
    |ap_enable_reg_pp0_iter0                        |   9|          2|    1|          2|
    |ap_enable_reg_pp0_iter1                        |   9|          2|    1|          2|
    |ap_enable_reg_pp0_iter2                        |   9|          2|    1|          2|
    |ap_loop_exit_ready_pp0_iter1_reg               |   9|          2|    1|          2|
    |ap_sig_allocacmp_ch_2                          |   9|          2|   10|         20|
    |ch_fu_156                                      |   9|          2|   10|         20|
    |encoder_spike_counter_o                        |   9|          2|   32|         64|
    |encoder_spikes_blk_n                           |   9|          2|    1|          2|
    |encoder_spikes_din                             |  93|         19|   41|        779|
    |lfsr                                           |  20|          4|   16|         64|
    |p_ZL17encoder_phase_acc_0_address0_local       |  20|          4|    9|         36|
    |p_ZL17encoder_phase_acc_0_address1_local       |  20|          4|    9|         36|
    |p_ZL17encoder_phase_acc_0_d1_local             |  37|          7|   16|        112|
    |p_ZL17encoder_phase_acc_1_address0_local       |  20|          4|    9|         36|
    |p_ZL17encoder_phase_acc_1_address1_local       |  20|          4|    9|         36|
    |p_ZL17encoder_phase_acc_1_d1_local             |  37|          7|   16|        112|
    |p_ZL22encoder_temporal_fired_0_address0_local  |  14|          3|    9|         27|
    |p_ZL22encoder_temporal_fired_0_address1_local  |  31|          6|    9|         54|
    |p_ZL22encoder_temporal_fired_0_d1_local        |  14|          3|    1|          3|
    |p_ZL22encoder_temporal_fired_1_address0_local  |  14|          3|    9|         27|
    |p_ZL22encoder_temporal_fired_1_address1_local  |  31|          6|    9|         54|
    |p_ZL22encoder_temporal_fired_1_d1_local        |  14|          3|    1|          3|
    |p_ZL22encoder_temporal_start_0_address0_local  |  20|          4|    9|         36|
    |p_ZL22encoder_temporal_start_0_address1_local  |  20|          4|    9|         36|
    |p_ZL22encoder_temporal_start_0_d1_local        |  14|          3|   32|         96|
    |p_ZL22encoder_temporal_start_1_address0_local  |  20|          4|    9|         36|
    |p_ZL22encoder_temporal_start_1_address1_local  |  20|          4|    9|         36|
    |p_ZL22encoder_temporal_start_1_d1_local        |  14|          3|   32|         96|
    +-----------------------------------------------+----+-----------+-----+-----------+
    |Total                                          | 599|        122|  322|       1836|
    +-----------------------------------------------+----+-----------+-----+-----------+

    * Register: 
    +--------------------------------------------------------------+----+----+-----+-----------+
    |                             Name                             | FF | LUT| Bits| Const Bits|
    +--------------------------------------------------------------+----+----+-----+-----------+
    |add_ln137_1_reg_2645                                          |  33|   0|   33|          0|
    |add_ln137_3_reg_2623                                          |  33|   0|   33|          0|
    |add_ln137_4_reg_2674                                          |  33|   0|   33|          0|
    |add_ln137_5_reg_2628                                          |  33|   0|   33|          0|
    |add_ln155_1_reg_2650                                          |  16|   0|   16|          0|
    |add_ln155_2_reg_2667                                          |  16|   0|   16|          0|
    |add_ln155_3_reg_2549                                          |  16|   0|   16|          0|
    |add_ln155_4_reg_2679                                          |  16|   0|   16|          0|
    |add_ln155_5_reg_2556                                          |  16|   0|   16|          0|
    |ap_CS_fsm                                                     |   4|   0|    4|          0|
    |ap_block_pp0_stage0_subdone_grp0_done_reg                     |   1|   0|    1|          0|
    |ap_block_pp0_stage1_subdone_grp0_done_reg                     |   1|   0|    1|          0|
    |ap_block_pp0_stage2_subdone_grp0_done_reg                     |   1|   0|    1|          0|
    |ap_block_pp0_stage3_subdone_grp0_done_reg                     |   1|   0|    1|          0|
    |ap_done_reg                                                   |   1|   0|    1|          0|
    |ap_enable_reg_pp0_iter0_reg                                   |   1|   0|    1|          0|
    |ap_enable_reg_pp0_iter1                                       |   1|   0|    1|          0|
    |ap_enable_reg_pp0_iter2                                       |   1|   0|    1|          0|
    |ap_loop_exit_ready_pp0_iter1_reg                              |   1|   0|    1|          0|
    |ap_predicate_pred1189_state3                                  |   1|   0|    1|          0|
    |ap_predicate_pred1245_state6                                  |   1|   0|    1|          0|
    |ap_predicate_pred1267_state3                                  |   1|   0|    1|          0|
    |ap_predicate_pred1302_state6                                  |   1|   0|    1|          0|
    |ap_predicate_pred1357_state5                                  |   1|   0|    1|          0|
    |ap_predicate_pred1364_state6                                  |   1|   0|    1|          0|
    |ap_predicate_pred1413_state6                                  |   1|   0|    1|          0|
    |ap_predicate_pred2187_state4                                  |   1|   0|    1|          0|
    |ap_predicate_pred2197_state4                                  |   1|   0|    1|          0|
    |ap_predicate_pred2260_state5                                  |   1|   0|    1|          0|
    |ap_predicate_pred2265_state5                                  |   1|   0|    1|          0|
    |ap_predicate_pred2295_state6                                  |   1|   0|    1|          0|
    |ap_predicate_pred2328_state6                                  |   1|   0|    1|          0|
    |ap_predicate_pred283_state5                                   |   1|   0|    1|          0|
    |ap_predicate_pred283_state6                                   |   1|   0|    1|          0|
    |ap_predicate_pred287_state7                                   |   1|   0|    1|          0|
    |ap_predicate_pred340_state7                                   |   1|   0|    1|          0|
    |ap_predicate_pred372_state7                                   |   1|   0|    1|          0|
    |ap_predicate_pred792_state3                                   |   1|   0|    1|          0|
    |ap_predicate_pred807_state4                                   |   1|   0|    1|          0|
    |ap_predicate_pred811_state4                                   |   1|   0|    1|          0|
    |ap_predicate_pred844_state3                                   |   1|   0|    1|          0|
    |ap_predicate_pred884_state3                                   |   1|   0|    1|          0|
    |ap_predicate_pred903_state5                                   |   1|   0|    1|          0|
    |ap_predicate_pred911_state4                                   |   1|   0|    1|          0|
    |ap_predicate_pred916_state4                                   |   1|   0|    1|          0|
    |ch_2_reg_2277                                                 |  10|   0|   10|          0|
    |ch_2_reg_2277_pp0_iter1_reg                                   |  10|   0|   10|          0|
    |ch_fu_156                                                     |  10|   0|   10|          0|
    |icmp_ln110_1_reg_2577                                         |   1|   0|    1|          0|
    |icmp_ln110_2_reg_2599                                         |   1|   0|    1|          0|
    |icmp_ln110_3_reg_2694                                         |   1|   0|    1|          0|
    |icmp_ln110_4_reg_2779                                         |   1|   0|    1|          0|
    |icmp_ln110_5_reg_2698                                         |   1|   0|    1|          0|
    |icmp_ln110_reg_2595                                           |   1|   0|    1|          0|
    |icmp_ln137_1_reg_2710                                         |   1|   0|    1|          0|
    |icmp_ln137_2_reg_2591                                         |   1|   0|    1|          0|
    |icmp_ln137_3_reg_2686                                         |   1|   0|    1|          0|
    |icmp_ln137_4_reg_2760                                         |   1|   0|    1|          0|
    |icmp_ln137_5_reg_2690                                         |   1|   0|    1|          0|
    |icmp_ln137_reg_2587                                           |   1|   0|    1|          0|
    |icmp_ln163_1_reg_2727                                         |   1|   0|    1|          0|
    |icmp_ln163_2_reg_2756                                         |   1|   0|    1|          0|
    |icmp_ln163_3_reg_2702                                         |   1|   0|    1|          0|
    |icmp_ln163_4_reg_2783                                         |   1|   0|    1|          0|
    |icmp_ln163_5_reg_2706                                         |   1|   0|    1|          0|
    |icmp_ln163_reg_2663                                           |   1|   0|    1|          0|
    |icmp_ln192_reg_2287                                           |   1|   0|    1|          0|
    |icmp_ln194_1_reg_2352                                         |   1|   0|    1|          0|
    |icmp_ln194_1_reg_2352_pp0_iter1_reg                           |   1|   0|    1|          0|
    |icmp_ln194_reg_2314                                           |   1|   0|    1|          0|
    |icmp_ln194_reg_2314_pp0_iter1_reg                             |   1|   0|    1|          0|
    |input_reg_2361                                                |   8|   0|    8|          0|
    |lfsr                                                          |  16|   0|   16|          0|
    |lshr_ln_reg_2297                                              |   9|   0|    9|          0|
    |lshr_ln_reg_2297_pp0_iter1_reg                                |   9|   0|    9|          0|
    |off_val_1_reg_2430                                            |   8|   0|    8|          0|
    |off_val_reg_2375                                              |   8|   0|    8|          0|
    |on_val_1_reg_2423                                             |   8|   0|    8|          0|
    |on_val_reg_2368                                               |   8|   0|    8|          0|
    |or_ln_reg_2347                                                |   9|   0|   10|          1|
    |p_ZL17encoder_phase_acc_0_addr_1_reg_2581                     |   9|   0|    9|          0|
    |p_ZL17encoder_phase_acc_0_addr_2_reg_2449                     |   8|   0|    9|          1|
    |p_ZL17encoder_phase_acc_0_addr_reg_2335                       |   9|   0|    9|          0|
    |p_ZL17encoder_phase_acc_0_addr_reg_2335_pp0_iter1_reg         |   9|   0|    9|          0|
    |p_ZL17encoder_phase_acc_0_load_reg_2400                       |  16|   0|   16|          0|
    |p_ZL17encoder_phase_acc_1_addr_1_reg_2617                     |   9|   0|    9|          0|
    |p_ZL17encoder_phase_acc_1_addr_2_reg_2455                     |   8|   0|    9|          1|
    |p_ZL17encoder_phase_acc_1_addr_reg_2341                       |   9|   0|    9|          0|
    |p_ZL17encoder_phase_acc_1_addr_reg_2341_pp0_iter1_reg         |   9|   0|    9|          0|
    |p_ZL17encoder_phase_acc_1_load_reg_2405                       |  16|   0|   16|          0|
    |p_ZL22encoder_temporal_fired_0_addr_1_reg_2461                |   9|   0|    9|          0|
    |p_ZL22encoder_temporal_fired_0_addr_2_reg_2437                |   8|   0|    9|          1|
    |p_ZL22encoder_temporal_fired_0_addr_reg_2323                  |   9|   0|    9|          0|
    |p_ZL22encoder_temporal_fired_0_addr_reg_2323_pp0_iter1_reg    |   9|   0|    9|          0|
    |p_ZL22encoder_temporal_fired_0_load_1_reg_2563                |   1|   0|    1|          0|
    |p_ZL22encoder_temporal_fired_0_load_2_reg_2511                |   1|   0|    1|          0|
    |p_ZL22encoder_temporal_fired_0_load_2_reg_2511_pp0_iter1_reg  |   1|   0|    1|          0|
    |p_ZL22encoder_temporal_fired_0_load_reg_2382                  |   1|   0|    1|          0|
    |p_ZL22encoder_temporal_fired_1_addr_1_reg_2501                |   9|   0|    9|          0|
    |p_ZL22encoder_temporal_fired_1_addr_2_reg_2443                |   8|   0|    9|          1|
    |p_ZL22encoder_temporal_fired_1_addr_reg_2329                  |   9|   0|    9|          0|
    |p_ZL22encoder_temporal_fired_1_addr_reg_2329_pp0_iter1_reg    |   9|   0|    9|          0|
    |p_ZL22encoder_temporal_fired_1_load_1_reg_2603                |   1|   0|    1|          0|
    |p_ZL22encoder_temporal_fired_1_load_1_reg_2603_pp0_iter1_reg  |   1|   0|    1|          0|
    |p_ZL22encoder_temporal_fired_1_load_2_reg_2525                |   1|   0|    1|          0|
    |p_ZL22encoder_temporal_fired_1_load_2_reg_2525_pp0_iter1_reg  |   1|   0|    1|          0|
    |p_ZL22encoder_temporal_fired_1_load_reg_2391                  |   1|   0|    1|          0|
    |p_ZL22encoder_temporal_fired_1_load_reg_2391_pp0_iter1_reg    |   1|   0|    1|          0|
    |p_ZL22encoder_temporal_start_0_load_reg_2476                  |  32|   0|   32|          0|
    |p_ZL22encoder_temporal_start_1_load_reg_2486                  |  32|   0|   32|          0|
    |select_ln158_1_reg_2722                                       |  16|   0|   16|          0|
    |select_ln158_2_reg_2751                                       |  16|   0|   16|          0|
    |select_ln158_3_reg_2633                                       |  16|   0|   16|          0|
    |select_ln158_4_reg_2764                                       |  16|   0|   16|          0|
    |select_ln158_5_reg_2639                                       |  16|   0|   16|          0|
    |select_ln158_reg_2657                                         |  16|   0|   16|          0|
    |spike_delay_1_reg_2567                                        |  16|   0|   16|          0|
    |spike_delay_2_reg_2481                                        |  16|   0|   16|          0|
    |spike_delay_3_reg_2515                                        |  16|   0|   16|          0|
    |spike_delay_4_reg_2607                                        |  16|   0|   16|          0|
    |spike_delay_5_reg_2529                                        |  16|   0|   16|          0|
    |spike_delay_reg_2471                                          |  16|   0|   16|          0|
    |spike_prob_1_reg_2466                                         |  16|   0|   16|          0|
    |spike_prob_2_reg_2496                                         |  16|   0|   16|          0|
    |spike_prob_3_reg_2539                                         |  16|   0|   16|          0|
    |spike_prob_4_reg_2506                                         |  16|   0|   16|          0|
    |spike_prob_5_reg_2544                                         |  16|   0|   16|          0|
    |spike_prob_reg_2491                                           |  16|   0|   16|          0|
    |tmp_12_reg_2714                                               |   1|   0|    1|          0|
    |tmp_16_reg_2787                                               |   8|   0|    8|          0|
    |tmp_19_reg_2805                                               |   1|   0|    1|          0|
    |tmp_21_reg_2801                                               |   1|   0|    1|          0|
    |tmp_24_reg_2797                                               |   1|   0|    1|          0|
    |tmp_8_reg_2731                                                |   1|   0|    1|          0|
    |tmp_9_reg_2718                                                |   1|   0|    1|          0|
    |trunc_ln203_reg_2735                                          |   9|   0|    9|          0|
    |value_8_reg_2416                                              |   8|   0|    8|          0|
    |zext_ln108_cast_reg_2257                                      |  16|   0|   24|          8|
    |zext_ln137_13_cast_reg_2247                                   |  16|   0|   24|          8|
    |zext_ln137_reg_2267                                           |  32|   0|   33|          1|
    |zext_ln192_2_reg_2304                                         |   9|   0|   64|         55|
    |zext_ln192_3_reg_2410                                         |   9|   0|   64|         55|
    |zext_ln192_reg_2291                                           |  10|   0|   64|         54|
    +--------------------------------------------------------------+----+----+-----+-----------+
    |Total                                                         |1044|   0| 1230|        186|
    +--------------------------------------------------------------+----+----+-----+-----------+



================================================================
== Interface
================================================================
* Summary: 
+-----------------------------------------+-----+-----+------------+----------------------------------------+--------------+
|                RTL Ports                | Dir | Bits|  Protocol  |              Source Object             |    C Type    |
+-----------------------------------------+-----+-----+------------+----------------------------------------+--------------+
|ap_clk                                   |   in|    1|  ap_ctrl_hs|  run_encoder_once_Pipeline_ENCODER_LOOP|  return value|
|ap_rst                                   |   in|    1|  ap_ctrl_hs|  run_encoder_once_Pipeline_ENCODER_LOOP|  return value|
|ap_start                                 |   in|    1|  ap_ctrl_hs|  run_encoder_once_Pipeline_ENCODER_LOOP|  return value|
|ap_done                                  |  out|    1|  ap_ctrl_hs|  run_encoder_once_Pipeline_ENCODER_LOOP|  return value|
|ap_idle                                  |  out|    1|  ap_ctrl_hs|  run_encoder_once_Pipeline_ENCODER_LOOP|  return value|
|ap_ready                                 |  out|    1|  ap_ctrl_hs|  run_encoder_once_Pipeline_ENCODER_LOOP|  return value|
|encoder_spikes_din                       |  out|   41|     ap_fifo|                          encoder_spikes|       pointer|
|encoder_spikes_full_n                    |   in|    1|     ap_fifo|                          encoder_spikes|       pointer|
|encoder_spikes_write                     |  out|    1|     ap_fifo|                          encoder_spikes|       pointer|
|time_r                                   |   in|   32|     ap_none|                                  time_r|        scalar|
|config_num_channels_val                  |   in|   16|     ap_none|                 config_num_channels_val|        scalar|
|config_baseline_val                      |   in|    8|     ap_none|                     config_baseline_val|        scalar|
|config_encoding_type_val                 |   in|    4|     ap_none|                config_encoding_type_val|        scalar|
|config_two_neuron_enable_val             |   in|    1|     ap_none|            config_two_neuron_enable_val|        scalar|
|zext_ln108                               |   in|   16|     ap_none|                              zext_ln108|        scalar|
|config_default_weight_val                |   in|    8|     ap_none|               config_default_weight_val|        scalar|
|latency_window_reset_1                   |   in|    1|     ap_none|                  latency_window_reset_1|        scalar|
|zext_ln137_13                            |   in|   16|     ap_none|                           zext_ln137_13|        scalar|
|config_delta_decay_val                   |   in|   16|     ap_none|                  config_delta_decay_val|        scalar|
|config_delta_threshold_val               |   in|   16|     ap_none|              config_delta_threshold_val|        scalar|
|p_ZL13encoder_frame_0_address0           |  out|    9|   ap_memory|                   p_ZL13encoder_frame_0|         array|
|p_ZL13encoder_frame_0_ce0                |  out|    1|   ap_memory|                   p_ZL13encoder_frame_0|         array|
|p_ZL13encoder_frame_0_q0                 |   in|    8|   ap_memory|                   p_ZL13encoder_frame_0|         array|
|encoder_spike_counter_i                  |   in|   32|     ap_ovld|                   encoder_spike_counter|       pointer|
|encoder_spike_counter_o                  |  out|   32|     ap_ovld|                   encoder_spike_counter|       pointer|
|encoder_spike_counter_o_ap_vld           |  out|    1|     ap_ovld|                   encoder_spike_counter|       pointer|
|p_ZL22encoder_temporal_fired_1_address0  |  out|    9|   ap_memory|          p_ZL22encoder_temporal_fired_1|         array|
|p_ZL22encoder_temporal_fired_1_ce0       |  out|    1|   ap_memory|          p_ZL22encoder_temporal_fired_1|         array|
|p_ZL22encoder_temporal_fired_1_q0        |   in|    1|   ap_memory|          p_ZL22encoder_temporal_fired_1|         array|
|p_ZL22encoder_temporal_fired_1_address1  |  out|    9|   ap_memory|          p_ZL22encoder_temporal_fired_1|         array|
|p_ZL22encoder_temporal_fired_1_ce1       |  out|    1|   ap_memory|          p_ZL22encoder_temporal_fired_1|         array|
|p_ZL22encoder_temporal_fired_1_we1       |  out|    1|   ap_memory|          p_ZL22encoder_temporal_fired_1|         array|
|p_ZL22encoder_temporal_fired_1_d1        |  out|    1|   ap_memory|          p_ZL22encoder_temporal_fired_1|         array|
|p_ZL22encoder_temporal_fired_1_q1        |   in|    1|   ap_memory|          p_ZL22encoder_temporal_fired_1|         array|
|p_ZL22encoder_temporal_fired_0_address0  |  out|    9|   ap_memory|          p_ZL22encoder_temporal_fired_0|         array|
|p_ZL22encoder_temporal_fired_0_ce0       |  out|    1|   ap_memory|          p_ZL22encoder_temporal_fired_0|         array|
|p_ZL22encoder_temporal_fired_0_q0        |   in|    1|   ap_memory|          p_ZL22encoder_temporal_fired_0|         array|
|p_ZL22encoder_temporal_fired_0_address1  |  out|    9|   ap_memory|          p_ZL22encoder_temporal_fired_0|         array|
|p_ZL22encoder_temporal_fired_0_ce1       |  out|    1|   ap_memory|          p_ZL22encoder_temporal_fired_0|         array|
|p_ZL22encoder_temporal_fired_0_we1       |  out|    1|   ap_memory|          p_ZL22encoder_temporal_fired_0|         array|
|p_ZL22encoder_temporal_fired_0_d1        |  out|    1|   ap_memory|          p_ZL22encoder_temporal_fired_0|         array|
|p_ZL22encoder_temporal_fired_0_q1        |   in|    1|   ap_memory|          p_ZL22encoder_temporal_fired_0|         array|
|p_ZL22encoder_temporal_start_0_address0  |  out|    9|   ap_memory|          p_ZL22encoder_temporal_start_0|         array|
|p_ZL22encoder_temporal_start_0_ce0       |  out|    1|   ap_memory|          p_ZL22encoder_temporal_start_0|         array|
|p_ZL22encoder_temporal_start_0_q0        |   in|   32|   ap_memory|          p_ZL22encoder_temporal_start_0|         array|
|p_ZL22encoder_temporal_start_0_address1  |  out|    9|   ap_memory|          p_ZL22encoder_temporal_start_0|         array|
|p_ZL22encoder_temporal_start_0_ce1       |  out|    1|   ap_memory|          p_ZL22encoder_temporal_start_0|         array|
|p_ZL22encoder_temporal_start_0_we1       |  out|    1|   ap_memory|          p_ZL22encoder_temporal_start_0|         array|
|p_ZL22encoder_temporal_start_0_d1        |  out|   32|   ap_memory|          p_ZL22encoder_temporal_start_0|         array|
|p_ZL22encoder_temporal_start_1_address0  |  out|    9|   ap_memory|          p_ZL22encoder_temporal_start_1|         array|
|p_ZL22encoder_temporal_start_1_ce0       |  out|    1|   ap_memory|          p_ZL22encoder_temporal_start_1|         array|
|p_ZL22encoder_temporal_start_1_q0        |   in|   32|   ap_memory|          p_ZL22encoder_temporal_start_1|         array|
|p_ZL22encoder_temporal_start_1_address1  |  out|    9|   ap_memory|          p_ZL22encoder_temporal_start_1|         array|
|p_ZL22encoder_temporal_start_1_ce1       |  out|    1|   ap_memory|          p_ZL22encoder_temporal_start_1|         array|
|p_ZL22encoder_temporal_start_1_we1       |  out|    1|   ap_memory|          p_ZL22encoder_temporal_start_1|         array|
|p_ZL22encoder_temporal_start_1_d1        |  out|   32|   ap_memory|          p_ZL22encoder_temporal_start_1|         array|
|p_ZL17encoder_phase_acc_1_address0       |  out|    9|   ap_memory|               p_ZL17encoder_phase_acc_1|         array|
|p_ZL17encoder_phase_acc_1_ce0            |  out|    1|   ap_memory|               p_ZL17encoder_phase_acc_1|         array|
|p_ZL17encoder_phase_acc_1_q0             |   in|   16|   ap_memory|               p_ZL17encoder_phase_acc_1|         array|
|p_ZL17encoder_phase_acc_1_address1       |  out|    9|   ap_memory|               p_ZL17encoder_phase_acc_1|         array|
|p_ZL17encoder_phase_acc_1_ce1            |  out|    1|   ap_memory|               p_ZL17encoder_phase_acc_1|         array|
|p_ZL17encoder_phase_acc_1_we1            |  out|    1|   ap_memory|               p_ZL17encoder_phase_acc_1|         array|
|p_ZL17encoder_phase_acc_1_d1             |  out|   16|   ap_memory|               p_ZL17encoder_phase_acc_1|         array|
|p_ZL17encoder_phase_acc_0_address0       |  out|    9|   ap_memory|               p_ZL17encoder_phase_acc_0|         array|
|p_ZL17encoder_phase_acc_0_ce0            |  out|    1|   ap_memory|               p_ZL17encoder_phase_acc_0|         array|
|p_ZL17encoder_phase_acc_0_q0             |   in|   16|   ap_memory|               p_ZL17encoder_phase_acc_0|         array|
|p_ZL17encoder_phase_acc_0_address1       |  out|    9|   ap_memory|               p_ZL17encoder_phase_acc_0|         array|
|p_ZL17encoder_phase_acc_0_ce1            |  out|    1|   ap_memory|               p_ZL17encoder_phase_acc_0|         array|
|p_ZL17encoder_phase_acc_0_we1            |  out|    1|   ap_memory|               p_ZL17encoder_phase_acc_0|         array|
|p_ZL17encoder_phase_acc_0_d1             |  out|   16|   ap_memory|               p_ZL17encoder_phase_acc_0|         array|
|p_ZL13encoder_frame_1_address0           |  out|    9|   ap_memory|                   p_ZL13encoder_frame_1|         array|
|p_ZL13encoder_frame_1_ce0                |  out|    1|   ap_memory|                   p_ZL13encoder_frame_1|         array|
|p_ZL13encoder_frame_1_q0                 |   in|    8|   ap_memory|                   p_ZL13encoder_frame_1|         array|
+-----------------------------------------+-----+-----+------------+----------------------------------------+--------------+

