

================================================================
== Vitis HLS Report for 'snn_top_hls_Pipeline_LOAD_FRAME'
================================================================
* Date:           Tue Feb 10 18:59:26 2026

* Version:        2025.2 (Build 6295257 on Nov 14 2025)
* Project:        hls_csim_output
* Solution:       hls (Vivado IP Flow Target)
* Product family: zynq
* Target device:  xc7z020-clg400-1


================================================================
== Performance Estimates
================================================================
+ Timing: 
    * Summary: 
    +--------+----------+----------+------------+
    |  Clock |  Target  | Estimated| Uncertainty|
    +--------+----------+----------+------------+
    |ap_clk  |  10.00 ns|  6.396 ns|     2.70 ns|
    +--------+----------+----------+------------+

+ Latency: 
    * Summary: 
    +---------+---------+-----------+----------+-----+-----+-------------------+
    |  Latency (cycles) |  Latency (absolute)  |  Interval |      Pipeline     |
    |   min   |   max   |    min    |    max   | min | max |        Type       |
    +---------+---------+-----------+----------+-----+-----+-------------------+
    |        2|      198|  20.000 ns|  1.980 us|    0|    0|  loop pipeline stp|
    +---------+---------+-----------+----------+-----+-----+-------------------+

    + Detail: 
        * Instance: 
        N/A

        * Loop: 
        +--------------+---------+---------+----------+-----------+-----------+---------+----------+
        |              |  Latency (cycles) | Iteration|  Initiation Interval  |   Trip  |          |
        |   Loop Name  |   min   |   max   |  Latency |  achieved |   target  |  Count  | Pipelined|
        +--------------+---------+---------+----------+-----------+-----------+---------+----------+
        |- LOAD_FRAME  |        0|      196|         1|          1|          1|  0 ~ 196|       yes|
        +--------------+---------+---------+----------+-----------+-----------+---------+----------+



================================================================
== Utilization Estimates
================================================================
* Summary: 
+-----------------+---------+-----+--------+-------+-----+
|       Name      | BRAM_18K| DSP |   FF   |  LUT  | URAM|
+-----------------+---------+-----+--------+-------+-----+
|DSP              |        -|    -|       -|      -|    -|
|Expression       |        -|    -|       0|     38|    -|
|FIFO             |        -|    -|       -|      -|    -|
|Instance         |        -|    -|       -|      -|    -|
|Memory           |        -|    -|       -|      -|    -|
|Multiplexer      |        -|    -|       0|     36|    -|
|Register         |        -|    -|      10|      -|    -|
+-----------------+---------+-----+--------+-------+-----+
|Total            |        0|    0|      10|     74|    0|
+-----------------+---------+-----+--------+-------+-----+
|Available        |      280|  220|  106400|  53200|    0|
+-----------------+---------+-----+--------+-------+-----+
|Utilization (%)  |        0|    0|      ~0|     ~0|    0|
+-----------------+---------+-----+--------+-------+-----+

+ Detail: 
    * Instance: 
    N/A

    * DSP: 
    N/A

    * Memory: 
    N/A

    * FIFO: 
    N/A

    * Expression: 
    +----------------------------------+----------+----+---+----+------------+------------+
    |           Variable Name          | Operation| DSP| FF| LUT| Bitwidth P0| Bitwidth P1|
    +----------------------------------+----------+----+---+----+------------+------------+
    |add_ln787_fu_174_p2               |         +|   0|  0|  15|           8|           1|
    |or_cond_fu_260_p2                 |       and|   0|  0|   2|           1|           1|
    |tmp_5_nbreadreq_fu_78_p9          |       and|   0|  0|   2|           1|           0|
    |icmp_ln787_fu_254_p2              |      icmp|   0|  0|  15|           8|           7|
    |ap_block_state1_pp0_stage0_iter0  |        or|   0|  0|   2|           1|           1|
    |xor_ln796_fu_248_p2               |       xor|   0|  0|   2|           1|           2|
    +----------------------------------+----------+----+---+----+------------+------------+
    |Total                             |          |   0|  0|  38|          20|          12|
    +----------------------------------+----------+----+---+----+------------+------------+

    * Multiplexer: 
    +-------------------------+----+-----------+-----+-----------+
    |           Name          | LUT| Input Size| Bits| Total Bits|
    +-------------------------+----+-----------+-----+-----------+
    |ap_done_int              |   9|          2|    1|          2|
    |ap_sig_allocacmp_i_4     |   9|          2|    8|         16|
    |i_fu_74                  |   9|          2|    8|         16|
    |s_axis_data_TDATA_blk_n  |   9|          2|    1|          2|
    +-------------------------+----+-----------+-----+-----------+
    |Total                    |  36|          8|   18|         36|
    +-------------------------+----+-----------+-----+-----------+

    * Register: 
    +-------------+---+----+-----+-----------+
    |     Name    | FF| LUT| Bits| Const Bits|
    +-------------+---+----+-----+-----------+
    |ap_CS_fsm    |  1|   0|    1|          0|
    |ap_done_reg  |  1|   0|    1|          0|
    |i_fu_74      |  8|   0|    8|          0|
    +-------------+---+----+-----+-----------+
    |Total        | 10|   0|   10|          0|
    +-------------+---+----+-----+-----------+



================================================================
== Interface
================================================================
* Summary: 
+--------------------------------+-----+-----+------------+---------------------------------+--------------+
|            RTL Ports           | Dir | Bits|  Protocol  |          Source Object          |    C Type    |
+--------------------------------+-----+-----+------------+---------------------------------+--------------+
|ap_clk                          |   in|    1|  ap_ctrl_hs|  snn_top_hls_Pipeline_LOAD_FRAME|  return value|
|ap_rst                          |   in|    1|  ap_ctrl_hs|  snn_top_hls_Pipeline_LOAD_FRAME|  return value|
|ap_start                        |   in|    1|  ap_ctrl_hs|  snn_top_hls_Pipeline_LOAD_FRAME|  return value|
|ap_done                         |  out|    1|  ap_ctrl_hs|  snn_top_hls_Pipeline_LOAD_FRAME|  return value|
|ap_idle                         |  out|    1|  ap_ctrl_hs|  snn_top_hls_Pipeline_LOAD_FRAME|  return value|
|ap_ready                        |  out|    1|  ap_ctrl_hs|  snn_top_hls_Pipeline_LOAD_FRAME|  return value|
|s_axis_data_TVALID              |   in|    1|        axis|             s_axis_data_V_data_V|       pointer|
|s_axis_data_TDATA               |   in|   32|        axis|             s_axis_data_V_data_V|       pointer|
|s_axis_data_TREADY              |  out|    1|        axis|             s_axis_data_V_dest_V|       pointer|
|s_axis_data_TDEST               |   in|    1|        axis|             s_axis_data_V_dest_V|       pointer|
|s_axis_data_TKEEP               |   in|    4|        axis|             s_axis_data_V_keep_V|       pointer|
|s_axis_data_TSTRB               |   in|    4|        axis|             s_axis_data_V_strb_V|       pointer|
|s_axis_data_TUSER               |   in|    1|        axis|             s_axis_data_V_user_V|       pointer|
|s_axis_data_TLAST               |   in|    1|        axis|             s_axis_data_V_last_V|       pointer|
|s_axis_data_TID                 |   in|    1|        axis|               s_axis_data_V_id_V|       pointer|
|p_ZL13encoder_frame_0_address0  |  out|    9|   ap_memory|            p_ZL13encoder_frame_0|         array|
|p_ZL13encoder_frame_0_ce0       |  out|    1|   ap_memory|            p_ZL13encoder_frame_0|         array|
|p_ZL13encoder_frame_0_we0       |  out|    1|   ap_memory|            p_ZL13encoder_frame_0|         array|
|p_ZL13encoder_frame_0_d0        |  out|    8|   ap_memory|            p_ZL13encoder_frame_0|         array|
|p_ZL13encoder_frame_0_address1  |  out|    9|   ap_memory|            p_ZL13encoder_frame_0|         array|
|p_ZL13encoder_frame_0_ce1       |  out|    1|   ap_memory|            p_ZL13encoder_frame_0|         array|
|p_ZL13encoder_frame_0_we1       |  out|    1|   ap_memory|            p_ZL13encoder_frame_0|         array|
|p_ZL13encoder_frame_0_d1        |  out|    8|   ap_memory|            p_ZL13encoder_frame_0|         array|
|p_ZL13encoder_frame_1_address0  |  out|    9|   ap_memory|            p_ZL13encoder_frame_1|         array|
|p_ZL13encoder_frame_1_ce0       |  out|    1|   ap_memory|            p_ZL13encoder_frame_1|         array|
|p_ZL13encoder_frame_1_we0       |  out|    1|   ap_memory|            p_ZL13encoder_frame_1|         array|
|p_ZL13encoder_frame_1_d0        |  out|    8|   ap_memory|            p_ZL13encoder_frame_1|         array|
|p_ZL13encoder_frame_1_address1  |  out|    9|   ap_memory|            p_ZL13encoder_frame_1|         array|
|p_ZL13encoder_frame_1_ce1       |  out|    1|   ap_memory|            p_ZL13encoder_frame_1|         array|
|p_ZL13encoder_frame_1_we1       |  out|    1|   ap_memory|            p_ZL13encoder_frame_1|         array|
|p_ZL13encoder_frame_1_d1        |  out|    8|   ap_memory|            p_ZL13encoder_frame_1|         array|
+--------------------------------+-----+-----+------------+---------------------------------+--------------+

