

================================================================
== Vitis HLS Report for 'snn_top_hls_Pipeline_WEIGHT_SUM'
================================================================
* Date:           Tue Feb 10 18:59:27 2026

* Version:        2025.2 (Build 6295257 on Nov 14 2025)
* Project:        hls_csim_output
* Solution:       hls (Vivado IP Flow Target)
* Product family: zynq
* Target device:  xc7z020-clg400-1


================================================================
== Performance Estimates
================================================================
+ Timing: 
    * Summary: 
    +--------+----------+----------+------------+
    |  Clock |  Target  | Estimated| Uncertainty|
    +--------+----------+----------+------------+
    |ap_clk  |  10.00 ns|  6.992 ns|     2.70 ns|
    +--------+----------+----------+------------+

+ Latency: 
    * Summary: 
    +---------+---------+----------+----------+-----+-----+-------------------+
    |  Latency (cycles) |  Latency (absolute) |  Interval |      Pipeline     |
    |   min   |   max   |    min   |    max   | min | max |        Type       |
    +---------+---------+----------+----------+-----+-----+-------------------+
    |       19|       19|  0.190 us|  0.190 us|    0|    0|  loop pipeline stp|
    +---------+---------+----------+----------+-----+-----+-------------------+

    + Detail: 
        * Instance: 
        N/A

        * Loop: 
        +--------------+---------+---------+----------+-----------+-----------+------+----------+
        |              |  Latency (cycles) | Iteration|  Initiation Interval  | Trip |          |
        |   Loop Name  |   min   |   max   |  Latency |  achieved |   target  | Count| Pipelined|
        +--------------+---------+---------+----------+-----------+-----------+------+----------+
        |- WEIGHT_SUM  |       17|       17|         4|          2|          1|     8|       yes|
        +--------------+---------+---------+----------+-----------+-----------+------+----------+



================================================================
== Utilization Estimates
================================================================
* Summary: 
+-----------------+---------+-----+--------+-------+-----+
|       Name      | BRAM_18K| DSP |   FF   |  LUT  | URAM|
+-----------------+---------+-----+--------+-------+-----+
|DSP              |        -|    -|       -|      -|    -|
|Expression       |        -|    -|       0|    139|    -|
|FIFO             |        -|    -|       -|      -|    -|
|Instance         |        -|    -|       -|      -|    -|
|Memory           |        -|    -|       -|      -|    -|
|Multiplexer      |        -|    -|       0|    124|    -|
|Register         |        -|    -|      47|      -|    -|
+-----------------+---------+-----+--------+-------+-----+
|Total            |        0|    0|      47|    263|    0|
+-----------------+---------+-----+--------+-------+-----+
|Available        |      280|  220|  106400|  53200|    0|
+-----------------+---------+-----+--------+-------+-----+
|Utilization (%)  |        0|    0|      ~0|     ~0|    0|
+-----------------+---------+-----+--------+-------+-----+

+ Detail: 
    * Instance: 
    N/A

    * DSP: 
    N/A

    * Memory: 
    N/A

    * FIFO: 
    N/A

    * Expression: 
    +------------------------+----------+----+---+----+------------+------------+
    |      Variable Name     | Operation| DSP| FF| LUT| Bitwidth P0| Bitwidth P1|
    +------------------------+----------+----+---+----+------------+------------+
    |add_ln949_fu_172_p2     |         +|   0|  0|  13|           4|           1|
    |add_ln952_1_fu_267_p2   |         +|   0|  0|  14|           9|           9|
    |add_ln952_2_fu_277_p2   |         +|   0|  0|  13|          10|          10|
    |add_ln952_3_fu_299_p2   |         +|   0|  0|  14|           9|           9|
    |add_ln952_4_fu_309_p2   |         +|   0|  0|  14|           9|           9|
    |add_ln952_5_fu_319_p2   |         +|   0|  0|  13|          10|          10|
    |add_ln952_6_fu_334_p2   |         +|   0|  0|  12|          11|          11|
    |add_ln952_fu_257_p2     |         +|   0|  0|  14|           9|           9|
    |weight_sum_1_fu_344_p2  |         +|   0|  0|  17|          14|          14|
    |icmp_ln949_fu_166_p2    |      icmp|   0|  0|  13|           4|           5|
    |ap_enable_pp0           |       xor|   0|  0|   2|           1|           2|
    +------------------------+----------+----+---+----+------------+------------+
    |Total                   |          |   0|  0| 139|          90|          89|
    +------------------------+----------+----+---+----+------------+------------+

    * Multiplexer: 
    +--------------------------------------+----+-----------+-----+-----------+
    |                 Name                 | LUT| Input Size| Bits| Total Bits|
    +--------------------------------------+----+-----------+-----+-----------+
    |ap_NS_fsm                             |  14|          3|    1|          3|
    |ap_done_int                           |   9|          2|    1|          2|
    |ap_enable_reg_pp0_iter0               |   9|          2|    1|          2|
    |ap_enable_reg_pp0_iter1               |   9|          2|    1|          2|
    |ap_sig_allocacmp_i_1                  |   9|          2|    4|          8|
    |i_fu_60                               |   9|          2|    4|          8|
    |p_ZL13weight_memory_0_address0_local  |  14|          3|   15|         45|
    |p_ZL13weight_memory_0_address1_local  |  14|          3|   15|         45|
    |p_ZL13weight_memory_1_address0_local  |  14|          3|   15|         45|
    |p_ZL13weight_memory_1_address1_local  |  14|          3|   15|         45|
    |weight_sum_fu_56                      |   9|          2|   14|         28|
    +--------------------------------------+----+-----------+-----+-----------+
    |Total                                 | 124|         27|   86|        233|
    +--------------------------------------+----+-----------+-----+-----------+

    * Register: 
    +-----------------------------+----+----+-----+-----------+
    |             Name            | FF | LUT| Bits| Const Bits|
    +-----------------------------+----+----+-----+-----------+
    |add_ln952_2_reg_424          |  10|   0|   10|          0|
    |add_ln952_5_reg_429          |  10|   0|   10|          0|
    |ap_CS_fsm                    |   2|   0|    2|          0|
    |ap_done_reg                  |   1|   0|    1|          0|
    |ap_enable_reg_pp0_iter0_reg  |   1|   0|    1|          0|
    |ap_enable_reg_pp0_iter1      |   1|   0|    1|          0|
    |i_fu_60                      |   4|   0|    4|          0|
    |icmp_ln949_reg_374           |   1|   0|    1|          0|
    |trunc_ln949_reg_378          |   3|   0|    3|          0|
    |weight_sum_fu_56             |  14|   0|   14|          0|
    +-----------------------------+----+----+-----+-----------+
    |Total                        |  47|   0|   47|          0|
    +-----------------------------+----+----+-----+-----------+



================================================================
== Interface
================================================================
* Summary: 
+--------------------------------+-----+-----+------------+---------------------------------+--------------+
|            RTL Ports           | Dir | Bits|  Protocol  |          Source Object          |    C Type    |
+--------------------------------+-----+-----+------------+---------------------------------+--------------+
|ap_clk                          |   in|    1|  ap_ctrl_hs|  snn_top_hls_Pipeline_WEIGHT_SUM|  return value|
|ap_rst                          |   in|    1|  ap_ctrl_hs|  snn_top_hls_Pipeline_WEIGHT_SUM|  return value|
|ap_start                        |   in|    1|  ap_ctrl_hs|  snn_top_hls_Pipeline_WEIGHT_SUM|  return value|
|ap_done                         |  out|    1|  ap_ctrl_hs|  snn_top_hls_Pipeline_WEIGHT_SUM|  return value|
|ap_idle                         |  out|    1|  ap_ctrl_hs|  snn_top_hls_Pipeline_WEIGHT_SUM|  return value|
|ap_ready                        |  out|    1|  ap_ctrl_hs|  snn_top_hls_Pipeline_WEIGHT_SUM|  return value|
|weight_sum_out                  |  out|   14|      ap_vld|                   weight_sum_out|       pointer|
|weight_sum_out_ap_vld           |  out|    1|      ap_vld|                   weight_sum_out|       pointer|
|p_ZL13weight_memory_0_address0  |  out|   15|   ap_memory|            p_ZL13weight_memory_0|         array|
|p_ZL13weight_memory_0_ce0       |  out|    1|   ap_memory|            p_ZL13weight_memory_0|         array|
|p_ZL13weight_memory_0_q0        |   in|    8|   ap_memory|            p_ZL13weight_memory_0|         array|
|p_ZL13weight_memory_0_address1  |  out|   15|   ap_memory|            p_ZL13weight_memory_0|         array|
|p_ZL13weight_memory_0_ce1       |  out|    1|   ap_memory|            p_ZL13weight_memory_0|         array|
|p_ZL13weight_memory_0_q1        |   in|    8|   ap_memory|            p_ZL13weight_memory_0|         array|
|p_ZL13weight_memory_1_address0  |  out|   15|   ap_memory|            p_ZL13weight_memory_1|         array|
|p_ZL13weight_memory_1_ce0       |  out|    1|   ap_memory|            p_ZL13weight_memory_1|         array|
|p_ZL13weight_memory_1_q0        |   in|    8|   ap_memory|            p_ZL13weight_memory_1|         array|
|p_ZL13weight_memory_1_address1  |  out|   15|   ap_memory|            p_ZL13weight_memory_1|         array|
|p_ZL13weight_memory_1_ce1       |  out|    1|   ap_memory|            p_ZL13weight_memory_1|         array|
|p_ZL13weight_memory_1_q1        |   in|    8|   ap_memory|            p_ZL13weight_memory_1|         array|
+--------------------------------+-----+-----+------------+---------------------------------+--------------+

