

================================================================
== Vitis HLS Report for 'apply_rstdp_reward_Pipeline_RSTDP_INNER'
================================================================
* Date:           Thu Sep 17 15:27:05 2026

* Version:        2025.2 (Build 6295257 on Nov 14 2025)
* Project:        hls_output
* Solution:       hls (Vivado IP Flow Target)
* Product family: zynq
* Target device:  xc7z020-clg400-1


================================================================
== Performance Estimates
================================================================
+ Timing: 
    * Summary: 
    +--------+----------+----------+------------+
    |  Clock |  Target  | Estimated| Uncertainty|
    +--------+----------+----------+------------+
    |ap_clk  |  10.00 ns|  6.860 ns|     2.70 ns|
    +--------+----------+----------+------------+

+ Latency: 
    * Summary: 
    +---------+---------+----------+----------+-----+-----+-------------------+
    |  Latency (cycles) |  Latency (absolute) |  Interval |      Pipeline     |
    |   min   |   max   |    min   |    max   | min | max |        Type       |
    +---------+---------+----------+----------+-----+-----+-------------------+
    |       19|      265|  0.190 us|  2.650 us|    0|    0|  loop pipeline stp|
    +---------+---------+----------+----------+-----+-----+-------------------+

    + Detail: 
        * Instance: 
        N/A

        * Loop: 
        +---------------+---------+---------+----------+-----------+-----------+----------+----------+
        |               |  Latency (cycles) | Iteration|  Initiation Interval  |   Trip   |          |
        |   Loop Name   |   min   |   max   |  Latency |  achieved |   target  |   Count  | Pipelined|
        +---------------+---------+---------+----------+-----------+-----------+----------+----------+
        |- RSTDP_INNER  |       17|      263|         9|          1|          1|  10 ~ 256|       yes|
        +---------------+---------+---------+----------+-----------+-----------+----------+----------+



================================================================
== Utilization Estimates
================================================================
* Summary: 
+-----------------+---------+-----+--------+-------+-----+
|       Name      | BRAM_18K| DSP |   FF   |  LUT  | URAM|
+-----------------+---------+-----+--------+-------+-----+
|DSP              |        -|    -|       -|      -|    -|
|Expression       |        -|    -|       0|    236|    -|
|FIFO             |        -|    -|       -|      -|    -|
|Instance         |        -|    2|       0|     14|    -|
|Memory           |        -|    -|       -|      -|    -|
|Multiplexer      |        -|    -|       0|     54|    -|
|Register         |        -|    -|     294|     64|    -|
+-----------------+---------+-----+--------+-------+-----+
|Total            |        0|    2|     294|    368|    0|
+-----------------+---------+-----+--------+-------+-----+
|Available        |      280|  220|  106400|  53200|    0|
+-----------------+---------+-----+--------+-------+-----+
|Utilization (%)  |        0|   ~0|      ~0|     ~0|    0|
+-----------------+---------+-----+--------+-------+-----+

+ Detail: 
    * Instance: 
    +--------------------------+---------------------+---------+----+---+----+-----+
    |         Instance         |        Module       | BRAM_18K| DSP| FF| LUT| URAM|
    +--------------------------+---------------------+---------+----+---+----+-----+
    |mul_7s_16s_23_3_1_U117    |mul_7s_16s_23_3_1    |        0|   1|  0|   0|    0|
    |mul_8s_8s_16_3_1_U115     |mul_8s_8s_16_3_1     |        0|   1|  0|   0|    0|
    |sparsemux_9_3_7_1_1_U116  |sparsemux_9_3_7_1_1  |        0|   0|  0|  14|    0|
    +--------------------------+---------------------+---------+----+---+----+-----+
    |Total                     |                     |        0|   2|  0|  14|    0|
    +--------------------------+---------------------+---------+----+---+----+-----+

    * DSP: 
    N/A

    * Memory: 
    N/A

    * FIFO: 
    N/A

    * Expression: 
    +------------------------+----------+----+---+----+------------+------------+
    |      Variable Name     | Operation| DSP| FF| LUT| Bitwidth P0| Bitwidth P1|
    +------------------------+----------+----+---+----+------------+------------+
    |add_ln451_1_fu_255_p2   |         +|   0|  0|  14|           9|           1|
    |add_ln455_fu_265_p2     |         +|   0|  0|  12|          11|          11|
    |add_ln492_fu_276_p2     |         +|   0|  0|  26|          19|           1|
    |w_fu_448_p2             |         +|   0|  0|  23|          16|          16|
    |delta_fu_434_p2         |         -|   0|  0|  23|           1|          16|
    |icmp_ln131_fu_464_p2    |      icmp|   0|  0|  14|          13|           1|
    |icmp_ln132_fu_470_p2    |      icmp|   0|  0|  23|          16|           5|
    |icmp_ln451_fu_249_p2    |      icmp|   0|  0|  26|          19|          19|
    |icmp_ln457_fu_296_p2    |      icmp|   0|  0|  15|           8|           1|
    |icmp_ln465_1_fu_368_p2  |      icmp|   0|  0|  10|           2|           1|
    |icmp_ln465_2_fu_373_p2  |      icmp|   0|  0|  10|           2|           1|
    |icmp_ln465_fu_363_p2    |      icmp|   0|  0|  11|           2|           3|
    |or_ln131_fu_488_p2      |        or|   0|  0|   2|           1|           1|
    |delta_1_fu_440_p3       |    select|   0|  0|  16|           1|          16|
    |select_ln131_fu_480_p3  |    select|   0|  0|   5|           1|           3|
    |updated_fu_494_p3       |    select|   0|  0|   4|           1|           4|
    |ap_enable_pp0           |       xor|   0|  0|   2|           1|           2|
    +------------------------+----------+----+---+----+------------+------------+
    |Total                   |          |   0|  0| 236|         123|         102|
    +------------------------+----------+----+---+----+------------+------------+

    * Multiplexer: 
    +-------------------------+----+-----------+-----+-----------+
    |           Name          | LUT| Input Size| Bits| Total Bits|
    +-------------------------+----+-----------+-----+-----------+
    |ap_done_int              |   9|          2|    1|          2|
    |ap_enable_reg_pp0_iter1  |   9|          2|    1|          2|
    |ap_sig_allocacmp_jj_2    |   9|          2|    9|         18|
    |ap_sig_allocacmp_widx_3  |   9|          2|   19|         38|
    |jj_fu_146                |   9|          2|    9|         18|
    |widx_fu_150              |   9|          2|   19|         38|
    +-------------------------+----+-----------+-----+-----------+
    |Total                    |  54|         12|   58|        116|
    +-------------------------+----+-----------+-----+-----------+

    * Register: 
    +----------------------------------+----+----+-----+-----------+
    |               Name               | FF | LUT| Bits| Const Bits|
    +----------------------------------+----+----+-----+-----------+
    |ap_CS_fsm                         |   1|   0|    1|          0|
    |ap_done_reg                       |   1|   0|    1|          0|
    |ap_enable_reg_pp0_iter1           |   1|   0|    1|          0|
    |ap_enable_reg_pp0_iter2           |   1|   0|    1|          0|
    |ap_enable_reg_pp0_iter3           |   1|   0|    1|          0|
    |ap_enable_reg_pp0_iter4           |   1|   0|    1|          0|
    |ap_enable_reg_pp0_iter5           |   1|   0|    1|          0|
    |ap_enable_reg_pp0_iter6           |   1|   0|    1|          0|
    |ap_enable_reg_pp0_iter7           |   1|   0|    1|          0|
    |ap_enable_reg_pp0_iter8           |   1|   0|    1|          0|
    |ap_loop_exit_ready_pp0_iter1_reg  |   1|   0|    1|          0|
    |ap_loop_exit_ready_pp0_iter2_reg  |   1|   0|    1|          0|
    |ap_loop_exit_ready_pp0_iter3_reg  |   1|   0|    1|          0|
    |ap_loop_exit_ready_pp0_iter4_reg  |   1|   0|    1|          0|
    |ap_loop_exit_ready_pp0_iter5_reg  |   1|   0|    1|          0|
    |ap_loop_exit_ready_pp0_iter6_reg  |   1|   0|    1|          0|
    |ap_loop_exit_ready_pp0_iter7_reg  |   1|   0|    1|          0|
    |base_scaled_4_reg_568             |   7|   0|    7|          0|
    |current_w_reg_588                 |   4|   0|    4|          0|
    |delta_reg_583                     |  16|   0|   16|          0|
    |icmp_ln457_reg_553                |   1|   0|    1|          0|
    |jj_fu_146                         |   9|   0|    9|          0|
    |sext_ln436_cast_reg_529           |  23|   0|   23|          0|
    |sext_ln455_cast_reg_534           |  16|   0|   16|          0|
    |sext_ln475_reg_578                |  16|   0|   16|          0|
    |weight_memory_addr_reg_562        |  19|   0|   19|          0|
    |widx_3_reg_539                    |  19|   0|   19|          0|
    |widx_fu_150                       |  19|   0|   19|          0|
    |icmp_ln457_reg_553                |  64|  32|    1|          0|
    |weight_memory_addr_reg_562        |  64|  32|   19|          0|
    +----------------------------------+----+----+-----+-----------+
    |Total                             | 294|  64|  186|          0|
    +----------------------------------+----+----+-----+-----------+



================================================================
== Interface
================================================================
* Summary: 
+---------------------------+-----+-----+------------+-----------------------------------------+--------------+
|         RTL Ports         | Dir | Bits|  Protocol  |              Source Object              |    C Type    |
+---------------------------+-----+-----+------------+-----------------------------------------+--------------+
|ap_clk                     |   in|    1|  ap_ctrl_hs|  apply_rstdp_reward_Pipeline_RSTDP_INNER|  return value|
|ap_rst                     |   in|    1|  ap_ctrl_hs|  apply_rstdp_reward_Pipeline_RSTDP_INNER|  return value|
|ap_start                   |   in|    1|  ap_ctrl_hs|  apply_rstdp_reward_Pipeline_RSTDP_INNER|  return value|
|ap_done                    |  out|    1|  ap_ctrl_hs|  apply_rstdp_reward_Pipeline_RSTDP_INNER|  return value|
|ap_idle                    |  out|    1|  ap_ctrl_hs|  apply_rstdp_reward_Pipeline_RSTDP_INNER|  return value|
|ap_ready                   |  out|    1|  ap_ctrl_hs|  apply_rstdp_reward_Pipeline_RSTDP_INNER|  return value|
|add_ln451                  |   in|   19|     ap_none|                                add_ln451|        scalar|
|add_ln451_2                |   in|   19|     ap_none|                              add_ln451_2|        scalar|
|tmp_20                     |   in|   11|     ap_none|                                   tmp_20|        scalar|
|sext_ln455                 |   in|    8|     ap_none|                               sext_ln455|        scalar|
|shift_sel                  |   in|    2|     ap_none|                                shift_sel|        scalar|
|sext_ln436                 |   in|   16|     ap_none|                               sext_ln436|        scalar|
|empty                      |   in|    1|     ap_none|                                    empty|        scalar|
|post_eligibility_address0  |  out|   11|   ap_memory|                         post_eligibility|         array|
|post_eligibility_ce0       |  out|    1|   ap_memory|                         post_eligibility|         array|
|post_eligibility_q0        |   in|    8|   ap_memory|                         post_eligibility|         array|
|weight_memory_address0     |  out|   19|   ap_memory|                            weight_memory|         array|
|weight_memory_ce0          |  out|    1|   ap_memory|                            weight_memory|         array|
|weight_memory_we0          |  out|    1|   ap_memory|                            weight_memory|         array|
|weight_memory_d0           |  out|    4|   ap_memory|                            weight_memory|         array|
|weight_memory_address1     |  out|   19|   ap_memory|                            weight_memory|         array|
|weight_memory_ce1          |  out|    1|   ap_memory|                            weight_memory|         array|
|weight_memory_q1           |   in|    4|   ap_memory|                            weight_memory|         array|
+---------------------------+-----+-----+------------+-----------------------------------------+--------------+

