

================================================================
== Vitis HLS Report for 'apply_rstdp_reward'
================================================================
* Date:           Thu Sep 17 15:27:05 2026

* Version:        2025.2 (Build 6295257 on Nov 14 2025)
* Project:        hls_output
* Solution:       hls (Vivado IP Flow Target)
* Product family: zynq
* Target device:  xc7z020-clg400-1


================================================================
== Performance Estimates
================================================================
+ Timing: 
    * Summary: 
    +--------+----------+----------+------------+
    |  Clock |  Target  | Estimated| Uncertainty|
    +--------+----------+----------+------------+
    |ap_clk  |  10.00 ns|  6.930 ns|     2.70 ns|
    +--------+----------+----------+------------+

+ Latency: 
    * Summary: 
    +---------+---------+-----------+----------+-----+--------+---------+
    |  Latency (cycles) |  Latency (absolute)  |   Interval   | Pipeline|
    |   min   |   max   |    min    |    max   | min |   max  |   Type  |
    +---------+---------+-----------+----------+-----+--------+---------+
    |        1|   639751|  10.000 ns|  6.398 ms|    1|  639751|       no|
    +---------+---------+-----------+----------+-----+--------+---------+

    + Detail: 
        * Instance: 
        +----------------------------------------------------+-----------------------------------------+---------+---------+----------+----------+-----+-----+-------------------+
        |                                                    |                                         |  Latency (cycles) |  Latency (absolute) |  Interval |      Pipeline     |
        |                      Instance                      |                  Module                 |   min   |   max   |    min   |    max   | min | max |        Type       |
        +----------------------------------------------------+-----------------------------------------+---------+---------+----------+----------+-----+-----+-------------------+
        |grp_apply_rstdp_reward_Pipeline_RSTDP_INNER_fu_177  |apply_rstdp_reward_Pipeline_RSTDP_INNER  |       19|      265|  0.190 us|  2.650 us|    0|    0|  loop pipeline stp|
        +----------------------------------------------------+-----------------------------------------+---------+---------+----------+----------+-----+-----+-------------------+

        * Loop: 
        +-------------------+---------+---------+--------------+-----------+-----------+-----------+----------+
        |                   |  Latency (cycles) |   Iteration  |  Initiation Interval  |    Trip   |          |
        |     Loop Name     |   min   |   max   |    Latency   |  achieved |   target  |   Count   | Pipelined|
        +-------------------+---------+---------+--------------+-----------+-----------+-----------+----------+
        |- RSTDP_CONN_LOOP  |     2310|   639750|  770 ~ 213250|          -|          -|          3|        no|
        | + RSTDP_OUTER     |      768|   213248|       3 ~ 272|          -|          -|  256 ~ 784|        no|
        +-------------------+---------+---------+--------------+-----------+-----------+-----------+----------+



================================================================
== Utilization Estimates
================================================================
* Summary: 
+-----------------+---------+-----+--------+-------+-----+
|       Name      | BRAM_18K| DSP |   FF   |  LUT  | URAM|
+-----------------+---------+-----+--------+-------+-----+
|DSP              |        -|    1|       -|      -|    -|
|Expression       |        -|    -|       0|    182|    -|
|FIFO             |        -|    -|       -|      -|    -|
|Instance         |        -|    2|     294|    422|    -|
|Memory           |        -|    -|       -|      -|    -|
|Multiplexer      |        -|    -|       0|     71|    -|
|Register         |        -|    -|     128|      -|    -|
+-----------------+---------+-----+--------+-------+-----+
|Total            |        0|    3|     422|    675|    0|
+-----------------+---------+-----+--------+-------+-----+
|Available        |      280|  220|  106400|  53200|    0|
+-----------------+---------+-----+--------+-------+-----+
|Utilization (%)  |        0|    1|      ~0|      1|    0|
+-----------------+---------+-----+--------+-------+-----+

+ Detail: 
    * Instance: 
    +----------------------------------------------------+-----------------------------------------+---------+----+-----+-----+-----+
    |                      Instance                      |                  Module                 | BRAM_18K| DSP|  FF | LUT | URAM|
    +----------------------------------------------------+-----------------------------------------+---------+----+-----+-----+-----+
    |grp_apply_rstdp_reward_Pipeline_RSTDP_INNER_fu_177  |apply_rstdp_reward_Pipeline_RSTDP_INNER  |        0|   2|  294|  368|    0|
    |sparsemux_7_2_10_1_1_U131                           |sparsemux_7_2_10_1_1                     |        0|   0|    0|    9|    0|
    |sparsemux_7_2_11_1_1_U132                           |sparsemux_7_2_11_1_1                     |        0|   0|    0|    9|    0|
    |sparsemux_7_2_11_1_1_U135                           |sparsemux_7_2_11_1_1                     |        0|   0|    0|    9|    0|
    |sparsemux_7_2_19_1_1_U134                           |sparsemux_7_2_19_1_1                     |        0|   0|    0|    9|    0|
    |sparsemux_7_2_2_1_1_U130                            |sparsemux_7_2_2_1_1                      |        0|   0|    0|    9|    0|
    |sparsemux_7_2_9_1_1_U133                            |sparsemux_7_2_9_1_1                      |        0|   0|    0|    9|    0|
    +----------------------------------------------------+-----------------------------------------+---------+----+-----+-----+-----+
    |Total                                               |                                         |        0|   2|  294|  422|    0|
    +----------------------------------------------------+-----------------------------------------+---------+----+-----+-----+-----+

    * DSP: 
    +-------------------------------------+--------------------------------+--------------+
    |               Instance              |             Module             |  Expression  |
    +-------------------------------------+--------------------------------+--------------+
    |mac_muladd_10ns_9ns_19s_19_4_1_U136  |mac_muladd_10ns_9ns_19s_19_4_1  |  i0 * i1 + i2|
    +-------------------------------------+--------------------------------+--------------+

    * Memory: 
    N/A

    * FIFO: 
    N/A

    * Expression: 
    +---------------------------------+----------+----+---+----+------------+------------+
    |          Variable Name          | Operation| DSP| FF| LUT| Bitwidth P0| Bitwidth P1|
    +---------------------------------+----------+----+---+----+------------+------------+
    |add_ln436_fu_336_p2              |         +|   0|  0|  10|           2|           1|
    |add_ln440_fu_387_p2              |         +|   0|  0|  13|          10|           1|
    |add_ln444_fu_397_p2              |         +|   0|  0|  12|          11|          11|
    |add_ln451_2_fu_463_p2            |         +|   0|  0|  26|          19|          19|
    |reward_mag_fu_212_p2             |         -|   0|  0|  15|           1|           8|
    |and_ln419_fu_198_p2              |       and|   0|  0|   2|           1|           1|
    |and_ln427_fu_288_p2              |       and|   0|  0|   2|           1|           1|
    |ap_block_state9_on_subcall_done  |       and|   0|  0|   2|           1|           1|
    |icmp_ln419_fu_192_p2             |      icmp|   0|  0|  15|           8|           1|
    |icmp_ln426_fu_236_p2             |      icmp|   0|  0|  10|           2|           1|
    |icmp_ln427_fu_252_p2             |      icmp|   0|  0|  11|           3|           1|
    |icmp_ln428_fu_268_p2             |      icmp|   0|  0|  13|           4|           1|
    |icmp_ln436_fu_330_p2             |      icmp|   0|  0|  10|           2|           2|
    |icmp_ln440_fu_382_p2             |      icmp|   0|  0|  13|          10|          10|
    |icmp_ln446_fu_415_p2             |      icmp|   0|  0|  15|           8|           1|
    |reward_mag_1_fu_218_p3           |    select|   0|  0|   8|           1|           8|
    |shift_sel_fu_302_p6              |    select|   0|  0|   3|           1|           3|
    |xor_ln426_fu_282_p2              |       xor|   0|  0|   2|           1|           2|
    +---------------------------------+----------+----+---+----+------------+------------+
    |Total                            |          |   0|  0| 182|          86|          73|
    +---------------------------------+----------+----+---+----+------------+------------+

    * Multiplexer: 
    +------------+----+-----------+-----+-----------+
    |    Name    | LUT| Input Size| Bits| Total Bits|
    +------------+----+-----------+-----+-----------+
    |ap_NS_fsm   |  53|         10|    1|         10|
    |c_fu_130    |   9|          2|    2|          4|
    |ii_reg_165  |   9|          2|   10|         20|
    +------------+----+-----------+-----+-----------+
    |Total       |  71|         14|   13|         34|
    +------------+----+-----------+-----+-----------+

    * Register: 
    +-----------------------------------------------------------------+----+----+-----+-----------+
    |                               Name                              | FF | LUT| Bits| Const Bits|
    +-----------------------------------------------------------------+----+----+-----+-----------+
    |add_ln436_reg_532                                                |   2|   0|    2|          0|
    |add_ln440_reg_550                                                |  10|   0|   10|          0|
    |add_ln451_2_reg_590                                              |  19|   0|   19|          0|
    |add_ln451_reg_585                                                |  19|   0|   19|          0|
    |and_ln419_reg_501                                                |   1|   0|    1|          0|
    |ap_CS_fsm                                                        |   9|   0|    9|          0|
    |c_3_reg_522                                                      |   2|   0|    2|          0|
    |c_fu_130                                                         |   2|   0|    2|          0|
    |grp_apply_rstdp_reward_Pipeline_RSTDP_INNER_fu_177_ap_start_reg  |   1|   0|    1|          0|
    |icmp_ln446_reg_570                                               |   1|   0|    1|          0|
    |ii_reg_165                                                       |  10|   0|   10|          0|
    |pre_elig_reg_565                                                 |   8|   0|    8|          0|
    |shift_sel_reg_517                                                |   2|   0|    2|          0|
    |tmp_24_reg_512                                                   |   1|   0|    1|          0|
    |tmp_7_reg_595                                                    |  11|   0|   11|          0|
    |tmp_reg_537                                                      |  10|   0|   10|          0|
    |tmp_s_reg_542                                                    |  11|   0|   11|          0|
    |zext_ln459_reg_574                                               |   9|   0|   19|         10|
    +-----------------------------------------------------------------+----+----+-----+-----------+
    |Total                                                            | 128|   0|  138|         10|
    +-----------------------------------------------------------------+----+----+-----+-----------+



================================================================
== Interface
================================================================
* Summary: 
+---------------------------+-----+-----+------------+-------------------------+--------------+
|         RTL Ports         | Dir | Bits|  Protocol  |      Source Object      |    C Type    |
+---------------------------+-----+-----+------------+-------------------------+--------------+
|ap_clk                     |   in|    1|  ap_ctrl_hs|       apply_rstdp_reward|  return value|
|ap_rst                     |   in|    1|  ap_ctrl_hs|       apply_rstdp_reward|  return value|
|ap_start                   |   in|    1|  ap_ctrl_hs|       apply_rstdp_reward|  return value|
|ap_done                    |  out|    1|  ap_ctrl_hs|       apply_rstdp_reward|  return value|
|ap_idle                    |  out|    1|  ap_ctrl_hs|       apply_rstdp_reward|  return value|
|ap_ready                   |  out|    1|  ap_ctrl_hs|       apply_rstdp_reward|  return value|
|reward_signal              |   in|    8|     ap_none|            reward_signal|        scalar|
|params_rstdp_enable_val    |   in|    1|     ap_none|  params_rstdp_enable_val|        scalar|
|params_reward_scale_val    |   in|   16|     ap_none|  params_reward_scale_val|        scalar|
|pre_eligibility_address0   |  out|   11|   ap_memory|          pre_eligibility|         array|
|pre_eligibility_ce0        |  out|    1|   ap_memory|          pre_eligibility|         array|
|pre_eligibility_q0         |   in|    8|   ap_memory|          pre_eligibility|         array|
|post_eligibility_address0  |  out|   11|   ap_memory|         post_eligibility|         array|
|post_eligibility_ce0       |  out|    1|   ap_memory|         post_eligibility|         array|
|post_eligibility_q0        |   in|    8|   ap_memory|         post_eligibility|         array|
|weight_memory_address0     |  out|   19|   ap_memory|            weight_memory|         array|
|weight_memory_ce0          |  out|    1|   ap_memory|            weight_memory|         array|
|weight_memory_we0          |  out|    1|   ap_memory|            weight_memory|         array|
|weight_memory_d0           |  out|    4|   ap_memory|            weight_memory|         array|
|weight_memory_address1     |  out|   19|   ap_memory|            weight_memory|         array|
|weight_memory_ce1          |  out|    1|   ap_memory|            weight_memory|         array|
|weight_memory_q1           |   in|    4|   ap_memory|            weight_memory|         array|
+---------------------------+-----+-----+------------+-------------------------+--------------+

