

================================================================
== Synthesis Summary Report of 'snn_top_hls'
================================================================
+ General Information: 
    * Date:           Thu Sep 17 15:27:06 2026
    * Version:        2025.2 (Build 6295257 on Nov 14 2025)
    * Project:        hls_output
    * Solution:       hls (Vivado IP Flow Target)
    * Product family: zynq
    * Target device:  xc7z020-clg400-1
    

* Performance & Resource Estimates: 
+---------------------------------------------------+--------+---------------------+----------+-------------+--------+----------+-------------+-----------+-------+-----------+---------+-----------+------------+-----+
|                      Modules                      |  Issue |                     | Iteration|             |  Trip  |          |         Latency         |       |           |         |           |            |     |
|                      & Loops                      |  Type  |    Violation Type   |  Latency |   Interval  |  Count | Pipelined|   (cycles)  |    (ns)   | Slack |   BRAM    |   DSP   |     FF    |     LUT    | URAM|
+---------------------------------------------------+--------+---------------------+----------+-------------+--------+----------+-------------+-----------+-------+-----------+---------+-----------+------------+-----+
|+ snn_top_hls                                      |  Timing|                    -|         -|  44107946792|       -|        no|  44107946791|  4.411e+11|  -1.03|  133 (47%)|  13 (5%)|  3684 (3%)|  7709 (14%)|    -|
| + snn_top_hls_Pipeline_RESET_ELIG                 |       -|                    -|         -|            -|       -|       yes|         1308|  1.308e+04|   1.75|          -|        -|   13 (~0%)|    51 (~0%)|    -|
|  o RESET_ELIG                                     |       -|                    -|         1|            1|    1306|       yes|         1306|  1.306e+04|   7.30|          -|        -|          -|           -|    -|
| + snn_top_hls_Pipeline_RESET_TRACES               |       -|                    -|         -|            -|       -|       yes|         1308|  1.308e+04|   1.75|          -|        -|   13 (~0%)|    51 (~0%)|    -|
|  o RESET_TRACES                                   |       -|                    -|         1|            1|    1306|       yes|         1306|  1.306e+04|   7.30|          -|        -|          -|           -|    -|
| + snn_top_hls_Pipeline_RESET_ENCODER              |       -|                    -|         -|            -|       -|       yes|          786|  7.860e+03|   1.66|          -|        -|   12 (~0%)|    53 (~0%)|    -|
|  o RESET_ENCODER                                  |       -|                    -|         1|            1|     784|       yes|          784|  7.840e+03|   7.30|          -|        -|          -|           -|    -|
| + snn_top_hls_Pipeline_INIT_WEIGHT                |       -|                    -|         -|            -|       -|       yes|       268802|  2.688e+06|   1.86|          -|        -|   22 (~0%)|    90 (~0%)|    -|
|  o INIT_WEIGHT                                    |       -|                    -|         2|            1|  268800|       yes|       268800|  2.688e+06|   7.30|          -|        -|          -|           -|    -|
| + snn_top_hls_Pipeline_LOAD_FRAME                 |       -|                    -|         -|            -|       -|       yes|          198|  1.980e+03|   0.90|          -|        -|   10 (~0%)|    74 (~0%)|    -|
|  o LOAD_FRAME                                     |       -|                    -|         1|            1|     196|       yes|          196|  1.960e+03|   7.30|          -|        -|          -|           -|    -|
| + snn_top_hls_Pipeline_WEIGHT_SUM                 |       -|                    -|         -|            -|       -|       yes|           68|    680.000|   2.25|          -|        -|   26 (~0%)|    89 (~0%)|    -|
|  o WEIGHT_SUM                                     |       -|                    -|         4|            1|      64|       yes|           66|    660.000|   7.30|          -|        -|          -|           -|    -|
| o TIME_LOOP                                       |       -|                    -|    673040|            -|   65535|        no|  44107676400|  4.411e+11|   7.30|          -|        -|          -|           -|    -|
|  + decay_all_traces                               |       -|                    -|         -|         1311|       -|        no|         1311|  1.311e+04|   0.13|          -|  2 (~0%)|  238 (~0%)|   234 (~0%)|    -|
|   + decay_all_traces_Pipeline_DECAY_PRE_TRACE     |       -|                    -|         -|            -|       -|       yes|         1310|  1.310e+04|   0.13|          -|  1 (~0%)|  117 (~0%)|   109 (~0%)|    -|
|    o DECAY_PRE_TRACE                              |       -|                    -|         4|            1|    1306|       yes|         1308|  1.308e+04|   7.30|          -|        -|          -|           -|    -|
|   + decay_all_traces_Pipeline_DECAY_POST_TRACE    |       -|                    -|         -|            -|       -|       yes|         1310|  1.310e+04|   0.13|          -|  1 (~0%)|  117 (~0%)|   109 (~0%)|    -|
|    o DECAY_POST_TRACE                             |       -|                    -|         4|            1|    1306|       yes|         1308|  1.308e+04|   7.30|          -|        -|          -|           -|    -|
|  + snn_top_hls_Pipeline_ENCODER_LOOP              |       -|                    -|         -|            -|       -|       yes|         1571|  1.571e+04|   0.72|          -|        -|  111 (~0%)|   397 (~0%)|    -|
|   o ENCODER_LOOP                                  |      II|  Resource Limitation|         4|            2|     784|       yes|         1569|  1.569e+04|   7.30|          -|        -|          -|           -|    -|
|  + process_pre_spike_aer                          |       -|                    -|         -|          834|       -|        no|          834|  8.340e+03|   0.31|          -|   4 (1%)|  535 (~0%)|    585 (1%)|    -|
|   o LTD_CONN_LOOP                                 |       -|                    -|       277|            -|       3|        no|          831|  8.310e+03|   7.30|          -|        -|          -|           -|    -|
|    + process_pre_spike_aer_Pipeline_LTD_LOOP      |       -|                    -|         -|            -|       -|       yes|          271|  2.710e+03|   0.65|          -|   3 (1%)|  428 (~0%)|   354 (~0%)|    -|
|     o LTD_LOOP                                    |       -|                    -|        15|            1|     256|       yes|          269|  2.690e+03|   7.30|          -|        -|          -|           -|    -|
|  + process_post_spike_aer                         |  Timing|                    -|         -|        28245|       -|        no|        28245|  2.824e+05|  -1.03|          -|   3 (1%)|  299 (~0%)|    664 (1%)|    -|
|   o LTP_CONN_LOOP                                 |       -|                    -|      9414|            -|       3|        no|        28242|  2.824e+05|   7.30|          -|        -|          -|           -|    -|
|    + process_post_spike_aer_Pipeline_LTP_LOOP     |  Timing|                    -|         -|            -|       -|       yes|         9411|  9.411e+04|  -1.03|          -|   3 (1%)|  160 (~0%)|   365 (~0%)|    -|
|     o LTP_LOOP                                    |      II|    Memory Dependency|        14|           12|     784|       yes|         9409|  9.409e+04|   7.30|          -|        -|          -|           -|    -|
|  + apply_rstdp_reward                             |       -|                    -|         -|       639751|       -|        no|       639751|  6.398e+06|   0.37|          -|   3 (1%)|  422 (~0%)|    675 (1%)|    -|
|   o RSTDP_CONN_LOOP                               |       -|                    -|    213250|            -|       3|        no|       639750|  6.398e+06|   7.30|          -|        -|          -|           -|    -|
|    o RSTDP_OUTER                                  |       -|                    -|       272|            -|     784|        no|       213248|  2.132e+06|   7.30|          -|        -|          -|           -|    -|
|     + apply_rstdp_reward_Pipeline_RSTDP_INNER     |       -|                    -|         -|            -|       -|       yes|          265|  2.650e+03|   0.44|          -|  2 (~0%)|  294 (~0%)|   368 (~0%)|    -|
|      o RSTDP_INNER                                |       -|                    -|         9|            1|     256|       yes|          263|  2.630e+03|   7.30|          -|        -|          -|           -|    -|
|  + decay_eligibility_traces                       |       -|                    -|         -|         1309|       -|        no|         1309|  1.309e+04|   0.74|          -|        -|   54 (~0%)|   170 (~0%)|    -|
|   + decay_eligibility_traces_Pipeline_DECAY_PRE   |       -|                    -|         -|            -|       -|       yes|         1308|  1.308e+04|   0.74|          -|        -|   25 (~0%)|    77 (~0%)|    -|
|    o DECAY_PRE                                    |       -|                    -|         2|            1|    1306|       yes|         1306|  1.306e+04|   7.30|          -|        -|          -|           -|    -|
|   + decay_eligibility_traces_Pipeline_DECAY_POST  |       -|                    -|         -|            -|       -|       yes|         1308|  1.308e+04|   0.74|          -|        -|   25 (~0%)|    77 (~0%)|    -|
|    o DECAY_POST                                   |       -|                    -|         2|            1|    1306|       yes|         1306|  1.306e+04|   7.30|          -|        -|          -|           -|    -|
+---------------------------------------------------+--------+---------------------+----------+-------------+--------+----------+-------------+-----------+-------+-----------+---------+-----------+------------+-----+
    II Violation Information: docs.amd.com/access/sources/dita/topic?Doc_Version=2025.2%20English&url=ug1448-hls-guidance&resourceid=200-880.html
    Name Prefix: '+' for module, 'o' for loop, '*' for dataflow


================================================================
== HW Interfaces
================================================================
* S_AXILITE Interfaces
+------------+------------+---------------+--------+----------+
| Interface  | Data Width | Address Width | Offset | Register |
+------------+------------+---------------+--------+----------+
| s_axi_ctrl | 32         | 8             | 16     | 0        |
+------------+------------+---------------+--------+----------+

* S_AXILITE Registers
+------------+----------------------+--------+-------+--------+-----------------------------------+----------------------------------------------------------------------+
| Interface  | Register             | Offset | Width | Access | Description                       | Bit Fields                                                           |
+------------+----------------------+--------+-------+--------+-----------------------------------+----------------------------------------------------------------------+
| s_axi_ctrl | CTRL                 | 0x00   | 32    | RW     | Control signals                   | 0=AP_START 1=AP_DONE 2=AP_IDLE 3=AP_READY 7=AUTO_RESTART 9=INTERRUPT |
| s_axi_ctrl | GIER                 | 0x04   | 32    | RW     | Global Interrupt Enable Register  | 0=Enable                                                             |
| s_axi_ctrl | IP_IER               | 0x08   | 32    | RW     | IP Interrupt Enable Register      | 0=CHAN0_INT_EN 1=CHAN1_INT_EN                                        |
| s_axi_ctrl | IP_ISR               | 0x0c   | 32    | RW     | IP Interrupt Status Register      | 0=CHAN0_INT_ST 1=CHAN1_INT_ST                                        |
| s_axi_ctrl | ctrl_reg             | 0x10   | 32    | W      | Data signal of ctrl_reg           |                                                                      |
| s_axi_ctrl | config_reg           | 0x18   | 32    | W      | Data signal of config_reg         |                                                                      |
| s_axi_ctrl | mode_reg             | 0x20   | 32    | W      | Data signal of mode_reg           |                                                                      |
| s_axi_ctrl | time_steps_reg       | 0x28   | 32    | W      | Data signal of time_steps_reg     |                                                                      |
| s_axi_ctrl | learning_params_1    | 0x30   | 32    | W      | Data signal of learning_params    |                                                                      |
| s_axi_ctrl | learning_params_2    | 0x34   | 32    | W      | Data signal of learning_params    |                                                                      |
| s_axi_ctrl | learning_params_3    | 0x38   | 32    | W      | Data signal of learning_params    |                                                                      |
| s_axi_ctrl | learning_params_4    | 0x3c   | 32    | W      | Data signal of learning_params    |                                                                      |
| s_axi_ctrl | learning_params_5    | 0x40   | 32    | W      | Data signal of learning_params    |                                                                      |
| s_axi_ctrl | encoder_config_1     | 0x48   | 32    | W      | Data signal of encoder_config     |                                                                      |
| s_axi_ctrl | encoder_config_2     | 0x4c   | 32    | W      | Data signal of encoder_config     |                                                                      |
| s_axi_ctrl | encoder_config_3     | 0x50   | 32    | W      | Data signal of encoder_config     |                                                                      |
| s_axi_ctrl | status_reg           | 0x58   | 32    | R      | Data signal of status_reg         |                                                                      |
| s_axi_ctrl | status_reg_ctrl      | 0x5c   | 32    | R      | Control signal of status_reg      | 0=status_reg_ap_vld                                                  |
| s_axi_ctrl | spike_count_reg      | 0x68   | 32    | R      | Data signal of spike_count_reg    |                                                                      |
| s_axi_ctrl | spike_count_reg_ctrl | 0x6c   | 32    | R      | Control signal of spike_count_reg | 0=spike_count_reg_ap_vld                                             |
| s_axi_ctrl | weight_sum_reg       | 0x78   | 32    | R      | Data signal of weight_sum_reg     |                                                                      |
| s_axi_ctrl | weight_sum_reg_ctrl  | 0x7c   | 32    | R      | Control signal of weight_sum_reg  | 0=weight_sum_reg_ap_vld                                              |
| s_axi_ctrl | version_reg          | 0x88   | 32    | R      | Data signal of version_reg        |                                                                      |
| s_axi_ctrl | version_reg_ctrl     | 0x8c   | 32    | R      | Control signal of version_reg     | 0=version_reg_ap_vld                                                 |
| s_axi_ctrl | reward_signal        | 0x98   | 32    | W      | Data signal of reward_signal      |                                                                      |
+------------+----------------------+--------+-------+--------+-----------------------------------+----------------------------------------------------------------------+

* AXIS
+----------------+-----------+---------------+-------+-------+-----+-------+-------+--------+-------+-------+--------+
| Interface      | Direction | Register Mode | TDATA | TDEST | TID | TKEEP | TLAST | TREADY | TSTRB | TUSER | TVALID |
+----------------+-----------+---------------+-------+-------+-----+-------+-------+--------+-------+-------+--------+
| m_axis_spikes  | out       | both          | 32    | 1     | 1   | 4     | 1     | 1      | 4     | 1     | 1      |
| m_axis_weights | out       | both          | 32    | 1     | 1   | 4     | 1     | 1      | 4     | 1     | 1      |
| s_axis_data    | in        | both          | 32    | 1     | 1   | 4     | 1     | 1      | 4     | 1     | 1      |
| s_axis_spikes  | in        | both          | 32    | 1     | 1   | 4     | 1     | 1      | 4     | 1     | 1      |
| s_axis_weights | in        | both          | 32    | 1     | 1   | 4     | 1     | 1      | 4     | 1     | 1      |
+----------------+-----------+---------------+-------+-------+-----+-------+-------+--------+-------+-------+--------+

* Other Ports
+-------------------------+---------+-----------+----------+
| Port                    | Mode    | Direction | Bitwidth |
+-------------------------+---------+-----------+----------+
| leak_rate_out           | ap_none | out       | 16       |
| learn_weight_data       | ap_none | out       | 8        |
| learn_weight_dst        | ap_none | out       | 7        |
| learn_weight_dst_group  | ap_none | out       | 3        |
| learn_weight_exc        | ap_none | out       | 1        |
| learn_weight_fanout_idx | ap_none | out       | 4        |
| learn_weight_group      | ap_none | out       | 3        |
| learn_weight_is_inter   | ap_none | out       | 1        |
| learn_weight_ready      | ap_none | in        | 1        |
| learn_weight_src        | ap_none | out       | 7        |
| learn_weight_valid      | ap_none | out       | 1        |
| snn_busy                | ap_none | in        | 1        |
| snn_enable              | ap_none | out       | 1        |
| snn_ready               | ap_none | in        | 1        |
| snn_reset               | ap_none | out       | 1        |
| spike_in_neuron_id      | ap_none | out       | 10       |
| spike_in_ready          | ap_none | in        | 1        |
| spike_in_valid          | ap_none | out       | 1        |
| spike_in_weight         | ap_none | out       | 8        |
| spike_out_neuron_id     | ap_none | in        | 10       |
| spike_out_ready         | ap_none | out       | 1        |
| spike_out_valid         | ap_none | in        | 1        |
| spike_out_weight        | ap_none | in        | 8        |
| threshold_out           | ap_none | out       | 16       |
+-------------------------+---------+-----------+----------+

* TOP LEVEL CONTROL
+-----------+------------+-----------+
| Interface | Type       | Ports     |
+-----------+------------+-----------+
| ap_clk    | clock      | ap_clk    |
| ap_rst_n  | reset      | ap_rst_n  |
| interrupt | interrupt  | interrupt |
| ap_ctrl   | ap_ctrl_hs |           |
+-----------+------------+-----------+


================================================================
== SW I/O Information
================================================================
* Top Function Arguments
+-------------------------+-----------+------------------------------------------------------------------------------+
| Argument                | Direction | Datatype                                                                     |
+-------------------------+-----------+------------------------------------------------------------------------------+
| ctrl_reg                | in        | ap_uint<32>                                                                  |
| config_reg              | in        | ap_uint<32>                                                                  |
| mode_reg                | in        | ap_uint<32>                                                                  |
| time_steps_reg          | in        | ap_uint<32>                                                                  |
| learning_params         | in        | learning_params_t                                                            |
| encoder_config          | in        | encoder_config_t                                                             |
| status_reg              | out       | ap_uint<32>&                                                                 |
| spike_count_reg         | out       | ap_uint<32>&                                                                 |
| weight_sum_reg          | out       | ap_uint<32>&                                                                 |
| version_reg             | out       | ap_uint<32>&                                                                 |
| s_axis_spikes           | in        | stream<hls::axis<ap_uint<32>, 1UL, 1UL, 1UL, (unsigned char)'8', false>, 0>& |
| s_axis_data             | in        | stream<hls::axis<ap_uint<32>, 1UL, 1UL, 1UL, (unsigned char)'8', false>, 0>& |
| s_axis_weights          | in        | stream<hls::axis<ap_uint<32>, 1UL, 1UL, 1UL, (unsigned char)'8', false>, 0>& |
| m_axis_spikes           | out       | stream<hls::axis<ap_uint<32>, 1UL, 1UL, 1UL, (unsigned char)'8', false>, 0>& |
| m_axis_weights          | out       | stream<hls::axis<ap_uint<32>, 1UL, 1UL, 1UL, (unsigned char)'8', false>, 0>& |
| reward_signal           | in        | ap_int<8>                                                                    |
| spike_in_valid          | out       | ap_uint<1>&                                                                  |
| spike_in_neuron_id      | out       | ap_uint<10>&                                                                 |
| spike_in_weight         | out       | ap_int<8>&                                                                   |
| spike_in_ready          | in        | ap_uint<1>                                                                   |
| spike_out_valid         | in        | ap_uint<1>                                                                   |
| spike_out_neuron_id     | in        | ap_uint<10>                                                                  |
| spike_out_weight        | in        | ap_int<8>                                                                    |
| spike_out_ready         | out       | ap_uint<1>&                                                                  |
| learn_weight_valid      | out       | ap_uint<1>&                                                                  |
| learn_weight_group      | out       | ap_uint<3>&                                                                  |
| learn_weight_src        | out       | ap_uint<7>&                                                                  |
| learn_weight_dst        | out       | ap_uint<7>&                                                                  |
| learn_weight_data       | out       | ap_uint<8>&                                                                  |
| learn_weight_exc        | out       | ap_uint<1>&                                                                  |
| learn_weight_is_inter   | out       | ap_uint<1>&                                                                  |
| learn_weight_dst_group  | out       | ap_uint<3>&                                                                  |
| learn_weight_fanout_idx | out       | ap_uint<4>&                                                                  |
| learn_weight_ready      | in        | ap_uint<1>                                                                   |
| snn_enable              | out       | ap_uint<1>&                                                                  |
| snn_reset               | out       | ap_uint<1>&                                                                  |
| threshold_out           | out       | ap_uint<16>&                                                                 |
| leak_rate_out           | out       | ap_uint<16>&                                                                 |
| snn_ready               | in        | ap_uint<1>                                                                   |
| snn_busy                | in        | ap_uint<1>                                                                   |
+-------------------------+-----------+------------------------------------------------------------------------------+

* SW-to-HW Mapping
+-------------------------+-------------------------+-----------+------------------------------------------------+
| Argument                | HW Interface            | HW Type   | HW Info                                        |
+-------------------------+-------------------------+-----------+------------------------------------------------+
| ctrl_reg                | s_axi_ctrl              | register  | name=ctrl_reg offset=0x10 range=32             |
| config_reg              | s_axi_ctrl              | register  | name=config_reg offset=0x18 range=32           |
| mode_reg                | s_axi_ctrl              | register  | name=mode_reg offset=0x20 range=32             |
| time_steps_reg          | s_axi_ctrl              | register  | name=time_steps_reg offset=0x28 range=32       |
| learning_params         | s_axi_ctrl              | register  | name=learning_params_1 offset=0x30 range=32    |
| learning_params         | s_axi_ctrl              | register  | name=learning_params_2 offset=0x34 range=32    |
| learning_params         | s_axi_ctrl              | register  | name=learning_params_3 offset=0x38 range=32    |
| learning_params         | s_axi_ctrl              | register  | name=learning_params_4 offset=0x3c range=32    |
| learning_params         | s_axi_ctrl              | register  | name=learning_params_5 offset=0x40 range=32    |
| encoder_config          | s_axi_ctrl              | register  | name=encoder_config_1 offset=0x48 range=32     |
| encoder_config          | s_axi_ctrl              | register  | name=encoder_config_2 offset=0x4c range=32     |
| encoder_config          | s_axi_ctrl              | register  | name=encoder_config_3 offset=0x50 range=32     |
| status_reg              | s_axi_ctrl              | register  | name=status_reg offset=0x58 range=32           |
| status_reg              | s_axi_ctrl              | register  | name=status_reg_ctrl offset=0x5c range=32      |
| spike_count_reg         | s_axi_ctrl              | register  | name=spike_count_reg offset=0x68 range=32      |
| spike_count_reg         | s_axi_ctrl              | register  | name=spike_count_reg_ctrl offset=0x6c range=32 |
| weight_sum_reg          | s_axi_ctrl              | register  | name=weight_sum_reg offset=0x78 range=32       |
| weight_sum_reg          | s_axi_ctrl              | register  | name=weight_sum_reg_ctrl offset=0x7c range=32  |
| version_reg             | s_axi_ctrl              | register  | name=version_reg offset=0x88 range=32          |
| version_reg             | s_axi_ctrl              | register  | name=version_reg_ctrl offset=0x8c range=32     |
| s_axis_spikes           | s_axis_spikes           | interface |                                                |
| s_axis_data             | s_axis_data             | interface |                                                |
| s_axis_weights          | s_axis_weights          | interface |                                                |
| m_axis_spikes           | m_axis_spikes           | interface |                                                |
| m_axis_weights          | m_axis_weights          | interface |                                                |
| reward_signal           | s_axi_ctrl              | register  | name=reward_signal offset=0x98 range=32        |
| spike_in_valid          | spike_in_valid          | port      |                                                |
| spike_in_neuron_id      | spike_in_neuron_id      | port      |                                                |
| spike_in_weight         | spike_in_weight         | port      |                                                |
| spike_in_ready          | spike_in_ready          | port      |                                                |
| spike_out_valid         | spike_out_valid         | port      |                                                |
| spike_out_neuron_id     | spike_out_neuron_id     | port      |                                                |
| spike_out_weight        | spike_out_weight        | port      |                                                |
| spike_out_ready         | spike_out_ready         | port      |                                                |
| learn_weight_valid      | learn_weight_valid      | port      |                                                |
| learn_weight_group      | learn_weight_group      | port      |                                                |
| learn_weight_src        | learn_weight_src        | port      |                                                |
| learn_weight_dst        | learn_weight_dst        | port      |                                                |
| learn_weight_data       | learn_weight_data       | port      |                                                |
| learn_weight_exc        | learn_weight_exc        | port      |                                                |
| learn_weight_is_inter   | learn_weight_is_inter   | port      |                                                |
| learn_weight_dst_group  | learn_weight_dst_group  | port      |                                                |
| learn_weight_fanout_idx | learn_weight_fanout_idx | port      |                                                |
| learn_weight_ready      | learn_weight_ready      | port      |                                                |
| snn_enable              | snn_enable              | port      |                                                |
| snn_reset               | snn_reset               | port      |                                                |
| threshold_out           | threshold_out           | port      |                                                |
| leak_rate_out           | leak_rate_out           | port      |                                                |
| snn_ready               | snn_ready               | port      |                                                |
| snn_busy                | snn_busy                | port      |                                                |
+-------------------------+-------------------------+-----------+------------------------------------------------+


================================================================
== M_AXI Burst Information
================================================================
 Note: All burst requests might be further partitioned into multiple requests during RTL generation based on max_read_burst_length or max_write_burst_length settings.


================================================================
== Bind Op Report
================================================================
+--------------------------------------------------+-----+--------+---------------------------+-----------+------------------------+---------+
| Name                                             | DSP | Pragma | Variable                  | Op        | Impl                   | Latency |
+--------------------------------------------------+-----+--------+---------------------------+-----------+------------------------+---------+
| + snn_top_hls                                    | 13  |        |                           |           |                        |         |
|   checkpoint_mode_fu_1646_p2                     |     |        | checkpoint_mode           | seteq     | auto                   | 0       |
|   stdp_mode_fu_1652_p2                           |     |        | stdp_mode                 | seteq     | auto                   | 0       |
|   stdp_active_fu_1658_p2                         |     |        | stdp_active               | and       | auto                   | 0       |
|   icmp_ln738_fu_1664_p2                          |     |        | icmp_ln738                | seteq     | auto                   | 0       |
|   time_steps_1_fu_1674_p3                        |     |        | time_steps_1              | select    | auto_sel               | 0       |
|   xor_ln757_fu_1710_p2                           |     |        | xor_ln757                 | xor       | auto                   | 0       |
|   or_ln757_fu_1716_p2                            |     |        | or_ln757                  | or        | auto                   | 0       |
|   icmp_ln371_fu_1860_p2                          |     |        | icmp_ln371                | setlt     | auto                   | 0       |
|   icmp_ln371_1_fu_1865_p2                        |     |        | icmp_ln371_1              | setlt     | auto                   | 0       |
|   icmp_ln371_2_fu_1870_p2                        |     |        | icmp_ln371_2              | setlt     | auto                   | 0       |
|   icmp_ln371_3_fu_1875_p2                        |     |        | icmp_ln371_3              | setlt     | auto                   | 0       |
|   g_0_i_i8_fu_1922_p8                            |     |        | select_ln371              | select    | auto_sel               | 0       |
|   xor_ln371_fu_1888_p2                           |     |        | xor_ln371                 | xor       | auto                   | 0       |
|   and_ln371_fu_1894_p2                           |     |        | and_ln371                 | and       | auto                   | 0       |
|   xor_ln371_1_fu_1900_p2                         |     |        | xor_ln371_1               | xor       | auto                   | 0       |
|   and_ln371_1_fu_1906_p2                         |     |        | and_ln371_1               | and       | auto                   | 0       |
|   sparsemux_9_3_3_1_1_U151                       |     |        | g_0_i_i8                  | sparsemux | onehotencoding_realdef | 0       |
|   cleanup_dest_slot_0_i_i_fu_1946_p2             |     |        | cleanup_dest_slot_0_i_i   | xor       | auto                   | 0       |
|   src_g_fu_1952_p3                               |     |        | src_g                     | select    | auto_sel               | 0       |
|   icmp_ln371_4_fu_1960_p2                        |     |        | icmp_ln371_4              | setlt     | auto                   | 0       |
|   icmp_ln371_5_fu_1965_p2                        |     |        | icmp_ln371_5              | setlt     | auto                   | 0       |
|   icmp_ln371_6_fu_1970_p2                        |     |        | icmp_ln371_6              | setlt     | auto                   | 0       |
|   icmp_ln371_7_fu_1975_p2                        |     |        | icmp_ln371_7              | setlt     | auto                   | 0       |
|   g_0_i23_i6_fu_2022_p8                          |     |        | select_ln371_1            | select    | auto_sel               | 0       |
|   xor_ln371_2_fu_1988_p2                         |     |        | xor_ln371_2               | xor       | auto                   | 0       |
|   and_ln371_2_fu_1994_p2                         |     |        | and_ln371_2               | and       | auto                   | 0       |
|   xor_ln371_3_fu_2000_p2                         |     |        | xor_ln371_3               | xor       | auto                   | 0       |
|   and_ln371_3_fu_2006_p2                         |     |        | and_ln371_3               | and       | auto                   | 0       |
|   sparsemux_9_3_3_1_1_U152                       |     |        | g_0_i23_i6                | sparsemux | onehotencoding_realdef | 0       |
|   cleanup_dest_slot_0_i45_i_fu_2046_p2           |     |        | cleanup_dest_slot_0_i45_i | xor       | auto                   | 0       |
|   dst_g_fu_2052_p3                               |     |        | dst_g                     | select    | auto_sel               | 0       |
|   icmp_ln384_fu_2060_p2                          |     |        | icmp_ln384                | seteq     | auto                   | 0       |
|   icmp_ln385_fu_2066_p2                          |     |        | icmp_ln385                | seteq     | auto                   | 0       |
|   and_ln384_fu_2072_p2                           |     |        | and_ln384                 | and       | auto                   | 0       |
|   icmp_ln384_1_fu_2078_p2                        |     |        | icmp_ln384_1              | seteq     | auto                   | 0       |
|   icmp_ln385_1_fu_2084_p2                        |     |        | icmp_ln385_1              | seteq     | auto                   | 0       |
|   and_ln384_1_fu_2090_p2                         |     |        | and_ln384_1               | and       | auto                   | 0       |
|   xor_ln384_fu_2147_p2                           |     |        | xor_ln384                 | xor       | auto                   | 0       |
|   and_ln384_2_fu_2152_p2                         |     |        | and_ln384_2               | and       | auto                   | 0       |
|   sparsemux_7_2_2_1_1_x_U153                     |     |        | conn_idx                  | sparsemux | onehotencoding_realdef | 0       |
|   sparsemux_7_2_11_1_1_U154                      |     |        | zext_ln404_cast           | sparsemux | onehotencoding_realdef | 0       |
|   local_src_fu_2208_p2                           |     |        | local_src                 | sub       | fabric                 | 0       |
|   sparsemux_7_2_11_1_1_U156                      |     |        | zext_ln405_cast           | sparsemux | onehotencoding_realdef | 0       |
|   local_dst_fu_2268_p2                           |     |        | local_dst                 | sub       | fabric                 | 0       |
|   sparsemux_7_2_19_1_1_U157                      |     |        | zext_ln406_cast           | sparsemux | onehotencoding_realdef | 0       |
|   sparsemux_7_2_9_1_1_U155                       |     |        | zext_ln406_1_cast         | sparsemux | onehotencoding_realdef | 0       |
|   mac_muladd_12s_9ns_19ns_21_4_1_U158            | 1   |        | mul_ln406                 | mul       | dsp_slice              | 3       |
|   mac_muladd_12s_9ns_19ns_21_4_1_U158            | 1   |        | add_ln406                 | add       | dsp_slice              | 3       |
|   add_ln406_1_fu_2300_p2                         |     |        | add_ln406_1               | add       | fabric                 | 0       |
|   or_ln384_fu_2096_p2                            |     |        | or_ln384                  | or        | auto                   | 0       |
|   xor_ln384_1_fu_2102_p2                         |     |        | xor_ln384_1               | xor       | auto                   | 0       |
|   icmp_ln384_2_fu_2108_p2                        |     |        | icmp_ln384_2              | setne     | auto                   | 0       |
|   icmp_ln384_3_fu_2114_p2                        |     |        | icmp_ln384_3              | setne     | auto                   | 0       |
|   or_ln384_1_fu_2120_p2                          |     |        | or_ln384_1                | or        | auto                   | 0       |
|   and_ln384_3_fu_2126_p2                         |     |        | and_ln384_3               | and       | auto                   | 0       |
|   or_ln384_2_fu_2132_p2                          |     |        | or_ln384_2                | or        | auto                   | 0       |
|   or_ln384_3_fu_2138_p2                          |     |        | or_ln384_3                | or        | auto                   | 0       |
|   widx_fu_2305_p3                                |     |        | widx                      | select    | auto_sel               | 0       |
|   icmp_ln131_fu_2329_p2                          |     |        | icmp_ln131                | setgt     | auto                   | 0       |
|   icmp_ln132_fu_2335_p2                          |     |        | icmp_ln132                | setlt     | auto                   | 0       |
|   select_ln131_1_fu_2349_p3                      |     |        | select_ln131_1            | select    | auto_sel               | 0       |
|   or_ln131_fu_2357_p2                            |     |        | or_ln131                  | or        | auto                   | 0       |
|   select_ln131_fu_2363_p3                        |     |        | select_ln131              | select    | auto_sel               | 0       |
|   xor_ln857_fu_2417_p2                           |     |        | xor_ln857                 | xor       | auto                   | 0       |
|   or_ln857_fu_2422_p2                            |     |        | or_ln857                  | or        | auto                   | 0       |
|   icmp_ln873_fu_2428_p2                          |     |        | icmp_ln873                | setne     | auto                   | 0       |
|   and_ln873_fu_2433_p2                           |     |        | and_ln873                 | and       | auto                   | 0       |
|   xor_ln909_fu_2457_p2                           |     |        | xor_ln909                 | xor       | auto                   | 0       |
|   xor_ln909_1_fu_2462_p2                         |     |        | xor_ln909_1               | xor       | auto                   | 0       |
|   or_ln909_fu_2467_p2                            |     |        | or_ln909                  | or        | auto                   | 0       |
|   xor_ln961_fu_2473_p2                           |     |        | xor_ln961                 | xor       | auto                   | 0       |
|   or_ln961_fu_2478_p2                            |     |        | or_ln961                  | or        | auto                   | 0       |
|   xor_ln977_fu_2484_p2                           |     |        | xor_ln977                 | xor       | auto                   | 0       |
|   or_ln977_fu_2489_p2                            |     |        | or_ln977                  | or        | auto                   | 0       |
|   and_ln1028_fu_2495_p2                          |     |        | and_ln1028                | and       | auto                   | 0       |
|   xor_ln1028_fu_2499_p2                          |     |        | xor_ln1028                | xor       | auto                   | 0       |
|   or_ln1041_fu_2505_p2                           |     |        | or_ln1041                 | or        | auto                   | 0       |
|   xor_ln1028_1_fu_2509_p2                        |     |        | xor_ln1028_1              | xor       | auto                   | 0       |
|   or_ln1028_fu_2514_p2                           |     |        | or_ln1028                 | or        | auto                   | 0       |
|   xor_ln900_fu_2520_p2                           |     |        | xor_ln900                 | xor       | auto                   | 0       |
|   or_ln900_fu_2526_p2                            |     |        | or_ln900                  | or        | auto                   | 0       |
|   icmp_ln1057_not_fu_2531_p2                     |     |        | icmp_ln1057_not           | setne     | auto                   | 0       |
|   not_or_ln1057_fu_2536_p2                       |     |        | not_or_ln1057             | and       | auto                   | 0       |
|   icmp_ln884_fu_2568_p2                          |     |        | icmp_ln884                | seteq     | auto                   | 0       |
|   t_2_fu_2573_p2                                 |     |        | t_2                       | add       | fabric                 | 0       |
|   and_ln888_fu_2579_p2                           |     |        | and_ln888                 | and       | auto                   | 0       |
|   new_elig_fu_2728_p2                            |     |        | new_elig                  | add       | fabric                 | 0       |
|   icmp_ln533_fu_2744_p2                          |     |        | icmp_ln533                | seteq     | auto                   | 0       |
|   select_ln533_fu_2754_p3                        |     |        | select_ln533              | select    | auto_sel               | 0       |
|   grp_fu_1478_p2                                 |     |        | add_ln945                 | add       | fabric                 | 0       |
|   add_ln948_fu_2763_p2                           |     |        | add_ln948                 | add       | fabric                 | 0       |
|   xor_ln1011_fu_2856_p2                          |     |        | xor_ln1011                | xor       | auto                   | 0       |
|   new_elig_1_fu_2876_p2                          |     |        | new_elig_1                | add       | fabric                 | 0       |
|   icmp_ln540_fu_2892_p2                          |     |        | icmp_ln540                | seteq     | auto                   | 0       |
|   select_ln540_fu_2902_p3                        |     |        | select_ln540              | select    | auto_sel               | 0       |
|   grp_fu_1478_p2                                 |     |        | add_ln1022                | add       | fabric                 | 0       |
|   and_ln1028_1_fu_2911_p2                        |     |        | and_ln1028_1              | and       | auto                   | 0       |
|   full_last_fu_2940_p2                           |     |        | full_last                 | setgt     | auto                   | 0       |
|   next_pos_fu_2950_p2                            |     |        | next_pos                  | add       | fabric                 | 0       |
|   icmp_ln1059_fu_2956_p2                         |     |        | icmp_ln1059               | setlt     | auto                   | 0       |
|   chunk_last_fu_2961_p2                          |     |        | chunk_last                | xor       | auto                   | 0       |
|   chunk_last_1_fu_2967_p2                        |     |        | chunk_last_1              | and       | auto                   | 0       |
|   w_pkt_last_fu_2972_p2                          |     |        | w_pkt_last                | or        | auto                   | 0       |
|   add_ln1067_fu_2978_p2                          |     |        | add_ln1067                | add       | fabric                 | 0       |
|   icmp_ln1068_fu_2984_p2                         |     |        | icmp_ln1068               | setgt     | auto                   | 0       |
|   select_ln1068_fu_2990_p3                       |     |        | select_ln1068             | select    | auto_sel               | 0       |
|   select_ln1071_fu_3004_p3                       |     |        | select_ln1071             | select    | auto_sel               | 0       |
|   add_ln1079_fu_3036_p2                          |     |        | add_ln1079                | add       | fabric                 | 0       |
|   icmp_ln884_1_fu_2593_p2                        |     |        | icmp_ln884_1              | seteq     | auto                   | 0       |
|   or_ln1106_fu_2631_p2                           |     |        | or_ln1106                 | or        | auto                   | 0       |
|   and_ln1106_fu_2637_p2                          |     |        | and_ln1106                | and       | auto                   | 0       |
|  + snn_top_hls_Pipeline_RESET_ELIG               | 0   |        |                           |           |                        |         |
|    icmp_ln782_fu_90_p2                           |     |        | icmp_ln782                | seteq     | auto                   | 0       |
|    add_ln782_fu_96_p2                            |     |        | add_ln782                 | add       | fabric                 | 0       |
|  + snn_top_hls_Pipeline_RESET_TRACES             | 0   |        |                           |           |                        |         |
|    icmp_ln790_fu_90_p2                           |     |        | icmp_ln790                | seteq     | auto                   | 0       |
|    add_ln790_fu_96_p2                            |     |        | add_ln790                 | add       | fabric                 | 0       |
|  + snn_top_hls_Pipeline_RESET_ENCODER            | 0   |        |                           |           |                        |         |
|    icmp_ln797_fu_94_p2                           |     |        | icmp_ln797                | seteq     | auto                   | 0       |
|    add_ln797_fu_100_p2                           |     |        | add_ln797                 | add       | fabric                 | 0       |
|  + snn_top_hls_Pipeline_INIT_WEIGHT              | 0   |        |                           |           |                        |         |
|    icmp_ln804_fu_66_p2                           |     |        | icmp_ln804                | seteq     | auto                   | 0       |
|    add_ln804_fu_72_p2                            |     |        | add_ln804                 | add       | fabric                 | 0       |
|  + snn_top_hls_Pipeline_LOAD_FRAME               | 0   |        |                           |           |                        |         |
|    add_ln858_fu_174_p2                           |     |        | add_ln858                 | add       | fabric                 | 0       |
|    xor_ln867_fu_248_p2                           |     |        | xor_ln867                 | xor       | auto                   | 0       |
|    icmp_ln858_fu_254_p2                          |     |        | icmp_ln858                | setlt     | auto                   | 0       |
|    or_cond60_fu_260_p2                           |     |        | or_cond60                 | and       | auto                   | 0       |
|  + decay_all_traces                              | 2   |        |                           |           |                        |         |
|   + decay_all_traces_Pipeline_DECAY_PRE_TRACE    | 1   |        |                           |           |                        |         |
|     icmp_ln209_fu_101_p2                         |     |        | icmp_ln209                | seteq     | auto                   | 0       |
|     add_ln209_fu_107_p2                          |     |        | add_ln209                 | add       | fabric                 | 0       |
|     mul_8ns_8ns_16_3_1_U17                       | 1   | yes    | mul_decay_pre             | mul       | dsp                    | 2       |
|     sub_ln215_fu_142_p2                          |     |        | sub_ln215                 | sub       | fabric                 | 0       |
|   + decay_all_traces_Pipeline_DECAY_POST_TRACE   | 1   |        |                           |           |                        |         |
|     icmp_ln217_fu_101_p2                         |     |        | icmp_ln217                | seteq     | auto                   | 0       |
|     add_ln217_fu_107_p2                          |     |        | add_ln217                 | add       | fabric                 | 0       |
|     mul_8ns_8ns_16_3_1_U21                       | 1   | yes    | mul_decay_post            | mul       | dsp                    | 2       |
|     sub_ln223_fu_142_p2                          |     |        | sub_ln223                 | sub       | fabric                 | 0       |
|  + snn_top_hls_Pipeline_WEIGHT_SUM               | 0   |        |                           |           |                        |         |
|    icmp_ln1135_fu_85_p2                          |     |        | icmp_ln1135               | seteq     | auto                   | 0       |
|    add_ln1135_fu_91_p2                           |     |        | add_ln1135                | add       | fabric                 | 0       |
|    weight_sum_1_fu_114_p2                        |     |        | weight_sum_1              | add       | fabric                 | 0       |
|  + snn_top_hls_Pipeline_ENCODER_LOOP             | 0   |        |                           |           |                        |         |
|    icmp_ln99_fu_205_p2                           |     |        | icmp_ln99                 | seteq     | auto                   | 0       |
|    icmp_ln93_fu_219_p2                           |     |        | icmp_ln93                 | seteq     | auto                   | 0       |
|    ch_2_fu_225_p2                                |     |        | ch_2                      | add       | fabric                 | 0       |
|    icmp_ln95_fu_253_p2                           |     |        | icmp_ln95                 | setlt     | auto                   | 0       |
|    value_fu_267_p3                               |     |        | value                     | select    | auto_sel               | 0       |
|    select_ln69_fu_279_p3                         |     |        | select_ln69               | select    | auto_sel               | 0       |
|    add_ln69_fu_287_p2                            |     |        | add_ln69                  | add       | fabric                 | 0       |
|    icmp_ln72_fu_293_p2                           |     |        | icmp_ln72                 | setgt     | auto                   | 0       |
|    sub_ln73_fu_297_p2                            |     |        | sub_ln73                  | sub       | fabric                 | 0       |
|    select_ln72_fu_301_p3                         |     |        | select_ln72               | select    | auto_sel               | 0       |
|    icmp_ln77_fu_310_p2                           |     |        | icmp_ln77                 | setlt     | auto                   | 0       |
|    encoder_spike_counter_new_3_out               |     |        | add_ln55                  | add       | fabric                 | 0       |
|    sub_ln79_fu_315_p2                            |     |        | sub_ln79                  | sub       | fabric                 | 0       |
|  + process_pre_spike_aer                         | 4   |        |                           |           |                        |         |
|    new_trace_fu_163_p2                           |     |        | new_trace                 | add       | fabric                 | 0       |
|    select_ln246_fu_181_p3                        |     |        | select_ln246              | select    | auto_sel               | 0       |
|    icmp_ln254_fu_196_p2                          |     |        | icmp_ln254                | seteq     | auto                   | 0       |
|    add_ln254_fu_202_p2                           |     |        | add_ln254                 | add       | fabric                 | 0       |
|    sparsemux_7_2_11_1_1_U54                      |     |        | src_start                 | sparsemux | onehotencoding_realdef | 0       |
|    sparsemux_7_2_10_1_1_U55                      |     |        | zext_ln258_cast           | sparsemux | onehotencoding_realdef | 0       |
|    src_end_fu_256_p2                             |     |        | src_end                   | add       | fabric                 | 0       |
|    icmp_ln259_fu_262_p2                          |     |        | icmp_ln259                | setgt     | auto                   | 0       |
|    icmp_ln259_1_fu_267_p2                        |     |        | icmp_ln259_1              | setlt     | auto                   | 0       |
|    xor_ln259_fu_272_p2                           |     |        | xor_ln259                 | xor       | auto                   | 0       |
|    or_ln259_fu_278_p2                            |     |        | or_ln259                  | or        | auto                   | 0       |
|    local_src_fu_284_p2                           |     |        | local_src                 | sub       | fabric                 | 0       |
|    sparsemux_7_2_19_1_1_U57                      |     |        | zext_ln262_cast           | sparsemux | onehotencoding_realdef | 0       |
|    sparsemux_7_2_9_1_1_U56                       |     |        | zext_ln262_1_cast         | sparsemux | onehotencoding_realdef | 0       |
|    mac_muladd_12s_9ns_19ns_21_4_1_U59            | 1   |        | mul_ln262                 | mul       | dsp_slice              | 3       |
|    mac_muladd_12s_9ns_19ns_21_4_1_U59            | 1   |        | base_offset               | add       | dsp_slice              | 3       |
|    sparsemux_7_2_11_1_1_U58                      |     |        | tmp_s                     | sparsemux | onehotencoding_realdef | 0       |
|    add_ln265_fu_340_p2                           |     |        | add_ln265                 | add       | fabric                 | 0       |
|   + process_pre_spike_aer_Pipeline_LTD_LOOP      | 3   |        |                           |           |                        |         |
|     icmp_ln265_fu_206_p2                         |     |        | icmp_ln265                | seteq     | auto                   | 0       |
|     add_ln265_fu_212_p2                          |     |        | add_ln265                 | add       | fabric                 | 0       |
|     add_ln269_fu_222_p2                          |     |        | add_ln269                 | add       | fabric                 | 0       |
|     icmp_ln276_fu_253_p2                         |     |        | icmp_ln276                | seteq     | auto                   | 0       |
|     xor_ln282_fu_267_p2                          |     |        | xor_ln282                 | xor       | auto                   | 0       |
|     mul_4ns_8ns_12_3_1_U41                       | 1   | yes    | mul_dt                    | mul       | dsp                    | 2       |
|     mul_12ns_16s_28_4_1_U42                      | 1   | yes    | mul_a                     | mul       | dsp                    | 3       |
|     mul_12s_16s_28_4_1_U43                       | 1   | yes    | mul_ln294                 | mul       | dsp                    | 3       |
|     w_fu_339_p2                                  |     |        | w                         | sub       | fabric                 | 0       |
|     icmp_ln131_fu_355_p2                         |     |        | icmp_ln131                | setgt     | auto                   | 0       |
|     icmp_ln132_fu_361_p2                         |     |        | icmp_ln132                | setlt     | auto                   | 0       |
|     select_ln131_fu_371_p3                       |     |        | select_ln131              | select    | auto_sel               | 0       |
|     or_ln131_fu_379_p2                           |     |        | or_ln131                  | or        | auto                   | 0       |
|     updated_fu_385_p3                            |     |        | updated                   | select    | auto_sel               | 0       |
|     add_ln309_fu_233_p2                          |     |        | add_ln309                 | add       | fabric                 | 0       |
|  + process_post_spike_aer                        | 3   |        |                           |           |                        |         |
|    new_trace_fu_232_p2                           |     |        | new_trace                 | add       | fabric                 | 0       |
|    select_ln333_fu_250_p3                        |     |        | select_ln333              | select    | auto_sel               | 0       |
|    icmp_ln169_fu_262_p2                          |     |        | icmp_ln169                | setgt     | auto                   | 0       |
|    icmp_ln341_fu_270_p2                          |     |        | icmp_ln341                | seteq     | auto                   | 0       |
|    add_ln341_fu_276_p2                           |     |        | add_ln341                 | add       | fabric                 | 0       |
|    sparsemux_7_2_11_1_1_U95                      |     |        | dst_start                 | sparsemux | onehotencoding_realdef | 0       |
|    sparsemux_7_2_9_1_1_U96                       |     |        | zext_ln352_cast           | sparsemux | onehotencoding_realdef | 0       |
|    dst_end_fu_326_p2                             |     |        | dst_end                   | add       | fabric                 | 0       |
|    icmp_ln346_fu_332_p2                          |     |        | icmp_ln346                | setgt     | auto                   | 0       |
|    icmp_ln346_1_fu_337_p2                        |     |        | icmp_ln346_1              | setlt     | auto                   | 0       |
|    xor_ln346_fu_342_p2                           |     |        | xor_ln346                 | xor       | auto                   | 0       |
|    or_ln346_fu_348_p2                            |     |        | or_ln346                  | or        | auto                   | 0       |
|    sparsemux_7_2_10_1_1_U97                      |     |        | tmp_s                     | sparsemux | onehotencoding_realdef | 0       |
|    local_dst_fu_354_p2                           |     |        | local_dst                 | sub       | fabric                 | 0       |
|    sparsemux_7_2_19_1_1_U98                      |     |        | zext_ln350_cast           | sparsemux | onehotencoding_realdef | 0       |
|    widx_fu_405_p2                                |     |        | widx                      | add       | fabric                 | 0       |
|    sparsemux_7_2_11_1_1_U99                      |     |        | tmp_5                     | sparsemux | onehotencoding_realdef | 0       |
|   + process_post_spike_aer_Pipeline_LTP_LOOP     | 3   |        |                           |           |                        |         |
|     icmp_ln352_fu_273_p2                         |     |        | icmp_ln352                | seteq     | auto                   | 0       |
|     add_ln352_fu_279_p2                          |     |        | add_ln352                 | add       | fabric                 | 0       |
|     pre_id_fu_289_p2                             |     |        | pre_id                    | add       | fabric                 | 0       |
|     icmp_ln363_fu_313_p2                         |     |        | icmp_ln363                | seteq     | auto                   | 0       |
|     distance_fu_408_p2                           |     |        | distance                  | sub       | fabric                 | 0       |
|     mul_4ns_8ns_12_3_1_U72                       | 1   | yes    | mul_dt                    | mul       | dsp                    | 1       |
|     mul_12ns_16s_28_4_1_U73                      | 1   | yes    | mul_a                     | mul       | dsp                    | 2       |
|     mul_12s_16s_28_4_1_U74                       | 1   | yes    | mul_ln381                 | mul       | dsp                    | 2       |
|     w_fu_468_p2                                  |     |        | w                         | add       | fabric                 | 0       |
|     icmp_ln131_fu_484_p2                         |     |        | icmp_ln131                | setgt     | auto                   | 0       |
|     icmp_ln132_fu_490_p2                         |     |        | icmp_ln132                | setlt     | auto                   | 0       |
|     select_ln131_fu_500_p3                       |     |        | select_ln131              | select    | auto_sel               | 0       |
|     or_ln131_fu_508_p2                           |     |        | or_ln131                  | or        | auto                   | 0       |
|     updated_fu_514_p3                            |     |        | updated                   | select    | auto_sel               | 0       |
|     xor_ln163_fu_323_p2                          |     |        | xor_ln163                 | xor       | auto                   | 0       |
|     or_ln163_fu_329_p2                           |     |        | or_ln163                  | or        | auto                   | 0       |
|     icmp_ln168_fu_334_p2                         |     |        | icmp_ln168                | setgt     | auto                   | 0       |
|     or_ln168_fu_339_p2                           |     |        | or_ln168                  | or        | auto                   | 0       |
|     learn_bridge_exc                             |     |        | exc                       | xor       | auto                   | 0       |
|     mag_1_fu_536_p2                              |     |        | mag_1                     | sub       | fabric                 | 0       |
|     learn_bridge_data                            |     |        | mag_2                     | select    | auto_sel               | 0       |
|     learn_bridge_is_inter                        |     |        | icmp_ln191                | setne     | auto                   | 0       |
|     add_ln396_fu_398_p2                          |     |        | add_ln396                 | add       | fabric                 | 0       |
|  + apply_rstdp_reward                            | 3   |        |                           |           |                        |         |
|    icmp_ln419_fu_192_p2                          |     |        | icmp_ln419                | setne     | auto                   | 0       |
|    and_ln419_fu_198_p2                           |     |        | and_ln419                 | and       | auto                   | 0       |
|    reward_mag_fu_212_p2                          |     |        | reward_mag                | sub       | fabric                 | 0       |
|    reward_mag_1_fu_218_p3                        |     |        | reward_mag_1              | select    | auto_sel               | 0       |
|    icmp_ln426_fu_236_p2                          |     |        | icmp_ln426                | setne     | auto                   | 0       |
|    icmp_ln427_fu_252_p2                          |     |        | icmp_ln427                | setne     | auto                   | 0       |
|    icmp_ln428_fu_268_p2                          |     |        | icmp_ln428                | setne     | auto                   | 0       |
|    shift_sel_fu_302_p6                           |     |        | select_ln428              | select    | auto_sel               | 0       |
|    xor_ln426_fu_282_p2                           |     |        | xor_ln426                 | xor       | auto                   | 0       |
|    and_ln427_fu_288_p2                           |     |        | and_ln427                 | and       | auto                   | 0       |
|    sparsemux_7_2_2_1_1_U130                      |     |        | shift_sel                 | sparsemux | onehotencoding_realdef | 0       |
|    icmp_ln436_fu_330_p2                          |     |        | icmp_ln436                | seteq     | auto                   | 0       |
|    add_ln436_fu_336_p2                           |     |        | add_ln436                 | add       | fabric                 | 0       |
|    sparsemux_7_2_10_1_1_U131                     |     |        | tmp                       | sparsemux | onehotencoding_realdef | 0       |
|    sparsemux_7_2_11_1_1_U132                     |     |        | tmp_s                     | sparsemux | onehotencoding_realdef | 0       |
|    icmp_ln440_fu_382_p2                          |     |        | icmp_ln440                | seteq     | auto                   | 0       |
|    add_ln440_fu_387_p2                           |     |        | add_ln440                 | add       | fabric                 | 0       |
|    add_ln444_fu_397_p2                           |     |        | add_ln444                 | add       | fabric                 | 0       |
|    icmp_ln446_fu_415_p2                          |     |        | icmp_ln446                | seteq     | auto                   | 0       |
|    sparsemux_7_2_19_1_1_U134                     |     |        | tmp_6                     | sparsemux | onehotencoding_realdef | 0       |
|    sparsemux_7_2_9_1_1_U133                      |     |        | zext_ln459_cast           | sparsemux | onehotencoding_realdef | 0       |
|    sparsemux_7_2_11_1_1_U135                     |     |        | tmp_7                     | sparsemux | onehotencoding_realdef | 0       |
|    mac_muladd_10ns_9ns_19s_19_4_1_U136           | 1   |        | mul_ln451                 | mul       | dsp_slice              | 3       |
|    mac_muladd_10ns_9ns_19s_19_4_1_U136           | 1   |        | add_ln451                 | add       | dsp_slice              | 3       |
|    add_ln451_2_fu_463_p2                         |     |        | add_ln451_2               | add       | fabric                 | 0       |
|   + apply_rstdp_reward_Pipeline_RSTDP_INNER      | 2   |        |                           |           |                        |         |
|     icmp_ln451_fu_249_p2                         |     |        | icmp_ln451                | seteq     | auto                   | 0       |
|     add_ln451_1_fu_255_p2                        |     |        | add_ln451_1               | add       | fabric                 | 0       |
|     add_ln455_fu_265_p2                          |     |        | add_ln455                 | add       | fabric                 | 0       |
|     icmp_ln457_fu_296_p2                         |     |        | icmp_ln457                | seteq     | auto                   | 0       |
|     mul_8s_8s_16_3_1_U115                        | 1   | yes    | mul_elig                  | mul       | dsp                    | 2       |
|     icmp_ln465_fu_363_p2                         |     |        | icmp_ln465                | seteq     | auto                   | 0       |
|     icmp_ln465_1_fu_368_p2                       |     |        | icmp_ln465_1              | seteq     | auto                   | 0       |
|     icmp_ln465_2_fu_373_p2                       |     |        | icmp_ln465_2              | seteq     | auto                   | 0       |
|     sparsemux_9_3_7_1_1_U116                     |     |        | base_scaled_4             | sparsemux | onehotencoding_realdef | 0       |
|     mul_7s_16s_23_3_1_U117                       | 1   | yes    | mul_rs                    | mul       | dsp                    | 2       |
|     delta_fu_434_p2                              |     |        | delta                     | sub       | fabric                 | 0       |
|     delta_1_fu_440_p3                            |     |        | delta_1                   | select    | auto_sel               | 0       |
|     w_fu_448_p2                                  |     |        | w                         | add       | fabric                 | 0       |
|     icmp_ln131_fu_464_p2                         |     |        | icmp_ln131                | setgt     | auto                   | 0       |
|     icmp_ln132_fu_470_p2                         |     |        | icmp_ln132                | setlt     | auto                   | 0       |
|     select_ln131_fu_480_p3                       |     |        | select_ln131              | select    | auto_sel               | 0       |
|     or_ln131_fu_488_p2                           |     |        | or_ln131                  | or        | auto                   | 0       |
|     updated_fu_494_p3                            |     |        | updated                   | select    | auto_sel               | 0       |
|     add_ln492_fu_276_p2                          |     |        | add_ln492                 | add       | fabric                 | 0       |
|  + decay_eligibility_traces                      | 0   |        |                           |           |                        |         |
|   + decay_eligibility_traces_Pipeline_DECAY_PRE  | 0   |        |                           |           |                        |         |
|     icmp_ln506_fu_73_p2                          |     |        | icmp_ln506                | seteq     | auto                   | 0       |
|     add_ln506_fu_79_p2                           |     |        | add_ln506                 | add       | fabric                 | 0       |
|     sub_ln512_fu_109_p2                          |     |        | sub_ln512                 | sub       | fabric                 | 0       |
|   + decay_eligibility_traces_Pipeline_DECAY_POST | 0   |        |                           |           |                        |         |
|     icmp_ln516_fu_73_p2                          |     |        | icmp_ln516                | seteq     | auto                   | 0       |
|     add_ln516_fu_79_p2                           |     |        | add_ln516                 | add       | fabric                 | 0       |
|     sub_ln521_fu_109_p2                          |     |        | sub_ln521                 | sub       | fabric                 | 0       |
+--------------------------------------------------+-----+--------+---------------------------+-----------+------------------------+---------+


================================================================
== Storage Report
================================================================
+-------------------------------+------------+-----------+------+------+--------+---------------------------+--------+---------+------------------+
| Name                          | Usage      | Type      | BRAM | URAM | Pragma | Variable                  | Impl   | Latency | Bitwidth, Depth, |
|                               |            |           |      |      |        |                           |        |         | Banks            |
+-------------------------------+------------+-----------+------+------+--------+---------------------------+--------+---------+------------------+
| + snn_top_hls                 |            |           | 133  | 0    |        |                           |        |         |                  |
|   ctrl_s_axi_U                | interface  | s_axilite |      |      |        |                           |        |         |                  |
|   encoder_spikes_fifo_U       | fifo array |           | 3    |      |        | encoder_spikes            | memory | 0       | 41, 32, 1        |
|   pre_eligibility_U           | ram_2p     |           |      |      | pragma | pre_eligibility           | lutram | 1       | 8, 1306, 1       |
|   post_eligibility_U          | ram_2p     |           |      |      | pragma | post_eligibility          | lutram | 1       | 8, 1306, 1       |
|   pre_traces_U                | ram_2p     |           |      |      | pragma | pre_traces                | lutram | 1       | 8, 1306, 1       |
|   post_traces_U               | ram_2p     |           |      |      | pragma | post_traces               | lutram | 1       | 8, 1306, 1       |
|   p_ZL17encoder_phase_acc_0_U | ram_2p     |           |      |      | pragma | p_ZL17encoder_phase_acc_0 | lutram | 1       | 16, 392, 1       |
|   p_ZL17encoder_phase_acc_1_U | ram_2p     |           |      |      | pragma | p_ZL17encoder_phase_acc_1 | lutram | 1       | 16, 392, 1       |
|   weight_memory_U             | ram_t2p    |           | 128  |      | pragma | weight_memory             | bram   | 3       | 4, 268800, 1     |
|   p_ZL13encoder_frame_0_U     | ram_t2p    |           | 1    |      |        | p_ZL13encoder_frame_0     | auto   | 1       | 8, 392, 1        |
|   p_ZL13encoder_frame_1_U     | ram_t2p    |           | 1    |      |        | p_ZL13encoder_frame_1     | auto   | 1       | 8, 392, 1        |
+-------------------------------+------------+-----------+------+------+--------+---------------------------+--------+---------+------------------+


================================================================
== Pragma Report
================================================================
* Inferred Pragmas
+-----------------+-----------------------------------------------------------+---------------------------------------------------------------------------------+------------------------------------------+
| Type            | Options                                                   | Location                                                                        | Inferred From                            |
+-----------------+-----------------------------------------------------------+---------------------------------------------------------------------------------+------------------------------------------+
| ARRAY_PARTITION | dim=1 type=cyclic factor=2 variable=encoder_frame         | variable encoder_frame in snn_top_hls (src/snn_top_hls.cpp:33)                  | pipeline src/snn_top_hls.cpp:859         |
| ARRAY_PARTITION | dim=1 type=complete variable=CONNECTION_TABLE (.src_size) | variable CONNECTION_TABLE (.src_size) in snn_top_hls (include/snn_top_hls.h:50) | syn.array_partition.complete_threshold=4 |
+-----------------+-----------------------------------------------------------+---------------------------------------------------------------------------------+------------------------------------------+

* Valid Pragma Syntax
+-----------------+---------------------------------------------------------+---------------------------------------------------------------+
| Type            | Options                                                 | Location                                                      |
+-----------------+---------------------------------------------------------+---------------------------------------------------------------+
| INLINE          |                                                         | in find_neuron_group (include/snn_top_hls.h:368)              |
| UNROLL          |                                                         | in find_neuron_group (include/snn_top_hls.h:370)              |
| INLINE          |                                                         | in find_connection (include/snn_top_hls.h:381)                |
| UNROLL          |                                                         | in find_connection (include/snn_top_hls.h:383)                |
| INLINE          |                                                         | in weight_index (include/snn_top_hls.h:395)                   |
| INLINE          |                                                         | in encoder_write_axis_spike (src/snn_top_hls.cpp:43)          |
| INLINE          |                                                         | in encoder_delta_sigma (src/snn_top_hls.cpp:66)               |
| INLINE          |                                                         | in run_encoder_once (src/snn_top_hls.cpp:90)                  |
| PIPELINE        | ii=1                                                    | in run_encoder_once (src/snn_top_hls.cpp:94)                  |
| INLINE          |                                                         | in clip_weight (src/snn_top_hls.cpp:130)                      |
| INLINE          |                                                         | in enqueue_learn_weight_update (src/snn_top_hls.cpp:161)      |
| INLINE          | off                                                     | in decay_all_traces (src/snn_top_hls.cpp:204)                 |
| PIPELINE        | ii=1                                                    | in decay_all_traces (src/snn_top_hls.cpp:210)                 |
| LOOP_TRIPCOUNT  | min=4890 max=4890                                       | in decay_all_traces (src/snn_top_hls.cpp:211)                 |
| BIND_OP         | variable=mul_decay_pre op=mul impl=dsp latency=2        | in decay_all_traces (src/snn_top_hls.cpp:214)                 |
| PIPELINE        | ii=1                                                    | in decay_all_traces (src/snn_top_hls.cpp:218)                 |
| LOOP_TRIPCOUNT  | min=4890 max=4890                                       | in decay_all_traces (src/snn_top_hls.cpp:219)                 |
| BIND_OP         | variable=mul_decay_post op=mul impl=dsp latency=2       | in decay_all_traces (src/snn_top_hls.cpp:222)                 |
| INLINE          | off                                                     | in process_pre_spike_aer (src/snn_top_hls.cpp:242)            |
| LOOP_FLATTEN    | off                                                     | in process_pre_spike_aer (src/snn_top_hls.cpp:255)            |
| PIPELINE        | ii=1                                                    | in process_pre_spike_aer (src/snn_top_hls.cpp:266)            |
| LOOP_TRIPCOUNT  | min=10 max=4096                                         | in process_pre_spike_aer (src/snn_top_hls.cpp:267)            |
| BIND_OP         | variable=mul_dt op=mul impl=dsp latency=2               | in process_pre_spike_aer (src/snn_top_hls.cpp:286)            |
| BIND_OP         | variable=mul_a op=mul impl=dsp latency=3                | in process_pre_spike_aer (src/snn_top_hls.cpp:290)            |
| BIND_OP         | variable=mul_lr op=mul impl=dsp latency=3               | in process_pre_spike_aer (src/snn_top_hls.cpp:295)            |
| INLINE          | off                                                     | in process_post_spike_aer (src/snn_top_hls.cpp:329)           |
| LOOP_FLATTEN    | off                                                     | in process_post_spike_aer (src/snn_top_hls.cpp:342)           |
| PIPELINE        | ii=1                                                    | in process_post_spike_aer (src/snn_top_hls.cpp:353)           |
| LOOP_TRIPCOUNT  | min=10 max=4096                                         | in process_post_spike_aer (src/snn_top_hls.cpp:354)           |
| BIND_OP         | variable=mul_dt op=mul impl=dsp latency=2               | in process_post_spike_aer (src/snn_top_hls.cpp:373)           |
| BIND_OP         | variable=mul_a op=mul impl=dsp latency=3                | in process_post_spike_aer (src/snn_top_hls.cpp:377)           |
| BIND_OP         | variable=mul_lr op=mul impl=dsp latency=3               | in process_post_spike_aer (src/snn_top_hls.cpp:382)           |
| INLINE          | off                                                     | in apply_rstdp_reward (src/snn_top_hls.cpp:417)               |
| LOOP_FLATTEN    | off                                                     | in apply_rstdp_reward (src/snn_top_hls.cpp:437)               |
| LOOP_FLATTEN    | off                                                     | in apply_rstdp_reward (src/snn_top_hls.cpp:441)               |
| LOOP_TRIPCOUNT  | min=10 max=4096                                         | in apply_rstdp_reward (src/snn_top_hls.cpp:442)               |
| PIPELINE        | ii=1                                                    | in apply_rstdp_reward (src/snn_top_hls.cpp:452)               |
| LOOP_TRIPCOUNT  | min=10 max=4096                                         | in apply_rstdp_reward (src/snn_top_hls.cpp:453)               |
| BIND_OP         | variable=mul_elig op=mul impl=dsp latency=2             | in apply_rstdp_reward (src/snn_top_hls.cpp:460)               |
| BIND_OP         | variable=mul_rs op=mul impl=dsp latency=2               | in apply_rstdp_reward (src/snn_top_hls.cpp:474)               |
| INLINE          | off                                                     | in decay_eligibility_traces (src/snn_top_hls.cpp:503)         |
| PIPELINE        | ii=1                                                    | in decay_eligibility_traces (src/snn_top_hls.cpp:507)         |
| LOOP_TRIPCOUNT  | min=4890 max=4890                                       | in decay_eligibility_traces (src/snn_top_hls.cpp:508)         |
| PIPELINE        | ii=1                                                    | in decay_eligibility_traces (src/snn_top_hls.cpp:517)         |
| LOOP_TRIPCOUNT  | min=4890 max=4890                                       | in decay_eligibility_traces (src/snn_top_hls.cpp:518)         |
| INLINE          |                                                         | in update_eligibility_on_pre_spike (src/snn_top_hls.cpp:530)  |
| INLINE          |                                                         | in update_eligibility_on_post_spike (src/snn_top_hls.cpp:537) |
| INTERFACE       | s_axilite port=ctrl_reg bundle=ctrl                     | in snn_top_hls (src/snn_top_hls.cpp:615)                      |
| INTERFACE       | s_axilite port=config_reg bundle=ctrl                   | in snn_top_hls (src/snn_top_hls.cpp:616)                      |
| INTERFACE       | s_axilite port=mode_reg bundle=ctrl                     | in snn_top_hls (src/snn_top_hls.cpp:617)                      |
| INTERFACE       | s_axilite port=time_steps_reg bundle=ctrl               | in snn_top_hls (src/snn_top_hls.cpp:618)                      |
| INTERFACE       | s_axilite port=learning_params bundle=ctrl              | in snn_top_hls (src/snn_top_hls.cpp:619)                      |
| INTERFACE       | s_axilite port=encoder_config bundle=ctrl               | in snn_top_hls (src/snn_top_hls.cpp:620)                      |
| INTERFACE       | s_axilite port=status_reg bundle=ctrl                   | in snn_top_hls (src/snn_top_hls.cpp:621)                      |
| INTERFACE       | s_axilite port=spike_count_reg bundle=ctrl              | in snn_top_hls (src/snn_top_hls.cpp:622)                      |
| INTERFACE       | s_axilite port=weight_sum_reg bundle=ctrl               | in snn_top_hls (src/snn_top_hls.cpp:623)                      |
| INTERFACE       | s_axilite port=version_reg bundle=ctrl                  | in snn_top_hls (src/snn_top_hls.cpp:624)                      |
| INTERFACE       | s_axilite port=reward_signal bundle=ctrl                | in snn_top_hls (src/snn_top_hls.cpp:625)                      |
| INTERFACE       | s_axilite port=return bundle=ctrl                       | in snn_top_hls (src/snn_top_hls.cpp:626)                      |
| INTERFACE       | axis port=s_axis_spikes                                 | in snn_top_hls (src/snn_top_hls.cpp:629)                      |
| INTERFACE       | axis port=s_axis_data                                   | in snn_top_hls (src/snn_top_hls.cpp:630)                      |
| INTERFACE       | axis port=s_axis_weights                                | in snn_top_hls (src/snn_top_hls.cpp:631)                      |
| INTERFACE       | axis port=m_axis_spikes                                 | in snn_top_hls (src/snn_top_hls.cpp:632)                      |
| INTERFACE       | axis port=m_axis_weights                                | in snn_top_hls (src/snn_top_hls.cpp:633)                      |
| INTERFACE       | ap_none port=spike_in_valid                             | in snn_top_hls (src/snn_top_hls.cpp:636)                      |
| INTERFACE       | ap_none port=spike_in_neuron_id                         | in snn_top_hls (src/snn_top_hls.cpp:637)                      |
| INTERFACE       | ap_none port=spike_in_weight                            | in snn_top_hls (src/snn_top_hls.cpp:638)                      |
| INTERFACE       | ap_none port=spike_in_ready                             | in snn_top_hls (src/snn_top_hls.cpp:639)                      |
| INTERFACE       | ap_none port=spike_out_valid                            | in snn_top_hls (src/snn_top_hls.cpp:640)                      |
| INTERFACE       | ap_none port=spike_out_neuron_id                        | in snn_top_hls (src/snn_top_hls.cpp:641)                      |
| INTERFACE       | ap_none port=spike_out_weight                           | in snn_top_hls (src/snn_top_hls.cpp:642)                      |
| INTERFACE       | ap_none port=spike_out_ready                            | in snn_top_hls (src/snn_top_hls.cpp:643)                      |
| INTERFACE       | ap_none port=learn_weight_valid                         | in snn_top_hls (src/snn_top_hls.cpp:644)                      |
| INTERFACE       | ap_none port=learn_weight_group                         | in snn_top_hls (src/snn_top_hls.cpp:645)                      |
| INTERFACE       | ap_none port=learn_weight_src                           | in snn_top_hls (src/snn_top_hls.cpp:646)                      |
| INTERFACE       | ap_none port=learn_weight_dst                           | in snn_top_hls (src/snn_top_hls.cpp:647)                      |
| INTERFACE       | ap_none port=learn_weight_data                          | in snn_top_hls (src/snn_top_hls.cpp:648)                      |
| INTERFACE       | ap_none port=learn_weight_exc                           | in snn_top_hls (src/snn_top_hls.cpp:649)                      |
| INTERFACE       | ap_none port=learn_weight_is_inter                      | in snn_top_hls (src/snn_top_hls.cpp:650)                      |
| INTERFACE       | ap_none port=learn_weight_dst_group                     | in snn_top_hls (src/snn_top_hls.cpp:651)                      |
| INTERFACE       | ap_none port=learn_weight_fanout_idx                    | in snn_top_hls (src/snn_top_hls.cpp:652)                      |
| INTERFACE       | ap_none port=learn_weight_ready                         | in snn_top_hls (src/snn_top_hls.cpp:653)                      |
| INTERFACE       | ap_none port=snn_enable                                 | in snn_top_hls (src/snn_top_hls.cpp:654)                      |
| INTERFACE       | ap_none port=snn_reset                                  | in snn_top_hls (src/snn_top_hls.cpp:655)                      |
| INTERFACE       | ap_none port=threshold_out                              | in snn_top_hls (src/snn_top_hls.cpp:656)                      |
| INTERFACE       | ap_none port=leak_rate_out                              | in snn_top_hls (src/snn_top_hls.cpp:657)                      |
| INTERFACE       | ap_none port=snn_ready                                  | in snn_top_hls (src/snn_top_hls.cpp:658)                      |
| INTERFACE       | ap_none port=snn_busy                                   | in snn_top_hls (src/snn_top_hls.cpp:659)                      |
| BIND_STORAGE    | variable=weight_memory type=RAM_T2P impl=BRAM latency=3 | in snn_top_hls (src/snn_top_hls.cpp:671)                      |
| BIND_STORAGE    | variable=pre_eligibility type=RAM_2P impl=LUTRAM        | in snn_top_hls (src/snn_top_hls.cpp:676)                      |
| BIND_STORAGE    | variable=post_eligibility type=RAM_2P impl=LUTRAM       | in snn_top_hls (src/snn_top_hls.cpp:677)                      |
| BIND_STORAGE    | variable=pre_traces type=RAM_2P impl=LUTRAM             | in snn_top_hls (src/snn_top_hls.cpp:686)                      |
| BIND_STORAGE    | variable=post_traces type=RAM_2P impl=LUTRAM            | in snn_top_hls (src/snn_top_hls.cpp:687)                      |
| BIND_STORAGE    | variable=encoder_phase_acc type=RAM_2P impl=LUTRAM      | in snn_top_hls (src/snn_top_hls.cpp:695)                      |
| ARRAY_PARTITION | variable=encoder_phase_acc cyclic factor=2              | in snn_top_hls (src/snn_top_hls.cpp:696)                      |
| PIPELINE        | ii=1                                                    | in snn_top_hls (src/snn_top_hls.cpp:783)                      |
| LOOP_TRIPCOUNT  | min=4890 max=4890                                       | in snn_top_hls (src/snn_top_hls.cpp:784)                      |
| PIPELINE        | ii=1                                                    | in snn_top_hls (src/snn_top_hls.cpp:791)                      |
| LOOP_TRIPCOUNT  | min=4890 max=4890                                       | in snn_top_hls (src/snn_top_hls.cpp:792)                      |
| PIPELINE        | ii=1                                                    | in snn_top_hls (src/snn_top_hls.cpp:798)                      |
| PIPELINE        | ii=1                                                    | in snn_top_hls (src/snn_top_hls.cpp:805)                      |
| LOOP_TRIPCOUNT  | min=843776 max=843776                                   | in snn_top_hls (src/snn_top_hls.cpp:806)                      |
| PIPELINE        | ii=1                                                    | in snn_top_hls (src/snn_top_hls.cpp:859)                      |
| STREAM          | variable=encoder_spikes depth=32                        | in snn_top_hls (src/snn_top_hls.cpp:879)                      |
| LOOP_FLATTEN    | off                                                     | in snn_top_hls (src/snn_top_hls.cpp:885)                      |
| PIPELINE        | ii=1                                                    | in snn_top_hls (src/snn_top_hls.cpp:1136)                     |
| INLINE          |                                                         | in write_weight (src/snn_top_hls.cpp:1154)                    |
| INLINE          |                                                         | in read_weight (src/snn_top_hls.cpp:1165)                     |
| INLINE          | off                                                     | in load_weights_from_stream (src/snn_top_hls.cpp:1181)        |
| PIPELINE        | ii=1                                                    | in load_weights_from_stream (src/snn_top_hls.cpp:1184)        |
+-----------------+---------------------------------------------------------+---------------------------------------------------------------+


