

================================================================
== Synthesis Summary Report of 'snn_top_hls'
================================================================
+ General Information: 
    * Date:           Wed Feb 11 07:07:58 2026
    * Version:        2025.2 (Build 6295257 on Nov 14 2025)
    * Project:        hls_output
    * Solution:       hls (Vivado IP Flow Target)
    * Product family: zynq
    * Target device:  xc7z020-clg400-1
    

* Performance & Resource Estimates: 
+-------------------------------------------------------------+--------+---------------------+----------+-------------+---------+----------+-------------+-----------+-------+------------+----+------------+-------------+-----+
|                           Modules                           |  Issue |                     | Iteration|             |   Trip  |          |         Latency         |       |            |    |            |             |     |
|                           & Loops                           |  Type  |    Violation Type   |  Latency |   Interval  |  Count  | Pipelined|   (cycles)  |    (ns)   | Slack |    BRAM    | DSP|     FF     |     LUT     | URAM|
+-------------------------------------------------------------+--------+---------------------+----------+-------------+---------+----------+-------------+-----------+-------+------------+----+------------+-------------+-----+
|+ snn_top_hls                                                |  Timing|                    -|         -|  17890597529|        -|        no|  17890597528|  1.789e+11|  -0.68|  287 (102%)|   -|   5327 (5%)|  10855 (20%)|    -|
| + snn_top_hls_Pipeline_RESET_ELIG                           |       -|                    -|         -|            -|        -|       yes|         1026|  1.026e+04|   0.82|           -|   -|    13 (~0%)|     51 (~0%)|    -|
|  o RESET_ELIG                                               |       -|                    -|         1|            1|     1024|       yes|         1024|  1.024e+04|   7.30|           -|   -|           -|            -|    -|
| + snn_top_hls_Pipeline_RESET_TRACES                         |       -|                    -|         -|            -|        -|       yes|         1026|  1.026e+04|   0.82|           -|   -|    13 (~0%)|     51 (~0%)|    -|
|  o RESET_TRACES                                             |       -|                    -|         1|            1|     1024|       yes|         1024|  1.024e+04|   7.30|           -|   -|           -|            -|    -|
| + snn_top_hls_Pipeline_RESET_ENCODER                        |       -|                    -|         -|            -|        -|       yes|          786|  7.860e+03|   0.73|           -|   -|    12 (~0%)|     53 (~0%)|    -|
|  o RESET_ENCODER                                            |       -|                    -|         1|            1|      784|       yes|          784|  7.840e+03|   7.30|           -|   -|           -|            -|    -|
| + snn_top_hls_Pipeline_INIT_WEIGHT_OUTER_INIT_WEIGHT_INNER  |       -|                    -|         -|            -|        -|       yes|      1048578|  1.049e+07|   0.15|           -|   -|    46 (~0%)|    171 (~0%)|    -|
|  o INIT_WEIGHT_OUTER_INIT_WEIGHT_INNER                      |       -|                    -|         2|            1|  1048576|       yes|      1048576|  1.049e+07|   7.30|           -|   -|           -|            -|    -|
| + snn_top_hls_Pipeline_LOAD_FRAME                           |       -|                    -|         -|            -|        -|       yes|          198|  1.980e+03|   0.90|           -|   -|    10 (~0%)|     74 (~0%)|    -|
|  o LOAD_FRAME                                               |       -|                    -|         1|            1|      196|       yes|          196|  1.960e+03|   7.30|           -|   -|           -|            -|    -|
| + snn_top_hls_Pipeline_WEIGHT_SUM                           |       -|                    -|         -|            -|        -|       yes|           11|    110.000|   0.38|           -|   -|    41 (~0%)|    212 (~0%)|    -|
|  o WEIGHT_SUM                                               |       -|                    -|         3|            1|        8|       yes|            9|     90.000|   7.30|           -|   -|           -|            -|    -|
| o TIME_LOOP                                                 |       -|                    -|    272977|            -|    65535|        no|  17889547695|  1.789e+11|   7.30|           -|   -|           -|            -|    -|
|  + run_encoder_once                                         |       -|                    -|         -|         1572|        -|        no|         1572|  1.572e+04|   0.72|           -|   -|   154 (~0%)|    422 (~0%)|    -|
|   + run_encoder_once_Pipeline_ENCODER_LOOP                  |       -|                    -|         -|            -|        -|       yes|         1571|  1.571e+04|   0.72|           -|   -|   119 (~0%)|    397 (~0%)|    -|
|    o ENCODER_LOOP                                           |      II|  Resource Limitation|         4|            2|      784|       yes|         1569|  1.569e+04|   7.30|           -|   -|           -|            -|    -|
|  + process_pre_spike_aer                                    |       -|                    -|         -|          268|        -|        no|          268|  2.680e+03|   0.06|           -|   -|   1379 (1%)|    1775 (3%)|    -|
|   + process_pre_spike_aer_Pipeline_LTD_LOOP                 |       -|                    -|         -|            -|        -|       yes|          263|  2.630e+03|   0.42|           -|   -|   1264 (1%)|    1510 (2%)|    -|
|    o LTD_LOOP                                               |       -|                    -|         7|            1|      256|       yes|          261|  2.610e+03|   7.30|           -|   -|           -|            -|    -|
|  + process_post_spike_aer                                   |       -|                    -|         -|          524|        -|        no|          524|  5.240e+03|   0.06|           -|   -|   1144 (1%)|    1319 (2%)|    -|
|   + process_post_spike_aer_Pipeline_LTP_LOOP                |       -|                    -|         -|            -|        -|       yes|          519|  5.190e+03|   0.48|           -|   -|  1022 (~0%)|    1054 (1%)|    -|
|    o LTP_LOOP                                               |       -|                    -|         7|            1|      512|       yes|          517|  5.170e+03|   7.30|           -|   -|           -|            -|    -|
|  + apply_rstdp_reward                                       |       -|                    -|         -|       270338|        -|        no|       270338|  2.703e+06|   0.30|           -|   -|   751 (~0%)|    1004 (1%)|    -|
|   o RSTDP_OUTER                                             |       -|                    -|       264|            -|     1024|        no|       270336|  2.703e+06|   7.30|           -|   -|           -|            -|    -|
|    + apply_rstdp_reward_Pipeline_RSTDP_INNER                |       -|                    -|         -|            -|        -|       yes|          261|  2.610e+03|   1.11|           -|   -|   696 (~0%)|     782 (1%)|    -|
|     o RSTDP_INNER                                           |       -|                    -|         5|            1|      256|       yes|          259|  2.590e+03|   7.30|           -|   -|           -|            -|    -|
|  + decay_eligibility_traces                                 |       -|                    -|         -|          260|        -|        no|          260|  2.600e+03|   2.13|           -|   -|   228 (~0%)|    236 (~0%)|    -|
|   + decay_eligibility_traces_Pipeline_DECAY_PRE             |       -|                    -|         -|            -|        -|       yes|          259|  2.590e+03|   2.13|           -|   -|   112 (~0%)|    110 (~0%)|    -|
|    o DECAY_PRE                                              |       -|                    -|         3|            1|      256|       yes|          257|  2.570e+03|   7.30|           -|   -|           -|            -|    -|
|   + decay_eligibility_traces_Pipeline_DECAY_POST            |       -|                    -|         -|            -|        -|       yes|          259|  2.590e+03|   2.13|           -|   -|   112 (~0%)|    110 (~0%)|    -|
|    o DECAY_POST                                             |       -|                    -|         3|            1|      256|       yes|          257|  2.570e+03|   7.30|           -|   -|           -|            -|    -|
+-------------------------------------------------------------+--------+---------------------+----------+-------------+---------+----------+-------------+-----------+-------+------------+----+------------+-------------+-----+
    II Violation Information: docs.amd.com/access/sources/dita/topic?Doc_Version=2025.2%20English&url=ug1448-hls-guidance&resourceid=200-880.html
    Name Prefix: '+' for module, 'o' for loop, '*' for dataflow


================================================================
== HW Interfaces
================================================================
* S_AXILITE Interfaces
+------------+------------+---------------+--------+----------+
| Interface  | Data Width | Address Width | Offset | Register |
+------------+------------+---------------+--------+----------+
| s_axi_ctrl | 32         | 8             | 16     | 0        |
+------------+------------+---------------+--------+----------+

* S_AXILITE Registers
+------------+----------------------+--------+-------+--------+-----------------------------------+----------------------------------------------------------------------+
| Interface  | Register             | Offset | Width | Access | Description                       | Bit Fields                                                           |
+------------+----------------------+--------+-------+--------+-----------------------------------+----------------------------------------------------------------------+
| s_axi_ctrl | CTRL                 | 0x00   | 32    | RW     | Control signals                   | 0=AP_START 1=AP_DONE 2=AP_IDLE 3=AP_READY 7=AUTO_RESTART 9=INTERRUPT |
| s_axi_ctrl | GIER                 | 0x04   | 32    | RW     | Global Interrupt Enable Register  | 0=Enable                                                             |
| s_axi_ctrl | IP_IER               | 0x08   | 32    | RW     | IP Interrupt Enable Register      | 0=CHAN0_INT_EN 1=CHAN1_INT_EN                                        |
| s_axi_ctrl | IP_ISR               | 0x0c   | 32    | RW     | IP Interrupt Status Register      | 0=CHAN0_INT_ST 1=CHAN1_INT_ST                                        |
| s_axi_ctrl | ctrl_reg             | 0x10   | 32    | W      | Data signal of ctrl_reg           |                                                                      |
| s_axi_ctrl | config_reg           | 0x18   | 32    | W      | Data signal of config_reg         |                                                                      |
| s_axi_ctrl | mode_reg             | 0x20   | 32    | W      | Data signal of mode_reg           |                                                                      |
| s_axi_ctrl | time_steps_reg       | 0x28   | 32    | W      | Data signal of time_steps_reg     |                                                                      |
| s_axi_ctrl | learning_params_1    | 0x30   | 32    | W      | Data signal of learning_params    |                                                                      |
| s_axi_ctrl | learning_params_2    | 0x34   | 32    | W      | Data signal of learning_params    |                                                                      |
| s_axi_ctrl | learning_params_3    | 0x38   | 32    | W      | Data signal of learning_params    |                                                                      |
| s_axi_ctrl | learning_params_4    | 0x3c   | 32    | W      | Data signal of learning_params    |                                                                      |
| s_axi_ctrl | learning_params_5    | 0x40   | 32    | W      | Data signal of learning_params    |                                                                      |
| s_axi_ctrl | encoder_config_1     | 0x48   | 32    | W      | Data signal of encoder_config     |                                                                      |
| s_axi_ctrl | encoder_config_2     | 0x4c   | 32    | W      | Data signal of encoder_config     |                                                                      |
| s_axi_ctrl | encoder_config_3     | 0x50   | 32    | W      | Data signal of encoder_config     |                                                                      |
| s_axi_ctrl | status_reg           | 0x58   | 32    | R      | Data signal of status_reg         |                                                                      |
| s_axi_ctrl | status_reg_ctrl      | 0x5c   | 32    | R      | Control signal of status_reg      | 0=status_reg_ap_vld                                                  |
| s_axi_ctrl | spike_count_reg      | 0x68   | 32    | R      | Data signal of spike_count_reg    |                                                                      |
| s_axi_ctrl | spike_count_reg_ctrl | 0x6c   | 32    | R      | Control signal of spike_count_reg | 0=spike_count_reg_ap_vld                                             |
| s_axi_ctrl | weight_sum_reg       | 0x78   | 32    | R      | Data signal of weight_sum_reg     |                                                                      |
| s_axi_ctrl | weight_sum_reg_ctrl  | 0x7c   | 32    | R      | Control signal of weight_sum_reg  | 0=weight_sum_reg_ap_vld                                              |
| s_axi_ctrl | version_reg          | 0x88   | 32    | R      | Data signal of version_reg        |                                                                      |
| s_axi_ctrl | version_reg_ctrl     | 0x8c   | 32    | R      | Control signal of version_reg     | 0=version_reg_ap_vld                                                 |
| s_axi_ctrl | reward_signal        | 0x98   | 32    | W      | Data signal of reward_signal      |                                                                      |
+------------+----------------------+--------+-------+--------+-----------------------------------+----------------------------------------------------------------------+

* AXIS
+----------------+-----------+---------------+-------+-------+-----+-------+-------+--------+-------+-------+--------+
| Interface      | Direction | Register Mode | TDATA | TDEST | TID | TKEEP | TLAST | TREADY | TSTRB | TUSER | TVALID |
+----------------+-----------+---------------+-------+-------+-----+-------+-------+--------+-------+-------+--------+
| m_axis_spikes  | out       | both          | 32    | 1     | 1   | 4     | 1     | 1      | 4     | 1     | 1      |
| m_axis_weights | out       | both          | 32    | 1     | 1   | 4     | 1     | 1      | 4     | 1     | 1      |
| s_axis_data    | in        | both          | 32    | 1     | 1   | 4     | 1     | 1      | 4     | 1     | 1      |
| s_axis_spikes  | in        | both          | 32    | 1     | 1   | 4     | 1     | 1      | 4     | 1     | 1      |
| s_axis_weights | in        | both          | 32    | 1     | 1   | 4     | 1     | 1      | 4     | 1     | 1      |
+----------------+-----------+---------------+-------+-------+-----+-------+-------+--------+-------+-------+--------+

* Other Ports
+---------------------+---------+-----------+----------+
| Port                | Mode    | Direction | Bitwidth |
+---------------------+---------+-----------+----------+
| leak_rate_out       | ap_none | out       | 16       |
| snn_busy            | ap_none | in        | 1        |
| snn_enable          | ap_none | out       | 1        |
| snn_ready           | ap_none | in        | 1        |
| snn_reset           | ap_none | out       | 1        |
| spike_in_neuron_id  | ap_none | out       | 10       |
| spike_in_ready      | ap_none | in        | 1        |
| spike_in_valid      | ap_none | out       | 1        |
| spike_in_weight     | ap_none | out       | 8        |
| spike_out_neuron_id | ap_none | in        | 10       |
| spike_out_ready     | ap_none | out       | 1        |
| spike_out_valid     | ap_none | in        | 1        |
| spike_out_weight    | ap_none | in        | 8        |
| threshold_out       | ap_none | out       | 16       |
+---------------------+---------+-----------+----------+

* TOP LEVEL CONTROL
+-----------+------------+-----------+
| Interface | Type       | Ports     |
+-----------+------------+-----------+
| ap_clk    | clock      | ap_clk    |
| ap_rst_n  | reset      | ap_rst_n  |
| interrupt | interrupt  | interrupt |
| ap_ctrl   | ap_ctrl_hs |           |
+-----------+------------+-----------+


================================================================
== SW I/O Information
================================================================
* Top Function Arguments
+---------------------+-----------+------------------------------------------------------------------------------+
| Argument            | Direction | Datatype                                                                     |
+---------------------+-----------+------------------------------------------------------------------------------+
| ctrl_reg            | in        | ap_uint<32>                                                                  |
| config_reg          | in        | ap_uint<32>                                                                  |
| mode_reg            | in        | ap_uint<32>                                                                  |
| time_steps_reg      | in        | ap_uint<32>                                                                  |
| learning_params     | in        | learning_params_t                                                            |
| encoder_config      | in        | encoder_config_t                                                             |
| status_reg          | out       | ap_uint<32>&                                                                 |
| spike_count_reg     | out       | ap_uint<32>&                                                                 |
| weight_sum_reg      | out       | ap_uint<32>&                                                                 |
| version_reg         | out       | ap_uint<32>&                                                                 |
| s_axis_spikes       | in        | stream<hls::axis<ap_uint<32>, 1UL, 1UL, 1UL, (unsigned char)'8', false>, 0>& |
| s_axis_data         | in        | stream<hls::axis<ap_uint<32>, 1UL, 1UL, 1UL, (unsigned char)'8', false>, 0>& |
| s_axis_weights      | in        | stream<hls::axis<ap_uint<32>, 1UL, 1UL, 1UL, (unsigned char)'8', false>, 0>& |
| m_axis_spikes       | out       | stream<hls::axis<ap_uint<32>, 1UL, 1UL, 1UL, (unsigned char)'8', false>, 0>& |
| m_axis_weights      | out       | stream<hls::axis<ap_uint<32>, 1UL, 1UL, 1UL, (unsigned char)'8', false>, 0>& |
| reward_signal       | in        | ap_int<8>                                                                    |
| spike_in_valid      | out       | ap_uint<1>&                                                                  |
| spike_in_neuron_id  | out       | ap_uint<10>&                                                                 |
| spike_in_weight     | out       | ap_int<8>&                                                                   |
| spike_in_ready      | in        | ap_uint<1>                                                                   |
| spike_out_valid     | in        | ap_uint<1>                                                                   |
| spike_out_neuron_id | in        | ap_uint<10>                                                                  |
| spike_out_weight    | in        | ap_int<8>                                                                    |
| spike_out_ready     | out       | ap_uint<1>&                                                                  |
| snn_enable          | out       | ap_uint<1>&                                                                  |
| snn_reset           | out       | ap_uint<1>&                                                                  |
| threshold_out       | out       | ap_uint<16>&                                                                 |
| leak_rate_out       | out       | ap_uint<16>&                                                                 |
| snn_ready           | in        | ap_uint<1>                                                                   |
| snn_busy            | in        | ap_uint<1>                                                                   |
+---------------------+-----------+------------------------------------------------------------------------------+

* SW-to-HW Mapping
+---------------------+---------------------+-----------+------------------------------------------------+
| Argument            | HW Interface        | HW Type   | HW Info                                        |
+---------------------+---------------------+-----------+------------------------------------------------+
| ctrl_reg            | s_axi_ctrl          | register  | name=ctrl_reg offset=0x10 range=32             |
| config_reg          | s_axi_ctrl          | register  | name=config_reg offset=0x18 range=32           |
| mode_reg            | s_axi_ctrl          | register  | name=mode_reg offset=0x20 range=32             |
| time_steps_reg      | s_axi_ctrl          | register  | name=time_steps_reg offset=0x28 range=32       |
| learning_params     | s_axi_ctrl          | register  | name=learning_params_1 offset=0x30 range=32    |
| learning_params     | s_axi_ctrl          | register  | name=learning_params_2 offset=0x34 range=32    |
| learning_params     | s_axi_ctrl          | register  | name=learning_params_3 offset=0x38 range=32    |
| learning_params     | s_axi_ctrl          | register  | name=learning_params_4 offset=0x3c range=32    |
| learning_params     | s_axi_ctrl          | register  | name=learning_params_5 offset=0x40 range=32    |
| encoder_config      | s_axi_ctrl          | register  | name=encoder_config_1 offset=0x48 range=32     |
| encoder_config      | s_axi_ctrl          | register  | name=encoder_config_2 offset=0x4c range=32     |
| encoder_config      | s_axi_ctrl          | register  | name=encoder_config_3 offset=0x50 range=32     |
| status_reg          | s_axi_ctrl          | register  | name=status_reg offset=0x58 range=32           |
| status_reg          | s_axi_ctrl          | register  | name=status_reg_ctrl offset=0x5c range=32      |
| spike_count_reg     | s_axi_ctrl          | register  | name=spike_count_reg offset=0x68 range=32      |
| spike_count_reg     | s_axi_ctrl          | register  | name=spike_count_reg_ctrl offset=0x6c range=32 |
| weight_sum_reg      | s_axi_ctrl          | register  | name=weight_sum_reg offset=0x78 range=32       |
| weight_sum_reg      | s_axi_ctrl          | register  | name=weight_sum_reg_ctrl offset=0x7c range=32  |
| version_reg         | s_axi_ctrl          | register  | name=version_reg offset=0x88 range=32          |
| version_reg         | s_axi_ctrl          | register  | name=version_reg_ctrl offset=0x8c range=32     |
| s_axis_spikes       | s_axis_spikes       | interface |                                                |
| s_axis_data         | s_axis_data         | interface |                                                |
| s_axis_weights      | s_axis_weights      | interface |                                                |
| m_axis_spikes       | m_axis_spikes       | interface |                                                |
| m_axis_weights      | m_axis_weights      | interface |                                                |
| reward_signal       | s_axi_ctrl          | register  | name=reward_signal offset=0x98 range=32        |
| spike_in_valid      | spike_in_valid      | port      |                                                |
| spike_in_neuron_id  | spike_in_neuron_id  | port      |                                                |
| spike_in_weight     | spike_in_weight     | port      |                                                |
| spike_in_ready      | spike_in_ready      | port      |                                                |
| spike_out_valid     | spike_out_valid     | port      |                                                |
| spike_out_neuron_id | spike_out_neuron_id | port      |                                                |
| spike_out_weight    | spike_out_weight    | port      |                                                |
| spike_out_ready     | spike_out_ready     | port      |                                                |
| snn_enable          | snn_enable          | port      |                                                |
| snn_reset           | snn_reset           | port      |                                                |
| threshold_out       | threshold_out       | port      |                                                |
| leak_rate_out       | leak_rate_out       | port      |                                                |
| snn_ready           | snn_ready           | port      |                                                |
| snn_busy            | snn_busy            | port      |                                                |
+---------------------+---------------------+-----------+------------------------------------------------+


================================================================
== M_AXI Burst Information
================================================================
 Note: All burst requests might be further partitioned into multiple requests during RTL generation based on max_read_burst_length or max_write_burst_length settings.


================================================================
== Bind Op Report
================================================================
+-------------------------------------------------------------+-----+--------+--------------------------+-----------+--------------------------+---------+
| Name                                                        | DSP | Pragma | Variable                 | Op        | Impl                     | Latency |
+-------------------------------------------------------------+-----+--------+--------------------------+-----------+--------------------------+---------+
| + snn_top_hls                                               | 0   |        |                          |           |                          |         |
|   checkpoint_mode_fu_1683_p2                                |     |        | checkpoint_mode          | seteq     | auto                     | 0       |
|   stdp_mode_fu_1689_p2                                      |     |        | stdp_mode                | seteq     | auto                     | 0       |
|   stdp_active_fu_1695_p2                                    |     |        | stdp_active              | and       | auto                     | 0       |
|   icmp_ln546_fu_1701_p2                                     |     |        | icmp_ln546               | seteq     | auto                     | 0       |
|   time_steps_1_fu_1711_p3                                   |     |        | time_steps_1             | select    | auto_sel                 | 0       |
|   xor_ln554_fu_1739_p2                                      |     |        | xor_ln554                | xor       | auto                     | 0       |
|   or_ln554_fu_1745_p2                                       |     |        | or_ln554                 | or        | auto                     | 0       |
|   icmp_ln643_fu_1874_p2                                     |     |        | icmp_ln643               | setne     | auto                     | 0       |
|   and_ln643_fu_1879_p2                                      |     |        | and_ln643                | and       | auto                     | 0       |
|   and_ln666_fu_1917_p2                                      |     |        | and_ln666                | and       | auto                     | 0       |
|   and_ln729_fu_1921_p2                                      |     |        | and_ln729                | and       | auto                     | 0       |
|   xor_ln729_fu_1925_p2                                      |     |        | xor_ln729                | xor       | auto                     | 0       |
|   or_ln735_fu_1931_p2                                       |     |        | or_ln735                 | or        | auto                     | 0       |
|   xor_ln729_1_fu_1935_p2                                    |     |        | xor_ln729_1              | xor       | auto                     | 0       |
|   or_ln729_fu_1940_p2                                       |     |        | or_ln729                 | or        | auto                     | 0       |
|   icmp_ln654_fu_1958_p2                                     |     |        | icmp_ln654               | seteq     | auto                     | 0       |
|   t_2_fu_1963_p2                                            |     |        | t_2                      | add       | fabric                   | 0       |
|   sparsemux_9_2_8_1_1_U268                                  |     |        | tmp_2                    | sparsemux | compactencoding_dontcare | 0       |
|   new_elig_fu_2091_p2                                       |     |        | new_elig                 | add       | fabric                   | 0       |
|   icmp_ln388_fu_2111_p2                                     |     |        | icmp_ln388               | seteq     | auto                     | 0       |
|   select_ln388_fu_2116_p3                                   |     |        | select_ln388             | select    | auto_sel                 | 0       |
|   add_ln698_fu_2136_p2                                      |     |        | add_ln698                | add       | fabric                   | 0       |
|   sparsemux_9_2_8_1_1_U269                                  |     |        | tmp_8                    | sparsemux | compactencoding_dontcare | 0       |
|   new_elig_1_fu_2202_p2                                     |     |        | new_elig_1               | add       | fabric                   | 0       |
|   icmp_ln395_1_fu_2222_p2                                   |     |        | icmp_ln395_1             | seteq     | auto                     | 0       |
|   select_ln395_fu_2227_p3                                   |     |        | select_ln395             | select    | auto_sel                 | 0       |
|   and_ln729_1_fu_2247_p2                                    |     |        | and_ln729_1              | and       | auto                     | 0       |
|   sparsemux_9_2_4_1_1_U270                                  |     |        | tmp_10                   | sparsemux | compactencoding_dontcare | 0       |
|   add_ln749_fu_2288_p2                                      |     |        | add_ln749                | add       | fabric                   | 0       |
|   add_ln760_fu_2341_p2                                      |     |        | add_ln760                | add       | fabric                   | 0       |
|   icmp_ln654_1_fu_1982_p2                                   |     |        | icmp_ln654_1             | seteq     | auto                     | 0       |
|  + snn_top_hls_Pipeline_RESET_ELIG                          | 0   |        |                          |           |                          |         |
|    icmp_ln565_fu_222_p2                                     |     |        | icmp_ln565               | seteq     | auto                     | 0       |
|    add_ln565_fu_228_p2                                      |     |        | add_ln565                | add       | fabric                   | 0       |
|  + snn_top_hls_Pipeline_RESET_TRACES                        | 0   |        |                          |           |                          |         |
|    icmp_ln572_fu_384_p2                                     |     |        | icmp_ln572               | seteq     | auto                     | 0       |
|    add_ln572_fu_390_p2                                      |     |        | add_ln572                | add       | fabric                   | 0       |
|  + snn_top_hls_Pipeline_RESET_ENCODER                       | 0   |        |                          |           |                          |         |
|    icmp_ln580_fu_94_p2                                      |     |        | icmp_ln580               | seteq     | auto                     | 0       |
|    add_ln580_fu_100_p2                                      |     |        | add_ln580                | add       | fabric                   | 0       |
|  + snn_top_hls_Pipeline_INIT_WEIGHT_OUTER_INIT_WEIGHT_INNER | 0   |        |                          |           |                          |         |
|    icmp_ln587_fu_259_p2                                     |     |        | icmp_ln587               | seteq     | auto                     | 0       |
|    add_ln587_1_fu_265_p2                                    |     |        | add_ln587_1              | add       | fabric                   | 0       |
|    add_ln587_fu_282_p2                                      |     |        | add_ln587                | add       | fabric                   | 0       |
|    icmp_ln588_fu_288_p2                                     |     |        | icmp_ln588               | seteq     | auto                     | 0       |
|    select_ln587_fu_294_p3                                   |     |        | select_ln587             | select    | auto_sel                 | 0       |
|    select_ln587_1_fu_302_p3                                 |     |        | select_ln587_1           | select    | auto_sel                 | 0       |
|    add_ln588_fu_359_p2                                      |     |        | add_ln588                | add       | fabric                   | 0       |
|  + snn_top_hls_Pipeline_LOAD_FRAME                          | 0   |        |                          |           |                          |         |
|    add_ln628_fu_174_p2                                      |     |        | add_ln628                | add       | fabric                   | 0       |
|    xor_ln637_fu_248_p2                                      |     |        | xor_ln637                | xor       | auto                     | 0       |
|    icmp_ln628_fu_254_p2                                     |     |        | icmp_ln628               | setlt     | auto                     | 0       |
|    or_cond_fu_260_p2                                        |     |        | or_cond                  | and       | auto                     | 0       |
|  + run_encoder_once                                         | 0   |        |                          |           |                          |         |
|   + run_encoder_once_Pipeline_ENCODER_LOOP                  | 0   |        |                          |           |                          |         |
|     icmp_ln99_fu_203_p2                                     |     |        | icmp_ln99                | seteq     | auto                     | 0       |
|     icmp_ln93_fu_217_p2                                     |     |        | icmp_ln93                | seteq     | auto                     | 0       |
|     ch_2_fu_223_p2                                          |     |        | ch_2                     | add       | fabric                   | 0       |
|     icmp_ln95_fu_251_p2                                     |     |        | icmp_ln95                | setlt     | auto                     | 0       |
|     value_fu_265_p3                                         |     |        | value                    | select    | auto_sel                 | 0       |
|     select_ln69_fu_277_p3                                   |     |        | select_ln69              | select    | auto_sel                 | 0       |
|     add_ln69_fu_285_p2                                      |     |        | add_ln69                 | add       | fabric                   | 0       |
|     icmp_ln72_fu_291_p2                                     |     |        | icmp_ln72                | setgt     | auto                     | 0       |
|     sub_ln73_fu_295_p2                                      |     |        | sub_ln73                 | sub       | fabric                   | 0       |
|     select_ln72_fu_299_p3                                   |     |        | select_ln72              | select    | auto_sel                 | 0       |
|     icmp_ln77_fu_308_p2                                     |     |        | icmp_ln77                | setlt     | auto                     | 0       |
|     add_ln55_fu_336_p2                                      |     |        | add_ln55                 | add       | fabric                   | 0       |
|     sub_ln79_fu_313_p2                                      |     |        | sub_ln79                 | sub       | fabric                   | 0       |
|  + snn_top_hls_Pipeline_WEIGHT_SUM                          | 0   |        |                          |           |                          |         |
|    icmp_ln789_fu_296_p2                                     |     |        | icmp_ln789               | seteq     | auto                     | 0       |
|    add_ln789_fu_302_p2                                      |     |        | add_ln789                | add       | fabric                   | 0       |
|    select_ln792_fu_367_p3                                   |     |        | select_ln792             | select    | auto_sel                 | 0       |
|    select_ln792_1_fu_378_p3                                 |     |        | select_ln792_1           | select    | auto_sel                 | 0       |
|    select_ln792_2_fu_389_p3                                 |     |        | select_ln792_2           | select    | auto_sel                 | 0       |
|    select_ln792_3_fu_400_p3                                 |     |        | select_ln792_3           | select    | auto_sel                 | 0       |
|    select_ln792_4_fu_411_p3                                 |     |        | select_ln792_4           | select    | auto_sel                 | 0       |
|    select_ln792_5_fu_422_p3                                 |     |        | select_ln792_5           | select    | auto_sel                 | 0       |
|    select_ln792_6_fu_433_p3                                 |     |        | select_ln792_6           | select    | auto_sel                 | 0       |
|    select_ln792_7_fu_444_p3                                 |     |        | select_ln792_7           | select    | auto_sel                 | 0       |
|    add_ln792_fu_455_p2                                      |     |        | add_ln792                | add       | fabric                   | 0       |
|    add_ln792_1_fu_461_p2                                    |     |        | add_ln792_1              | add       | fabric                   | 0       |
|    add_ln792_2_fu_488_p2                                    |     |        | add_ln792_2              | add       | fabric                   | 0       |
|    add_ln792_3_fu_467_p2                                    |     |        | add_ln792_3              | add       | fabric                   | 0       |
|    add_ln792_4_fu_473_p2                                    |     |        | add_ln792_4              | add       | fabric                   | 0       |
|    add_ln792_5_fu_504_p2                                    |     |        | add_ln792_5              | add       | fabric                   | 0       |
|    add_ln792_6_fu_514_p2                                    |     |        | add_ln792_6              | add       | fabric                   | 0       |
|    weight_sum_1_fu_524_p2                                   |     |        | weight_sum_1             | add       | fabric                   | 0       |
|  + process_pre_spike_aer                                    | 0   |        |                          |           |                          |         |
|    sparsemux_9_2_8_1_1_U104                                 |     |        | old_pre_trace            | sparsemux | compactencoding_dontcare | 0       |
|    sparsemux_9_2_16_1_1_U103                                |     |        | old_pre_last_spike_time  | sparsemux | compactencoding_dontcare | 0       |
|    icmp_ln160_fu_532_p2                                     |     |        | icmp_ln160               | seteq     | auto                     | 0       |
|    dt_fu_435_p2                                             |     |        | dt                       | sub       | fabric                   | 0       |
|    icmp_ln166_fu_450_p2                                     |     |        | icmp_ln166               | setne     | auto                     | 0       |
|    sparsemux_33_4_8_1_1_U105                                |     |        | zext_ln170_1_cast        | sparsemux | compactencoding_dontcare | 0       |
|    mul_8ns_8ns_16_1_1_U106                                  |     |        | mul_ln170                | mul       | auto                     | 0       |
|    or_ln166_fu_559_p2                                       |     |        | or_ln166                 | or        | auto                     | 0       |
|    decayed_pre_1_fu_564_p3                                  |     |        | decayed_pre_1            | select    | auto_sel                 | 0       |
|    new_trace_fu_576_p2                                      |     |        | new_trace                | add       | fabric                   | 0       |
|    select_ln206_fu_594_p3                                   |     |        | select_ln206             | select    | auto_sel                 | 0       |
|   + process_pre_spike_aer_Pipeline_LTD_LOOP                 | 0   |        |                          |           |                          |         |
|     icmp_ln160_fu_597_p2                                    |     |        | icmp_ln160               | seteq     | auto                     | 0       |
|     dt_fu_497_p2                                            |     |        | dt                       | sub       | fabric                   | 0       |
|     icmp_ln166_fu_512_p2                                    |     |        | icmp_ln166               | setne     | auto                     | 0       |
|     sparsemux_33_4_8_1_1_U69                                |     |        | zext_ln170_3_cast        | sparsemux | compactencoding_dontcare | 0       |
|     mul_8ns_8ns_16_1_1_U70                                  |     |        | mul_ln170                | mul       | auto                     | 0       |
|     or_ln166_fu_990_p2                                      |     |        | or_ln166                 | or        | auto                     | 0       |
|     post_trace_val_1_fu_994_p3                              |     |        | post_trace_val_1         | select    | auto_sel                 | 0       |
|     icmp_ln221_fu_1002_p2                                   |     |        | icmp_ln221               | seteq     | auto                     | 0       |
|     current_w_fu_1089_p3                                    |     |        | current_w                | select    | auto_sel                 | 0       |
|     xor_ln228_fu_1168_p2                                    |     |        | xor_ln228                | xor       | auto                     | 0       |
|     mul_4ns_8ns_12_1_1_U77                                  |     |        | mul_ln229                | mul       | auto                     | 0       |
|     w_fu_1207_p2                                            |     |        | w                        | sub       | fabric                   | 0       |
|     icmp_ln181_fu_1373_p2                                   |     |        | icmp_ln181               | setlt     | auto                     | 0       |
|     select_ln180_fu_1378_p3                                 |     |        | select_ln180             | select    | auto_sel                 | 0       |
|     icmp_ln160_1_fu_686_p2                                  |     |        | icmp_ln160_1             | seteq     | auto                     | 0       |
|     dt_1_fu_522_p2                                          |     |        | dt_1                     | sub       | fabric                   | 0       |
|     icmp_ln166_1_fu_537_p2                                  |     |        | icmp_ln166_1             | setne     | auto                     | 0       |
|     sparsemux_33_4_8_1_1_U71                                |     |        | zext_ln170_5_cast        | sparsemux | compactencoding_dontcare | 0       |
|     mul_8ns_8ns_16_1_1_U72                                  |     |        | mul_ln170_1              | mul       | auto                     | 0       |
|     or_ln166_1_fu_1017_p2                                   |     |        | or_ln166_1               | or        | auto                     | 0       |
|     post_trace_val_3_fu_1021_p3                             |     |        | post_trace_val_3         | select    | auto_sel                 | 0       |
|     icmp_ln221_1_fu_1029_p2                                 |     |        | icmp_ln221_1             | seteq     | auto                     | 0       |
|     current_w_1_fu_1108_p3                                  |     |        | current_w_1              | select    | auto_sel                 | 0       |
|     xor_ln228_1_fu_1220_p2                                  |     |        | xor_ln228_1              | xor       | auto                     | 0       |
|     mul_4ns_8ns_12_1_1_U78                                  |     |        | mul_ln229_1              | mul       | auto                     | 0       |
|     w_1_fu_1259_p2                                          |     |        | w_1                      | sub       | fabric                   | 0       |
|     icmp_ln181_1_fu_1387_p2                                 |     |        | icmp_ln181_1             | setlt     | auto                     | 0       |
|     select_ln180_1_fu_1392_p3                               |     |        | select_ln180_1           | select    | auto_sel                 | 0       |
|     icmp_ln160_2_fu_775_p2                                  |     |        | icmp_ln160_2             | seteq     | auto                     | 0       |
|     dt_2_fu_547_p2                                          |     |        | dt_2                     | sub       | fabric                   | 0       |
|     icmp_ln166_2_fu_562_p2                                  |     |        | icmp_ln166_2             | setne     | auto                     | 0       |
|     sparsemux_33_4_8_1_1_U73                                |     |        | zext_ln170_7_cast        | sparsemux | compactencoding_dontcare | 0       |
|     mul_8ns_8ns_16_1_1_U74                                  |     |        | mul_ln170_2              | mul       | auto                     | 0       |
|     or_ln166_2_fu_1044_p2                                   |     |        | or_ln166_2               | or        | auto                     | 0       |
|     post_trace_val_5_fu_1048_p3                             |     |        | post_trace_val_5         | select    | auto_sel                 | 0       |
|     icmp_ln221_2_fu_1056_p2                                 |     |        | icmp_ln221_2             | seteq     | auto                     | 0       |
|     current_w_2_fu_1127_p3                                  |     |        | current_w_2              | select    | auto_sel                 | 0       |
|     xor_ln228_2_fu_1272_p2                                  |     |        | xor_ln228_2              | xor       | auto                     | 0       |
|     mul_4ns_8ns_12_1_1_U79                                  |     |        | mul_ln229_2              | mul       | auto                     | 0       |
|     w_2_fu_1311_p2                                          |     |        | w_2                      | sub       | fabric                   | 0       |
|     icmp_ln181_2_fu_1401_p2                                 |     |        | icmp_ln181_2             | setlt     | auto                     | 0       |
|     select_ln180_2_fu_1406_p3                               |     |        | select_ln180_2           | select    | auto_sel                 | 0       |
|     icmp_ln160_3_fu_864_p2                                  |     |        | icmp_ln160_3             | seteq     | auto                     | 0       |
|     dt_3_fu_572_p2                                          |     |        | dt_3                     | sub       | fabric                   | 0       |
|     icmp_ln166_3_fu_587_p2                                  |     |        | icmp_ln166_3             | setne     | auto                     | 0       |
|     sparsemux_33_4_8_1_1_U75                                |     |        | zext_ln170_9_cast        | sparsemux | compactencoding_dontcare | 0       |
|     mul_8ns_8ns_16_1_1_U76                                  |     |        | mul_ln170_3              | mul       | auto                     | 0       |
|     or_ln166_3_fu_1071_p2                                   |     |        | or_ln166_3               | or        | auto                     | 0       |
|     post_trace_val_7_fu_1075_p3                             |     |        | post_trace_val_7         | select    | auto_sel                 | 0       |
|     icmp_ln221_3_fu_1083_p2                                 |     |        | icmp_ln221_3             | seteq     | auto                     | 0       |
|     current_w_3_fu_1146_p3                                  |     |        | current_w_3              | select    | auto_sel                 | 0       |
|     xor_ln228_3_fu_1324_p2                                  |     |        | xor_ln228_3              | xor       | auto                     | 0       |
|     mul_4ns_8ns_12_1_1_U80                                  |     |        | mul_ln229_3              | mul       | auto                     | 0       |
|     w_3_fu_1363_p2                                          |     |        | w_3                      | sub       | fabric                   | 0       |
|     icmp_ln181_3_fu_1415_p2                                 |     |        | icmp_ln181_3             | setlt     | auto                     | 0       |
|     select_ln180_3_fu_1420_p3                               |     |        | select_ln180_3           | select    | auto_sel                 | 0       |
|     add_ln212_fu_486_p2                                     |     |        | add_ln212                | add       | fabric                   | 0       |
|  + process_post_spike_aer                                   | 0   |        |                          |           |                          |         |
|    sparsemux_9_2_8_1_1_U164                                 |     |        | old_post_trace           | sparsemux | compactencoding_dontcare | 0       |
|    sparsemux_9_2_16_1_1_U163                                |     |        | old_post_last_spike_time | sparsemux | compactencoding_dontcare | 0       |
|    icmp_ln160_fu_528_p2                                     |     |        | icmp_ln160               | seteq     | auto                     | 0       |
|    dt_fu_431_p2                                             |     |        | dt                       | sub       | fabric                   | 0       |
|    icmp_ln166_fu_446_p2                                     |     |        | icmp_ln166               | setne     | auto                     | 0       |
|    sparsemux_33_4_8_1_1_U165                                |     |        | zext_ln170_10_cast       | sparsemux | compactencoding_dontcare | 0       |
|    mul_8ns_8ns_16_1_1_U166                                  |     |        | mul_ln170                | mul       | auto                     | 0       |
|    or_ln166_fu_555_p2                                       |     |        | or_ln166                 | or        | auto                     | 0       |
|    decayed_post_1_fu_560_p3                                 |     |        | decayed_post_1           | select    | auto_sel                 | 0       |
|    new_trace_fu_572_p2                                      |     |        | new_trace                | add       | fabric                   | 0       |
|    select_ln257_fu_590_p3                                   |     |        | select_ln257             | select    | auto_sel                 | 0       |
|   + process_post_spike_aer_Pipeline_LTP_LOOP                | 0   |        |                          |           |                          |         |
|     icmp_ln268_fu_512_p2                                    |     |        | icmp_ln268               | setne     | auto                     | 0       |
|     pre_t_trace_1_fu_529_p3                                 |     |        | pre_t_trace_1            | select    | auto_sel                 | 0       |
|     pre_t_last_spike_time_1_fu_536_p3                       |     |        | pre_t_last_spike_time_1  | select    | auto_sel                 | 0       |
|     icmp_ln160_fu_595_p2                                    |     |        | icmp_ln160               | seteq     | auto                     | 0       |
|     dt_fu_543_p2                                            |     |        | dt                       | sub       | fabric                   | 0       |
|     icmp_ln166_fu_600_p2                                    |     |        | icmp_ln166               | setne     | auto                     | 0       |
|     sparsemux_33_4_8_1_1_U135                               |     |        | zext_ln170_12_cast       | sparsemux | compactencoding_dontcare | 0       |
|     mul_8ns_8ns_16_1_1_U136                                 |     |        | mul_ln170                | mul       | auto                     | 0       |
|     or_ln166_fu_810_p2                                      |     |        | or_ln166                 | or        | auto                     | 0       |
|     pre_trace_val_1_fu_814_p3                               |     |        | pre_trace_val_1          | select    | auto_sel                 | 0       |
|     icmp_ln272_fu_822_p2                                    |     |        | icmp_ln272               | seteq     | auto                     | 0       |
|     sparsemux_9_2_4_1_1_U139                                |     |        | current_w                | sparsemux | compactencoding_dontcare | 0       |
|     distance_fu_896_p2                                      |     |        | distance                 | sub       | fabric                   | 0       |
|     mul_4ns_8ns_12_1_1_U141                                 |     |        | mul_ln280                | mul       | auto                     | 0       |
|     add_ln283_fu_960_p2                                     |     |        | add_ln283                | add       | fabric                   | 0       |
|     w_fu_965_p2                                             |     |        | w                        | add       | fabric                   | 0       |
|     icmp_ln180_fu_1031_p2                                   |     |        | icmp_ln180               | setgt     | auto                     | 0       |
|     select_ln180_fu_1036_p3                                 |     |        | select_ln180             | select    | auto_sel                 | 0       |
|     pre_t_trace_fu_562_p3                                   |     |        | pre_t_trace              | select    | auto_sel                 | 0       |
|     pre_t_last_spike_time_fu_569_p3                         |     |        | pre_t_last_spike_time    | select    | auto_sel                 | 0       |
|     icmp_ln160_4_fu_689_p2                                  |     |        | icmp_ln160_4             | seteq     | auto                     | 0       |
|     dt_4_fu_576_p2                                          |     |        | dt_4                     | sub       | fabric                   | 0       |
|     icmp_ln166_4_fu_694_p2                                  |     |        | icmp_ln166_4             | setne     | auto                     | 0       |
|     sparsemux_33_4_8_1_1_U137                               |     |        | zext_ln170_14_cast       | sparsemux | compactencoding_dontcare | 0       |
|     mul_8ns_8ns_16_1_1_U138                                 |     |        | mul_ln170_4              | mul       | auto                     | 0       |
|     or_ln166_4_fu_846_p2                                    |     |        | or_ln166_4               | or        | auto                     | 0       |
|     pre_trace_val_3_fu_850_p3                               |     |        | pre_trace_val_3          | select    | auto_sel                 | 0       |
|     icmp_ln272_1_fu_858_p2                                  |     |        | icmp_ln272_1             | seteq     | auto                     | 0       |
|     sparsemux_9_2_4_1_1_U140                                |     |        | current_w_4              | sparsemux | compactencoding_dontcare | 0       |
|     distance_4_fu_925_p2                                    |     |        | distance_4               | sub       | fabric                   | 0       |
|     mul_4ns_8ns_12_1_1_U142                                 |     |        | mul_ln280_1              | mul       | auto                     | 0       |
|     add_ln283_2_fu_1010_p2                                  |     |        | add_ln283_2              | add       | fabric                   | 0       |
|     w_4_fu_1015_p2                                          |     |        | w_4                      | add       | fabric                   | 0       |
|     icmp_ln180_1_fu_1047_p2                                 |     |        | icmp_ln180_1             | setgt     | auto                     | 0       |
|     select_ln180_4_fu_1052_p3                               |     |        | select_ln180_4           | select    | auto_sel                 | 0       |
|     add_ln263_fu_518_p2                                     |     |        | add_ln263                | add       | fabric                   | 0       |
|  + apply_rstdp_reward                                       | 0   |        |                          |           |                          |         |
|    icmp_ln303_fu_221_p2                                     |     |        | icmp_ln303               | setne     | auto                     | 0       |
|    and_ln303_fu_227_p2                                      |     |        | and_ln303                | and       | auto                     | 0       |
|    reward_mag_fu_241_p2                                     |     |        | reward_mag               | sub       | fabric                   | 0       |
|    reward_mag_1_fu_247_p3                                   |     |        | reward_mag_1             | select    | auto_sel                 | 0       |
|    icmp_ln310_fu_265_p2                                     |     |        | icmp_ln310               | setne     | auto                     | 0       |
|    icmp_ln311_fu_281_p2                                     |     |        | icmp_ln311               | setne     | auto                     | 0       |
|    icmp_ln312_fu_297_p2                                     |     |        | icmp_ln312               | setne     | auto                     | 0       |
|    shift_sel_fu_331_p6                                      |     |        | select_ln312             | select    | auto_sel                 | 0       |
|    xor_ln310_fu_311_p2                                      |     |        | xor_ln310                | xor       | auto                     | 0       |
|    and_ln311_fu_317_p2                                      |     |        | and_ln311                | and       | auto                     | 0       |
|    sparsemux_7_2_2_1_1_U222                                 |     |        | shift_sel                | sparsemux | onehotencoding_realdef   | 0       |
|    icmp_ln336_fu_356_p2                                     |     |        | icmp_ln336               | seteq     | auto                     | 0       |
|    icmp_ln336_1_fu_361_p2                                   |     |        | icmp_ln336_1             | seteq     | auto                     | 0       |
|    icmp_ln336_2_fu_366_p2                                   |     |        | icmp_ln336_2             | seteq     | auto                     | 0       |
|    icmp_ln318_fu_374_p2                                     |     |        | icmp_ln318               | seteq     | auto                     | 0       |
|    add_ln318_fu_380_p2                                      |     |        | add_ln318                | add       | fabric                   | 0       |
|    sparsemux_9_2_8_1_1_U223                                 |     |        | pre_elig                 | sparsemux | compactencoding_dontcare | 0       |
|    icmp_ln322_fu_440_p2                                     |     |        | icmp_ln322               | seteq     | auto                     | 0       |
|   + apply_rstdp_reward_Pipeline_RSTDP_INNER                 | 0   |        |                          |           |                          |         |
|     icmp_ln329_fu_419_p2                                    |     |        | icmp_ln329               | seteq     | auto                     | 0       |
|     mul_8s_8s_16_1_1_U193                                   |     |        | mul_ln332                | mul       | auto                     | 0       |
|     sparsemux_9_3_7_1_1_U194                                |     |        | scaled_4                 | sparsemux | onehotencoding_realdef   | 0       |
|     delta_fu_838_p2                                         |     |        | delta                    | sub       | fabric                   | 0       |
|     delta_1_fu_844_p3                                       |     |        | delta_1                  | select    | auto_sel                 | 0       |
|     current_w_fu_851_p3                                     |     |        | current_w                | select    | auto_sel                 | 0       |
|     w_fu_862_p2                                             |     |        | w                        | add       | fabric                   | 0       |
|     icmp_ln180_fu_1007_p2                                   |     |        | icmp_ln180               | setgt     | auto                     | 0       |
|     icmp_ln181_fu_1012_p2                                   |     |        | icmp_ln181               | setlt     | auto                     | 0       |
|     select_ln180_8_fu_1020_p3                               |     |        | select_ln180_8           | select    | auto_sel                 | 0       |
|     or_ln180_fu_1028_p2                                     |     |        | or_ln180                 | or        | auto                     | 0       |
|     select_ln180_fu_1034_p3                                 |     |        | select_ln180             | select    | auto_sel                 | 0       |
|     icmp_ln329_1_fu_425_p2                                  |     |        | icmp_ln329_1             | seteq     | auto                     | 0       |
|     mul_8s_8s_16_1_1_U195                                   |     |        | mul_ln332_1              | mul       | auto                     | 0       |
|     sparsemux_9_3_7_1_1_U196                                |     |        | scaled_9                 | sparsemux | onehotencoding_realdef   | 0       |
|     delta_2_fu_881_p2                                       |     |        | delta_2                  | sub       | fabric                   | 0       |
|     delta_3_fu_887_p3                                       |     |        | delta_3                  | select    | auto_sel                 | 0       |
|     current_w_5_fu_894_p3                                   |     |        | current_w_5              | select    | auto_sel                 | 0       |
|     w_5_fu_905_p2                                           |     |        | w_5                      | add       | fabric                   | 0       |
|     icmp_ln180_2_fu_1044_p2                                 |     |        | icmp_ln180_2             | setgt     | auto                     | 0       |
|     icmp_ln181_4_fu_1049_p2                                 |     |        | icmp_ln181_4             | setlt     | auto                     | 0       |
|     select_ln180_9_fu_1057_p3                               |     |        | select_ln180_9           | select    | auto_sel                 | 0       |
|     or_ln180_1_fu_1065_p2                                   |     |        | or_ln180_1               | or        | auto                     | 0       |
|     select_ln180_5_fu_1071_p3                               |     |        | select_ln180_5           | select    | auto_sel                 | 0       |
|     icmp_ln329_2_fu_431_p2                                  |     |        | icmp_ln329_2             | seteq     | auto                     | 0       |
|     mul_8s_8s_16_1_1_U197                                   |     |        | mul_ln332_2              | mul       | auto                     | 0       |
|     sparsemux_9_3_7_1_1_U198                                |     |        | scaled_14                | sparsemux | onehotencoding_realdef   | 0       |
|     delta_4_fu_924_p2                                       |     |        | delta_4                  | sub       | fabric                   | 0       |
|     delta_5_fu_930_p3                                       |     |        | delta_5                  | select    | auto_sel                 | 0       |
|     current_w_6_fu_937_p3                                   |     |        | current_w_6              | select    | auto_sel                 | 0       |
|     w_6_fu_948_p2                                           |     |        | w_6                      | add       | fabric                   | 0       |
|     icmp_ln180_3_fu_1081_p2                                 |     |        | icmp_ln180_3             | setgt     | auto                     | 0       |
|     icmp_ln181_5_fu_1086_p2                                 |     |        | icmp_ln181_5             | setlt     | auto                     | 0       |
|     select_ln180_10_fu_1094_p3                              |     |        | select_ln180_10          | select    | auto_sel                 | 0       |
|     or_ln180_2_fu_1102_p2                                   |     |        | or_ln180_2               | or        | auto                     | 0       |
|     select_ln180_6_fu_1108_p3                               |     |        | select_ln180_6           | select    | auto_sel                 | 0       |
|     icmp_ln329_3_fu_437_p2                                  |     |        | icmp_ln329_3             | seteq     | auto                     | 0       |
|     mul_8s_8s_16_1_1_U199                                   |     |        | mul_ln332_3              | mul       | auto                     | 0       |
|     sparsemux_9_3_7_1_1_U200                                |     |        | scaled_19                | sparsemux | onehotencoding_realdef   | 0       |
|     delta_6_fu_967_p2                                       |     |        | delta_6                  | sub       | fabric                   | 0       |
|     delta_7_fu_973_p3                                       |     |        | delta_7                  | select    | auto_sel                 | 0       |
|     current_w_7_fu_980_p3                                   |     |        | current_w_7              | select    | auto_sel                 | 0       |
|     w_7_fu_991_p2                                           |     |        | w_7                      | add       | fabric                   | 0       |
|     icmp_ln180_4_fu_1118_p2                                 |     |        | icmp_ln180_4             | setgt     | auto                     | 0       |
|     icmp_ln181_6_fu_1123_p2                                 |     |        | icmp_ln181_6             | setlt     | auto                     | 0       |
|     select_ln180_11_fu_1131_p3                              |     |        | select_ln180_11          | select    | auto_sel                 | 0       |
|     or_ln180_3_fu_1139_p2                                   |     |        | or_ln180_3               | or        | auto                     | 0       |
|     select_ln180_7_fu_1145_p3                               |     |        | select_ln180_7           | select    | auto_sel                 | 0       |
|     add_ln324_fu_408_p2                                     |     |        | add_ln324                | add       | fabric                   | 0       |
|  + decay_eligibility_traces                                 | 0   |        |                          |           |                          |         |
|   + decay_eligibility_traces_Pipeline_DECAY_PRE             | 0   |        |                          |           |                          |         |
|     sub_ln367_fu_189_p2                                     |     |        | sub_ln367                | sub       | fabric                   | 0       |
|     sub_ln367_1_fu_209_p2                                   |     |        | sub_ln367_1              | sub       | fabric                   | 0       |
|     sub_ln367_2_fu_229_p2                                   |     |        | sub_ln367_2              | sub       | fabric                   | 0       |
|     sub_ln367_3_fu_249_p2                                   |     |        | sub_ln367_3              | sub       | fabric                   | 0       |
|     add_ln361_fu_164_p2                                     |     |        | add_ln361                | add       | fabric                   | 0       |
|   + decay_eligibility_traces_Pipeline_DECAY_POST            | 0   |        |                          |           |                          |         |
|     sub_ln376_fu_189_p2                                     |     |        | sub_ln376                | sub       | fabric                   | 0       |
|     sub_ln376_1_fu_209_p2                                   |     |        | sub_ln376_1              | sub       | fabric                   | 0       |
|     sub_ln376_2_fu_229_p2                                   |     |        | sub_ln376_2              | sub       | fabric                   | 0       |
|     sub_ln376_3_fu_249_p2                                   |     |        | sub_ln376_3              | sub       | fabric                   | 0       |
|     add_ln371_fu_164_p2                                     |     |        | add_ln371                | add       | fabric                   | 0       |
+-------------------------------------------------------------+-----+--------+--------------------------+-----------+--------------------------+---------+


================================================================
== Storage Report
================================================================
+-----------------------------------+------------+-----------+------+------+--------+-------------------------------+--------+---------+------------------+
| Name                              | Usage      | Type      | BRAM | URAM | Pragma | Variable                      | Impl   | Latency | Bitwidth, Depth, |
|                                   |            |           |      |      |        |                               |        |         | Banks            |
+-----------------------------------+------------+-----------+------+------+--------+-------------------------------+--------+---------+------------------+
| + snn_top_hls                     |            |           | 287  | 0    |        |                               |        |         |                  |
|   ctrl_s_axi_U                    | interface  | s_axilite |      |      |        |                               |        |         |                  |
|   encoder_spikes_fifo_U           | fifo array |           | 3    |      |        | encoder_spikes                | memory | 0       | 41, 32, 1        |
|   p_ZL15pre_eligibility_0_U       | ram_2p     |           | 1    |      | pragma | p_ZL15pre_eligibility_0       | bram   | 1       | 8, 256, 1        |
|   p_ZL16post_eligibility_0_U      | ram_2p     |           | 1    |      | pragma | p_ZL16post_eligibility_0      | bram   | 1       | 8, 256, 1        |
|   p_ZL15pre_eligibility_1_U       | ram_2p     |           | 1    |      | pragma | p_ZL15pre_eligibility_1       | bram   | 1       | 8, 256, 1        |
|   p_ZL16post_eligibility_1_U      | ram_2p     |           | 1    |      | pragma | p_ZL16post_eligibility_1      | bram   | 1       | 8, 256, 1        |
|   p_ZL15pre_eligibility_2_U       | ram_2p     |           | 1    |      | pragma | p_ZL15pre_eligibility_2       | bram   | 1       | 8, 256, 1        |
|   p_ZL16post_eligibility_2_U      | ram_2p     |           | 1    |      | pragma | p_ZL16post_eligibility_2      | bram   | 1       | 8, 256, 1        |
|   p_ZL15pre_eligibility_3_U       | ram_2p     |           | 1    |      | pragma | p_ZL15pre_eligibility_3       | bram   | 1       | 8, 256, 1        |
|   p_ZL16post_eligibility_3_U      | ram_2p     |           | 1    |      | pragma | p_ZL16post_eligibility_3      | bram   | 1       | 8, 256, 1        |
|   pre_traces_trace_0_U            | ram_2p     |           | 1    |      | pragma | pre_traces_trace_0            | bram   | 1       | 8, 256, 1        |
|   pre_traces_last_spike_time_0_U  | ram_2p     |           | 1    |      | pragma | pre_traces_last_spike_time_0  | bram   | 1       | 16, 256, 1       |
|   post_traces_trace_0_U           | ram_2p     |           | 1    |      | pragma | post_traces_trace_0           | bram   | 1       | 8, 256, 1        |
|   post_traces_last_spike_time_0_U | ram_2p     |           | 1    |      | pragma | post_traces_last_spike_time_0 | bram   | 1       | 16, 256, 1       |
|   pre_traces_trace_1_U            | ram_2p     |           | 1    |      | pragma | pre_traces_trace_1            | bram   | 1       | 8, 256, 1        |
|   pre_traces_last_spike_time_1_U  | ram_2p     |           | 1    |      | pragma | pre_traces_last_spike_time_1  | bram   | 1       | 16, 256, 1       |
|   post_traces_trace_1_U           | ram_2p     |           | 1    |      | pragma | post_traces_trace_1           | bram   | 1       | 8, 256, 1        |
|   post_traces_last_spike_time_1_U | ram_2p     |           | 1    |      | pragma | post_traces_last_spike_time_1 | bram   | 1       | 16, 256, 1       |
|   pre_traces_trace_2_U            | ram_2p     |           | 1    |      | pragma | pre_traces_trace_2            | bram   | 1       | 8, 256, 1        |
|   pre_traces_last_spike_time_2_U  | ram_2p     |           | 1    |      | pragma | pre_traces_last_spike_time_2  | bram   | 1       | 16, 256, 1       |
|   post_traces_trace_2_U           | ram_2p     |           | 1    |      | pragma | post_traces_trace_2           | bram   | 1       | 8, 256, 1        |
|   post_traces_last_spike_time_2_U | ram_2p     |           | 1    |      | pragma | post_traces_last_spike_time_2 | bram   | 1       | 16, 256, 1       |
|   pre_traces_trace_3_U            | ram_2p     |           | 1    |      | pragma | pre_traces_trace_3            | bram   | 1       | 8, 256, 1        |
|   pre_traces_last_spike_time_3_U  | ram_2p     |           | 1    |      | pragma | pre_traces_last_spike_time_3  | bram   | 1       | 16, 256, 1       |
|   post_traces_trace_3_U           | ram_2p     |           | 1    |      | pragma | post_traces_trace_3           | bram   | 1       | 8, 256, 1        |
|   post_traces_last_spike_time_3_U | ram_2p     |           | 1    |      | pragma | post_traces_last_spike_time_3 | bram   | 1       | 16, 256, 1       |
|   p_ZL17encoder_phase_acc_0_U     | ram_2p     |           | 1    |      | pragma | p_ZL17encoder_phase_acc_0     | bram   | 1       | 16, 392, 1       |
|   p_ZL17encoder_phase_acc_1_U     | ram_2p     |           | 1    |      | pragma | p_ZL17encoder_phase_acc_1     | bram   | 1       | 16, 392, 1       |
|   p_ZL13weight_memory_0_0_U       | ram_2p     |           | 32   |      | pragma | p_ZL13weight_memory_0_0       | bram   | 1       | 4, 131072, 1     |
|   p_ZL13weight_memory_0_1_U       | ram_2p     |           | 32   |      | pragma | p_ZL13weight_memory_0_1       | bram   | 1       | 4, 131072, 1     |
|   p_ZL13weight_memory_0_2_U       | ram_2p     |           | 32   |      | pragma | p_ZL13weight_memory_0_2       | bram   | 1       | 4, 131072, 1     |
|   p_ZL13weight_memory_0_3_U       | ram_2p     |           | 32   |      | pragma | p_ZL13weight_memory_0_3       | bram   | 1       | 4, 131072, 1     |
|   p_ZL13weight_memory_1_0_U       | ram_2p     |           | 32   |      | pragma | p_ZL13weight_memory_1_0       | bram   | 1       | 4, 131072, 1     |
|   p_ZL13weight_memory_1_1_U       | ram_2p     |           | 32   |      | pragma | p_ZL13weight_memory_1_1       | bram   | 1       | 4, 131072, 1     |
|   p_ZL13weight_memory_1_2_U       | ram_2p     |           | 32   |      | pragma | p_ZL13weight_memory_1_2       | bram   | 1       | 4, 131072, 1     |
|   p_ZL13weight_memory_1_3_U       | ram_2p     |           | 32   |      | pragma | p_ZL13weight_memory_1_3       | bram   | 1       | 4, 131072, 1     |
|   p_ZL13encoder_frame_0_U         | ram_t2p    |           | 1    |      |        | p_ZL13encoder_frame_0         | auto   | 1       | 8, 392, 1        |
|   p_ZL13encoder_frame_1_U         | ram_t2p    |           | 1    |      |        | p_ZL13encoder_frame_1         | auto   | 1       | 8, 392, 1        |
+-----------------------------------+------------+-----------+------+------+--------+-------------------------------+--------+---------+------------------+


================================================================
== Pragma Report
================================================================
* Inferred Pragmas
+-----------------+---------------------------------------------------+----------------------------------------------------------------------------------------------+----------------------------------+
| Type            | Options                                           | Location                                                                                     | Inferred From                    |
+-----------------+---------------------------------------------------+----------------------------------------------------------------------------------------------+----------------------------------+
| ARRAY_PARTITION | dim=1 type=complete variable=EXP_DECAY_LUT        | variable EXP_DECAY_LUT in snn_top_hls (src/snn_top_hls.cpp:130)                              | pipeline src/snn_top_hls.cpp:213 |
| LOOP_FLATTEN    |                                                   | loop INIT_WEIGHT_OUTER (src/snn_top_hls.cpp:587:32) in snn_top_hls (src/snn_top_hls.cpp:587) | pipeline src/snn_top_hls.cpp:589 |
| ARRAY_PARTITION | dim=1 type=cyclic factor=2 variable=encoder_frame | variable encoder_frame in snn_top_hls (src/snn_top_hls.cpp:33)                               | pipeline src/snn_top_hls.cpp:629 |
+-----------------+---------------------------------------------------+----------------------------------------------------------------------------------------------+----------------------------------+

* Valid Pragma Syntax
+-----------------+--------------------------------------------------+---------------------------------------------------------------+
| Type            | Options                                          | Location                                                      |
+-----------------+--------------------------------------------------+---------------------------------------------------------------+
| INLINE          |                                                  | in encoder_write_axis_spike (src/snn_top_hls.cpp:43)          |
| INLINE          |                                                  | in encoder_delta_sigma (src/snn_top_hls.cpp:66)               |
| INLINE          | off                                              | in run_encoder_once (src/snn_top_hls.cpp:90)                  |
| PIPELINE        | ii=1                                             | in run_encoder_once (src/snn_top_hls.cpp:94)                  |
| INLINE          |                                                  | in compute_decayed_trace (src/snn_top_hls.cpp:158)            |
| INLINE          |                                                  | in clip_weight (src/snn_top_hls.cpp:179)                      |
| INLINE          | off                                              | in process_pre_spike_aer (src/snn_top_hls.cpp:198)            |
| PIPELINE        | ii=1                                             | in process_pre_spike_aer (src/snn_top_hls.cpp:213)            |
| UNROLL          | factor=4                                         | in process_pre_spike_aer (src/snn_top_hls.cpp:214)            |
| INLINE          | off                                              | in process_post_spike_aer (src/snn_top_hls.cpp:249)           |
| PIPELINE        | ii=1                                             | in process_post_spike_aer (src/snn_top_hls.cpp:264)           |
| UNROLL          | factor=2                                         | in process_post_spike_aer (src/snn_top_hls.cpp:265)           |
| INLINE          | off                                              | in apply_rstdp_reward (src/snn_top_hls.cpp:301)               |
| LOOP_FLATTEN    | off                                              | in apply_rstdp_reward (src/snn_top_hls.cpp:319)               |
| PIPELINE        | ii=1                                             | in apply_rstdp_reward (src/snn_top_hls.cpp:325)               |
| UNROLL          | factor=4                                         | in apply_rstdp_reward (src/snn_top_hls.cpp:326)               |
| INLINE          | off                                              | in decay_eligibility_traces (src/snn_top_hls.cpp:358)         |
| PIPELINE        | ii=1                                             | in decay_eligibility_traces (src/snn_top_hls.cpp:362)         |
| UNROLL          | factor=4                                         | in decay_eligibility_traces (src/snn_top_hls.cpp:363)         |
| PIPELINE        | ii=1                                             | in decay_eligibility_traces (src/snn_top_hls.cpp:372)         |
| UNROLL          | factor=4                                         | in decay_eligibility_traces (src/snn_top_hls.cpp:373)         |
| INLINE          |                                                  | in update_eligibility_on_pre_spike (src/snn_top_hls.cpp:385)  |
| INLINE          |                                                  | in update_eligibility_on_post_spike (src/snn_top_hls.cpp:392) |
| INTERFACE       | s_axilite port=ctrl_reg bundle=ctrl              | in snn_top_hls (src/snn_top_hls.cpp:458)                      |
| INTERFACE       | s_axilite port=config_reg bundle=ctrl            | in snn_top_hls (src/snn_top_hls.cpp:459)                      |
| INTERFACE       | s_axilite port=mode_reg bundle=ctrl              | in snn_top_hls (src/snn_top_hls.cpp:460)                      |
| INTERFACE       | s_axilite port=time_steps_reg bundle=ctrl        | in snn_top_hls (src/snn_top_hls.cpp:461)                      |
| INTERFACE       | s_axilite port=learning_params bundle=ctrl       | in snn_top_hls (src/snn_top_hls.cpp:462)                      |
| INTERFACE       | s_axilite port=encoder_config bundle=ctrl        | in snn_top_hls (src/snn_top_hls.cpp:463)                      |
| INTERFACE       | s_axilite port=status_reg bundle=ctrl            | in snn_top_hls (src/snn_top_hls.cpp:464)                      |
| INTERFACE       | s_axilite port=spike_count_reg bundle=ctrl       | in snn_top_hls (src/snn_top_hls.cpp:465)                      |
| INTERFACE       | s_axilite port=weight_sum_reg bundle=ctrl        | in snn_top_hls (src/snn_top_hls.cpp:466)                      |
| INTERFACE       | s_axilite port=version_reg bundle=ctrl           | in snn_top_hls (src/snn_top_hls.cpp:467)                      |
| INTERFACE       | s_axilite port=reward_signal bundle=ctrl         | in snn_top_hls (src/snn_top_hls.cpp:468)                      |
| INTERFACE       | s_axilite port=return bundle=ctrl                | in snn_top_hls (src/snn_top_hls.cpp:469)                      |
| INTERFACE       | axis port=s_axis_spikes                          | in snn_top_hls (src/snn_top_hls.cpp:472)                      |
| INTERFACE       | axis port=s_axis_data                            | in snn_top_hls (src/snn_top_hls.cpp:473)                      |
| INTERFACE       | axis port=s_axis_weights                         | in snn_top_hls (src/snn_top_hls.cpp:474)                      |
| INTERFACE       | axis port=m_axis_spikes                          | in snn_top_hls (src/snn_top_hls.cpp:475)                      |
| INTERFACE       | axis port=m_axis_weights                         | in snn_top_hls (src/snn_top_hls.cpp:476)                      |
| INTERFACE       | ap_none port=spike_in_valid                      | in snn_top_hls (src/snn_top_hls.cpp:479)                      |
| INTERFACE       | ap_none port=spike_in_neuron_id                  | in snn_top_hls (src/snn_top_hls.cpp:480)                      |
| INTERFACE       | ap_none port=spike_in_weight                     | in snn_top_hls (src/snn_top_hls.cpp:481)                      |
| INTERFACE       | ap_none port=spike_in_ready                      | in snn_top_hls (src/snn_top_hls.cpp:482)                      |
| INTERFACE       | ap_none port=spike_out_valid                     | in snn_top_hls (src/snn_top_hls.cpp:483)                      |
| INTERFACE       | ap_none port=spike_out_neuron_id                 | in snn_top_hls (src/snn_top_hls.cpp:484)                      |
| INTERFACE       | ap_none port=spike_out_weight                    | in snn_top_hls (src/snn_top_hls.cpp:485)                      |
| INTERFACE       | ap_none port=spike_out_ready                     | in snn_top_hls (src/snn_top_hls.cpp:486)                      |
| INTERFACE       | ap_none port=snn_enable                          | in snn_top_hls (src/snn_top_hls.cpp:487)                      |
| INTERFACE       | ap_none port=snn_reset                           | in snn_top_hls (src/snn_top_hls.cpp:488)                      |
| INTERFACE       | ap_none port=threshold_out                       | in snn_top_hls (src/snn_top_hls.cpp:489)                      |
| INTERFACE       | ap_none port=leak_rate_out                       | in snn_top_hls (src/snn_top_hls.cpp:490)                      |
| INTERFACE       | ap_none port=snn_ready                           | in snn_top_hls (src/snn_top_hls.cpp:491)                      |
| INTERFACE       | ap_none port=snn_busy                            | in snn_top_hls (src/snn_top_hls.cpp:492)                      |
| BIND_STORAGE    | variable=weight_memory type=RAM_2P impl=BRAM     | in snn_top_hls (src/snn_top_hls.cpp:499)                      |
| ARRAY_PARTITION | variable=weight_memory cyclic factor=2 dim=1     | in snn_top_hls (src/snn_top_hls.cpp:500)                      |
| ARRAY_PARTITION | variable=weight_memory cyclic factor=4 dim=2     | in snn_top_hls (src/snn_top_hls.cpp:501)                      |
| BIND_STORAGE    | variable=pre_eligibility type=RAM_2P impl=BRAM   | in snn_top_hls (src/snn_top_hls.cpp:504)                      |
| ARRAY_PARTITION | variable=pre_eligibility cyclic factor=4         | in snn_top_hls (src/snn_top_hls.cpp:505)                      |
| BIND_STORAGE    | variable=post_eligibility type=RAM_2P impl=BRAM  | in snn_top_hls (src/snn_top_hls.cpp:506)                      |
| ARRAY_PARTITION | variable=post_eligibility cyclic factor=4        | in snn_top_hls (src/snn_top_hls.cpp:507)                      |
| BIND_STORAGE    | variable=pre_traces type=RAM_2P impl=BRAM        | in snn_top_hls (src/snn_top_hls.cpp:510)                      |
| ARRAY_PARTITION | variable=pre_traces cyclic factor=4              | in snn_top_hls (src/snn_top_hls.cpp:511)                      |
| BIND_STORAGE    | variable=post_traces type=RAM_2P impl=BRAM       | in snn_top_hls (src/snn_top_hls.cpp:512)                      |
| ARRAY_PARTITION | variable=post_traces cyclic factor=4             | in snn_top_hls (src/snn_top_hls.cpp:513)                      |
| BIND_STORAGE    | variable=encoder_phase_acc type=RAM_2P impl=BRAM | in snn_top_hls (src/snn_top_hls.cpp:516)                      |
| ARRAY_PARTITION | variable=encoder_phase_acc cyclic factor=2       | in snn_top_hls (src/snn_top_hls.cpp:517)                      |
| PIPELINE        | ii=1                                             | in snn_top_hls (src/snn_top_hls.cpp:566)                      |
| PIPELINE        | ii=1                                             | in snn_top_hls (src/snn_top_hls.cpp:573)                      |
| PIPELINE        | ii=1                                             | in snn_top_hls (src/snn_top_hls.cpp:581)                      |
| PIPELINE        | ii=1                                             | in snn_top_hls (src/snn_top_hls.cpp:589)                      |
| PIPELINE        | ii=1                                             | in snn_top_hls (src/snn_top_hls.cpp:629)                      |
| STREAM          | variable=encoder_spikes depth=32                 | in snn_top_hls (src/snn_top_hls.cpp:649)                      |
| LOOP_FLATTEN    | off                                              | in snn_top_hls (src/snn_top_hls.cpp:655)                      |
| PIPELINE        | ii=1                                             | in snn_top_hls (src/snn_top_hls.cpp:790)                      |
| INLINE          |                                                  | in write_weight (src/snn_top_hls.cpp:806)                     |
| INLINE          |                                                  | in read_weight (src/snn_top_hls.cpp:814)                      |
| INLINE          | off                                              | in load_weights_from_stream (src/snn_top_hls.cpp:825)         |
| PIPELINE        | ii=1                                             | in load_weights_from_stream (src/snn_top_hls.cpp:828)         |
+-----------------+--------------------------------------------------+---------------------------------------------------------------+


