================================================================
== Design Size Report
================================================================

* Total Instructions per Compilation Phase
+---------------+----------------------------+--------------+----------------------------------------------------------------------------------------+
| Phase         | Step                       | Instructions | Description                                                                            |
+---------------+----------------------------+--------------+----------------------------------------------------------------------------------------+
| Compile/Link  |                            | 23,757       | After all functions are compiled and linked into a single design                       |
|               |                            |              |                                                                                        |
| Unroll/Inline |                            |              | After user unroll and inline pragmas are applied                                       |
|               | (1) unroll                 | 17,033       | user unroll pragmas are applied                                                        |
|               | (2) simplification         | 12,827       | simplification of applied user unroll pragmas                                          |
|               | (3) inline                 |  8,360       | user inline pragmas are applied                                                        |
|               | (4) simplification         |  7,634       | simplification of applied user inline pragmas                                          |
|               |                            |              |                                                                                        |
| Array/Struct  |                            |              | After user array partition and struct aggregate/disaggregate pragmas are applied       |
|               | (1) array partition        |  7,641       | user array partition pragmas are applied                                               |
|               | (2) simplification         |  7,638       | simplification of applied user array partition & struct aggregate/disaggregate pragmas |
|               | (3) aggregate/disaggregate |  7,769       | user struct aggregate/disaggregate pragmas are applied                                 |
|               | (4) array reshape          | 11,273       | apply array reshape pragmas                                                            |
|               | (5) access patterns        | 11,507       | array access pattern optmizations                                                      |
|               |                            |              |                                                                                        |
| Performance   |                            |              | After transformations are applied to meet performance pragma targets                   |
|               | (1) loop simplification    | 11,480       | loop and instruction simplification                                                    |
|               | (2) parallelization        | 11,363       | loops are unrolled or pipelined to meet performance targets                            |
|               | (3) array partition        | 28,743       | arrays are partitioned to meet performance targets                                     |
|               | (4) simplification         | 11,600       | simplification of design after performance transformations                             |
|               |                            |              |                                                                                        |
| HW Transforms |                            |              | After hardware transfomations                                                          |
|               | (1) lowering               | 10,538       | initial conversion to HW specific instructions                                         |
|               | (2) optimizations          | 10,845       | high level synthesis optimizations                                                     |
+---------------+----------------------------+--------------+----------------------------------------------------------------------------------------+

* Instructions per Function for each Compilation Phase
+------------------------------------+---------------------+-----------------+---------------+--------------+-------------+---------------+
| Function                           | Location            | Compile/Link    | Unroll/Inline | Array/Struct | Performance | HW Transforms |
+------------------------------------+---------------------+-----------------+---------------+--------------+-------------+---------------+
| + snn_top_hls                      | snn_top_hls.cpp:667 | 23,757          | 7,634         | 11,507       | 11,600      | 10,845        |
|    reset_cnn3_engine               | snn_top_hls.cpp:67  |   326           |               |              |             |               |
|  + weight_index                    | snn_top_hls.h:416   |   167           |               |              |             |               |
|     find_neuron_group              | snn_top_hls.h:389   |    86 (2 calls) |               |              |             |               |
|     find_connection                | snn_top_hls.h:402   |    28           |               |              |             |               |
|    clip_weight                     | snn_top_hls.cpp:250 |    74           |               |              |             |               |
|    decay_all_traces                | snn_top_hls.cpp:324 |   861           |   43          |    43        |    42       |    51         |
|  + run_encoder_once                | snn_top_hls.cpp:204 |   649           |               |              |             |               |
|   + encoder_delta_sigma            | snn_top_hls.cpp:179 |   564           |               |              |             |               |
|      encoder_write_axis_spike      | snn_top_hls.cpp:36  |   429           |               |              |             |               |
|  + process_pre_spike_aer           | snn_top_hls.cpp:356 | 2,977           |  133          |   132        |   124       |   131         |
|     clip_weight                    | snn_top_hls.cpp:250 |    74           |               |              |             |               |
|     enqueue_learn_weight_update    | snn_top_hls.cpp:275 |   933           |               |              |             |               |
|    update_eligibility_on_pre_sp... | snn_top_hls.cpp:650 |   306           |               |              |             |               |
|  + process_post_spike_aer          | snn_top_hls.cpp:443 | 2,832           |  133          |   132        |   124       |   134         |
|     clip_weight                    | snn_top_hls.cpp:250 |    74           |               |              |             |               |
|     enqueue_learn_weight_update    | snn_top_hls.cpp:275 |   933           |               |              |             |               |
|    update_eligibility_on_post_s... | snn_top_hls.cpp:657 |   306           |               |              |             |               |
|  + apply_rstdp_reward              | snn_top_hls.cpp:531 | 2,845           |  150          |   149        |   139       |   148         |
|     clip_weight                    | snn_top_hls.cpp:250 |    74           |               |              |             |               |
|     enqueue_learn_weight_update    | snn_top_hls.cpp:275 |   933           |               |              |             |               |
|    decay_eligibility_traces        | snn_top_hls.cpp:623 |   415           |   21          |    21        |    21       |    30         |
|    run_cnn3_streaming_pixel        | snn_top_hls.cpp:96  | 3,453           |               |              |             |               |
+------------------------------------+---------------------+-----------------+---------------+--------------+-------------+---------------+

* Design Size Message Settings
+---------------------------------------------+--------+------------------------------------------------------------------+
| Message Setting                             | Value  | Description                                                      |
+---------------------------------------------+--------+------------------------------------------------------------------+
| config_compile -design_size_maximum_warning | 100000 | Show a warning when total design instructions exceeds this value |
+---------------------------------------------+--------+------------------------------------------------------------------+


