

================================================================
== Vitis HLS Report for 'decay_eligibility_traces_Pipeline_DECAY_POST'
================================================================
* Date:           Wed Sep 23 19:58:51 2026

* Version:        2025.2 (Build 6295257 on Nov 14 2025)
* Project:        hls_output
* Solution:       hls (Vivado IP Flow Target)
* Product family: zynq
* Target device:  xc7z020-clg400-1


================================================================
== Performance Estimates
================================================================
+ Timing: 
    * Summary: 
    +--------+----------+----------+------------+
    |  Clock |  Target  | Estimated| Uncertainty|
    +--------+----------+----------+------------+
    |ap_clk  |  10.00 ns|  6.559 ns|     2.70 ns|
    +--------+----------+----------+------------+

+ Latency: 
    * Summary: 
    +---------+---------+----------+----------+-----+-----+-------------------+
    |  Latency (cycles) |  Latency (absolute) |  Interval |      Pipeline     |
    |   min   |   max   |    min   |    max   | min | max |        Type       |
    +---------+---------+----------+----------+-----+-----+-------------------+
    |      802|      802|  8.020 us|  8.020 us|    0|    0|  loop pipeline stp|
    +---------+---------+----------+----------+-----+-----+-------------------+

    + Detail: 
        * Instance: 
        N/A

        * Loop: 
        +--------------+---------+---------+----------+-----------+-----------+------+----------+
        |              |  Latency (cycles) | Iteration|  Initiation Interval  | Trip |          |
        |   Loop Name  |   min   |   max   |  Latency |  achieved |   target  | Count| Pipelined|
        +--------------+---------+---------+----------+-----------+-----------+------+----------+
        |- DECAY_POST  |      800|      800|         2|          1|          1|   800|       yes|
        +--------------+---------+---------+----------+-----------+-----------+------+----------+



================================================================
== Utilization Estimates
================================================================
* Summary: 
+-----------------+---------+-----+--------+-------+-----+
|       Name      | BRAM_18K| DSP |   FF   |  LUT  | URAM|
+-----------------+---------+-----+--------+-------+-----+
|DSP              |        -|    -|       -|      -|    -|
|Expression       |        -|    -|       0|     43|    -|
|FIFO             |        -|    -|       -|      -|    -|
|Instance         |        -|    -|       -|      -|    -|
|Memory           |        -|    -|       -|      -|    -|
|Multiplexer      |        -|    -|       0|     36|    -|
|Register         |        -|    -|      23|      -|    -|
+-----------------+---------+-----+--------+-------+-----+
|Total            |        0|    0|      23|     79|    0|
+-----------------+---------+-----+--------+-------+-----+
|Available        |      280|  220|  106400|  53200|    0|
+-----------------+---------+-----+--------+-------+-----+
|Utilization (%)  |        0|    0|      ~0|     ~0|    0|
+-----------------+---------+-----+--------+-------+-----+

+ Detail: 
    * Instance: 
    N/A

    * DSP: 
    N/A

    * Memory: 
    N/A

    * FIFO: 
    N/A

    * Expression: 
    +---------------------+----------+----+---+----+------------+------------+
    |    Variable Name    | Operation| DSP| FF| LUT| Bitwidth P0| Bitwidth P1|
    +---------------------+----------+----+---+----+------------+------------+
    |add_ln639_fu_79_p2   |         +|   0|  0|  13|          10|           1|
    |sub_ln644_fu_109_p2  |         -|   0|  0|  15|           8|           8|
    |icmp_ln639_fu_73_p2  |      icmp|   0|  0|  13|          10|           9|
    |ap_enable_pp0        |       xor|   0|  0|   2|           1|           2|
    +---------------------+----------+----+---+----+------------+------------+
    |Total                |          |   0|  0|  43|          29|          20|
    +---------------------+----------+----+---+----+------------+------------+

    * Multiplexer: 
    +-------------------------+----+-----------+-----+-----------+
    |           Name          | LUT| Input Size| Bits| Total Bits|
    +-------------------------+----+-----------+-----+-----------+
    |ap_done_int              |   9|          2|    1|          2|
    |ap_enable_reg_pp0_iter1  |   9|          2|    1|          2|
    |ap_sig_allocacmp_j_1     |   9|          2|   10|         20|
    |j_fu_44                  |   9|          2|   10|         20|
    +-------------------------+----+-----------+-----+-----------+
    |Total                    |  36|          8|   22|         44|
    +-------------------------+----+-----------+-----+-----------+

    * Register: 
    +-------------------------------+----+----+-----+-----------+
    |              Name             | FF | LUT| Bits| Const Bits|
    +-------------------------------+----+----+-----+-----------+
    |ap_CS_fsm                      |   1|   0|    1|          0|
    |ap_done_reg                    |   1|   0|    1|          0|
    |ap_enable_reg_pp0_iter1        |   1|   0|    1|          0|
    |j_fu_44                        |  10|   0|   10|          0|
    |post_eligibility_addr_reg_126  |  10|   0|   10|          0|
    +-------------------------------+----+----+-----+-----------+
    |Total                          |  23|   0|   23|          0|
    +-------------------------------+----+----+-----+-----------+



================================================================
== Interface
================================================================
* Summary: 
+---------------------------+-----+-----+------------+----------------------------------------------+--------------+
|         RTL Ports         | Dir | Bits|  Protocol  |                 Source Object                |    C Type    |
+---------------------------+-----+-----+------------+----------------------------------------------+--------------+
|ap_clk                     |   in|    1|  ap_ctrl_hs|  decay_eligibility_traces_Pipeline_DECAY_POST|  return value|
|ap_rst                     |   in|    1|  ap_ctrl_hs|  decay_eligibility_traces_Pipeline_DECAY_POST|  return value|
|ap_start                   |   in|    1|  ap_ctrl_hs|  decay_eligibility_traces_Pipeline_DECAY_POST|  return value|
|ap_done                    |  out|    1|  ap_ctrl_hs|  decay_eligibility_traces_Pipeline_DECAY_POST|  return value|
|ap_idle                    |  out|    1|  ap_ctrl_hs|  decay_eligibility_traces_Pipeline_DECAY_POST|  return value|
|ap_ready                   |  out|    1|  ap_ctrl_hs|  decay_eligibility_traces_Pipeline_DECAY_POST|  return value|
|post_eligibility_address0  |  out|   10|   ap_memory|                              post_eligibility|         array|
|post_eligibility_ce0       |  out|    1|   ap_memory|                              post_eligibility|         array|
|post_eligibility_q0        |   in|    8|   ap_memory|                              post_eligibility|         array|
|post_eligibility_address1  |  out|   10|   ap_memory|                              post_eligibility|         array|
|post_eligibility_ce1       |  out|    1|   ap_memory|                              post_eligibility|         array|
|post_eligibility_we1       |  out|    1|   ap_memory|                              post_eligibility|         array|
|post_eligibility_d1        |  out|    8|   ap_memory|                              post_eligibility|         array|
+---------------------------+-----+-----+------------+----------------------------------------------+--------------+

