

================================================================
== Vitis HLS Report for 'decay_eligibility_traces'
================================================================
* Date:           Wed Feb 11 07:07:58 2026

* Version:        2025.2 (Build 6295257 on Nov 14 2025)
* Project:        hls_output
* Solution:       hls (Vivado IP Flow Target)
* Product family: zynq
* Target device:  xc7z020-clg400-1


================================================================
== Performance Estimates
================================================================
+ Timing: 
    * Summary: 
    +--------+----------+----------+------------+
    |  Clock |  Target  | Estimated| Uncertainty|
    +--------+----------+----------+------------+
    |ap_clk  |  10.00 ns|  5.169 ns|     2.70 ns|
    +--------+----------+----------+------------+

+ Latency: 
    * Summary: 
    +---------+---------+----------+----------+-----+-----+---------+
    |  Latency (cycles) |  Latency (absolute) |  Interval | Pipeline|
    |   min   |   max   |    min   |    max   | min | max |   Type  |
    +---------+---------+----------+----------+-----+-----+---------+
    |      260|      260|  2.600 us|  2.600 us|  260|  260|       no|
    +---------+---------+----------+----------+-----+-----+---------+

    + Detail: 
        * Instance: 
        +--------------------------------------------------------+----------------------------------------------+---------+---------+----------+----------+-----+-----+-------------------+
        |                                                        |                                              |  Latency (cycles) |  Latency (absolute) |  Interval |      Pipeline     |
        |                        Instance                        |                    Module                    |   min   |   max   |    min   |    max   | min | max |        Type       |
        +--------------------------------------------------------+----------------------------------------------+---------+---------+----------+----------+-----+-----+-------------------+
        |grp_decay_eligibility_traces_Pipeline_DECAY_PRE_fu_30   |decay_eligibility_traces_Pipeline_DECAY_PRE   |      259|      259|  2.590 us|  2.590 us|    0|    0|  loop pipeline stp|
        |grp_decay_eligibility_traces_Pipeline_DECAY_POST_fu_42  |decay_eligibility_traces_Pipeline_DECAY_POST  |      259|      259|  2.590 us|  2.590 us|    0|    0|  loop pipeline stp|
        +--------------------------------------------------------+----------------------------------------------+---------+---------+----------+----------+-----+-----+-------------------+

        * Loop: 
        N/A



================================================================
== Utilization Estimates
================================================================
* Summary: 
+-----------------+---------+-----+--------+-------+-----+
|       Name      | BRAM_18K| DSP |   FF   |  LUT  | URAM|
+-----------------+---------+-----+--------+-------+-----+
|DSP              |        -|    -|       -|      -|    -|
|Expression       |        -|    -|       0|      2|    -|
|FIFO             |        -|    -|       -|      -|    -|
|Instance         |        -|    -|     224|    220|    -|
|Memory           |        -|    -|       -|      -|    -|
|Multiplexer      |        -|    -|       0|     14|    -|
|Register         |        -|    -|       4|      -|    -|
+-----------------+---------+-----+--------+-------+-----+
|Total            |        0|    0|     228|    236|    0|
+-----------------+---------+-----+--------+-------+-----+
|Available        |      280|  220|  106400|  53200|    0|
+-----------------+---------+-----+--------+-------+-----+
|Utilization (%)  |        0|    0|      ~0|     ~0|    0|
+-----------------+---------+-----+--------+-------+-----+

+ Detail: 
    * Instance: 
    +--------------------------------------------------------+----------------------------------------------+---------+----+-----+-----+-----+
    |                        Instance                        |                    Module                    | BRAM_18K| DSP|  FF | LUT | URAM|
    +--------------------------------------------------------+----------------------------------------------+---------+----+-----+-----+-----+
    |grp_decay_eligibility_traces_Pipeline_DECAY_POST_fu_42  |decay_eligibility_traces_Pipeline_DECAY_POST  |        0|   0|  112|  110|    0|
    |grp_decay_eligibility_traces_Pipeline_DECAY_PRE_fu_30   |decay_eligibility_traces_Pipeline_DECAY_PRE   |        0|   0|  112|  110|    0|
    +--------------------------------------------------------+----------------------------------------------+---------+----+-----+-----+-----+
    |Total                                                   |                                              |        0|   0|  224|  220|    0|
    +--------------------------------------------------------+----------------------------------------------+---------+----+-----+-----+-----+

    * DSP: 
    N/A

    * Memory: 
    N/A

    * FIFO: 
    N/A

    * Expression: 
    +---------------------------------+----------+----+---+----+------------+------------+
    |          Variable Name          | Operation| DSP| FF| LUT| Bitwidth P0| Bitwidth P1|
    +---------------------------------+----------+----+---+----+------------+------------+
    |ap_block_state2_on_subcall_done  |        or|   0|  0|   2|           1|           1|
    +---------------------------------+----------+----+---+----+------------+------------+
    |Total                            |          |   0|  0|   2|           1|           1|
    +---------------------------------+----------+----+---+----+------------+------------+

    * Multiplexer: 
    +-----------+----+-----------+-----+-----------+
    |    Name   | LUT| Input Size| Bits| Total Bits|
    +-----------+----+-----------+-----+-----------+
    |ap_NS_fsm  |  14|          3|    1|          3|
    +-----------+----+-----------+-----+-----------+
    |Total      |  14|          3|    1|          3|
    +-----------+----+-----------+-----+-----------+

    * Register: 
    +---------------------------------------------------------------------+---+----+-----+-----------+
    |                                 Name                                | FF| LUT| Bits| Const Bits|
    +---------------------------------------------------------------------+---+----+-----+-----------+
    |ap_CS_fsm                                                            |  2|   0|    2|          0|
    |grp_decay_eligibility_traces_Pipeline_DECAY_POST_fu_42_ap_start_reg  |  1|   0|    1|          0|
    |grp_decay_eligibility_traces_Pipeline_DECAY_PRE_fu_30_ap_start_reg   |  1|   0|    1|          0|
    +---------------------------------------------------------------------+---+----+-----+-----------+
    |Total                                                                |  4|   0|    4|          0|
    +---------------------------------------------------------------------+---+----+-----+-----------+



================================================================
== Interface
================================================================
* Summary: 
+-----------------------------------+-----+-----+------------+--------------------------+--------------+
|             RTL Ports             | Dir | Bits|  Protocol  |       Source Object      |    C Type    |
+-----------------------------------+-----+-----+------------+--------------------------+--------------+
|ap_clk                             |   in|    1|  ap_ctrl_hs|  decay_eligibility_traces|  return value|
|ap_rst                             |   in|    1|  ap_ctrl_hs|  decay_eligibility_traces|  return value|
|ap_start                           |   in|    1|  ap_ctrl_hs|  decay_eligibility_traces|  return value|
|ap_done                            |  out|    1|  ap_ctrl_hs|  decay_eligibility_traces|  return value|
|ap_idle                            |  out|    1|  ap_ctrl_hs|  decay_eligibility_traces|  return value|
|ap_ready                           |  out|    1|  ap_ctrl_hs|  decay_eligibility_traces|  return value|
|p_ZL15pre_eligibility_0_address0   |  out|    8|   ap_memory|   p_ZL15pre_eligibility_0|         array|
|p_ZL15pre_eligibility_0_ce0        |  out|    1|   ap_memory|   p_ZL15pre_eligibility_0|         array|
|p_ZL15pre_eligibility_0_q0         |   in|    8|   ap_memory|   p_ZL15pre_eligibility_0|         array|
|p_ZL15pre_eligibility_0_address1   |  out|    8|   ap_memory|   p_ZL15pre_eligibility_0|         array|
|p_ZL15pre_eligibility_0_ce1        |  out|    1|   ap_memory|   p_ZL15pre_eligibility_0|         array|
|p_ZL15pre_eligibility_0_we1        |  out|    1|   ap_memory|   p_ZL15pre_eligibility_0|         array|
|p_ZL15pre_eligibility_0_d1         |  out|    8|   ap_memory|   p_ZL15pre_eligibility_0|         array|
|p_ZL15pre_eligibility_1_address0   |  out|    8|   ap_memory|   p_ZL15pre_eligibility_1|         array|
|p_ZL15pre_eligibility_1_ce0        |  out|    1|   ap_memory|   p_ZL15pre_eligibility_1|         array|
|p_ZL15pre_eligibility_1_q0         |   in|    8|   ap_memory|   p_ZL15pre_eligibility_1|         array|
|p_ZL15pre_eligibility_1_address1   |  out|    8|   ap_memory|   p_ZL15pre_eligibility_1|         array|
|p_ZL15pre_eligibility_1_ce1        |  out|    1|   ap_memory|   p_ZL15pre_eligibility_1|         array|
|p_ZL15pre_eligibility_1_we1        |  out|    1|   ap_memory|   p_ZL15pre_eligibility_1|         array|
|p_ZL15pre_eligibility_1_d1         |  out|    8|   ap_memory|   p_ZL15pre_eligibility_1|         array|
|p_ZL15pre_eligibility_2_address0   |  out|    8|   ap_memory|   p_ZL15pre_eligibility_2|         array|
|p_ZL15pre_eligibility_2_ce0        |  out|    1|   ap_memory|   p_ZL15pre_eligibility_2|         array|
|p_ZL15pre_eligibility_2_q0         |   in|    8|   ap_memory|   p_ZL15pre_eligibility_2|         array|
|p_ZL15pre_eligibility_2_address1   |  out|    8|   ap_memory|   p_ZL15pre_eligibility_2|         array|
|p_ZL15pre_eligibility_2_ce1        |  out|    1|   ap_memory|   p_ZL15pre_eligibility_2|         array|
|p_ZL15pre_eligibility_2_we1        |  out|    1|   ap_memory|   p_ZL15pre_eligibility_2|         array|
|p_ZL15pre_eligibility_2_d1         |  out|    8|   ap_memory|   p_ZL15pre_eligibility_2|         array|
|p_ZL15pre_eligibility_3_address0   |  out|    8|   ap_memory|   p_ZL15pre_eligibility_3|         array|
|p_ZL15pre_eligibility_3_ce0        |  out|    1|   ap_memory|   p_ZL15pre_eligibility_3|         array|
|p_ZL15pre_eligibility_3_q0         |   in|    8|   ap_memory|   p_ZL15pre_eligibility_3|         array|
|p_ZL15pre_eligibility_3_address1   |  out|    8|   ap_memory|   p_ZL15pre_eligibility_3|         array|
|p_ZL15pre_eligibility_3_ce1        |  out|    1|   ap_memory|   p_ZL15pre_eligibility_3|         array|
|p_ZL15pre_eligibility_3_we1        |  out|    1|   ap_memory|   p_ZL15pre_eligibility_3|         array|
|p_ZL15pre_eligibility_3_d1         |  out|    8|   ap_memory|   p_ZL15pre_eligibility_3|         array|
|p_ZL16post_eligibility_0_address0  |  out|    8|   ap_memory|  p_ZL16post_eligibility_0|         array|
|p_ZL16post_eligibility_0_ce0       |  out|    1|   ap_memory|  p_ZL16post_eligibility_0|         array|
|p_ZL16post_eligibility_0_q0        |   in|    8|   ap_memory|  p_ZL16post_eligibility_0|         array|
|p_ZL16post_eligibility_0_address1  |  out|    8|   ap_memory|  p_ZL16post_eligibility_0|         array|
|p_ZL16post_eligibility_0_ce1       |  out|    1|   ap_memory|  p_ZL16post_eligibility_0|         array|
|p_ZL16post_eligibility_0_we1       |  out|    1|   ap_memory|  p_ZL16post_eligibility_0|         array|
|p_ZL16post_eligibility_0_d1        |  out|    8|   ap_memory|  p_ZL16post_eligibility_0|         array|
|p_ZL16post_eligibility_1_address0  |  out|    8|   ap_memory|  p_ZL16post_eligibility_1|         array|
|p_ZL16post_eligibility_1_ce0       |  out|    1|   ap_memory|  p_ZL16post_eligibility_1|         array|
|p_ZL16post_eligibility_1_q0        |   in|    8|   ap_memory|  p_ZL16post_eligibility_1|         array|
|p_ZL16post_eligibility_1_address1  |  out|    8|   ap_memory|  p_ZL16post_eligibility_1|         array|
|p_ZL16post_eligibility_1_ce1       |  out|    1|   ap_memory|  p_ZL16post_eligibility_1|         array|
|p_ZL16post_eligibility_1_we1       |  out|    1|   ap_memory|  p_ZL16post_eligibility_1|         array|
|p_ZL16post_eligibility_1_d1        |  out|    8|   ap_memory|  p_ZL16post_eligibility_1|         array|
|p_ZL16post_eligibility_2_address0  |  out|    8|   ap_memory|  p_ZL16post_eligibility_2|         array|
|p_ZL16post_eligibility_2_ce0       |  out|    1|   ap_memory|  p_ZL16post_eligibility_2|         array|
|p_ZL16post_eligibility_2_q0        |   in|    8|   ap_memory|  p_ZL16post_eligibility_2|         array|
|p_ZL16post_eligibility_2_address1  |  out|    8|   ap_memory|  p_ZL16post_eligibility_2|         array|
|p_ZL16post_eligibility_2_ce1       |  out|    1|   ap_memory|  p_ZL16post_eligibility_2|         array|
|p_ZL16post_eligibility_2_we1       |  out|    1|   ap_memory|  p_ZL16post_eligibility_2|         array|
|p_ZL16post_eligibility_2_d1        |  out|    8|   ap_memory|  p_ZL16post_eligibility_2|         array|
|p_ZL16post_eligibility_3_address0  |  out|    8|   ap_memory|  p_ZL16post_eligibility_3|         array|
|p_ZL16post_eligibility_3_ce0       |  out|    1|   ap_memory|  p_ZL16post_eligibility_3|         array|
|p_ZL16post_eligibility_3_q0        |   in|    8|   ap_memory|  p_ZL16post_eligibility_3|         array|
|p_ZL16post_eligibility_3_address1  |  out|    8|   ap_memory|  p_ZL16post_eligibility_3|         array|
|p_ZL16post_eligibility_3_ce1       |  out|    1|   ap_memory|  p_ZL16post_eligibility_3|         array|
|p_ZL16post_eligibility_3_we1       |  out|    1|   ap_memory|  p_ZL16post_eligibility_3|         array|
|p_ZL16post_eligibility_3_d1        |  out|    8|   ap_memory|  p_ZL16post_eligibility_3|         array|
+-----------------------------------+-----+-----+------------+--------------------------+--------------+

