

================================================================
== Vitis HLS Report for 'process_pre_spike_aer'
================================================================
* Date:           Thu Sep 17 15:27:05 2026

* Version:        2025.2 (Build 6295257 on Nov 14 2025)
* Project:        hls_output
* Solution:       hls (Vivado IP Flow Target)
* Product family: zynq
* Target device:  xc7z020-clg400-1


================================================================
== Performance Estimates
================================================================
+ Timing: 
    * Summary: 
    +--------+----------+----------+------------+
    |  Clock |  Target  | Estimated| Uncertainty|
    +--------+----------+----------+------------+
    |ap_clk  |  10.00 ns|  6.989 ns|     2.70 ns|
    +--------+----------+----------+------------+

+ Latency: 
    * Summary: 
    +---------+---------+-----------+----------+-----+-----+---------+
    |  Latency (cycles) |  Latency (absolute)  |  Interval | Pipeline|
    |   min   |   max   |    min    |    max   | min | max |   Type  |
    +---------+---------+-----------+----------+-----+-----+---------+
    |        9|      834|  90.000 ns|  8.340 us|    9|  834|       no|
    +---------+---------+-----------+----------+-----+-----+---------+

    + Detail: 
        * Instance: 
        +----------------------------------------------------+-----------------------------------------+---------+---------+----------+----------+-----+-----+-------------------+
        |                                                    |                                         |  Latency (cycles) |  Latency (absolute) |  Interval |      Pipeline     |
        |                      Instance                      |                  Module                 |   min   |   max   |    min   |    max   | min | max |        Type       |
        +----------------------------------------------------+-----------------------------------------+---------+---------+----------+----------+-----+-----+-------------------+
        |grp_process_pre_spike_aer_Pipeline_LTD_LOOP_fu_137  |process_pre_spike_aer_Pipeline_LTD_LOOP  |       25|      271|  0.250 us|  2.710 us|    0|    0|  loop pipeline stp|
        +----------------------------------------------------+-----------------------------------------+---------+---------+----------+----------+-----+-----+-------------------+

        * Loop: 
        +-----------------+---------+---------+----------+-----------+-----------+------+----------+
        |                 |  Latency (cycles) | Iteration|  Initiation Interval  | Trip |          |
        |    Loop Name    |   min   |   max   |  Latency |  achieved |   target  | Count| Pipelined|
        +-----------------+---------+---------+----------+-----------+-----------+------+----------+
        |- LTD_CONN_LOOP  |        6|      831|   2 ~ 277|          -|          -|     3|        no|
        +-----------------+---------+---------+----------+-----------+-----------+------+----------+



================================================================
== Utilization Estimates
================================================================
* Summary: 
+-----------------+---------+-----+--------+-------+-----+
|       Name      | BRAM_18K| DSP |   FF   |  LUT  | URAM|
+-----------------+---------+-----+--------+-------+-----+
|DSP              |        -|    1|       -|      -|    -|
|Expression       |        -|    -|       0|    124|    -|
|FIFO             |        -|    -|       -|      -|    -|
|Instance         |        -|    3|     428|    399|    -|
|Memory           |        -|    -|       -|      -|    -|
|Multiplexer      |        -|    -|       0|     62|    -|
|Register         |        -|    -|     107|      -|    -|
+-----------------+---------+-----+--------+-------+-----+
|Total            |        0|    4|     535|    585|    0|
+-----------------+---------+-----+--------+-------+-----+
|Available        |      280|  220|  106400|  53200|    0|
+-----------------+---------+-----+--------+-------+-----+
|Utilization (%)  |        0|    1|      ~0|      1|    0|
+-----------------+---------+-----+--------+-------+-----+

+ Detail: 
    * Instance: 
    +----------------------------------------------------+-----------------------------------------+---------+----+-----+-----+-----+
    |                      Instance                      |                  Module                 | BRAM_18K| DSP|  FF | LUT | URAM|
    +----------------------------------------------------+-----------------------------------------+---------+----+-----+-----+-----+
    |grp_process_pre_spike_aer_Pipeline_LTD_LOOP_fu_137  |process_pre_spike_aer_Pipeline_LTD_LOOP  |        0|   3|  428|  354|    0|
    |sparsemux_7_2_10_1_1_U55                            |sparsemux_7_2_10_1_1                     |        0|   0|    0|    9|    0|
    |sparsemux_7_2_11_1_1_U54                            |sparsemux_7_2_11_1_1                     |        0|   0|    0|    9|    0|
    |sparsemux_7_2_11_1_1_U58                            |sparsemux_7_2_11_1_1                     |        0|   0|    0|    9|    0|
    |sparsemux_7_2_19_1_1_U57                            |sparsemux_7_2_19_1_1                     |        0|   0|    0|    9|    0|
    |sparsemux_7_2_9_1_1_U56                             |sparsemux_7_2_9_1_1                      |        0|   0|    0|    9|    0|
    +----------------------------------------------------+-----------------------------------------+---------+----+-----+-----+-----+
    |Total                                               |                                         |        0|   3|  428|  399|    0|
    +----------------------------------------------------+-----------------------------------------+---------+----+-----+-----+-----+

    * DSP: 
    +------------------------------------+--------------------------------+--------------+
    |              Instance              |             Module             |  Expression  |
    +------------------------------------+--------------------------------+--------------+
    |mac_muladd_12s_9ns_19ns_21_4_1_U59  |mac_muladd_12s_9ns_19ns_21_4_1  |  i0 * i1 + i2|
    +------------------------------------+--------------------------------+--------------+

    * Memory: 
    N/A

    * FIFO: 
    N/A

    * Expression: 
    +---------------------------------+----------+----+---+----+------------+------------+
    |          Variable Name          | Operation| DSP| FF| LUT| Bitwidth P0| Bitwidth P1|
    +---------------------------------+----------+----+---+----+------------+------------+
    |add_ln254_fu_202_p2              |         +|   0|  0|  10|           2|           1|
    |add_ln265_fu_340_p2              |         +|   0|  0|  28|          21|          21|
    |new_trace_fu_163_p2              |         +|   0|  0|  14|           9|           8|
    |src_end_fu_256_p2                |         +|   0|  0|  12|          11|          11|
    |local_src_fu_284_p2              |         -|   0|  0|  12|          12|          12|
    |ap_block_state9_on_subcall_done  |       and|   0|  0|   2|           1|           1|
    |icmp_ln254_fu_196_p2             |      icmp|   0|  0|  10|           2|           2|
    |icmp_ln259_1_fu_267_p2           |      icmp|   0|  0|  12|          11|          11|
    |icmp_ln259_fu_262_p2             |      icmp|   0|  0|  12|          11|          11|
    |or_ln259_fu_278_p2               |        or|   0|  0|   2|           1|           1|
    |select_ln246_fu_181_p3           |    select|   0|  0|   8|           1|           2|
    |xor_ln259_fu_272_p2              |       xor|   0|  0|   2|           1|           2|
    +---------------------------------+----------+----+---+----+------------+------------+
    |Total                            |          |   0|  0| 124|          83|          83|
    +---------------------------------+----------+----+---+----+------------+------------+

    * Multiplexer: 
    +-----------+----+-----------+-----+-----------+
    |    Name   | LUT| Input Size| Bits| Total Bits|
    +-----------+----+-----------+-----+-----------+
    |ap_NS_fsm  |  53|         10|    1|         10|
    |c_fu_98    |   9|          2|    2|          4|
    +-----------+----+-----------+-----+-----------+
    |Total      |  62|         12|    3|         14|
    +-----------+----+-----------+-----+-----------+

    * Register: 
    +-----------------------------------------------------------------+----+----+-----+-----------+
    |                               Name                              | FF | LUT| Bits| Const Bits|
    +-----------------------------------------------------------------+----+----+-----+-----------+
    |add_ln254_reg_423                                                |   2|   0|    2|          0|
    |add_ln265_reg_453                                                |  21|   0|   21|          0|
    |ap_CS_fsm                                                        |   9|   0|    9|          0|
    |base_offset_reg_448                                              |  21|   0|   21|          0|
    |c_fu_98                                                          |   2|   0|    2|          0|
    |grp_process_pre_spike_aer_Pipeline_LTD_LOOP_fu_137_ap_start_reg  |   1|   0|    1|          0|
    |or_ln259_reg_428                                                 |   1|   0|    1|          0|
    |pre_traces_addr_reg_391                                          |  11|   0|   11|          0|
    |pre_traces_load_reg_397                                          |   8|   0|    8|          0|
    |tmp_s_reg_458                                                    |  11|   0|   11|          0|
    |zext_ln262_1_reg_437                                             |   9|   0|   21|         12|
    |zext_ln289_reg_412                                               |  11|   0|   12|          1|
    +-----------------------------------------------------------------+----+----+-----+-----------+
    |Total                                                            | 107|   0|  120|         13|
    +-----------------------------------------------------------------+----+----+-----+-----------+



================================================================
== Interface
================================================================
* Summary: 
+--------------------------+-----+-----+------------+--------------------------+--------------+
|         RTL Ports        | Dir | Bits|  Protocol  |       Source Object      |    C Type    |
+--------------------------+-----+-----+------------+--------------------------+--------------+
|ap_clk                    |   in|    1|  ap_ctrl_hs|     process_pre_spike_aer|  return value|
|ap_rst                    |   in|    1|  ap_ctrl_hs|     process_pre_spike_aer|  return value|
|ap_start                  |   in|    1|  ap_ctrl_hs|     process_pre_spike_aer|  return value|
|ap_done                   |  out|    1|  ap_ctrl_hs|     process_pre_spike_aer|  return value|
|ap_idle                   |  out|    1|  ap_ctrl_hs|     process_pre_spike_aer|  return value|
|ap_ready                  |  out|    1|  ap_ctrl_hs|     process_pre_spike_aer|  return value|
|pre_id                    |   in|   11|     ap_none|                    pre_id|        scalar|
|params_a_minus_val        |   in|   16|     ap_none|        params_a_minus_val|        scalar|
|params_learning_rate_val  |   in|   16|     ap_none|  params_learning_rate_val|        scalar|
|pre_traces_address0       |  out|   11|   ap_memory|                pre_traces|         array|
|pre_traces_ce0            |  out|    1|   ap_memory|                pre_traces|         array|
|pre_traces_q0             |   in|    8|   ap_memory|                pre_traces|         array|
|pre_traces_address1       |  out|   11|   ap_memory|                pre_traces|         array|
|pre_traces_ce1            |  out|    1|   ap_memory|                pre_traces|         array|
|pre_traces_we1            |  out|    1|   ap_memory|                pre_traces|         array|
|pre_traces_d1             |  out|    8|   ap_memory|                pre_traces|         array|
|post_traces_address0      |  out|   11|   ap_memory|               post_traces|         array|
|post_traces_ce0           |  out|    1|   ap_memory|               post_traces|         array|
|post_traces_q0            |   in|    8|   ap_memory|               post_traces|         array|
|weight_memory_address0    |  out|   19|   ap_memory|             weight_memory|         array|
|weight_memory_ce0         |  out|    1|   ap_memory|             weight_memory|         array|
|weight_memory_we0         |  out|    1|   ap_memory|             weight_memory|         array|
|weight_memory_d0          |  out|    4|   ap_memory|             weight_memory|         array|
|weight_memory_address1    |  out|   19|   ap_memory|             weight_memory|         array|
|weight_memory_ce1         |  out|    1|   ap_memory|             weight_memory|         array|
|weight_memory_q1          |   in|    4|   ap_memory|             weight_memory|         array|
+--------------------------+-----+-----+------------+--------------------------+--------------+

