

================================================================
== Vitis HLS Report for 'process_post_spike_aer'
================================================================
* Date:           Thu Sep 17 15:27:05 2026

* Version:        2025.2 (Build 6295257 on Nov 14 2025)
* Project:        hls_output
* Solution:       hls (Vivado IP Flow Target)
* Product family: zynq
* Target device:  xc7z020-clg400-1


================================================================
== Performance Estimates
================================================================
+ Timing: 
    * Summary: 
    +--------+----------+----------+------------+
    |  Clock |  Target  | Estimated| Uncertainty|
    +--------+----------+----------+------------+
    |ap_clk  |  10.00 ns|  8.331 ns|     2.70 ns|
    +--------+----------+----------+------------+

+ Latency: 
    * Summary: 
    +---------+---------+-----------+----------+-----+-------+---------+
    |  Latency (cycles) |  Latency (absolute)  |   Interval  | Pipeline|
    |   min   |   max   |    min    |    max   | min |  max  |   Type  |
    +---------+---------+-----------+----------+-----+-------+---------+
    |        9|    28245|  90.000 ns|  0.282 ms|    9|  28245|       no|
    +---------+---------+-----------+----------+-----+-------+---------+

    + Detail: 
        * Instance: 
        +-----------------------------------------------------+------------------------------------------+---------+---------+-----------+-----------+-----+-----+-------------------+
        |                                                     |                                          |  Latency (cycles) |   Latency (absolute)  |  Interval |      Pipeline     |
        |                       Instance                      |                  Module                  |   min   |   max   |    min    |    max    | min | max |        Type       |
        +-----------------------------------------------------+------------------------------------------+---------+---------+-----------+-----------+-----+-----+-------------------+
        |grp_process_post_spike_aer_Pipeline_LTP_LOOP_fu_171  |process_post_spike_aer_Pipeline_LTP_LOOP  |     3075|     9411|  30.750 us|  94.110 us|    0|    0|  loop pipeline stp|
        +-----------------------------------------------------+------------------------------------------+---------+---------+-----------+-----------+-----+-----+-------------------+

        * Loop: 
        +-----------------+---------+---------+----------+-----------+-----------+------+----------+
        |                 |  Latency (cycles) | Iteration|  Initiation Interval  | Trip |          |
        |    Loop Name    |   min   |   max   |  Latency |  achieved |   target  | Count| Pipelined|
        +-----------------+---------+---------+----------+-----------+-----------+------+----------+
        |- LTP_CONN_LOOP  |        6|    28242|  2 ~ 9414|          -|          -|     3|        no|
        +-----------------+---------+---------+----------+-----------+-----------+------+----------+



================================================================
== Utilization Estimates
================================================================
* Summary: 
+-----------------+---------+-----+--------+-------+-----+
|       Name      | BRAM_18K| DSP |   FF   |  LUT  | URAM|
+-----------------+---------+-----+--------+-------+-----+
|DSP              |        -|    -|       -|      -|    -|
|Expression       |        -|    -|       0|    136|    -|
|FIFO             |        -|    -|       -|      -|    -|
|Instance         |        -|    3|     160|    410|    -|
|Memory           |        -|    -|       -|      -|    -|
|Multiplexer      |        -|    -|       0|    118|    -|
|Register         |        -|    -|     139|      -|    -|
+-----------------+---------+-----+--------+-------+-----+
|Total            |        0|    3|     299|    664|    0|
+-----------------+---------+-----+--------+-------+-----+
|Available        |      280|  220|  106400|  53200|    0|
+-----------------+---------+-----+--------+-------+-----+
|Utilization (%)  |        0|    1|      ~0|      1|    0|
+-----------------+---------+-----+--------+-------+-----+

+ Detail: 
    * Instance: 
    +-----------------------------------------------------+------------------------------------------+---------+----+-----+-----+-----+
    |                       Instance                      |                  Module                  | BRAM_18K| DSP|  FF | LUT | URAM|
    +-----------------------------------------------------+------------------------------------------+---------+----+-----+-----+-----+
    |grp_process_post_spike_aer_Pipeline_LTP_LOOP_fu_171  |process_post_spike_aer_Pipeline_LTP_LOOP  |        0|   3|  160|  365|    0|
    |sparsemux_7_2_10_1_1_U97                             |sparsemux_7_2_10_1_1                      |        0|   0|    0|    9|    0|
    |sparsemux_7_2_11_1_1_U95                             |sparsemux_7_2_11_1_1                      |        0|   0|    0|    9|    0|
    |sparsemux_7_2_11_1_1_U99                             |sparsemux_7_2_11_1_1                      |        0|   0|    0|    9|    0|
    |sparsemux_7_2_19_1_1_U98                             |sparsemux_7_2_19_1_1                      |        0|   0|    0|    9|    0|
    |sparsemux_7_2_9_1_1_U96                              |sparsemux_7_2_9_1_1                       |        0|   0|    0|    9|    0|
    +-----------------------------------------------------+------------------------------------------+---------+----+-----+-----+-----+
    |Total                                                |                                          |        0|   3|  160|  410|    0|
    +-----------------------------------------------------+------------------------------------------+---------+----+-----+-----+-----+

    * DSP: 
    N/A

    * Memory: 
    N/A

    * FIFO: 
    N/A

    * Expression: 
    +---------------------------------+----------+----+---+----+------------+------------+
    |          Variable Name          | Operation| DSP| FF| LUT| Bitwidth P0| Bitwidth P1|
    +---------------------------------+----------+----+---+----+------------+------------+
    |add_ln341_fu_276_p2              |         +|   0|  0|  10|           2|           1|
    |dst_end_fu_326_p2                |         +|   0|  0|  12|          11|          11|
    |new_trace_fu_232_p2              |         +|   0|  0|  14|           9|           8|
    |widx_fu_405_p2                   |         +|   0|  0|  27|          20|          20|
    |local_dst_fu_354_p2              |         -|   0|  0|  12|          11|          11|
    |ap_block_state6_on_subcall_done  |       and|   0|  0|   2|           1|           1|
    |icmp_ln169_fu_262_p2             |      icmp|   0|  0|  13|          10|          10|
    |icmp_ln341_fu_270_p2             |      icmp|   0|  0|  10|           2|           2|
    |icmp_ln346_1_fu_337_p2           |      icmp|   0|  0|  12|          11|          11|
    |icmp_ln346_fu_332_p2             |      icmp|   0|  0|  12|          11|          11|
    |or_ln346_fu_348_p2               |        or|   0|  0|   2|           1|           1|
    |select_ln333_fu_250_p3           |    select|   0|  0|   8|           1|           2|
    |xor_ln346_fu_342_p2              |       xor|   0|  0|   2|           1|           2|
    +---------------------------------+----------+----+---+----+------------+------------+
    |Total                            |          |   0|  0| 136|          91|          91|
    +---------------------------------+----------+----+---+----+------------+------------+

    * Multiplexer: 
    +------------------------+----+-----------+-----+-----------+
    |          Name          | LUT| Input Size| Bits| Total Bits|
    +------------------------+----+-----------+-----+-----------+
    |ap_NS_fsm               |  37|          7|    1|          7|
    |c_fu_126                |   9|          2|    2|          4|
    |learn_bridge_data       |   9|          2|    4|          8|
    |learn_bridge_dst        |   9|          2|    7|         14|
    |learn_bridge_dst_group  |   9|          2|    3|          6|
    |learn_bridge_exc        |   9|          2|    1|          2|
    |learn_bridge_group      |   9|          2|    3|          6|
    |learn_bridge_is_inter   |   9|          2|    1|          2|
    |learn_bridge_src        |   9|          2|    7|         14|
    |learn_bridge_valid_o    |   9|          2|    1|          2|
    +------------------------+----+-----------+-----+-----------+
    |Total                   | 118|         25|   30|         65|
    +------------------------+----+-----------+-----+-----------+

    * Register: 
    +------------------------------------------------------------------+----+----+-----+-----------+
    |                               Name                               | FF | LUT| Bits| Const Bits|
    +------------------------------------------------------------------+----+----+-----+-----------+
    |add_ln341_reg_503                                                 |   2|   0|    2|          0|
    |ap_CS_fsm                                                         |   6|   0|    6|          0|
    |c_fu_126                                                          |   2|   0|    2|          0|
    |dst_group_reg_460                                                 |   3|   0|    3|          0|
    |empty_reg_449                                                     |   7|   0|    7|          0|
    |grp_process_post_spike_aer_Pipeline_LTP_LOOP_fu_171_ap_start_reg  |   1|   0|    1|          0|
    |icmp_ln169_reg_492                                                |   1|   0|    1|          0|
    |learn_bridge_data_reg                                             |   4|   0|    4|          0|
    |learn_bridge_dst_group_reg                                        |   3|   0|    3|          0|
    |learn_bridge_dst_reg                                              |   7|   0|    7|          0|
    |learn_bridge_exc_reg                                              |   1|   0|    1|          0|
    |learn_bridge_group_reg                                            |   3|   0|    3|          0|
    |learn_bridge_is_inter_reg                                         |   1|   0|    1|          0|
    |learn_bridge_src_reg                                              |   7|   0|    7|          0|
    |learn_bridge_valid_o_reg                                          |   1|   0|    1|          0|
    |local_dst_reg_517                                                 |  11|   0|   11|          0|
    |or_ln346_reg_513                                                  |   1|   0|    1|          0|
    |post_traces_addr_reg_454                                          |  10|   0|   11|          1|
    |post_traces_load_reg_465                                          |   8|   0|    8|          0|
    |tmp_5_reg_532                                                     |  11|   0|   11|          0|
    |tmp_s_reg_522                                                     |  10|   0|   10|          0|
    |widx_reg_527                                                      |  20|   0|   20|          0|
    |zext_ln352_cast_reg_508                                           |   9|   0|    9|          0|
    |zext_ln376_reg_485                                                |  10|   0|   11|          1|
    +------------------------------------------------------------------+----+----+-----+-----------+
    |Total                                                             | 139|   0|  141|          2|
    +------------------------------------------------------------------+----+----+-----+-----------+



================================================================
== Interface
================================================================
* Summary: 
+-------------------------------+-----+-----+------------+--------------------------+--------------+
|           RTL Ports           | Dir | Bits|  Protocol  |       Source Object      |    C Type    |
+-------------------------------+-----+-----+------------+--------------------------+--------------+
|ap_clk                         |   in|    1|  ap_ctrl_hs|    process_post_spike_aer|  return value|
|ap_rst                         |   in|    1|  ap_ctrl_hs|    process_post_spike_aer|  return value|
|ap_start                       |   in|    1|  ap_ctrl_hs|    process_post_spike_aer|  return value|
|ap_done                        |  out|    1|  ap_ctrl_hs|    process_post_spike_aer|  return value|
|ap_idle                        |  out|    1|  ap_ctrl_hs|    process_post_spike_aer|  return value|
|ap_ready                       |  out|    1|  ap_ctrl_hs|    process_post_spike_aer|  return value|
|post_id                        |   in|   10|     ap_none|                   post_id|        scalar|
|params_a_plus_val              |   in|   16|     ap_none|         params_a_plus_val|        scalar|
|params_learning_rate_val       |   in|   16|     ap_none|  params_learning_rate_val|        scalar|
|learn_weight_ready             |   in|    1|     ap_none|        learn_weight_ready|        scalar|
|post_traces_address0           |  out|   11|   ap_memory|               post_traces|         array|
|post_traces_ce0                |  out|    1|   ap_memory|               post_traces|         array|
|post_traces_q0                 |   in|    8|   ap_memory|               post_traces|         array|
|post_traces_address1           |  out|   11|   ap_memory|               post_traces|         array|
|post_traces_ce1                |  out|    1|   ap_memory|               post_traces|         array|
|post_traces_we1                |  out|    1|   ap_memory|               post_traces|         array|
|post_traces_d1                 |  out|    8|   ap_memory|               post_traces|         array|
|pre_traces_address0            |  out|   11|   ap_memory|                pre_traces|         array|
|pre_traces_ce0                 |  out|    1|   ap_memory|                pre_traces|         array|
|pre_traces_q0                  |   in|    8|   ap_memory|                pre_traces|         array|
|weight_memory_address0         |  out|   19|   ap_memory|             weight_memory|         array|
|weight_memory_ce0              |  out|    1|   ap_memory|             weight_memory|         array|
|weight_memory_we0              |  out|    1|   ap_memory|             weight_memory|         array|
|weight_memory_d0               |  out|    4|   ap_memory|             weight_memory|         array|
|weight_memory_q0               |   in|    4|   ap_memory|             weight_memory|         array|
|learn_bridge_valid_i           |   in|    1|     ap_ovld|        learn_bridge_valid|       pointer|
|learn_bridge_valid_o           |  out|    1|     ap_ovld|        learn_bridge_valid|       pointer|
|learn_bridge_valid_o_ap_vld    |  out|    1|     ap_ovld|        learn_bridge_valid|       pointer|
|learn_bridge_group             |  out|    3|      ap_vld|        learn_bridge_group|       pointer|
|learn_bridge_group_ap_vld      |  out|    1|      ap_vld|        learn_bridge_group|       pointer|
|learn_bridge_src               |  out|    7|      ap_vld|          learn_bridge_src|       pointer|
|learn_bridge_src_ap_vld        |  out|    1|      ap_vld|          learn_bridge_src|       pointer|
|learn_bridge_dst               |  out|    7|      ap_vld|          learn_bridge_dst|       pointer|
|learn_bridge_dst_ap_vld        |  out|    1|      ap_vld|          learn_bridge_dst|       pointer|
|learn_bridge_data              |  out|    4|      ap_vld|         learn_bridge_data|       pointer|
|learn_bridge_data_ap_vld       |  out|    1|      ap_vld|         learn_bridge_data|       pointer|
|learn_bridge_exc               |  out|    1|      ap_vld|          learn_bridge_exc|       pointer|
|learn_bridge_exc_ap_vld        |  out|    1|      ap_vld|          learn_bridge_exc|       pointer|
|learn_bridge_is_inter          |  out|    1|      ap_vld|     learn_bridge_is_inter|       pointer|
|learn_bridge_is_inter_ap_vld   |  out|    1|      ap_vld|     learn_bridge_is_inter|       pointer|
|learn_bridge_dst_group         |  out|    3|      ap_vld|    learn_bridge_dst_group|       pointer|
|learn_bridge_dst_group_ap_vld  |  out|    1|      ap_vld|    learn_bridge_dst_group|       pointer|
+-------------------------------+-----+-----+------------+--------------------------+--------------+

