

================================================================
== Vitis HLS Report for 'process_pre_spike_aer_Pipeline_LTD_LOOP'
================================================================
* Date:           Thu Sep 24 00:27:20 2026

* Version:        2025.2 (Build 6295257 on Nov 14 2025)
* Project:        hls_output
* Solution:       hls (Vivado IP Flow Target)
* Product family: zynq
* Target device:  xc7z020-clg400-1


================================================================
== Performance Estimates
================================================================
+ Timing: 
    * Summary: 
    +--------+----------+----------+------------+
    |  Clock |  Target  | Estimated| Uncertainty|
    +--------+----------+----------+------------+
    |ap_clk  |  10.00 ns|  6.649 ns|     2.70 ns|
    +--------+----------+----------+------------+

+ Latency: 
    * Summary: 
    +---------+---------+----------+----------+-----+-----+-------------------+
    |  Latency (cycles) |  Latency (absolute) |  Interval |      Pipeline     |
    |   min   |   max   |    min   |    max   | min | max |        Type       |
    +---------+---------+----------+----------+-----+-----+-------------------+
    |       31|       31|  0.310 us|  0.310 us|    0|    0|  loop pipeline stp|
    +---------+---------+----------+----------+-----+-----+-------------------+

    + Detail: 
        * Instance: 
        N/A

        * Loop: 
        +------------+---------+---------+----------+-----------+-----------+------+----------+
        |            |  Latency (cycles) | Iteration|  Initiation Interval  | Trip |          |
        |  Loop Name |   min   |   max   |  Latency |  achieved |   target  | Count| Pipelined|
        +------------+---------+---------+----------+-----------+-----------+------+----------+
        |- LTD_LOOP  |       29|       29|        15|          1|          1|    16|       yes|
        +------------+---------+---------+----------+-----------+-----------+------+----------+



================================================================
== Utilization Estimates
================================================================
* Summary: 
+-----------------+---------+-----+--------+-------+-----+
|       Name      | BRAM_18K| DSP |   FF   |  LUT  | URAM|
+-----------------+---------+-----+--------+-------+-----+
|DSP              |        -|    -|       -|      -|    -|
|Expression       |        -|    -|       0|    200|    -|
|FIFO             |        -|    -|       -|      -|    -|
|Instance         |        -|    3|       0|      0|    -|
|Memory           |        -|    -|       -|      -|    -|
|Multiplexer      |        -|    -|       0|     63|    -|
|Register         |        -|    -|     483|    160|    -|
+-----------------+---------+-----+--------+-------+-----+
|Total            |        0|    3|     483|    423|    0|
+-----------------+---------+-----+--------+-------+-----+
|Available        |      280|  220|  106400|  53200|    0|
+-----------------+---------+-----+--------+-------+-----+
|Utilization (%)  |        0|    1|      ~0|     ~0|    0|
+-----------------+---------+-----+--------+-------+-----+

+ Detail: 
    * Instance: 
    +--------------------------+---------------------+---------+----+---+----+-----+
    |         Instance         |        Module       | BRAM_18K| DSP| FF| LUT| URAM|
    +--------------------------+---------------------+---------+----+---+----+-----+
    |mul_12ns_16s_28_4_1_U591  |mul_12ns_16s_28_4_1  |        0|   1|  0|   0|    0|
    |mul_12s_16s_28_4_1_U592   |mul_12s_16s_28_4_1   |        0|   1|  0|   0|    0|
    |mul_4ns_8ns_12_3_1_U590   |mul_4ns_8ns_12_3_1   |        0|   1|  0|   0|    0|
    +--------------------------+---------------------+---------+----+---+----+-----+
    |Total                     |                     |        0|   3|  0|   0|    0|
    +--------------------------+---------------------+---------+----+---+----+-----+

    * DSP: 
    N/A

    * Memory: 
    N/A

    * FIFO: 
    N/A

    * Expression: 
    +------------------------+----------+----+---+----+------------+------------+
    |      Variable Name     | Operation| DSP| FF| LUT| Bitwidth P0| Bitwidth P1|
    +------------------------+----------+----+---+----+------------+------------+
    |add_ln388_fu_272_p2     |         +|   0|  0|  13|           5|           1|
    |add_ln432_fu_297_p2     |         +|   0|  0|  23|          16|           1|
    |post_id_fu_282_p2       |         +|   0|  0|  14|           9|           9|
    |mag_1_fu_547_p2         |         -|   0|  0|  13|           1|           4|
    |w_fu_480_p2             |         -|   0|  0|  23|          16|          16|
    |and_ln286_fu_332_p2     |       and|   0|  0|   2|           1|           1|
    |icmp_ln254_fu_496_p2    |      icmp|   0|  0|  14|          13|           1|
    |icmp_ln255_fu_502_p2    |      icmp|   0|  0|  23|          16|           5|
    |icmp_ln388_fu_266_p2    |      icmp|   0|  0|  23|          16|          16|
    |icmp_ln399_fu_317_p2    |      icmp|   0|  0|  15|           8|           1|
    |learn_bridge_is_inter   |      icmp|   0|  0|  10|           2|           2|
    |or_ln254_fu_520_p2      |        or|   0|  0|   2|           1|           1|
    |or_ln286_fu_338_p2      |        or|   0|  0|   2|           1|           1|
    |learn_bridge_data       |    select|   0|  0|   4|           1|           4|
    |select_ln254_fu_512_p3  |    select|   0|  0|   5|           1|           3|
    |select_ln301_fu_350_p3  |    select|   0|  0|   2|           1|           2|
    |updated_fu_526_p3       |    select|   0|  0|   4|           1|           4|
    |ap_enable_pp0           |       xor|   0|  0|   2|           1|           2|
    |learn_bridge_exc        |       xor|   0|  0|   2|           1|           2|
    |xor_ln286_fu_327_p2     |       xor|   0|  0|   2|           1|           2|
    |xor_ln405_fu_408_p2     |       xor|   0|  0|   2|           1|           2|
    +------------------------+----------+----+---+----+------------+------------+
    |Total                   |          |   0|  0| 200|         113|          80|
    +------------------------+----------+----+---+----+------------+------------+

    * Multiplexer: 
    +-------------------------+----+-----------+-----+-----------+
    |           Name          | LUT| Input Size| Bits| Total Bits|
    +-------------------------+----+-----------+-----+-----------+
    |ap_done_int              |   9|          2|    1|          2|
    |ap_enable_reg_pp0_iter1  |   9|          2|    1|          2|
    |ap_sig_allocacmp_jj_1    |   9|          2|    5|         10|
    |ap_sig_allocacmp_widx_1  |   9|          2|   16|         32|
    |jj_fu_150                |   9|          2|    5|         10|
    |learn_bridge_valid_o     |   9|          2|    1|          2|
    |widx_fu_154              |   9|          2|   16|         32|
    +-------------------------+----+-----------+-----+-----------+
    |Total                    |  63|         14|   45|         90|
    +-------------------------+----+-----------+-----+-----------+

    * Register: 
    +-----------------------------------+----+----+-----+-----------+
    |                Name               | FF | LUT| Bits| Const Bits|
    +-----------------------------------+----+----+-----+-----------+
    |ap_CS_fsm                          |   1|   0|    1|          0|
    |ap_done_reg                        |   1|   0|    1|          0|
    |ap_enable_reg_pp0_iter1            |   1|   0|    1|          0|
    |ap_enable_reg_pp0_iter10           |   1|   0|    1|          0|
    |ap_enable_reg_pp0_iter11           |   1|   0|    1|          0|
    |ap_enable_reg_pp0_iter12           |   1|   0|    1|          0|
    |ap_enable_reg_pp0_iter13           |   1|   0|    1|          0|
    |ap_enable_reg_pp0_iter14           |   1|   0|    1|          0|
    |ap_enable_reg_pp0_iter2            |   1|   0|    1|          0|
    |ap_enable_reg_pp0_iter3            |   1|   0|    1|          0|
    |ap_enable_reg_pp0_iter4            |   1|   0|    1|          0|
    |ap_enable_reg_pp0_iter5            |   1|   0|    1|          0|
    |ap_enable_reg_pp0_iter6            |   1|   0|    1|          0|
    |ap_enable_reg_pp0_iter7            |   1|   0|    1|          0|
    |ap_enable_reg_pp0_iter8            |   1|   0|    1|          0|
    |ap_enable_reg_pp0_iter9            |   1|   0|    1|          0|
    |ap_loop_exit_ready_pp0_iter10_reg  |   1|   0|    1|          0|
    |ap_loop_exit_ready_pp0_iter11_reg  |   1|   0|    1|          0|
    |ap_loop_exit_ready_pp0_iter12_reg  |   1|   0|    1|          0|
    |ap_loop_exit_ready_pp0_iter13_reg  |   1|   0|    1|          0|
    |ap_loop_exit_ready_pp0_iter1_reg   |   1|   0|    1|          0|
    |ap_loop_exit_ready_pp0_iter2_reg   |   1|   0|    1|          0|
    |ap_loop_exit_ready_pp0_iter3_reg   |   1|   0|    1|          0|
    |ap_loop_exit_ready_pp0_iter4_reg   |   1|   0|    1|          0|
    |ap_loop_exit_ready_pp0_iter5_reg   |   1|   0|    1|          0|
    |ap_loop_exit_ready_pp0_iter6_reg   |   1|   0|    1|          0|
    |ap_loop_exit_ready_pp0_iter7_reg   |   1|   0|    1|          0|
    |ap_loop_exit_ready_pp0_iter8_reg   |   1|   0|    1|          0|
    |ap_loop_exit_ready_pp0_iter9_reg   |   1|   0|    1|          0|
    |current_w_reg_655                  |   4|   0|    4|          0|
    |icmp_ln399_reg_641                 |   1|   0|    1|          0|
    |jj_fu_150                          |   5|   0|    5|          0|
    |or_ln286_reg_651                   |   1|   0|    1|          0|
    |post_id_reg_625                    |   9|   0|    9|          0|
    |post_trace_val_reg_636             |   8|   0|    8|          0|
    |sext_ln291_cast_reg_611            |  28|   0|   28|          0|
    |sext_ln417_cast_reg_606            |  28|   0|   28|          0|
    |updated_reg_680                    |   4|   0|    4|          0|
    |weight_memory_addr_reg_645         |  14|   0|   14|          0|
    |widx_1_reg_616                     |  16|   0|   16|          0|
    |widx_fu_154                        |  16|   0|   16|          0|
    |current_w_reg_655                  |  64|  32|    4|          0|
    |icmp_ln399_reg_641                 |  64|  32|    1|          0|
    |or_ln286_reg_651                   |  64|  32|    1|          0|
    |post_trace_val_reg_636             |  64|  32|    8|          0|
    |weight_memory_addr_reg_645         |  64|  32|   14|          0|
    +-----------------------------------+----+----+-----+-----------+
    |Total                              | 483| 160|  191|          0|
    +-----------------------------------+----+----+-----+-----------+



================================================================
== Interface
================================================================
* Summary: 
+-------------------------------+-----+-----+------------+-----------------------------------------+--------------+
|           RTL Ports           | Dir | Bits|  Protocol  |              Source Object              |    C Type    |
+-------------------------------+-----+-----+------------+-----------------------------------------+--------------+
|ap_clk                         |   in|    1|  ap_ctrl_hs|  process_pre_spike_aer_Pipeline_LTD_LOOP|  return value|
|ap_rst                         |   in|    1|  ap_ctrl_hs|  process_pre_spike_aer_Pipeline_LTD_LOOP|  return value|
|ap_start                       |   in|    1|  ap_ctrl_hs|  process_pre_spike_aer_Pipeline_LTD_LOOP|  return value|
|ap_done                        |  out|    1|  ap_ctrl_hs|  process_pre_spike_aer_Pipeline_LTD_LOOP|  return value|
|ap_idle                        |  out|    1|  ap_ctrl_hs|  process_pre_spike_aer_Pipeline_LTD_LOOP|  return value|
|ap_ready                       |  out|    1|  ap_ctrl_hs|  process_pre_spike_aer_Pipeline_LTD_LOOP|  return value|
|base_offset                    |   in|   16|     ap_none|                              base_offset|        scalar|
|add_ln388_1                    |   in|   16|     ap_none|                              add_ln388_1|        scalar|
|tmp_157                        |   in|    9|     ap_none|                                  tmp_157|        scalar|
|sext_ln417                     |   in|   16|     ap_none|                               sext_ln417|        scalar|
|sext_ln291                     |   in|   16|     ap_none|                               sext_ln291|        scalar|
|learn_weight_ready             |   in|    1|     ap_none|                       learn_weight_ready|        scalar|
|icmp_ln291                     |   in|    1|     ap_none|                               icmp_ln291|        scalar|
|pre_id                         |   in|    8|     ap_none|                                   pre_id|        scalar|
|src_group                      |   in|    2|     ap_none|                                src_group|        scalar|
|post_traces_address0           |  out|   10|   ap_memory|                              post_traces|         array|
|post_traces_ce0                |  out|    1|   ap_memory|                              post_traces|         array|
|post_traces_q0                 |   in|    8|   ap_memory|                              post_traces|         array|
|weight_memory_address0         |  out|   14|   ap_memory|                            weight_memory|         array|
|weight_memory_ce0              |  out|    1|   ap_memory|                            weight_memory|         array|
|weight_memory_we0              |  out|    1|   ap_memory|                            weight_memory|         array|
|weight_memory_d0               |  out|    4|   ap_memory|                            weight_memory|         array|
|weight_memory_address1         |  out|   14|   ap_memory|                            weight_memory|         array|
|weight_memory_ce1              |  out|    1|   ap_memory|                            weight_memory|         array|
|weight_memory_q1               |   in|    4|   ap_memory|                            weight_memory|         array|
|learn_bridge_valid_i           |   in|    1|     ap_ovld|                       learn_bridge_valid|       pointer|
|learn_bridge_valid_o           |  out|    1|     ap_ovld|                       learn_bridge_valid|       pointer|
|learn_bridge_valid_o_ap_vld    |  out|    1|     ap_ovld|                       learn_bridge_valid|       pointer|
|learn_bridge_group             |  out|    2|      ap_vld|                       learn_bridge_group|       pointer|
|learn_bridge_group_ap_vld      |  out|    1|      ap_vld|                       learn_bridge_group|       pointer|
|learn_bridge_src               |  out|    8|      ap_vld|                         learn_bridge_src|       pointer|
|learn_bridge_src_ap_vld        |  out|    1|      ap_vld|                         learn_bridge_src|       pointer|
|learn_bridge_dst               |  out|    6|      ap_vld|                         learn_bridge_dst|       pointer|
|learn_bridge_dst_ap_vld        |  out|    1|      ap_vld|                         learn_bridge_dst|       pointer|
|learn_bridge_data              |  out|    4|      ap_vld|                        learn_bridge_data|       pointer|
|learn_bridge_data_ap_vld       |  out|    1|      ap_vld|                        learn_bridge_data|       pointer|
|learn_bridge_exc               |  out|    1|      ap_vld|                         learn_bridge_exc|       pointer|
|learn_bridge_exc_ap_vld        |  out|    1|      ap_vld|                         learn_bridge_exc|       pointer|
|learn_bridge_is_inter          |  out|    1|      ap_vld|                    learn_bridge_is_inter|       pointer|
|learn_bridge_is_inter_ap_vld   |  out|    1|      ap_vld|                    learn_bridge_is_inter|       pointer|
|learn_bridge_dst_group         |  out|    2|      ap_vld|                   learn_bridge_dst_group|       pointer|
|learn_bridge_dst_group_ap_vld  |  out|    1|      ap_vld|                   learn_bridge_dst_group|       pointer|
+-------------------------------+-----+-----+------------+-----------------------------------------+--------------+

