

================================================================
== Vitis HLS Report for 'process_post_spike_aer_Pipeline_LTP_LOOP'
================================================================
* Date:           Sun Sep 20 02:25:02 2026

* Version:        2025.2 (Build 6295257 on Nov 14 2025)
* Project:        hls_output
* Solution:       hls (Vivado IP Flow Target)
* Product family: zynq
* Target device:  xc7z020-clg400-1


================================================================
== Performance Estimates
================================================================
+ Timing: 
    * Summary: 
    +--------+----------+----------+------------+
    |  Clock |  Target  | Estimated| Uncertainty|
    +--------+----------+----------+------------+
    |ap_clk  |  10.00 ns|  8.331 ns|     2.70 ns|
    +--------+----------+----------+------------+

+ Latency: 
    * Summary: 
    +---------+---------+-----------+-----------+-----+-----+-------------------+
    |  Latency (cycles) |   Latency (absolute)  |  Interval |      Pipeline     |
    |   min   |   max   |    min    |    max    | min | max |        Type       |
    +---------+---------+-----------+-----------+-----+-----+-------------------+
    |     3075|     3075|  30.750 us|  30.750 us|    0|    0|  loop pipeline stp|
    +---------+---------+-----------+-----------+-----+-----+-------------------+

    + Detail: 
        * Instance: 
        N/A

        * Loop: 
        +------------+---------+---------+----------+-----------+-----------+------+----------+
        |            |  Latency (cycles) | Iteration|  Initiation Interval  | Trip |          |
        |  Loop Name |   min   |   max   |  Latency |  achieved |   target  | Count| Pipelined|
        +------------+---------+---------+----------+-----------+-----------+------+----------+
        |- LTP_LOOP  |     3073|     3073|        14|         12|          1|   256|       yes|
        +------------+---------+---------+----------+-----------+-----------+------+----------+



================================================================
== Utilization Estimates
================================================================
* Summary: 
+-----------------+---------+-----+--------+-------+-----+
|       Name      | BRAM_18K| DSP |   FF   |  LUT  | URAM|
+-----------------+---------+-----+--------+-------+-----+
|DSP              |        -|    -|       -|      -|    -|
|Expression       |        -|    -|       0|    203|    -|
|FIFO             |        -|    -|       -|      -|    -|
|Instance         |        -|    3|       0|      0|    -|
|Memory           |        -|    -|       -|      -|    -|
|Multiplexer      |        -|    -|       0|    151|    -|
|Register         |        -|    -|     153|      -|    -|
+-----------------+---------+-----+--------+-------+-----+
|Total            |        0|    3|     153|    354|    0|
+-----------------+---------+-----+--------+-------+-----+
|Available        |      280|  220|  106400|  53200|    0|
+-----------------+---------+-----+--------+-------+-----+
|Utilization (%)  |        0|    1|      ~0|     ~0|    0|
+-----------------+---------+-----+--------+-------+-----+

+ Detail: 
    * Instance: 
    +-------------------------+---------------------+---------+----+---+----+-----+
    |         Instance        |        Module       | BRAM_18K| DSP| FF| LUT| URAM|
    +-------------------------+---------------------+---------+----+---+----+-----+
    |mul_12ns_16s_28_4_1_U82  |mul_12ns_16s_28_4_1  |        0|   1|  0|   0|    0|
    |mul_12s_16s_28_4_1_U83   |mul_12s_16s_28_4_1   |        0|   1|  0|   0|    0|
    |mul_4ns_8ns_12_3_1_U81   |mul_4ns_8ns_12_3_1   |        0|   1|  0|   0|    0|
    +-------------------------+---------------------+---------+----+---+----+-----+
    |Total                    |                     |        0|   3|  0|   0|    0|
    +-------------------------+---------------------+---------+----+---+----+-----+

    * DSP: 
    N/A

    * Memory: 
    N/A

    * FIFO: 
    N/A

    * Expression: 
    +------------------------+----------+----+---+----+------------+------------+
    |      Variable Name     | Operation| DSP| FF| LUT| Bitwidth P0| Bitwidth P1|
    +------------------------+----------+----+---+----+------------+------------+
    |add_ln352_fu_265_p2     |         +|   0|  0|  14|           9|           1|
    |add_ln396_fu_377_p2     |         +|   0|  0|  26|          19|          19|
    |pre_id_fu_271_p2        |         +|   0|  0|  14|           9|           9|
    |w_fu_447_p2             |         +|   0|  0|  23|          16|          16|
    |distance_fu_387_p2      |         -|   0|  0|  13|           3|           4|
    |mag_3_fu_515_p2         |         -|   0|  0|  13|           1|           4|
    |and_ln163_fu_310_p2     |       and|   0|  0|   2|           1|           1|
    |icmp_ln131_fu_463_p2    |      icmp|   0|  0|  14|          13|           1|
    |icmp_ln132_fu_469_p2    |      icmp|   0|  0|  23|          16|           5|
    |icmp_ln352_fu_259_p2    |      icmp|   0|  0|  13|           9|          10|
    |icmp_ln363_fu_295_p2    |      icmp|   0|  0|  15|           8|           1|
    |learn_bridge_is_inter   |      icmp|   0|  0|  10|           2|           2|
    |or_ln131_fu_487_p2      |        or|   0|  0|   2|           1|           1|
    |or_ln163_fu_316_p2      |        or|   0|  0|   2|           1|           1|
    |learn_bridge_data       |    select|   0|  0|   4|           1|           4|
    |select_ln131_fu_479_p3  |    select|   0|  0|   5|           1|           3|
    |updated_fu_493_p3       |    select|   0|  0|   4|           1|           4|
    |ap_enable_pp0           |       xor|   0|  0|   2|           1|           2|
    |learn_bridge_exc        |       xor|   0|  0|   2|           1|           2|
    |xor_ln163_fu_305_p2     |       xor|   0|  0|   2|           1|           2|
    +------------------------+----------+----+---+----+------------+------------+
    |Total                   |          |   0|  0| 203|         114|          92|
    +------------------------+----------+----+---+----+------------+------------+

    * Multiplexer: 
    +------------------------------+----+-----------+-----+-----------+
    |             Name             | LUT| Input Size| Bits| Total Bits|
    +------------------------------+----+-----------+-----+-----------+
    |ap_NS_fsm                     |  65|         13|    1|         13|
    |ap_done_int                   |   9|          2|    1|          2|
    |ap_enable_reg_pp0_iter0       |   9|          2|    1|          2|
    |ap_enable_reg_pp0_iter0_reg   |   9|          2|    1|          2|
    |ap_enable_reg_pp0_iter1       |   9|          2|    1|          2|
    |ap_sig_allocacmp_ii_1         |   9|          2|    9|         18|
    |ii_fu_142                     |   9|          2|    9|         18|
    |learn_bridge_valid_o          |   9|          2|    1|          2|
    |weight_memory_address0_local  |  14|          3|   17|         51|
    |widx_fu_146                   |   9|          2|   19|         38|
    +------------------------------+----+-----------+-----+-----------+
    |Total                         | 151|         32|   60|        148|
    +------------------------------+----+-----------+-----+-----------+

    * Register: 
    +-----------------------------+----+----+-----+-----------+
    |             Name            | FF | LUT| Bits| Const Bits|
    +-----------------------------+----+----+-----+-----------+
    |ap_CS_fsm                    |  12|   0|   12|          0|
    |ap_done_reg                  |   1|   0|    1|          0|
    |ap_enable_reg_pp0_iter0_reg  |   1|   0|    1|          0|
    |ap_enable_reg_pp0_iter1      |   1|   0|    1|          0|
    |current_w_reg_623            |   4|   0|    4|          0|
    |icmp_ln352_reg_590           |   1|   0|    1|          0|
    |icmp_ln363_reg_610           |   1|   0|    1|          0|
    |ii_fu_142                    |   9|   0|    9|          0|
    |or_ln163_reg_619             |   1|   0|    1|          0|
    |pre_id_reg_594               |   9|   0|    9|          0|
    |pre_trace_val_reg_605        |   8|   0|    8|          0|
    |select_ln352_1_cast_reg_580  |   9|   0|   19|         10|
    |sext_ln169_cast_reg_585      |  28|   0|   28|          0|
    |sext_ln381_cast_reg_575      |  28|   0|   28|          0|
    |updated_reg_648              |   4|   0|    4|          0|
    |weight_memory_addr_reg_614   |  17|   0|   17|          0|
    |widx_fu_146                  |  19|   0|   19|          0|
    +-----------------------------+----+----+-----+-----------+
    |Total                        | 153|   0|  163|         10|
    +-----------------------------+----+----+-----+-----------+



================================================================
== Interface
================================================================
* Summary: 
+-------------------------------+-----+-----+------------+------------------------------------------+--------------+
|           RTL Ports           | Dir | Bits|  Protocol  |               Source Object              |    C Type    |
+-------------------------------+-----+-----+------------+------------------------------------------+--------------+
|ap_clk                         |   in|    1|  ap_ctrl_hs|  process_post_spike_aer_Pipeline_LTP_LOOP|  return value|
|ap_rst                         |   in|    1|  ap_ctrl_hs|  process_post_spike_aer_Pipeline_LTP_LOOP|  return value|
|ap_start                       |   in|    1|  ap_ctrl_hs|  process_post_spike_aer_Pipeline_LTP_LOOP|  return value|
|ap_done                        |  out|    1|  ap_ctrl_hs|  process_post_spike_aer_Pipeline_LTP_LOOP|  return value|
|ap_idle                        |  out|    1|  ap_ctrl_hs|  process_post_spike_aer_Pipeline_LTP_LOOP|  return value|
|ap_ready                       |  out|    1|  ap_ctrl_hs|  process_post_spike_aer_Pipeline_LTP_LOOP|  return value|
|sext_ln352                     |   in|   18|     ap_none|                                sext_ln352|        scalar|
|select_ln352_1                 |   in|    9|     ap_none|                            select_ln352_1|        scalar|
|select_ln352                   |   in|    9|     ap_none|                              select_ln352|        scalar|
|sext_ln381                     |   in|   16|     ap_none|                                sext_ln381|        scalar|
|sext_ln169                     |   in|   16|     ap_none|                                sext_ln169|        scalar|
|learn_weight_ready             |   in|    1|     ap_none|                        learn_weight_ready|        scalar|
|icmp_ln169                     |   in|    1|     ap_none|                                icmp_ln169|        scalar|
|post_id                        |   in|    8|     ap_none|                                   post_id|        scalar|
|dst_group                      |   in|    2|     ap_none|                                 dst_group|        scalar|
|pre_traces_address0            |  out|   10|   ap_memory|                                pre_traces|         array|
|pre_traces_ce0                 |  out|    1|   ap_memory|                                pre_traces|         array|
|pre_traces_q0                  |   in|    8|   ap_memory|                                pre_traces|         array|
|weight_memory_address0         |  out|   17|   ap_memory|                             weight_memory|         array|
|weight_memory_ce0              |  out|    1|   ap_memory|                             weight_memory|         array|
|weight_memory_we0              |  out|    1|   ap_memory|                             weight_memory|         array|
|weight_memory_d0               |  out|    4|   ap_memory|                             weight_memory|         array|
|weight_memory_q0               |   in|    4|   ap_memory|                             weight_memory|         array|
|learn_bridge_valid_i           |   in|    1|     ap_ovld|                        learn_bridge_valid|       pointer|
|learn_bridge_valid_o           |  out|    1|     ap_ovld|                        learn_bridge_valid|       pointer|
|learn_bridge_valid_o_ap_vld    |  out|    1|     ap_ovld|                        learn_bridge_valid|       pointer|
|learn_bridge_group             |  out|    1|      ap_vld|                        learn_bridge_group|       pointer|
|learn_bridge_group_ap_vld      |  out|    1|      ap_vld|                        learn_bridge_group|       pointer|
|learn_bridge_src               |  out|    8|      ap_vld|                          learn_bridge_src|       pointer|
|learn_bridge_src_ap_vld        |  out|    1|      ap_vld|                          learn_bridge_src|       pointer|
|learn_bridge_dst               |  out|    8|      ap_vld|                          learn_bridge_dst|       pointer|
|learn_bridge_dst_ap_vld        |  out|    1|      ap_vld|                          learn_bridge_dst|       pointer|
|learn_bridge_data              |  out|    4|      ap_vld|                         learn_bridge_data|       pointer|
|learn_bridge_data_ap_vld       |  out|    1|      ap_vld|                         learn_bridge_data|       pointer|
|learn_bridge_exc               |  out|    1|      ap_vld|                          learn_bridge_exc|       pointer|
|learn_bridge_exc_ap_vld        |  out|    1|      ap_vld|                          learn_bridge_exc|       pointer|
|learn_bridge_is_inter          |  out|    1|      ap_vld|                     learn_bridge_is_inter|       pointer|
|learn_bridge_is_inter_ap_vld   |  out|    1|      ap_vld|                     learn_bridge_is_inter|       pointer|
|learn_bridge_dst_group         |  out|    2|      ap_vld|                    learn_bridge_dst_group|       pointer|
|learn_bridge_dst_group_ap_vld  |  out|    1|      ap_vld|                    learn_bridge_dst_group|       pointer|
+-------------------------------+-----+-----+------------+------------------------------------------+--------------+

