

================================================================
== Vitis HLS Report for 'snn_top_hls'
================================================================
* Date:           Tue Feb 10 19:37:19 2026

* Version:        2025.2 (Build 6295257 on Nov 14 2025)
* Project:        hls_output
* Solution:       hls (Vivado IP Flow Target)
* Product family: zynq
* Target device:  xc7z020-clg400-1


================================================================
== Performance Estimates
================================================================
+ Timing: 
    * Summary: 
    +--------+----------+----------+------------+
    |  Clock |  Target  | Estimated| Uncertainty|
    +--------+----------+----------+------------+
    |ap_clk  |  10.00 ns|  7.984 ns|     2.70 ns|
    +--------+----------+----------+------------+

+ Latency: 
    * Summary: 
    +---------+------------+----------+------------+-----+------------+---------+
    |   Latency (cycles)   |   Latency (absolute)  |     Interval     | Pipeline|
    |   min   |     max    |    min   |     max    | min |     max    |   Type  |
    +---------+------------+----------+------------+-----+------------+---------+
    |       28|  4703448559|  0.280 us|  47.034 sec|   29|  4703448560|       no|
    +---------+------------+----------+------------+-----+------------+---------+

    + Detail: 
        * Instance: 
        +----------------------------------------------------------------------+----------------------------------------------------------+---------+---------+-----------+-----------+-----+-------+-------------------+
        |                                                                      |                                                          |  Latency (cycles) |   Latency (absolute)  |   Interval  |      Pipeline     |
        |                               Instance                               |                          Module                          |   min   |   max   |    min    |    max    | min |  max  |        Type       |
        +----------------------------------------------------------------------+----------------------------------------------------------+---------+---------+-----------+-----------+-----+-------+-------------------+
        |grp_encoder_reset_temporal_state_fu_1293                              |encoder_reset_temporal_state                              |      786|      786|   7.860 us|   7.860 us|    0|      0|  loop pipeline stp|
        |grp_snn_top_hls_Pipeline_RESET_ELIG_fu_1307                           |snn_top_hls_Pipeline_RESET_ELIG                           |      514|      514|   5.140 us|   5.140 us|    0|      0|  loop pipeline stp|
        |grp_snn_top_hls_Pipeline_RESET_TRACES_fu_1327                         |snn_top_hls_Pipeline_RESET_TRACES                         |      514|      514|   5.140 us|   5.140 us|    0|      0|  loop pipeline stp|
        |grp_snn_top_hls_Pipeline_RESET_ENCODER_fu_1363                        |snn_top_hls_Pipeline_RESET_ENCODER                        |      786|      786|   7.860 us|   7.860 us|    0|      0|  loop pipeline stp|
        |grp_snn_top_hls_Pipeline_INIT_WEIGHT_OUTER_INIT_WEIGHT_INNER_fu_1371  |snn_top_hls_Pipeline_INIT_WEIGHT_OUTER_INIT_WEIGHT_INNER  |   262146|   262146|   2.621 ms|   2.621 ms|    0|      0|  loop pipeline stp|
        |grp_snn_top_hls_Pipeline_LOAD_FRAME_fu_1391                           |snn_top_hls_Pipeline_LOAD_FRAME                           |        2|      198|  20.000 ns|   1.980 us|    0|      0|  loop pipeline stp|
        |grp_run_encoder_once_fu_1413                                          |run_encoder_once                                          |        1|     1576|  10.000 ns|  15.760 us|    1|   1576|                 no|
        |grp_snn_top_hls_Pipeline_WEIGHT_SUM_fu_1452                           |snn_top_hls_Pipeline_WEIGHT_SUM                           |       11|       11|   0.110 us|   0.110 us|    0|      0|  loop pipeline stp|
        |grp_process_pre_spike_aer_fu_1473                                     |process_pre_spike_aer                                     |      140|      140|   1.400 us|   1.400 us|  140|    140|                 no|
        |grp_process_post_spike_aer_fu_1527                                    |process_post_spike_aer                                    |      268|      268|   2.680 us|   2.680 us|  268|    268|                 no|
        |grp_apply_rstdp_reward_fu_1581                                        |apply_rstdp_reward                                        |        1|    69634|  10.000 ns|   0.696 ms|    1|  69634|                 no|
        |grp_decay_eligibility_traces_fu_1619                                  |decay_eligibility_traces                                  |      132|      132|   1.320 us|   1.320 us|  132|    132|                 no|
        +----------------------------------------------------------------------+----------------------------------------------------------+---------+---------+-----------+-----------+-----+-------+-------------------+

        * Loop: 
        +-------------+---------+------------+-----------+-----------+-----------+-----------+----------+
        |             |   Latency (cycles)   | Iteration |  Initiation Interval  |    Trip   |          |
        |  Loop Name  |   min   |     max    |  Latency  |  achieved |   target  |   Count   | Pipelined|
        +-------------+---------+------------+-----------+-----------+-----------+-----------+----------+
        |- TIME_LOOP  |        0|  4703184810|  6 ~ 71766|          -|          -|  0 ~ 65535|        no|
        +-------------+---------+------------+-----------+-----------+-----------+-----------+----------+



================================================================
== Utilization Estimates
================================================================
* Summary: 
+-----------------+---------+-----+--------+-------+-----+
|       Name      | BRAM_18K| DSP |   FF   |  LUT  | URAM|
+-----------------+---------+-----+--------+-------+-----+
|DSP              |        -|    -|       -|      -|    -|
|Expression       |        -|    -|       0|    515|    -|
|FIFO             |        3|    -|     153|     66|    -|
|Instance         |        0|   12|    5401|   9061|    -|
|Memory           |      160|    -|       0|      0|    0|
|Multiplexer      |        -|    -|       0|   4238|    -|
|Register         |        -|    -|     858|      -|    -|
+-----------------+---------+-----+--------+-------+-----+
|Total            |      163|   12|    6412|  13880|    0|
+-----------------+---------+-----+--------+-------+-----+
|Available        |      280|  220|  106400|  53200|    0|
+-----------------+---------+-----+--------+-------+-----+
|Utilization (%)  |       58|    5|       6|     26|    0|
+-----------------+---------+-----+--------+-------+-----+

+ Detail: 
    * Instance: 
    +----------------------------------------------------------------------+----------------------------------------------------------+---------+----+------+------+-----+
    |                               Instance                               |                          Module                          | BRAM_18K| DSP|  FF  |  LUT | URAM|
    +----------------------------------------------------------------------+----------------------------------------------------------+---------+----+------+------+-----+
    |grp_apply_rstdp_reward_fu_1581                                        |apply_rstdp_reward                                        |        0|   0|   737|  1094|    0|
    |ctrl_s_axi_U                                                          |ctrl_s_axi                                                |        0|   0|   654|  1144|    0|
    |grp_decay_eligibility_traces_fu_1619                                  |decay_eligibility_traces                                  |        0|   0|   210|   238|    0|
    |grp_encoder_reset_temporal_state_fu_1293                              |encoder_reset_temporal_state                              |        0|   0|    12|    53|    0|
    |grp_process_post_spike_aer_fu_1527                                    |process_post_spike_aer                                    |        0|   0|  1141|  1334|    0|
    |grp_process_pre_spike_aer_fu_1473                                     |process_pre_spike_aer                                     |        0|   0|  1417|  1800|    0|
    |grp_run_encoder_once_fu_1413                                          |run_encoder_once                                          |        0|  12|  1081|  2672|    0|
    |grp_snn_top_hls_Pipeline_INIT_WEIGHT_OUTER_INIT_WEIGHT_INNER_fu_1371  |snn_top_hls_Pipeline_INIT_WEIGHT_OUTER_INIT_WEIGHT_INNER  |        0|   0|    42|   167|    0|
    |grp_snn_top_hls_Pipeline_LOAD_FRAME_fu_1391                           |snn_top_hls_Pipeline_LOAD_FRAME                           |        0|   0|    10|    74|    0|
    |grp_snn_top_hls_Pipeline_RESET_ELIG_fu_1307                           |snn_top_hls_Pipeline_RESET_ELIG                           |        0|   0|    12|    52|    0|
    |grp_snn_top_hls_Pipeline_RESET_ENCODER_fu_1363                        |snn_top_hls_Pipeline_RESET_ENCODER                        |        0|   0|    12|    53|    0|
    |grp_snn_top_hls_Pipeline_RESET_TRACES_fu_1327                         |snn_top_hls_Pipeline_RESET_TRACES                         |        0|   0|    12|    52|    0|
    |grp_snn_top_hls_Pipeline_WEIGHT_SUM_fu_1452                           |snn_top_hls_Pipeline_WEIGHT_SUM                           |        0|   0|    61|   248|    0|
    |sparsemux_9_2_8_1_1_U303                                              |sparsemux_9_2_8_1_1                                       |        0|   0|     0|    20|    0|
    |sparsemux_9_2_8_1_1_U304                                              |sparsemux_9_2_8_1_1                                       |        0|   0|     0|    20|    0|
    |sparsemux_9_2_8_1_1_U305                                              |sparsemux_9_2_8_1_1                                       |        0|   0|     0|    20|    0|
    |sparsemux_9_2_8_1_1_U306                                              |sparsemux_9_2_8_1_1                                       |        0|   0|     0|    20|    0|
    +----------------------------------------------------------------------+----------------------------------------------------------+---------+----+------+------+-----+
    |Total                                                                 |                                                          |        0|  12|  5401|  9061|    0|
    +----------------------------------------------------------------------+----------------------------------------------------------+---------+----+------+------+-----+

    * DSP: 
    N/A

    * Memory: 
    +----------------------------------+-------------------------------------------------+---------+---+----+-----+-------+-----+------+-------------+
    |              Memory              |                      Module                     | BRAM_18K| FF| LUT| URAM| Words | Bits| Banks| W*Bits*Banks|
    +----------------------------------+-------------------------------------------------+---------+---+----+-----+-------+-----+------+-------------+
    |p_ZL13encoder_frame_0_U           |p_ZL13encoder_frame_0_RAM_AUTO_1R1W              |        1|  0|   0|    0|    392|    8|     1|         3136|
    |p_ZL13encoder_frame_1_U           |p_ZL13encoder_frame_0_RAM_AUTO_1R1W              |        1|  0|   0|    0|    392|    8|     1|         3136|
    |p_ZL13weight_memory_0_0_U         |p_ZL13weight_memory_0_0_RAM_2P_BRAM_1R1W         |       16|  0|   0|    0|  32768|    8|     1|       262144|
    |p_ZL13weight_memory_0_1_U         |p_ZL13weight_memory_0_0_RAM_2P_BRAM_1R1W         |       16|  0|   0|    0|  32768|    8|     1|       262144|
    |p_ZL13weight_memory_0_2_U         |p_ZL13weight_memory_0_0_RAM_2P_BRAM_1R1W         |       16|  0|   0|    0|  32768|    8|     1|       262144|
    |p_ZL13weight_memory_0_3_U         |p_ZL13weight_memory_0_0_RAM_2P_BRAM_1R1W         |       16|  0|   0|    0|  32768|    8|     1|       262144|
    |p_ZL13weight_memory_1_0_U         |p_ZL13weight_memory_0_0_RAM_2P_BRAM_1R1W         |       16|  0|   0|    0|  32768|    8|     1|       262144|
    |p_ZL13weight_memory_1_1_U         |p_ZL13weight_memory_0_0_RAM_2P_BRAM_1R1W         |       16|  0|   0|    0|  32768|    8|     1|       262144|
    |p_ZL13weight_memory_1_2_U         |p_ZL13weight_memory_0_0_RAM_2P_BRAM_1R1W         |       16|  0|   0|    0|  32768|    8|     1|       262144|
    |p_ZL13weight_memory_1_3_U         |p_ZL13weight_memory_0_0_RAM_2P_BRAM_1R1W         |       16|  0|   0|    0|  32768|    8|     1|       262144|
    |p_ZL15pre_eligibility_0_U         |p_ZL15pre_eligibility_0_RAM_2P_BRAM_1R1W         |        1|  0|   0|    0|    128|    8|     1|         1024|
    |p_ZL16post_eligibility_0_U        |p_ZL15pre_eligibility_0_RAM_2P_BRAM_1R1W         |        1|  0|   0|    0|    128|    8|     1|         1024|
    |p_ZL15pre_eligibility_1_U         |p_ZL15pre_eligibility_0_RAM_2P_BRAM_1R1W         |        1|  0|   0|    0|    128|    8|     1|         1024|
    |p_ZL16post_eligibility_1_U        |p_ZL15pre_eligibility_0_RAM_2P_BRAM_1R1W         |        1|  0|   0|    0|    128|    8|     1|         1024|
    |p_ZL15pre_eligibility_2_U         |p_ZL15pre_eligibility_0_RAM_2P_BRAM_1R1W         |        1|  0|   0|    0|    128|    8|     1|         1024|
    |p_ZL16post_eligibility_2_U        |p_ZL15pre_eligibility_0_RAM_2P_BRAM_1R1W         |        1|  0|   0|    0|    128|    8|     1|         1024|
    |p_ZL15pre_eligibility_3_U         |p_ZL15pre_eligibility_0_RAM_2P_BRAM_1R1W         |        1|  0|   0|    0|    128|    8|     1|         1024|
    |p_ZL16post_eligibility_3_U        |p_ZL15pre_eligibility_0_RAM_2P_BRAM_1R1W         |        1|  0|   0|    0|    128|    8|     1|         1024|
    |pre_traces_trace_0_U              |p_ZL15pre_eligibility_0_RAM_2P_BRAM_1R1W         |        1|  0|   0|    0|    128|    8|     1|         1024|
    |post_traces_trace_0_U             |p_ZL15pre_eligibility_0_RAM_2P_BRAM_1R1W         |        1|  0|   0|    0|    128|    8|     1|         1024|
    |pre_traces_trace_1_U              |p_ZL15pre_eligibility_0_RAM_2P_BRAM_1R1W         |        1|  0|   0|    0|    128|    8|     1|         1024|
    |post_traces_trace_1_U             |p_ZL15pre_eligibility_0_RAM_2P_BRAM_1R1W         |        1|  0|   0|    0|    128|    8|     1|         1024|
    |pre_traces_trace_2_U              |p_ZL15pre_eligibility_0_RAM_2P_BRAM_1R1W         |        1|  0|   0|    0|    128|    8|     1|         1024|
    |post_traces_trace_2_U             |p_ZL15pre_eligibility_0_RAM_2P_BRAM_1R1W         |        1|  0|   0|    0|    128|    8|     1|         1024|
    |pre_traces_trace_3_U              |p_ZL15pre_eligibility_0_RAM_2P_BRAM_1R1W         |        1|  0|   0|    0|    128|    8|     1|         1024|
    |post_traces_trace_3_U             |p_ZL15pre_eligibility_0_RAM_2P_BRAM_1R1W         |        1|  0|   0|    0|    128|    8|     1|         1024|
    |p_ZL17encoder_phase_acc_0_U       |p_ZL17encoder_phase_acc_0_RAM_2P_BRAM_1R1W       |        1|  0|   0|    0|    392|   16|     1|         6272|
    |p_ZL17encoder_phase_acc_1_U       |p_ZL17encoder_phase_acc_0_RAM_2P_BRAM_1R1W       |        1|  0|   0|    0|    392|   16|     1|         6272|
    |p_ZL22encoder_temporal_fired_0_U  |p_ZL22encoder_temporal_fired_0_RAM_2P_BRAM_1R1W  |        1|  0|   0|    0|    392|    1|     1|          392|
    |p_ZL22encoder_temporal_fired_1_U  |p_ZL22encoder_temporal_fired_0_RAM_2P_BRAM_1R1W  |        1|  0|   0|    0|    392|    1|     1|          392|
    |p_ZL22encoder_temporal_start_0_U  |p_ZL22encoder_temporal_start_0_RAM_2P_BRAM_1R1W  |        1|  0|   0|    0|    392|   32|     1|        12544|
    |p_ZL22encoder_temporal_start_1_U  |p_ZL22encoder_temporal_start_0_RAM_2P_BRAM_1R1W  |        1|  0|   0|    0|    392|   32|     1|        12544|
    |pre_traces_last_spike_time_0_U    |pre_traces_last_spike_time_0_RAM_2P_BRAM_1R1W    |        1|  0|   0|    0|    128|   16|     1|         2048|
    |post_traces_last_spike_time_0_U   |pre_traces_last_spike_time_0_RAM_2P_BRAM_1R1W    |        1|  0|   0|    0|    128|   16|     1|         2048|
    |pre_traces_last_spike_time_1_U    |pre_traces_last_spike_time_0_RAM_2P_BRAM_1R1W    |        1|  0|   0|    0|    128|   16|     1|         2048|
    |post_traces_last_spike_time_1_U   |pre_traces_last_spike_time_0_RAM_2P_BRAM_1R1W    |        1|  0|   0|    0|    128|   16|     1|         2048|
    |pre_traces_last_spike_time_2_U    |pre_traces_last_spike_time_0_RAM_2P_BRAM_1R1W    |        1|  0|   0|    0|    128|   16|     1|         2048|
    |post_traces_last_spike_time_2_U   |pre_traces_last_spike_time_0_RAM_2P_BRAM_1R1W    |        1|  0|   0|    0|    128|   16|     1|         2048|
    |pre_traces_last_spike_time_3_U    |pre_traces_last_spike_time_0_RAM_2P_BRAM_1R1W    |        1|  0|   0|    0|    128|   16|     1|         2048|
    |post_traces_last_spike_time_3_U   |pre_traces_last_spike_time_0_RAM_2P_BRAM_1R1W    |        1|  0|   0|    0|    128|   16|     1|         2048|
    +----------------------------------+-------------------------------------------------+---------+---+----+-----+-------+-----+------+-------------+
    |Total                             |                                                 |      160|  0|   0|    0| 268352|  434|    40|      2174608|
    +----------------------------------+-------------------------------------------------+---------+---+----+-----+-------+-----+------+-------------+

    * FIFO: 
    +-----------------------+---------+-----+----+-----+------+-----+---------+
    |          Name         | BRAM_18K|  FF | LUT| URAM| Depth| Bits| Size:D*B|
    +-----------------------+---------+-----+----+-----+------+-----+---------+
    |encoder_spikes_fifo_U  |        3|  153|   0|    -|    32|   41|     1312|
    +-----------------------+---------+-----+----+-----+------+-----+---------+
    |Total                  |        3|  153|   0|    0|    32|   41|     1312|
    +-----------------------+---------+-----+----+-----+------+-----+---------+

    * Expression: 
    +-----------------------------------+----------+----+---+----+------------+------------+
    |           Variable Name           | Operation| DSP| FF| LUT| Bitwidth P0| Bitwidth P1|
    +-----------------------------------+----------+----+---+----+------------+------------+
    |add_ln769_fu_2013_p2               |         +|   0|  0|  20|          15|          15|
    |add_ln860_fu_2305_p2               |         +|   0|  0|  39|          32|           1|
    |add_ln902_fu_2480_p2               |         +|   0|  0|  20|          15|          15|
    |add_ln911_fu_2584_p2               |         +|   0|  0|  13|          10|           1|
    |add_ln914_fu_2609_p2               |         +|   0|  0|  13|          10|           1|
    |add_ln922_fu_2640_p2               |         +|   0|  0|  39|          32|           1|
    |new_elig_1_fu_2372_p2              |         +|   0|  0|  14|           9|           6|
    |new_elig_fu_2260_p2                |         +|   0|  0|  14|           9|           6|
    |t_2_fu_2137_p2                     |         +|   0|  0|  23|          16|           1|
    |and_ln805_fu_2054_p2               |       and|   0|  0|   2|           1|           1|
    |and_ln828_fu_2091_p2               |       and|   0|  0|   2|           1|           1|
    |and_ln891_1_fu_2417_p2             |       and|   0|  0|   2|           1|           1|
    |and_ln891_fu_2095_p2               |       and|   0|  0|   2|           1|           1|
    |ap_block_state13                   |       and|   0|  0|   2|           1|           1|
    |ap_block_state20_on_subcall_done   |       and|   0|  0|   2|           1|           1|
    |ap_block_state23                   |       and|   0|  0|   2|           1|           1|
    |ap_block_state3                    |       and|   0|  0|   2|           1|           1|
    |ap_block_state3_on_subcall_done    |       and|   0|  0|   2|           1|           1|
    |ap_block_state9_on_subcall_done    |       and|   0|  0|   2|           1|           1|
    |ap_predicate_op249_call_state3     |       and|   0|  0|   2|           1|           1|
    |ap_predicate_op257_read_state3     |       and|   0|  0|   2|           1|           1|
    |ap_predicate_op380_call_state9     |       and|   0|  0|   2|           1|           1|
    |ap_predicate_op392_read_state10    |       and|   0|  0|   2|           1|           1|
    |ap_predicate_op452_write_state13   |       and|   0|  0|   2|           1|           1|
    |ap_predicate_op545_write_state23   |       and|   0|  0|   2|           1|           1|
    |m_axis_weights_TLAST_int_regslice  |       and|   0|  0|   2|           1|           1|
    |stdp_active_fu_1824_p2             |       and|   0|  0|   2|           1|           1|
    |tmp_1_nbreadreq_fu_731_p9          |       and|   0|  0|   2|           1|           0|
    |tmp_4_nbreadreq_fu_676_p9          |       and|   0|  0|   2|           1|           0|
    |tmp_nbreadreq_fu_610_p9            |       and|   0|  0|   2|           1|           0|
    |tmp_s_nbreadreq_fu_724_p3          |       and|   0|  0|   2|           1|           0|
    |checkpoint_mode_fu_1812_p2         |      icmp|   0|  0|  11|           2|           3|
    |icmp_ln543_fu_2280_p2              |      icmp|   0|  0|  10|           2|           1|
    |icmp_ln550_1_fu_2392_p2            |      icmp|   0|  0|  10|           2|           1|
    |icmp_ln705_fu_1830_p2              |      icmp|   0|  0|  39|          32|           1|
    |icmp_ln805_fu_2049_p2              |      icmp|   0|  0|  10|           2|           2|
    |icmp_ln816_1_fu_2143_p2            |      icmp|   0|  0|  23|          16|           1|
    |icmp_ln816_fu_2132_p2              |      icmp|   0|  0|  23|          16|          16|
    |icmp_ln905_1_fu_2572_p2            |      icmp|   0|  0|  13|          10|           9|
    |icmp_ln905_fu_2567_p2              |      icmp|   0|  0|  14|           9|           2|
    |stdp_mode_fu_1818_p2               |      icmp|   0|  0|  10|           2|           1|
    |ap_block_state10                   |        or|   0|  0|   2|           1|           1|
    |ap_block_state2_on_subcall_done    |        or|   0|  0|   2|           1|           1|
    |ap_block_state36                   |        or|   0|  0|   2|           1|           1|
    |ap_block_state6_on_subcall_done    |        or|   0|  0|   2|           1|           1|
    |ap_condition_622                   |        or|   0|  0|   2|           1|           1|
    |or_ln713_fu_1874_p2                |        or|   0|  0|   2|           1|           1|
    |or_ln768_fu_1952_p2                |        or|   0|  0|  10|          10|          10|
    |or_ln891_fu_2114_p2                |        or|   0|  0|   2|           1|           1|
    |or_ln897_fu_2105_p2                |        or|   0|  0|   2|           1|           1|
    |p_ZL13weight_memory_0_0_we1        |        or|   0|  0|   2|           1|           1|
    |p_ZL13weight_memory_0_1_we1        |        or|   0|  0|   2|           1|           1|
    |p_ZL13weight_memory_0_2_we1        |        or|   0|  0|   2|           1|           1|
    |p_ZL13weight_memory_0_3_we1        |        or|   0|  0|   2|           1|           1|
    |p_ZL13weight_memory_1_0_we1        |        or|   0|  0|   2|           1|           1|
    |p_ZL13weight_memory_1_1_we1        |        or|   0|  0|   2|           1|           1|
    |p_ZL13weight_memory_1_2_we1        |        or|   0|  0|   2|           1|           1|
    |p_ZL13weight_memory_1_3_we1        |        or|   0|  0|   2|           1|           1|
    |p_ZL15pre_eligibility_0_we1        |        or|   0|  0|   2|           1|           1|
    |p_ZL15pre_eligibility_1_we1        |        or|   0|  0|   2|           1|           1|
    |p_ZL15pre_eligibility_2_we1        |        or|   0|  0|   2|           1|           1|
    |p_ZL15pre_eligibility_3_we1        |        or|   0|  0|   2|           1|           1|
    |p_ZL16post_eligibility_0_we1       |        or|   0|  0|   2|           1|           1|
    |p_ZL16post_eligibility_1_we1       |        or|   0|  0|   2|           1|           1|
    |p_ZL16post_eligibility_2_we1       |        or|   0|  0|   2|           1|           1|
    |p_ZL16post_eligibility_3_we1       |        or|   0|  0|   2|           1|           1|
    |select_ln543_fu_2285_p3            |    select|   0|  0|   8|           1|           7|
    |select_ln550_fu_2397_p3            |    select|   0|  0|   8|           1|           7|
    |select_ln902_fu_2544_p3            |    select|   0|  0|   8|           1|           8|
    |select_ln915_fu_2626_p3            |    select|   0|  0|   9|           1|           1|
    |time_steps_1_fu_1840_p3            |    select|   0|  0|  16|           1|           1|
    |xor_ln713_fu_1868_p2               |       xor|   0|  0|   2|           1|           2|
    |xor_ln891_1_fu_2109_p2             |       xor|   0|  0|   2|           1|           2|
    |xor_ln891_fu_2099_p2               |       xor|   0|  0|   2|           2|           1|
    +-----------------------------------+----------+----+---+----+------------+------------+
    |Total                              |          |   0|  0| 515|         306|         165|
    +-----------------------------------+----------+----+---+----+------------+------------+

    * Multiplexer: 
    +--------------------------------------------------+-----+-----------+-----+-----------+
    |                       Name                       | LUT | Input Size| Bits| Total Bits|
    +--------------------------------------------------+-----+-----------+-----+-----------+
    |ap_NS_fsm                                         |  164|         37|    1|         37|
    |ap_phi_mux_empty_66_phi_fu_1282_p6                |    9|          2|    1|          2|
    |checkpoint_col                                    |    9|          2|   10|         20|
    |checkpoint_row                                    |    9|          2|    9|         18|
    |empty_62_fu_528                                   |   14|          3|    1|          3|
    |empty_64_reg_1248                                 |    9|          2|    8|         16|
    |empty_65_reg_1263                                 |    9|          2|   10|         20|
    |encoder_spike_counter                             |    9|          2|   32|         64|
    |encoder_spikes_write                              |    9|          2|    1|          2|
    |grp_encoder_reset_temporal_state_fu_1293_now_val  |   14|          3|   32|         96|
    |in_pkt_data_2_reg_1239                            |    9|          2|   18|         36|
    |last_mode_loc_0_reg_1228                          |    9|          2|    2|          4|
    |latency_window_counter                            |    9|          2|   16|         32|
    |leak_rate_out                                     |    9|          2|   16|         32|
    |m_axis_spikes_TDATA_blk_n                         |    9|          2|    1|          2|
    |m_axis_weights_TDATA_blk_n                        |    9|          2|    1|          2|
    |p_ZL13encoder_frame_0_address0                    |   14|          3|    9|         27|
    |p_ZL13encoder_frame_0_ce0                         |   14|          3|    1|          3|
    |p_ZL13encoder_frame_0_ce1                         |    9|          2|    1|          2|
    |p_ZL13encoder_frame_0_we0                         |    9|          2|    1|          2|
    |p_ZL13encoder_frame_0_we1                         |    9|          2|    1|          2|
    |p_ZL13encoder_frame_1_address0                    |   14|          3|    9|         27|
    |p_ZL13encoder_frame_1_ce0                         |   14|          3|    1|          3|
    |p_ZL13encoder_frame_1_ce1                         |    9|          2|    1|          2|
    |p_ZL13encoder_frame_1_we0                         |    9|          2|    1|          2|
    |p_ZL13encoder_frame_1_we1                         |    9|          2|    1|          2|
    |p_ZL13weight_memory_0_0_address0                  |   25|          5|   15|         75|
    |p_ZL13weight_memory_0_0_address1                  |   31|          6|   15|         90|
    |p_ZL13weight_memory_0_0_ce0                       |   25|          5|    1|          5|
    |p_ZL13weight_memory_0_0_ce1                       |   31|          6|    1|          6|
    |p_ZL13weight_memory_0_0_d1                        |   25|          5|    8|         40|
    |p_ZL13weight_memory_0_0_we1                       |   25|          5|    1|          5|
    |p_ZL13weight_memory_0_1_address0                  |   25|          5|   15|         75|
    |p_ZL13weight_memory_0_1_address1                  |   31|          6|   15|         90|
    |p_ZL13weight_memory_0_1_ce0                       |   25|          5|    1|          5|
    |p_ZL13weight_memory_0_1_ce1                       |   31|          6|    1|          6|
    |p_ZL13weight_memory_0_1_d1                        |   25|          5|    8|         40|
    |p_ZL13weight_memory_0_1_we1                       |   25|          5|    1|          5|
    |p_ZL13weight_memory_0_2_address0                  |   25|          5|   15|         75|
    |p_ZL13weight_memory_0_2_address1                  |   31|          6|   15|         90|
    |p_ZL13weight_memory_0_2_ce0                       |   25|          5|    1|          5|
    |p_ZL13weight_memory_0_2_ce1                       |   31|          6|    1|          6|
    |p_ZL13weight_memory_0_2_d1                        |   25|          5|    8|         40|
    |p_ZL13weight_memory_0_2_we1                       |   25|          5|    1|          5|
    |p_ZL13weight_memory_0_3_address0                  |   25|          5|   15|         75|
    |p_ZL13weight_memory_0_3_address1                  |   31|          6|   15|         90|
    |p_ZL13weight_memory_0_3_ce0                       |   25|          5|    1|          5|
    |p_ZL13weight_memory_0_3_ce1                       |   31|          6|    1|          6|
    |p_ZL13weight_memory_0_3_d1                        |   25|          5|    8|         40|
    |p_ZL13weight_memory_0_3_we1                       |   25|          5|    1|          5|
    |p_ZL13weight_memory_1_0_address0                  |   25|          5|   15|         75|
    |p_ZL13weight_memory_1_0_address1                  |   31|          6|   15|         90|
    |p_ZL13weight_memory_1_0_ce0                       |   25|          5|    1|          5|
    |p_ZL13weight_memory_1_0_ce1                       |   31|          6|    1|          6|
    |p_ZL13weight_memory_1_0_d1                        |   25|          5|    8|         40|
    |p_ZL13weight_memory_1_0_we1                       |   25|          5|    1|          5|
    |p_ZL13weight_memory_1_1_address0                  |   25|          5|   15|         75|
    |p_ZL13weight_memory_1_1_address1                  |   31|          6|   15|         90|
    |p_ZL13weight_memory_1_1_ce0                       |   25|          5|    1|          5|
    |p_ZL13weight_memory_1_1_ce1                       |   31|          6|    1|          6|
    |p_ZL13weight_memory_1_1_d1                        |   25|          5|    8|         40|
    |p_ZL13weight_memory_1_1_we1                       |   25|          5|    1|          5|
    |p_ZL13weight_memory_1_2_address0                  |   25|          5|   15|         75|
    |p_ZL13weight_memory_1_2_address1                  |   31|          6|   15|         90|
    |p_ZL13weight_memory_1_2_ce0                       |   25|          5|    1|          5|
    |p_ZL13weight_memory_1_2_ce1                       |   31|          6|    1|          6|
    |p_ZL13weight_memory_1_2_d1                        |   25|          5|    8|         40|
    |p_ZL13weight_memory_1_2_we1                       |   25|          5|    1|          5|
    |p_ZL13weight_memory_1_3_address0                  |   25|          5|   15|         75|
    |p_ZL13weight_memory_1_3_address1                  |   31|          6|   15|         90|
    |p_ZL13weight_memory_1_3_ce0                       |   25|          5|    1|          5|
    |p_ZL13weight_memory_1_3_ce1                       |   31|          6|    1|          6|
    |p_ZL13weight_memory_1_3_d1                        |   25|          5|    8|         40|
    |p_ZL13weight_memory_1_3_we1                       |   25|          5|    1|          5|
    |p_ZL15pre_eligibility_0_address0                  |   14|          3|    7|         21|
    |p_ZL15pre_eligibility_0_address1                  |   14|          3|    7|         21|
    |p_ZL15pre_eligibility_0_ce0                       |   14|          3|    1|          3|
    |p_ZL15pre_eligibility_0_ce1                       |   14|          3|    1|          3|
    |p_ZL15pre_eligibility_0_d1                        |   14|          3|    8|         24|
    |p_ZL15pre_eligibility_0_we1                       |   14|          3|    1|          3|
    |p_ZL15pre_eligibility_1_address0                  |   14|          3|    7|         21|
    |p_ZL15pre_eligibility_1_address1                  |   14|          3|    7|         21|
    |p_ZL15pre_eligibility_1_ce0                       |   14|          3|    1|          3|
    |p_ZL15pre_eligibility_1_ce1                       |   14|          3|    1|          3|
    |p_ZL15pre_eligibility_1_d1                        |   14|          3|    8|         24|
    |p_ZL15pre_eligibility_1_we1                       |   14|          3|    1|          3|
    |p_ZL15pre_eligibility_2_address0                  |   14|          3|    7|         21|
    |p_ZL15pre_eligibility_2_address1                  |   14|          3|    7|         21|
    |p_ZL15pre_eligibility_2_ce0                       |   14|          3|    1|          3|
    |p_ZL15pre_eligibility_2_ce1                       |   14|          3|    1|          3|
    |p_ZL15pre_eligibility_2_d1                        |   14|          3|    8|         24|
    |p_ZL15pre_eligibility_2_we1                       |   14|          3|    1|          3|
    |p_ZL15pre_eligibility_3_address0                  |   14|          3|    7|         21|
    |p_ZL15pre_eligibility_3_address1                  |   14|          3|    7|         21|
    |p_ZL15pre_eligibility_3_ce0                       |   14|          3|    1|          3|
    |p_ZL15pre_eligibility_3_ce1                       |   14|          3|    1|          3|
    |p_ZL15pre_eligibility_3_d1                        |   14|          3|    8|         24|
    |p_ZL15pre_eligibility_3_we1                       |   14|          3|    1|          3|
    |p_ZL16post_eligibility_0_address0                 |   14|          3|    7|         21|
    |p_ZL16post_eligibility_0_address1                 |   14|          3|    7|         21|
    |p_ZL16post_eligibility_0_ce0                      |   14|          3|    1|          3|
    |p_ZL16post_eligibility_0_ce1                      |   14|          3|    1|          3|
    |p_ZL16post_eligibility_0_d1                       |   14|          3|    8|         24|
    |p_ZL16post_eligibility_0_we1                      |   14|          3|    1|          3|
    |p_ZL16post_eligibility_1_address0                 |   14|          3|    7|         21|
    |p_ZL16post_eligibility_1_address1                 |   14|          3|    7|         21|
    |p_ZL16post_eligibility_1_ce0                      |   14|          3|    1|          3|
    |p_ZL16post_eligibility_1_ce1                      |   14|          3|    1|          3|
    |p_ZL16post_eligibility_1_d1                       |   14|          3|    8|         24|
    |p_ZL16post_eligibility_1_we1                      |   14|          3|    1|          3|
    |p_ZL16post_eligibility_2_address0                 |   14|          3|    7|         21|
    |p_ZL16post_eligibility_2_address1                 |   14|          3|    7|         21|
    |p_ZL16post_eligibility_2_ce0                      |   14|          3|    1|          3|
    |p_ZL16post_eligibility_2_ce1                      |   14|          3|    1|          3|
    |p_ZL16post_eligibility_2_d1                       |   14|          3|    8|         24|
    |p_ZL16post_eligibility_2_we1                      |   14|          3|    1|          3|
    |p_ZL16post_eligibility_3_address0                 |   14|          3|    7|         21|
    |p_ZL16post_eligibility_3_address1                 |   14|          3|    7|         21|
    |p_ZL16post_eligibility_3_ce0                      |   14|          3|    1|          3|
    |p_ZL16post_eligibility_3_ce1                      |   14|          3|    1|          3|
    |p_ZL16post_eligibility_3_d1                       |   14|          3|    8|         24|
    |p_ZL16post_eligibility_3_we1                      |   14|          3|    1|          3|
    |p_ZL17encoder_phase_acc_0_address1                |   14|          3|    9|         27|
    |p_ZL17encoder_phase_acc_0_ce0                     |    9|          2|    1|          2|
    |p_ZL17encoder_phase_acc_0_ce1                     |   14|          3|    1|          3|
    |p_ZL17encoder_phase_acc_0_d1                      |   14|          3|   16|         48|
    |p_ZL17encoder_phase_acc_0_we1                     |   14|          3|    1|          3|
    |p_ZL17encoder_phase_acc_1_address1                |   14|          3|    9|         27|
    |p_ZL17encoder_phase_acc_1_ce0                     |    9|          2|    1|          2|
    |p_ZL17encoder_phase_acc_1_ce1                     |   14|          3|    1|          3|
    |p_ZL17encoder_phase_acc_1_d1                      |   14|          3|   16|         48|
    |p_ZL17encoder_phase_acc_1_we1                     |   14|          3|    1|          3|
    |p_ZL22encoder_temporal_fired_0_address1           |   14|          3|    9|         27|
    |p_ZL22encoder_temporal_fired_0_ce0                |    9|          2|    1|          2|
    |p_ZL22encoder_temporal_fired_0_ce1                |   14|          3|    1|          3|
    |p_ZL22encoder_temporal_fired_0_d1                 |   14|          3|    1|          3|
    |p_ZL22encoder_temporal_fired_0_we1                |   14|          3|    1|          3|
    |p_ZL22encoder_temporal_fired_1_address1           |   14|          3|    9|         27|
    |p_ZL22encoder_temporal_fired_1_ce0                |    9|          2|    1|          2|
    |p_ZL22encoder_temporal_fired_1_ce1                |   14|          3|    1|          3|
    |p_ZL22encoder_temporal_fired_1_d1                 |   14|          3|    1|          3|
    |p_ZL22encoder_temporal_fired_1_we1                |   14|          3|    1|          3|
    |p_ZL22encoder_temporal_start_0_address1           |   14|          3|    9|         27|
    |p_ZL22encoder_temporal_start_0_ce0                |    9|          2|    1|          2|
    |p_ZL22encoder_temporal_start_0_ce1                |   14|          3|    1|          3|
    |p_ZL22encoder_temporal_start_0_d1                 |   14|          3|   32|         96|
    |p_ZL22encoder_temporal_start_0_we1                |   14|          3|    1|          3|
    |p_ZL22encoder_temporal_start_1_address1           |   14|          3|    9|         27|
    |p_ZL22encoder_temporal_start_1_ce0                |    9|          2|    1|          2|
    |p_ZL22encoder_temporal_start_1_ce1                |   14|          3|    1|          3|
    |p_ZL22encoder_temporal_start_1_d1                 |   14|          3|   32|         96|
    |p_ZL22encoder_temporal_start_1_we1                |   14|          3|    1|          3|
    |post_traces_last_spike_time_0_address0            |   14|          3|    7|         21|
    |post_traces_last_spike_time_0_address1            |   14|          3|    7|         21|
    |post_traces_last_spike_time_0_ce0                 |   14|          3|    1|          3|
    |post_traces_last_spike_time_0_ce1                 |   14|          3|    1|          3|
    |post_traces_last_spike_time_0_d1                  |   14|          3|   16|         48|
    |post_traces_last_spike_time_0_we1                 |   14|          3|    1|          3|
    |post_traces_last_spike_time_1_address0            |   14|          3|    7|         21|
    |post_traces_last_spike_time_1_address1            |   14|          3|    7|         21|
    |post_traces_last_spike_time_1_ce0                 |   14|          3|    1|          3|
    |post_traces_last_spike_time_1_ce1                 |   14|          3|    1|          3|
    |post_traces_last_spike_time_1_d1                  |   14|          3|   16|         48|
    |post_traces_last_spike_time_1_we1                 |   14|          3|    1|          3|
    |post_traces_last_spike_time_2_address0            |   14|          3|    7|         21|
    |post_traces_last_spike_time_2_address1            |   14|          3|    7|         21|
    |post_traces_last_spike_time_2_ce0                 |   14|          3|    1|          3|
    |post_traces_last_spike_time_2_ce1                 |   14|          3|    1|          3|
    |post_traces_last_spike_time_2_d1                  |   14|          3|   16|         48|
    |post_traces_last_spike_time_2_we1                 |   14|          3|    1|          3|
    |post_traces_last_spike_time_3_address0            |   14|          3|    7|         21|
    |post_traces_last_spike_time_3_address1            |   14|          3|    7|         21|
    |post_traces_last_spike_time_3_ce0                 |   14|          3|    1|          3|
    |post_traces_last_spike_time_3_ce1                 |   14|          3|    1|          3|
    |post_traces_last_spike_time_3_d1                  |   14|          3|   16|         48|
    |post_traces_last_spike_time_3_we1                 |   14|          3|    1|          3|
    |post_traces_trace_0_address0                      |   14|          3|    7|         21|
    |post_traces_trace_0_address1                      |   14|          3|    7|         21|
    |post_traces_trace_0_ce0                           |   14|          3|    1|          3|
    |post_traces_trace_0_ce1                           |   14|          3|    1|          3|
    |post_traces_trace_0_d1                            |   14|          3|    8|         24|
    |post_traces_trace_0_we1                           |   14|          3|    1|          3|
    |post_traces_trace_1_address0                      |   14|          3|    7|         21|
    |post_traces_trace_1_address1                      |   14|          3|    7|         21|
    |post_traces_trace_1_ce0                           |   14|          3|    1|          3|
    |post_traces_trace_1_ce1                           |   14|          3|    1|          3|
    |post_traces_trace_1_d1                            |   14|          3|    8|         24|
    |post_traces_trace_1_we1                           |   14|          3|    1|          3|
    |post_traces_trace_2_address0                      |   14|          3|    7|         21|
    |post_traces_trace_2_address1                      |   14|          3|    7|         21|
    |post_traces_trace_2_ce0                           |   14|          3|    1|          3|
    |post_traces_trace_2_ce1                           |   14|          3|    1|          3|
    |post_traces_trace_2_d1                            |   14|          3|    8|         24|
    |post_traces_trace_2_we1                           |   14|          3|    1|          3|
    |post_traces_trace_3_address0                      |   14|          3|    7|         21|
    |post_traces_trace_3_address1                      |   14|          3|    7|         21|
    |post_traces_trace_3_ce0                           |   14|          3|    1|          3|
    |post_traces_trace_3_ce1                           |   14|          3|    1|          3|
    |post_traces_trace_3_d1                            |   14|          3|    8|         24|
    |post_traces_trace_3_we1                           |   14|          3|    1|          3|
    |pre_traces_last_spike_time_0_address0             |   14|          3|    7|         21|
    |pre_traces_last_spike_time_0_address1             |   14|          3|    7|         21|
    |pre_traces_last_spike_time_0_ce0                  |   14|          3|    1|          3|
    |pre_traces_last_spike_time_0_ce1                  |   14|          3|    1|          3|
    |pre_traces_last_spike_time_0_d1                   |   14|          3|   16|         48|
    |pre_traces_last_spike_time_0_we1                  |   14|          3|    1|          3|
    |pre_traces_last_spike_time_1_address0             |   14|          3|    7|         21|
    |pre_traces_last_spike_time_1_address1             |   14|          3|    7|         21|
    |pre_traces_last_spike_time_1_ce0                  |   14|          3|    1|          3|
    |pre_traces_last_spike_time_1_ce1                  |   14|          3|    1|          3|
    |pre_traces_last_spike_time_1_d1                   |   14|          3|   16|         48|
    |pre_traces_last_spike_time_1_we1                  |   14|          3|    1|          3|
    |pre_traces_last_spike_time_2_address0             |   14|          3|    7|         21|
    |pre_traces_last_spike_time_2_address1             |   14|          3|    7|         21|
    |pre_traces_last_spike_time_2_ce0                  |   14|          3|    1|          3|
    |pre_traces_last_spike_time_2_ce1                  |   14|          3|    1|          3|
    |pre_traces_last_spike_time_2_d1                   |   14|          3|   16|         48|
    |pre_traces_last_spike_time_2_we1                  |   14|          3|    1|          3|
    |pre_traces_last_spike_time_3_address0             |   14|          3|    7|         21|
    |pre_traces_last_spike_time_3_address1             |   14|          3|    7|         21|
    |pre_traces_last_spike_time_3_ce0                  |   14|          3|    1|          3|
    |pre_traces_last_spike_time_3_ce1                  |   14|          3|    1|          3|
    |pre_traces_last_spike_time_3_d1                   |   14|          3|   16|         48|
    |pre_traces_last_spike_time_3_we1                  |   14|          3|    1|          3|
    |pre_traces_trace_0_address0                       |   14|          3|    7|         21|
    |pre_traces_trace_0_address1                       |   14|          3|    7|         21|
    |pre_traces_trace_0_ce0                            |   14|          3|    1|          3|
    |pre_traces_trace_0_ce1                            |   14|          3|    1|          3|
    |pre_traces_trace_0_d1                             |   14|          3|    8|         24|
    |pre_traces_trace_0_we1                            |   14|          3|    1|          3|
    |pre_traces_trace_1_address0                       |   14|          3|    7|         21|
    |pre_traces_trace_1_address1                       |   14|          3|    7|         21|
    |pre_traces_trace_1_ce0                            |   14|          3|    1|          3|
    |pre_traces_trace_1_ce1                            |   14|          3|    1|          3|
    |pre_traces_trace_1_d1                             |   14|          3|    8|         24|
    |pre_traces_trace_1_we1                            |   14|          3|    1|          3|
    |pre_traces_trace_2_address0                       |   14|          3|    7|         21|
    |pre_traces_trace_2_address1                       |   14|          3|    7|         21|
    |pre_traces_trace_2_ce0                            |   14|          3|    1|          3|
    |pre_traces_trace_2_ce1                            |   14|          3|    1|          3|
    |pre_traces_trace_2_d1                             |   14|          3|    8|         24|
    |pre_traces_trace_2_we1                            |   14|          3|    1|          3|
    |pre_traces_trace_3_address0                       |   14|          3|    7|         21|
    |pre_traces_trace_3_address1                       |   14|          3|    7|         21|
    |pre_traces_trace_3_ce0                            |   14|          3|    1|          3|
    |pre_traces_trace_3_ce1                            |   14|          3|    1|          3|
    |pre_traces_trace_3_d1                             |   14|          3|    8|         24|
    |pre_traces_trace_3_we1                            |   14|          3|    1|          3|
    |s_axis_data_TREADY_int_regslice                   |    9|          2|    1|          2|
    |s_axis_spikes_TDATA_blk_n                         |    9|          2|    1|          2|
    |s_axis_weights_TDATA_blk_n                        |    9|          2|    1|          2|
    |snn_enable                                        |    9|          2|    1|          2|
    |snn_reset                                         |    9|          2|    1|          2|
    |spike_counter                                     |    9|          2|   32|         64|
    |spike_in_neuron_id                                |    9|          2|   10|         20|
    |spike_in_valid                                    |    9|          2|    1|          2|
    |spike_in_weight                                   |    9|          2|    8|         16|
    |spike_out_ready                                   |    9|          2|    1|          2|
    |t_fu_524                                          |    9|          2|   16|         32|
    |threshold_out                                     |    9|          2|   16|         32|
    |timestamp                                         |    9|          2|   32|         64|
    +--------------------------------------------------+-----+-----------+-----+-----------+
    |Total                                             | 4238|        891| 1468|       4964|
    +--------------------------------------------------+-----+-----------+-----+-----------+

    * Register: 
    +-----------------------------------------------------------------------------------+----+----+-----+-----------+
    |                                        Name                                       | FF | LUT| Bits| Const Bits|
    +-----------------------------------------------------------------------------------+----+----+-----+-----------+
    |and_ln828_reg_3022                                                                 |   1|   0|    1|          0|
    |ap_CS_fsm                                                                          |  36|   0|   36|          0|
    |apply_reward_reg_2814                                                              |   1|   0|    1|          0|
    |checkpoint_col                                                                     |  10|   0|   10|          0|
    |checkpoint_mode_reg_2835                                                           |   1|   0|    1|          0|
    |checkpoint_row                                                                     |   9|   0|    9|          0|
    |clear_counters_reg_2805                                                            |   1|   0|    1|          0|
    |col_cast_reg_2898                                                                  |   2|   0|    2|          0|
    |empty_62_fu_528                                                                    |   1|   0|    1|          0|
    |empty_64_reg_1248                                                                  |   8|   0|    8|          0|
    |empty_65_reg_1263                                                                  |  10|   0|   10|          0|
    |empty_66_reg_1278                                                                  |   1|   0|    1|          0|
    |enable_reg_2794                                                                    |   1|   0|    1|          0|
    |encoder_config_baseline_reg_2759                                                   |   8|   0|    8|          0|
    |encoder_config_default_weight_reg_2789                                             |   8|   0|    8|          0|
    |encoder_config_delta_decay_reg_2779                                                |  16|   0|   16|          0|
    |encoder_config_delta_threshold_reg_2774                                            |  16|   0|   16|          0|
    |encoder_config_encoding_type_reg_2749                                              |   4|   0|    4|          0|
    |encoder_config_latency_window_reg_2769                                             |  16|   0|   16|          0|
    |encoder_config_num_channels_reg_2784                                               |  16|   0|   16|          0|
    |encoder_config_rate_scale_reg_2764                                                 |  16|   0|   16|          0|
    |encoder_config_two_neuron_enable_reg_2754                                          |   1|   0|    1|          0|
    |encoder_enable_reg_2830                                                            |   1|   0|    1|          0|
    |encoder_frame_loaded                                                               |   1|   0|    1|          0|
    |encoder_frame_loaded_load_1_reg_3047                                               |   1|   0|    1|          0|
    |encoder_frame_loaded_load_reg_2942                                                 |   1|   0|    1|          0|
    |encoder_spike_counter                                                              |  32|   0|   32|          0|
    |grp_apply_rstdp_reward_fu_1581_ap_start_reg                                        |   1|   0|    1|          0|
    |grp_decay_eligibility_traces_fu_1619_ap_start_reg                                  |   1|   0|    1|          0|
    |grp_encoder_reset_temporal_state_fu_1293_ap_start_reg                              |   1|   0|    1|          0|
    |grp_process_post_spike_aer_fu_1527_ap_start_reg                                    |   1|   0|    1|          0|
    |grp_process_pre_spike_aer_fu_1473_ap_start_reg                                     |   1|   0|    1|          0|
    |grp_run_encoder_once_fu_1413_ap_start_reg                                          |   1|   0|    1|          0|
    |grp_snn_top_hls_Pipeline_INIT_WEIGHT_OUTER_INIT_WEIGHT_INNER_fu_1371_ap_start_reg  |   1|   0|    1|          0|
    |grp_snn_top_hls_Pipeline_LOAD_FRAME_fu_1391_ap_start_reg                           |   1|   0|    1|          0|
    |grp_snn_top_hls_Pipeline_RESET_ELIG_fu_1307_ap_start_reg                           |   1|   0|    1|          0|
    |grp_snn_top_hls_Pipeline_RESET_ENCODER_fu_1363_ap_start_reg                        |   1|   0|    1|          0|
    |grp_snn_top_hls_Pipeline_RESET_TRACES_fu_1327_ap_start_reg                         |   1|   0|    1|          0|
    |grp_snn_top_hls_Pipeline_WEIGHT_SUM_fu_1452_ap_start_reg                           |   1|   0|    1|          0|
    |in_pkt_data_2_reg_1239                                                             |  18|   0|   18|          0|
    |initialized                                                                        |   1|   0|    1|          0|
    |initialized_load_reg_2863                                                          |   1|   0|    1|          0|
    |last_mode                                                                          |   2|   0|    2|          0|
    |last_mode_loc_0_reg_1228                                                           |   2|   0|    2|          0|
    |latency_window_counter                                                             |  16|   0|   16|          0|
    |leak_rate_out_preg                                                                 |  16|   0|   16|          0|
    |leak_rate_reg_2858                                                                 |  16|   0|   16|          0|
    |learning_params_rstdp_enable_reg_2742                                              |   1|   0|    1|          0|
    |op_mode_reg_2823                                                                   |   2|   0|    2|          0|
    |or_ln713_reg_2870                                                                  |   1|   0|    1|          0|
    |or_ln891_reg_3035                                                                  |   1|   0|    1|          0|
    |or_ln897_reg_3031                                                                  |   1|   0|    1|          0|
    |p_ZL13weight_memory_0_0_addr_1_reg_2902                                            |  15|   0|   15|          0|
    |p_ZL13weight_memory_0_1_addr_1_reg_2907                                            |  15|   0|   15|          0|
    |p_ZL13weight_memory_0_2_addr_1_reg_2912                                            |  15|   0|   15|          0|
    |p_ZL13weight_memory_0_3_addr_1_reg_2917                                            |  15|   0|   15|          0|
    |p_ZL13weight_memory_1_0_addr_1_reg_2922                                            |  15|   0|   15|          0|
    |p_ZL13weight_memory_1_1_addr_1_reg_2927                                            |  15|   0|   15|          0|
    |p_ZL13weight_memory_1_2_addr_1_reg_2932                                            |  15|   0|   15|          0|
    |p_ZL13weight_memory_1_3_addr_1_reg_2937                                            |  15|   0|   15|          0|
    |p_ZL15pre_eligibility_0_addr_reg_3101                                              |   7|   0|    7|          0|
    |p_ZL15pre_eligibility_1_addr_reg_3107                                              |   7|   0|    7|          0|
    |p_ZL15pre_eligibility_2_addr_reg_3113                                              |   7|   0|    7|          0|
    |p_ZL15pre_eligibility_3_addr_reg_3119                                              |   7|   0|    7|          0|
    |p_ZL16post_eligibility_0_addr_reg_2998                                             |   7|   0|    7|          0|
    |p_ZL16post_eligibility_1_addr_reg_3004                                             |   7|   0|    7|          0|
    |p_ZL16post_eligibility_2_addr_reg_3010                                             |   7|   0|    7|          0|
    |p_ZL16post_eligibility_3_addr_reg_3016                                             |   7|   0|    7|          0|
    |p_phi15_fu_516                                                                     |  10|   0|   10|          0|
    |p_phi16_fu_512                                                                     |   1|   0|    1|          0|
    |p_phi17_fu_508                                                                     |   1|   0|    1|          0|
    |p_phi_fu_520                                                                       |   8|   0|    8|          0|
    |pre_id_reg_3075                                                                    |  10|   0|   10|          0|
    |reg_1666                                                                           |  32|   0|   32|          0|
    |reset_reg_2800                                                                     |   1|   0|    1|          0|
    |reward_signal_read_reg_2724                                                        |   8|   0|    8|          0|
    |select_ln902_reg_3220                                                              |   8|   0|    8|          0|
    |snn_busy_read_reg_2692                                                             |   1|   0|    1|          0|
    |snn_enable_preg                                                                    |   1|   0|    1|          0|
    |snn_ready_read_reg_2697                                                            |   1|   0|    1|          0|
    |snn_reset_preg                                                                     |   1|   0|    1|          0|
    |spike_counter                                                                      |  32|   0|   32|          0|
    |spike_in_neuron_id_preg                                                            |  10|   0|   10|          0|
    |spike_in_ready_read_reg_2719                                                       |   1|   0|    1|          0|
    |spike_in_valid_preg                                                                |   1|   0|    1|          0|
    |spike_in_weight_preg                                                               |   8|   0|    8|          0|
    |spike_out_neuron_id_read_reg_2707                                                  |  10|   0|   10|          0|
    |spike_out_ready_preg                                                               |   1|   0|    1|          0|
    |spike_out_valid_read_reg_2715                                                      |   1|   0|    1|          0|
    |spike_out_weight_read_reg_2702                                                     |   8|   0|    8|          0|
    |stdp_active_reg_2841                                                               |   1|   0|    1|          0|
    |t_2_reg_3042                                                                       |  16|   0|   16|          0|
    |t_fu_524                                                                           |  16|   0|   16|          0|
    |threshold_out_preg                                                                 |  16|   0|   16|          0|
    |threshold_reg_2853                                                                 |  16|   0|   16|          0|
    |time_steps_1_reg_2847                                                              |  16|   0|   16|          0|
    |timestamp                                                                          |  32|   0|   32|          0|
    |tmp_1_reg_3061                                                                     |   1|   0|    1|          0|
    |tmp_20_reg_2890                                                                    |   1|   0|    1|          0|
    |tmp_22_reg_3125                                                                    |   2|   0|    2|          0|
    |tmp_23_reg_3149                                                                    |   2|   0|    2|          0|
    |tmp_24_reg_3240                                                                    |   1|   0|    1|          0|
    |tmp_4_reg_2946                                                                     |   1|   0|    1|          0|
    |tmp_6_reg_3135                                                                     |   1|   0|    1|          0|
    |tmp_8_reg_3159                                                                     |   1|   0|    1|          0|
    |tmp_reg_2874                                                                       |   1|   0|    1|          0|
    |tmp_s_reg_3057                                                                     |   1|   0|    1|          0|
    |trunc_ln542_reg_3095                                                               |   2|   0|    2|          0|
    |trunc_ln543_reg_3130                                                               |   8|   0|    8|          0|
    |trunc_ln549_reg_2992                                                               |   2|   0|    2|          0|
    |trunc_ln550_reg_3154                                                               |   8|   0|    8|          0|
    |trunc_ln769_reg_2894                                                               |   1|   0|    1|          0|
    |trunc_ln848_1_reg_3080                                                             |   9|   0|    9|          0|
    |trunc_ln856_reg_3090                                                               |  16|   0|   16|          0|
    |trunc_ln885_reg_3144                                                               |  16|   0|   16|          0|
    |trunc_ln902_1_reg_3174                                                             |   2|   0|    2|          0|
    |trunc_ln902_reg_3169                                                               |   1|   0|    1|          0|
    |weight_load_mode_reg_2819                                                          |   1|   0|    1|          0|
    |weight_read_mode_reg_2809                                                          |   1|   0|    1|          0|
    |weight_reg_3085                                                                    |   8|   0|    8|          0|
    |weight_val_reg_2878                                                                |   8|   0|    8|          0|
    |xor_ln891_reg_3026                                                                 |   1|   0|    1|          0|
    |zext_ln901_reg_3225                                                                |   9|   0|   10|          1|
    +-----------------------------------------------------------------------------------+----+----+-----+-----------+
    |Total                                                                              | 858|   0|  859|          1|
    +-----------------------------------------------------------------------------------+----+----+-----+-----------+



================================================================
== Interface
================================================================
* Summary: 
+-----------------------+-----+-----+------------+-------------------------+--------------+
|       RTL Ports       | Dir | Bits|  Protocol  |      Source Object      |    C Type    |
+-----------------------+-----+-----+------------+-------------------------+--------------+
|s_axi_ctrl_AWVALID     |   in|    1|       s_axi|                     ctrl|        scalar|
|s_axi_ctrl_AWREADY     |  out|    1|       s_axi|                     ctrl|        scalar|
|s_axi_ctrl_AWADDR      |   in|    8|       s_axi|                     ctrl|        scalar|
|s_axi_ctrl_WVALID      |   in|    1|       s_axi|                     ctrl|        scalar|
|s_axi_ctrl_WREADY      |  out|    1|       s_axi|                     ctrl|        scalar|
|s_axi_ctrl_WDATA       |   in|   32|       s_axi|                     ctrl|        scalar|
|s_axi_ctrl_WSTRB       |   in|    4|       s_axi|                     ctrl|        scalar|
|s_axi_ctrl_ARVALID     |   in|    1|       s_axi|                     ctrl|        scalar|
|s_axi_ctrl_ARREADY     |  out|    1|       s_axi|                     ctrl|        scalar|
|s_axi_ctrl_ARADDR      |   in|    8|       s_axi|                     ctrl|        scalar|
|s_axi_ctrl_RVALID      |  out|    1|       s_axi|                     ctrl|        scalar|
|s_axi_ctrl_RREADY      |   in|    1|       s_axi|                     ctrl|        scalar|
|s_axi_ctrl_RDATA       |  out|   32|       s_axi|                     ctrl|        scalar|
|s_axi_ctrl_RRESP       |  out|    2|       s_axi|                     ctrl|        scalar|
|s_axi_ctrl_BVALID      |  out|    1|       s_axi|                     ctrl|        scalar|
|s_axi_ctrl_BREADY      |   in|    1|       s_axi|                     ctrl|        scalar|
|s_axi_ctrl_BRESP       |  out|    2|       s_axi|                     ctrl|        scalar|
|ap_clk                 |   in|    1|  ap_ctrl_hs|              snn_top_hls|  return value|
|ap_rst_n               |   in|    1|  ap_ctrl_hs|              snn_top_hls|  return value|
|interrupt              |  out|    1|  ap_ctrl_hs|              snn_top_hls|  return value|
|s_axis_spikes_TDATA    |   in|   32|        axis|   s_axis_spikes_V_data_V|       pointer|
|s_axis_spikes_TVALID   |   in|    1|        axis|   s_axis_spikes_V_dest_V|       pointer|
|s_axis_spikes_TREADY   |  out|    1|        axis|   s_axis_spikes_V_dest_V|       pointer|
|s_axis_spikes_TDEST    |   in|    1|        axis|   s_axis_spikes_V_dest_V|       pointer|
|s_axis_spikes_TKEEP    |   in|    4|        axis|   s_axis_spikes_V_keep_V|       pointer|
|s_axis_spikes_TSTRB    |   in|    4|        axis|   s_axis_spikes_V_strb_V|       pointer|
|s_axis_spikes_TUSER    |   in|    1|        axis|   s_axis_spikes_V_user_V|       pointer|
|s_axis_spikes_TLAST    |   in|    1|        axis|   s_axis_spikes_V_last_V|       pointer|
|s_axis_spikes_TID      |   in|    1|        axis|     s_axis_spikes_V_id_V|       pointer|
|s_axis_data_TDATA      |   in|   32|        axis|     s_axis_data_V_data_V|       pointer|
|s_axis_data_TVALID     |   in|    1|        axis|     s_axis_data_V_dest_V|       pointer|
|s_axis_data_TREADY     |  out|    1|        axis|     s_axis_data_V_dest_V|       pointer|
|s_axis_data_TDEST      |   in|    1|        axis|     s_axis_data_V_dest_V|       pointer|
|s_axis_data_TKEEP      |   in|    4|        axis|     s_axis_data_V_keep_V|       pointer|
|s_axis_data_TSTRB      |   in|    4|        axis|     s_axis_data_V_strb_V|       pointer|
|s_axis_data_TUSER      |   in|    1|        axis|     s_axis_data_V_user_V|       pointer|
|s_axis_data_TLAST      |   in|    1|        axis|     s_axis_data_V_last_V|       pointer|
|s_axis_data_TID        |   in|    1|        axis|       s_axis_data_V_id_V|       pointer|
|s_axis_weights_TDATA   |   in|   32|        axis|  s_axis_weights_V_data_V|       pointer|
|s_axis_weights_TVALID  |   in|    1|        axis|  s_axis_weights_V_dest_V|       pointer|
|s_axis_weights_TREADY  |  out|    1|        axis|  s_axis_weights_V_dest_V|       pointer|
|s_axis_weights_TDEST   |   in|    1|        axis|  s_axis_weights_V_dest_V|       pointer|
|s_axis_weights_TKEEP   |   in|    4|        axis|  s_axis_weights_V_keep_V|       pointer|
|s_axis_weights_TSTRB   |   in|    4|        axis|  s_axis_weights_V_strb_V|       pointer|
|s_axis_weights_TUSER   |   in|    1|        axis|  s_axis_weights_V_user_V|       pointer|
|s_axis_weights_TLAST   |   in|    1|        axis|  s_axis_weights_V_last_V|       pointer|
|s_axis_weights_TID     |   in|    1|        axis|    s_axis_weights_V_id_V|       pointer|
|m_axis_spikes_TDATA    |  out|   32|        axis|   m_axis_spikes_V_data_V|       pointer|
|m_axis_spikes_TVALID   |  out|    1|        axis|   m_axis_spikes_V_dest_V|       pointer|
|m_axis_spikes_TREADY   |   in|    1|        axis|   m_axis_spikes_V_dest_V|       pointer|
|m_axis_spikes_TDEST    |  out|    1|        axis|   m_axis_spikes_V_dest_V|       pointer|
|m_axis_spikes_TKEEP    |  out|    4|        axis|   m_axis_spikes_V_keep_V|       pointer|
|m_axis_spikes_TSTRB    |  out|    4|        axis|   m_axis_spikes_V_strb_V|       pointer|
|m_axis_spikes_TUSER    |  out|    1|        axis|   m_axis_spikes_V_user_V|       pointer|
|m_axis_spikes_TLAST    |  out|    1|        axis|   m_axis_spikes_V_last_V|       pointer|
|m_axis_spikes_TID      |  out|    1|        axis|     m_axis_spikes_V_id_V|       pointer|
|m_axis_weights_TDATA   |  out|   32|        axis|  m_axis_weights_V_data_V|       pointer|
|m_axis_weights_TVALID  |  out|    1|        axis|  m_axis_weights_V_dest_V|       pointer|
|m_axis_weights_TREADY  |   in|    1|        axis|  m_axis_weights_V_dest_V|       pointer|
|m_axis_weights_TDEST   |  out|    1|        axis|  m_axis_weights_V_dest_V|       pointer|
|m_axis_weights_TKEEP   |  out|    4|        axis|  m_axis_weights_V_keep_V|       pointer|
|m_axis_weights_TSTRB   |  out|    4|        axis|  m_axis_weights_V_strb_V|       pointer|
|m_axis_weights_TUSER   |  out|    1|        axis|  m_axis_weights_V_user_V|       pointer|
|m_axis_weights_TLAST   |  out|    1|        axis|  m_axis_weights_V_last_V|       pointer|
|m_axis_weights_TID     |  out|    1|        axis|    m_axis_weights_V_id_V|       pointer|
|spike_in_valid         |  out|    1|     ap_none|           spike_in_valid|       pointer|
|spike_in_neuron_id     |  out|   10|     ap_none|       spike_in_neuron_id|       pointer|
|spike_in_weight        |  out|    8|     ap_none|          spike_in_weight|       pointer|
|spike_in_ready         |   in|    1|     ap_none|           spike_in_ready|        scalar|
|spike_out_valid        |   in|    1|     ap_none|          spike_out_valid|        scalar|
|spike_out_neuron_id    |   in|   10|     ap_none|      spike_out_neuron_id|        scalar|
|spike_out_weight       |   in|    8|     ap_none|         spike_out_weight|        scalar|
|spike_out_ready        |  out|    1|     ap_none|          spike_out_ready|       pointer|
|snn_enable             |  out|    1|     ap_none|               snn_enable|       pointer|
|snn_reset              |  out|    1|     ap_none|                snn_reset|       pointer|
|threshold_out          |  out|   16|     ap_none|            threshold_out|       pointer|
|leak_rate_out          |  out|   16|     ap_none|            leak_rate_out|       pointer|
|snn_ready              |   in|    1|     ap_none|                snn_ready|        scalar|
|snn_busy               |   in|    1|     ap_none|                 snn_busy|        scalar|
+-----------------------+-----+-----+------------+-------------------------+--------------+

