

================================================================
== Vitis HLS Report for 'snn_top_hls_Pipeline_RESET_TRACES'
================================================================
* Date:           Thu Sep 17 15:27:04 2026

* Version:        2025.2 (Build 6295257 on Nov 14 2025)
* Project:        hls_output
* Solution:       hls (Vivado IP Flow Target)
* Product family: zynq
* Target device:  xc7z020-clg400-1


================================================================
== Performance Estimates
================================================================
+ Timing: 
    * Summary: 
    +--------+----------+----------+------------+
    |  Clock |  Target  | Estimated| Uncertainty|
    +--------+----------+----------+------------+
    |ap_clk  |  10.00 ns|  5.549 ns|     2.70 ns|
    +--------+----------+----------+------------+

+ Latency: 
    * Summary: 
    +---------+---------+-----------+-----------+-----+-----+-------------------+
    |  Latency (cycles) |   Latency (absolute)  |  Interval |      Pipeline     |
    |   min   |   max   |    min    |    max    | min | max |        Type       |
    +---------+---------+-----------+-----------+-----+-----+-------------------+
    |     1308|     1308|  13.080 us|  13.080 us|    0|    0|  loop pipeline stp|
    +---------+---------+-----------+-----------+-----+-----+-------------------+

    + Detail: 
        * Instance: 
        N/A

        * Loop: 
        +----------------+---------+---------+----------+-----------+-----------+------+----------+
        |                |  Latency (cycles) | Iteration|  Initiation Interval  | Trip |          |
        |    Loop Name   |   min   |   max   |  Latency |  achieved |   target  | Count| Pipelined|
        +----------------+---------+---------+----------+-----------+-----------+------+----------+
        |- RESET_TRACES  |     1306|     1306|         1|          1|          1|  1306|       yes|
        +----------------+---------+---------+----------+-----------+-----------+------+----------+



================================================================
== Utilization Estimates
================================================================
* Summary: 
+-----------------+---------+-----+--------+-------+-----+
|       Name      | BRAM_18K| DSP |   FF   |  LUT  | URAM|
+-----------------+---------+-----+--------+-------+-----+
|DSP              |        -|    -|       -|      -|    -|
|Expression       |        -|    -|       0|     24|    -|
|FIFO             |        -|    -|       -|      -|    -|
|Instance         |        -|    -|       -|      -|    -|
|Memory           |        -|    -|       -|      -|    -|
|Multiplexer      |        -|    -|       0|     27|    -|
|Register         |        -|    -|      13|      -|    -|
+-----------------+---------+-----+--------+-------+-----+
|Total            |        0|    0|      13|     51|    0|
+-----------------+---------+-----+--------+-------+-----+
|Available        |      280|  220|  106400|  53200|    0|
+-----------------+---------+-----+--------+-------+-----+
|Utilization (%)  |        0|    0|      ~0|     ~0|    0|
+-----------------+---------+-----+--------+-------+-----+

+ Detail: 
    * Instance: 
    N/A

    * DSP: 
    N/A

    * Memory: 
    N/A

    * FIFO: 
    N/A

    * Expression: 
    +---------------------+----------+----+---+----+------------+------------+
    |    Variable Name    | Operation| DSP| FF| LUT| Bitwidth P0| Bitwidth P1|
    +---------------------+----------+----+---+----+------------+------------+
    |add_ln790_fu_96_p2   |         +|   0|  0|  12|          11|           1|
    |icmp_ln790_fu_90_p2  |      icmp|   0|  0|  12|          11|          11|
    +---------------------+----------+----+---+----+------------+------------+
    |Total                |          |   0|  0|  24|          22|          12|
    +---------------------+----------+----+---+----+------------+------------+

    * Multiplexer: 
    +--------------------+----+-----------+-----+-----------+
    |        Name        | LUT| Input Size| Bits| Total Bits|
    +--------------------+----+-----------+-----+-----------+
    |ap_done_int         |   9|          2|    1|          2|
    |ap_sig_allocacmp_i  |   9|          2|   11|         22|
    |i_1_fu_42           |   9|          2|   11|         22|
    +--------------------+----+-----------+-----+-----------+
    |Total               |  27|          6|   23|         46|
    +--------------------+----+-----------+-----+-----------+

    * Register: 
    +-------------+----+----+-----+-----------+
    |     Name    | FF | LUT| Bits| Const Bits|
    +-------------+----+----+-----+-----------+
    |ap_CS_fsm    |   1|   0|    1|          0|
    |ap_done_reg  |   1|   0|    1|          0|
    |i_1_fu_42    |  11|   0|   11|          0|
    +-------------+----+----+-----+-----------+
    |Total        |  13|   0|   13|          0|
    +-------------+----+----+-----+-----------+



================================================================
== Interface
================================================================
* Summary: 
+----------------------+-----+-----+------------+-----------------------------------+--------------+
|       RTL Ports      | Dir | Bits|  Protocol  |           Source Object           |    C Type    |
+----------------------+-----+-----+------------+-----------------------------------+--------------+
|ap_clk                |   in|    1|  ap_ctrl_hs|  snn_top_hls_Pipeline_RESET_TRACES|  return value|
|ap_rst                |   in|    1|  ap_ctrl_hs|  snn_top_hls_Pipeline_RESET_TRACES|  return value|
|ap_start              |   in|    1|  ap_ctrl_hs|  snn_top_hls_Pipeline_RESET_TRACES|  return value|
|ap_done               |  out|    1|  ap_ctrl_hs|  snn_top_hls_Pipeline_RESET_TRACES|  return value|
|ap_idle               |  out|    1|  ap_ctrl_hs|  snn_top_hls_Pipeline_RESET_TRACES|  return value|
|ap_ready              |  out|    1|  ap_ctrl_hs|  snn_top_hls_Pipeline_RESET_TRACES|  return value|
|pre_traces_address1   |  out|   11|   ap_memory|                         pre_traces|         array|
|pre_traces_ce1        |  out|    1|   ap_memory|                         pre_traces|         array|
|pre_traces_we1        |  out|    1|   ap_memory|                         pre_traces|         array|
|pre_traces_d1         |  out|    8|   ap_memory|                         pre_traces|         array|
|post_traces_address1  |  out|   11|   ap_memory|                        post_traces|         array|
|post_traces_ce1       |  out|    1|   ap_memory|                        post_traces|         array|
|post_traces_we1       |  out|    1|   ap_memory|                        post_traces|         array|
|post_traces_d1        |  out|    8|   ap_memory|                        post_traces|         array|
+----------------------+-----+-----+------------+-----------------------------------+--------------+

