

================================================================
== Vitis HLS Report for 'snn_top_hls_Pipeline_VITIS_LOOP_147_4_VITIS_LOOP_148_5119'
================================================================
* Date:           Wed Sep 23 00:24:14 2026

* Version:        2025.2 (Build 6295257 on Nov 14 2025)
* Project:        hls_output
* Solution:       hls (Vivado IP Flow Target)
* Product family: zynq
* Target device:  xc7z020-clg400-1


================================================================
== Performance Estimates
================================================================
+ Timing: 
    * Summary: 
    +--------+----------+----------+------------+
    |  Clock |  Target  | Estimated| Uncertainty|
    +--------+----------+----------+------------+
    |ap_clk  |  10.00 ns|  7.276 ns|     2.70 ns|
    +--------+----------+----------+------------+

+ Latency: 
    * Summary: 
    +---------+---------+----------+----------+-----+-----+-------------------+
    |  Latency (cycles) |  Latency (absolute) |  Interval |      Pipeline     |
    |   min   |   max   |    min   |    max   | min | max |        Type       |
    +---------+---------+----------+----------+-----+-----+-------------------+
    |       14|       14|  0.140 us|  0.140 us|    0|    0|  loop pipeline stp|
    +---------+---------+----------+----------+-----+-----+-------------------+

    + Detail: 
        * Instance: 
        N/A

        * Loop: 
        +-------------------------------------+---------+---------+----------+-----------+-----------+------+----------+
        |                                     |  Latency (cycles) | Iteration|  Initiation Interval  | Trip |          |
        |              Loop Name              |   min   |   max   |  Latency |  achieved |   target  | Count| Pipelined|
        +-------------------------------------+---------+---------+----------+-----------+-----------+------+----------+
        |- VITIS_LOOP_147_4_VITIS_LOOP_148_5  |       12|       12|         5|          1|          1|     9|       yes|
        +-------------------------------------+---------+---------+----------+-----------+-----------+------+----------+



================================================================
== Utilization Estimates
================================================================
* Summary: 
+-----------------+---------+-----+--------+-------+-----+
|       Name      | BRAM_18K| DSP |   FF   |  LUT  | URAM|
+-----------------+---------+-----+--------+-------+-----+
|DSP              |        -|    -|       -|      -|    -|
|Expression       |        -|    -|       0|    202|    -|
|FIFO             |        -|    -|       -|      -|    -|
|Instance         |        -|    -|       -|      -|    -|
|Memory           |        0|    -|       8|      2|    -|
|Multiplexer      |        -|    -|       0|     63|    -|
|Register         |        -|    -|      75|      -|    -|
+-----------------+---------+-----+--------+-------+-----+
|Total            |        0|    0|      83|    267|    0|
+-----------------+---------+-----+--------+-------+-----+
|Available        |      280|  220|  106400|  53200|    0|
+-----------------+---------+-----+--------+-------+-----+
|Utilization (%)  |        0|    0|      ~0|     ~0|    0|
+-----------------+---------+-----+--------+-------+-----+

+ Detail: 
    * Instance: 
    N/A

    * DSP: 
    N/A

    * Memory: 
    +---------------------------+----------------------------------------------------------------------------------+---------+---+----+-----+------+-----+------+-------------+
    |           Memory          |                                      Module                                      | BRAM_18K| FF| LUT| URAM| Words| Bits| Banks| W*Bits*Banks|
    +---------------------------+----------------------------------------------------------------------------------+---------+---+----+-----+------+-----+------+-------------+
    |p_ZL13CONV2_WEIGHTS_7_7_U  |snn_top_hls_Pipeline_VITIS_LOOP_147_4_VITIS_LOOP_148_5119_p_ZL13CONV2_WEIGHTSb6t  |        0|  8|   2|    0|     9|    8|     1|           72|
    +---------------------------+----------------------------------------------------------------------------------+---------+---+----+-----+------+-----+------+-------------+
    |Total                      |                                                                                  |        0|  8|   2|    0|     9|    8|     1|           72|
    +---------------------------+----------------------------------------------------------------------------------+---------+---+----+-----+------+-----+------+-------------+

    * FIFO: 
    N/A

    * Expression: 
    +---------------------------------------+----------+----+---+----+------------+------------+
    |             Variable Name             | Operation| DSP| FF| LUT| Bitwidth P0| Bitwidth P1|
    +---------------------------------------+----------+----+---+----+------------+------------+
    |add_ln147_fu_164_p2                    |         +|   0|  0|  13|           4|           1|
    |add_ln148_fu_223_p2                    |         +|   0|  0|  11|           3|           1|
    |add_ln149_fu_247_p2                    |         +|   0|  0|  14|           6|           6|
    |add_ln150_fu_293_p2                    |         +|   0|  0|  13|           5|           5|
    |add_ln153_187_fu_201_p2                |         +|   0|  0|  11|           3|           1|
    |add_ln153_188_fu_323_p2                |         +|   0|  0|   7|           4|           4|
    |add_ln153_fu_195_p2                    |         +|   0|  0|  11|           3|           2|
    |add_ln156_fu_359_p2                    |         +|   0|  0|   8|           8|           8|
    |global_nid_fu_365_p2                   |         +|   0|  0|   8|           8|           8|
    |sub_ln151_fu_278_p2                    |         -|   0|  0|   7|           4|           4|
    |sub_ln152_fu_344_p2                    |         -|   0|  0|  15|           8|           8|
    |and_ln151_fu_314_p2                    |       and|   0|  0|   2|           1|           1|
    |ap_block_pp0_stage0_01001_grp1         |       and|   0|  0|   2|           1|           1|
    |ap_block_state5_pp0_stage0_iter4_grp1  |       and|   0|  0|   2|           1|           1|
    |ap_predicate_op76_write_state5         |       and|   0|  0|   2|           1|           1|
    |icmp_ln147_fu_158_p2                   |      icmp|   0|  0|  13|           4|           4|
    |icmp_ln148_fu_181_p2                   |      icmp|   0|  0|  11|           3|           2|
    |icmp_ln151_76_fu_308_p2                |      icmp|   0|  0|  13|           4|           3|
    |icmp_ln151_fu_284_p2                   |      icmp|   0|  0|  13|           5|           3|
    |icmp_ln154_fu_350_p2                   |      icmp|   0|  0|  15|           8|           1|
    |select_ln147_138_fu_239_p3             |    select|   0|  0|   3|           1|           3|
    |select_ln147_139_fu_207_p3             |    select|   0|  0|   3|           1|           3|
    |select_ln147_fu_187_p3                 |    select|   0|  0|   3|           1|           2|
    |ap_enable_pp0                          |       xor|   0|  0|   2|           1|           2|
    +---------------------------------------+----------+----+---+----+------------+------------+
    |Total                                  |          |   0|  0| 202|          88|          75|
    +---------------------------------------+----------+----+---+----+------------+------------+

    * Multiplexer: 
    +-----------------------------------------+----+-----------+-----+-----------+
    |                   Name                  | LUT| Input Size| Bits| Total Bits|
    +-----------------------------------------+----+-----------+-----+-----------+
    |ap_done_int                              |   9|          2|    1|          2|
    |ap_enable_reg_pp0_iter1                  |   9|          2|    1|          2|
    |ap_sig_allocacmp_indvar_flatten846_load  |   9|          2|    4|          8|
    |dx2_fu_80                                |   9|          2|    3|          6|
    |dy2_fu_84                                |   9|          2|    3|          6|
    |encoder_spikes_blk_n                     |   9|          2|    1|          2|
    |indvar_flatten846_fu_88                  |   9|          2|    4|          8|
    +-----------------------------------------+----+-----------+-----+-----------+
    |Total                                    |  63|         14|   17|         34|
    +-----------------------------------------+----+-----------+-----+-----------+

    * Register: 
    +-------------------------------------+---+----+-----+-----------+
    |                 Name                | FF| LUT| Bits| Const Bits|
    +-------------------------------------+---+----+-----+-----------+
    |add_ln148_reg_448                    |  3|   0|    3|          0|
    |add_ln153_187_reg_433                |  3|   0|    3|          0|
    |add_ln153_reg_428                    |  3|   0|    3|          0|
    |and_ln151_reg_464                    |  1|   0|    1|          0|
    |and_ln151_reg_464_pp0_iter3_reg      |  1|   0|    1|          0|
    |ap_CS_fsm                            |  1|   0|    1|          0|
    |ap_done_reg                          |  1|   0|    1|          0|
    |ap_enable_reg_pp0_iter1              |  1|   0|    1|          0|
    |ap_enable_reg_pp0_iter2              |  1|   0|    1|          0|
    |ap_enable_reg_pp0_iter3              |  1|   0|    1|          0|
    |ap_enable_reg_pp0_iter4              |  1|   0|    1|          0|
    |ap_loop_exit_ready_pp0_iter1_reg     |  1|   0|    1|          0|
    |ap_loop_exit_ready_pp0_iter2_reg     |  1|   0|    1|          0|
    |ap_loop_exit_ready_pp0_iter3_reg     |  1|   0|    1|          0|
    |dx2_fu_80                            |  3|   0|    3|          0|
    |dy2_fu_84                            |  3|   0|    3|          0|
    |icmp_ln148_reg_423                   |  1|   0|    1|          0|
    |icmp_ln154_reg_483                   |  1|   0|    1|          0|
    |indvar_flatten846_fu_88              |  4|   0|    4|          0|
    |px_2_cast_reg_409                    |  4|   0|    5|          1|
    |sext_ln137_1_cast_reg_414            |  6|   0|    6|          0|
    |sub_ln152_reg_473                    |  8|   0|    8|          0|
    |tmp_reg_453                          |  5|   0|    5|          0|
    |trunc_ln149_reg_438                  |  2|   0|    2|          0|
    |trunc_ln150_reg_443                  |  2|   0|    2|          0|
    |trunc_ln150_s_reg_459                |  4|   0|    4|          0|
    |trunc_ln150_s_reg_459_pp0_iter3_reg  |  4|   0|    4|          0|
    |wt_reg_478                           |  8|   0|    8|          0|
    +-------------------------------------+---+----+-----+-----------+
    |Total                                | 75|   0|   76|          1|
    +-------------------------------------+---+----+-----+-----------+



================================================================
== Interface
================================================================
* Summary: 
+-----------------------+-----+-----+------------+-----------------------------------------------------------+--------------+
|       RTL Ports       | Dir | Bits|  Protocol  |                       Source Object                       |    C Type    |
+-----------------------+-----+-----+------------+-----------------------------------------------------------+--------------+
|ap_clk                 |   in|    1|  ap_ctrl_hs|  snn_top_hls_Pipeline_VITIS_LOOP_147_4_VITIS_LOOP_148_5119|  return value|
|ap_rst                 |   in|    1|  ap_ctrl_hs|  snn_top_hls_Pipeline_VITIS_LOOP_147_4_VITIS_LOOP_148_5119|  return value|
|ap_start               |   in|    1|  ap_ctrl_hs|  snn_top_hls_Pipeline_VITIS_LOOP_147_4_VITIS_LOOP_148_5119|  return value|
|ap_done                |  out|    1|  ap_ctrl_hs|  snn_top_hls_Pipeline_VITIS_LOOP_147_4_VITIS_LOOP_148_5119|  return value|
|ap_idle                |  out|    1|  ap_ctrl_hs|  snn_top_hls_Pipeline_VITIS_LOOP_147_4_VITIS_LOOP_148_5119|  return value|
|ap_ready               |  out|    1|  ap_ctrl_hs|  snn_top_hls_Pipeline_VITIS_LOOP_147_4_VITIS_LOOP_148_5119|  return value|
|encoder_spikes_din     |  out|   41|     ap_fifo|                                             encoder_spikes|       pointer|
|encoder_spikes_full_n  |   in|    1|     ap_fifo|                                             encoder_spikes|       pointer|
|encoder_spikes_write   |  out|    1|     ap_fifo|                                             encoder_spikes|       pointer|
|sext_ln137_1           |   in|    5|     ap_none|                                               sext_ln137_1|        scalar|
|px_2                   |   in|    4|     ap_none|                                                       px_2|        scalar|
+-----------------------+-----+-----+------------+-----------------------------------------------------------+--------------+

