

================================================================
== Vitis HLS Report for 'snn_top_hls_Pipeline_VITIS_LOOP_147_4_VITIS_LOOP_148_532'
================================================================
* Date:           Wed Sep 23 00:24:00 2026

* Version:        2025.2 (Build 6295257 on Nov 14 2025)
* Project:        hls_output
* Solution:       hls (Vivado IP Flow Target)
* Product family: zynq
* Target device:  xc7z020-clg400-1


================================================================
== Performance Estimates
================================================================
+ Timing: 
    * Summary: 
    +--------+----------+----------+------------+
    |  Clock |  Target  | Estimated| Uncertainty|
    +--------+----------+----------+------------+
    |ap_clk  |  10.00 ns|  6.618 ns|     2.70 ns|
    +--------+----------+----------+------------+

+ Latency: 
    * Summary: 
    +---------+---------+----------+----------+-----+-----+-------------------+
    |  Latency (cycles) |  Latency (absolute) |  Interval |      Pipeline     |
    |   min   |   max   |    min   |    max   | min | max |        Type       |
    +---------+---------+----------+----------+-----+-----+-------------------+
    |       13|       13|  0.130 us|  0.130 us|    0|    0|  loop pipeline stp|
    +---------+---------+----------+----------+-----+-----+-------------------+

    + Detail: 
        * Instance: 
        N/A

        * Loop: 
        +-------------------------------------+---------+---------+----------+-----------+-----------+------+----------+
        |                                     |  Latency (cycles) | Iteration|  Initiation Interval  | Trip |          |
        |              Loop Name              |   min   |   max   |  Latency |  achieved |   target  | Count| Pipelined|
        +-------------------------------------+---------+---------+----------+-----------+-----------+------+----------+
        |- VITIS_LOOP_147_4_VITIS_LOOP_148_5  |       11|       11|         4|          1|          1|     9|       yes|
        +-------------------------------------+---------+---------+----------+-----------+-----------+------+----------+



================================================================
== Utilization Estimates
================================================================
* Summary: 
+-----------------+---------+-----+--------+-------+-----+
|       Name      | BRAM_18K| DSP |   FF   |  LUT  | URAM|
+-----------------+---------+-----+--------+-------+-----+
|DSP              |        -|    -|       -|      -|    -|
|Expression       |        -|    -|       0|    186|    -|
|FIFO             |        -|    -|       -|      -|    -|
|Instance         |        -|    -|       -|      -|    -|
|Memory           |        0|    -|       6|      1|    -|
|Multiplexer      |        -|    -|       0|     63|    -|
|Register         |        -|    -|      50|      -|    -|
+-----------------+---------+-----+--------+-------+-----+
|Total            |        0|    0|      56|    250|    0|
+-----------------+---------+-----+--------+-------+-----+
|Available        |      280|  220|  106400|  53200|    0|
+-----------------+---------+-----+--------+-------+-----+
|Utilization (%)  |        0|    0|      ~0|     ~0|    0|
+-----------------+---------+-----+--------+-------+-----+

+ Detail: 
    * Instance: 
    N/A

    * DSP: 
    N/A

    * Memory: 
    +---------------------------+----------------------------------------------------------------------------------+---------+---+----+-----+------+-----+------+-------------+
    |           Memory          |                                      Module                                      | BRAM_18K| FF| LUT| URAM| Words| Bits| Banks| W*Bits*Banks|
    +---------------------------+----------------------------------------------------------------------------------+---------+---+----+-----+------+-----+------+-------------+
    |p_ZL13CONV2_WEIGHTS_0_2_U  |snn_top_hls_Pipeline_VITIS_LOOP_147_4_VITIS_LOOP_148_532_p_ZL13CONV2_WEIGHTS_Hfu  |        0|  6|   1|    0|     9|    6|     1|           54|
    +---------------------------+----------------------------------------------------------------------------------+---------+---+----+-----+------+-----+------+-------------+
    |Total                      |                                                                                  |        0|  6|   1|    0|     9|    6|     1|           54|
    +---------------------------+----------------------------------------------------------------------------------+---------+---+----+-----+------+-----+------+-------------+

    * FIFO: 
    N/A

    * Expression: 
    +---------------------------------------+----------+----+---+----+------------+------------+
    |             Variable Name             | Operation| DSP| FF| LUT| Bitwidth P0| Bitwidth P1|
    +---------------------------------------+----------+----+---+----+------------+------------+
    |add_ln147_fu_160_p2                    |         +|   0|  0|  13|           4|           1|
    |add_ln148_fu_219_p2                    |         +|   0|  0|  11|           3|           1|
    |add_ln149_fu_243_p2                    |         +|   0|  0|  14|           6|           6|
    |add_ln150_fu_307_p2                    |         +|   0|  0|  13|           5|           5|
    |add_ln153_147_fu_197_p2                |         +|   0|  0|  11|           3|           1|
    |add_ln153_148_fu_341_p2                |         +|   0|  0|   7|           4|           4|
    |add_ln153_fu_191_p2                    |         +|   0|  0|  11|           3|           2|
    |global_nid_fu_352_p2                   |         +|   0|  0|  15|           8|           8|
    |sub_ln151_fu_292_p2                    |         -|   0|  0|   7|           4|           4|
    |sub_ln156_fu_270_p2                    |         -|   0|  0|  15|           8|           8|
    |and_ln151_fu_332_p2                    |       and|   0|  0|   2|           1|           1|
    |ap_block_pp0_stage0_01001_grp1         |       and|   0|  0|   2|           1|           1|
    |ap_block_state4_pp0_stage0_iter3_grp1  |       and|   0|  0|   2|           1|           1|
    |ap_predicate_op73_write_state4         |       and|   0|  0|   2|           1|           1|
    |icmp_ln147_fu_154_p2                   |      icmp|   0|  0|  13|           4|           4|
    |icmp_ln148_fu_177_p2                   |      icmp|   0|  0|  11|           3|           2|
    |icmp_ln151_64_fu_298_p2                |      icmp|   0|  0|  13|           5|           3|
    |icmp_ln151_66_fu_326_p2                |      icmp|   0|  0|  13|           4|           3|
    |select_ln147_96_fu_183_p3              |    select|   0|  0|   3|           1|           2|
    |select_ln147_97_fu_235_p3              |    select|   0|  0|   3|           1|           3|
    |select_ln147_98_fu_203_p3              |    select|   0|  0|   3|           1|           3|
    |ap_enable_pp0                          |       xor|   0|  0|   2|           1|           2|
    +---------------------------------------+----------+----+---+----+------------+------------+
    |Total                                  |          |   0|  0| 186|          72|          66|
    +---------------------------------------+----------+----+---+----+------------+------------+

    * Multiplexer: 
    +-----------------------------------------+----+-----------+-----+-----------+
    |                   Name                  | LUT| Input Size| Bits| Total Bits|
    +-----------------------------------------+----+-----------+-----+-----------+
    |ap_done_int                              |   9|          2|    1|          2|
    |ap_enable_reg_pp0_iter1                  |   9|          2|    1|          2|
    |ap_sig_allocacmp_indvar_flatten237_load  |   9|          2|    4|          8|
    |dx2_fu_76                                |   9|          2|    3|          6|
    |dy2_fu_80                                |   9|          2|    3|          6|
    |encoder_spikes_blk_n                     |   9|          2|    1|          2|
    |indvar_flatten237_fu_84                  |   9|          2|    4|          8|
    +-----------------------------------------+----+-----------+-----+-----------+
    |Total                                    |  63|         14|   17|         34|
    +-----------------------------------------+----+-----------+-----+-----------+

    * Register: 
    +----------------------------------+---+----+-----+-----------+
    |               Name               | FF| LUT| Bits| Const Bits|
    +----------------------------------+---+----+-----+-----------+
    |add_ln148_reg_440                 |  3|   0|    3|          0|
    |add_ln153_147_reg_425             |  3|   0|    3|          0|
    |add_ln153_reg_420                 |  3|   0|    3|          0|
    |and_ln151_reg_445                 |  1|   0|    1|          0|
    |ap_CS_fsm                         |  1|   0|    1|          0|
    |ap_done_reg                       |  1|   0|    1|          0|
    |ap_enable_reg_pp0_iter1           |  1|   0|    1|          0|
    |ap_enable_reg_pp0_iter2           |  1|   0|    1|          0|
    |ap_enable_reg_pp0_iter3           |  1|   0|    1|          0|
    |ap_loop_exit_ready_pp0_iter1_reg  |  1|   0|    1|          0|
    |ap_loop_exit_ready_pp0_iter2_reg  |  1|   0|    1|          0|
    |dx2_fu_76                         |  3|   0|    3|          0|
    |dy2_fu_80                         |  3|   0|    3|          0|
    |global_nid_reg_454                |  8|   0|    8|          0|
    |icmp_ln148_reg_415                |  1|   0|    1|          0|
    |indvar_flatten237_fu_84           |  4|   0|    4|          0|
    |px_2_cast_reg_401                 |  4|   0|    5|          1|
    |sext_ln137_1_cast_reg_406         |  6|   0|    6|          0|
    |trunc_ln149_reg_430               |  2|   0|    2|          0|
    |trunc_ln150_reg_435               |  2|   0|    2|          0|
    +----------------------------------+---+----+-----+-----------+
    |Total                             | 50|   0|   51|          1|
    +----------------------------------+---+----+-----+-----------+



================================================================
== Interface
================================================================
* Summary: 
+-----------------------+-----+-----+------------+----------------------------------------------------------+--------------+
|       RTL Ports       | Dir | Bits|  Protocol  |                       Source Object                      |    C Type    |
+-----------------------+-----+-----+------------+----------------------------------------------------------+--------------+
|ap_clk                 |   in|    1|  ap_ctrl_hs|  snn_top_hls_Pipeline_VITIS_LOOP_147_4_VITIS_LOOP_148_532|  return value|
|ap_rst                 |   in|    1|  ap_ctrl_hs|  snn_top_hls_Pipeline_VITIS_LOOP_147_4_VITIS_LOOP_148_532|  return value|
|ap_start               |   in|    1|  ap_ctrl_hs|  snn_top_hls_Pipeline_VITIS_LOOP_147_4_VITIS_LOOP_148_532|  return value|
|ap_done                |  out|    1|  ap_ctrl_hs|  snn_top_hls_Pipeline_VITIS_LOOP_147_4_VITIS_LOOP_148_532|  return value|
|ap_idle                |  out|    1|  ap_ctrl_hs|  snn_top_hls_Pipeline_VITIS_LOOP_147_4_VITIS_LOOP_148_532|  return value|
|ap_ready               |  out|    1|  ap_ctrl_hs|  snn_top_hls_Pipeline_VITIS_LOOP_147_4_VITIS_LOOP_148_532|  return value|
|encoder_spikes_din     |  out|   41|     ap_fifo|                                            encoder_spikes|       pointer|
|encoder_spikes_full_n  |   in|    1|     ap_fifo|                                            encoder_spikes|       pointer|
|encoder_spikes_write   |  out|    1|     ap_fifo|                                            encoder_spikes|       pointer|
|sext_ln137_1           |   in|    5|     ap_none|                                              sext_ln137_1|        scalar|
|px_2                   |   in|    4|     ap_none|                                                      px_2|        scalar|
+-----------------------+-----+-----+------------+----------------------------------------------------------+--------------+

