

================================================================
== Vitis HLS Report for 'snn_top_hls_Pipeline_VITIS_LOOP_70_1'
================================================================
* Date:           Wed Sep 23 19:58:27 2026

* Version:        2025.2 (Build 6295257 on Nov 14 2025)
* Project:        hls_output
* Solution:       hls (Vivado IP Flow Target)
* Product family: zynq
* Target device:  xc7z020-clg400-1


================================================================
== Performance Estimates
================================================================
+ Timing: 
    * Summary: 
    +--------+----------+----------+------------+
    |  Clock |  Target  | Estimated| Uncertainty|
    +--------+----------+----------+------------+
    |ap_clk  |  10.00 ns|  5.475 ns|     2.70 ns|
    +--------+----------+----------+------------+

+ Latency: 
    * Summary: 
    +---------+---------+-----------+-----------+-----+-----+-------------------+
    |  Latency (cycles) |   Latency (absolute)  |  Interval |      Pipeline     |
    |   min   |   max   |    min    |    max    | min | max |        Type       |
    +---------+---------+-----------+-----------+-----+-----+-------------------+
    |        4|        4|  40.000 ns|  40.000 ns|    0|    0|  loop pipeline stp|
    +---------+---------+-----------+-----------+-----+-----+-------------------+

    + Detail: 
        * Instance: 
        N/A

        * Loop: 
        +-------------------+---------+---------+----------+-----------+-----------+------+----------+
        |                   |  Latency (cycles) | Iteration|  Initiation Interval  | Trip |          |
        |     Loop Name     |   min   |   max   |  Latency |  achieved |   target  | Count| Pipelined|
        +-------------------+---------+---------+----------+-----------+-----------+------+----------+
        |- VITIS_LOOP_70_1  |        2|        2|         1|          1|          1|     2|       yes|
        +-------------------+---------+---------+----------+-----------+-----------+------+----------+



================================================================
== Utilization Estimates
================================================================
* Summary: 
+-----------------+---------+-----+--------+-------+-----+
|       Name      | BRAM_18K| DSP |   FF   |  LUT  | URAM|
+-----------------+---------+-----+--------+-------+-----+
|DSP              |        -|    -|       -|      -|    -|
|Expression       |        -|    -|       0|     21|    -|
|FIFO             |        -|    -|       -|      -|    -|
|Instance         |        -|    -|       -|      -|    -|
|Memory           |        -|    -|       -|      -|    -|
|Multiplexer      |        -|    -|       0|     27|    -|
|Register         |        -|    -|       4|      -|    -|
+-----------------+---------+-----+--------+-------+-----+
|Total            |        0|    0|       4|     48|    0|
+-----------------+---------+-----+--------+-------+-----+
|Available        |      280|  220|  106400|  53200|    0|
+-----------------+---------+-----+--------+-------+-----+
|Utilization (%)  |        0|    0|      ~0|     ~0|    0|
+-----------------+---------+-----+--------+-------+-----+

+ Detail: 
    * Instance: 
    N/A

    * DSP: 
    N/A

    * Memory: 
    N/A

    * FIFO: 
    N/A

    * Expression: 
    +---------------------+----------+----+---+----+------------+------------+
    |    Variable Name    | Operation| DSP| FF| LUT| Bitwidth P0| Bitwidth P1|
    +---------------------+----------+----+---+----+------------+------------+
    |add_ln70_fu_494_p2   |         +|   0|  0|  10|           2|           1|
    |icmp_ln70_fu_488_p2  |      icmp|   0|  0|  11|           2|           3|
    +---------------------+----------+----+---+----+------------+------------+
    |Total                |          |   0|  0|  21|           4|           4|
    +---------------------+----------+----+---+----+------------+------------+

    * Multiplexer: 
    +----------------------+----+-----------+-----+-----------+
    |         Name         | LUT| Input Size| Bits| Total Bits|
    +----------------------+----+-----------+-----+-----------+
    |ap_done_int           |   9|          2|    1|          2|
    |ap_sig_allocacmp_r_2  |   9|          2|    2|          4|
    |r_fu_84               |   9|          2|    2|          4|
    +----------------------+----+-----------+-----+-----------+
    |Total                 |  27|          6|    5|         10|
    +----------------------+----+-----------+-----+-----------+

    * Register: 
    +-------------+---+----+-----+-----------+
    |     Name    | FF| LUT| Bits| Const Bits|
    +-------------+---+----+-----+-----------+
    |ap_CS_fsm    |  1|   0|    1|          0|
    |ap_done_reg  |  1|   0|    1|          0|
    |r_fu_84      |  2|   0|    2|          0|
    +-------------+---+----+-----+-----------+
    |Total        |  4|   0|    4|          0|
    +-------------+---+----+-----+-----------+



================================================================
== Interface
================================================================
* Summary: 
+--------------------------------+-----+-----+------------+--------------------------------------+--------------+
|            RTL Ports           | Dir | Bits|  Protocol  |             Source Object            |    C Type    |
+--------------------------------+-----+-----+------------+--------------------------------------+--------------+
|ap_clk                          |   in|    1|  ap_ctrl_hs|  snn_top_hls_Pipeline_VITIS_LOOP_70_1|  return value|
|ap_rst                          |   in|    1|  ap_ctrl_hs|  snn_top_hls_Pipeline_VITIS_LOOP_70_1|  return value|
|ap_start                        |   in|    1|  ap_ctrl_hs|  snn_top_hls_Pipeline_VITIS_LOOP_70_1|  return value|
|ap_done                         |  out|    1|  ap_ctrl_hs|  snn_top_hls_Pipeline_VITIS_LOOP_70_1|  return value|
|ap_idle                         |  out|    1|  ap_ctrl_hs|  snn_top_hls_Pipeline_VITIS_LOOP_70_1|  return value|
|ap_ready                        |  out|    1|  ap_ctrl_hs|  snn_top_hls_Pipeline_VITIS_LOOP_70_1|  return value|
|p_ZL12cnn_line_buf_0_address0   |  out|    1|   ap_memory|                  p_ZL12cnn_line_buf_0|         array|
|p_ZL12cnn_line_buf_0_ce0        |  out|    1|   ap_memory|                  p_ZL12cnn_line_buf_0|         array|
|p_ZL12cnn_line_buf_0_we0        |  out|    1|   ap_memory|                  p_ZL12cnn_line_buf_0|         array|
|p_ZL12cnn_line_buf_0_d0         |  out|   16|   ap_memory|                  p_ZL12cnn_line_buf_0|         array|
|p_ZL12cnn_line_buf_1_address0   |  out|    1|   ap_memory|                  p_ZL12cnn_line_buf_1|         array|
|p_ZL12cnn_line_buf_1_ce0        |  out|    1|   ap_memory|                  p_ZL12cnn_line_buf_1|         array|
|p_ZL12cnn_line_buf_1_we0        |  out|    1|   ap_memory|                  p_ZL12cnn_line_buf_1|         array|
|p_ZL12cnn_line_buf_1_d0         |  out|   16|   ap_memory|                  p_ZL12cnn_line_buf_1|         array|
|p_ZL12cnn_line_buf_2_address0   |  out|    1|   ap_memory|                  p_ZL12cnn_line_buf_2|         array|
|p_ZL12cnn_line_buf_2_ce0        |  out|    1|   ap_memory|                  p_ZL12cnn_line_buf_2|         array|
|p_ZL12cnn_line_buf_2_we0        |  out|    1|   ap_memory|                  p_ZL12cnn_line_buf_2|         array|
|p_ZL12cnn_line_buf_2_d0         |  out|   16|   ap_memory|                  p_ZL12cnn_line_buf_2|         array|
|p_ZL12cnn_line_buf_3_address0   |  out|    1|   ap_memory|                  p_ZL12cnn_line_buf_3|         array|
|p_ZL12cnn_line_buf_3_ce0        |  out|    1|   ap_memory|                  p_ZL12cnn_line_buf_3|         array|
|p_ZL12cnn_line_buf_3_we0        |  out|    1|   ap_memory|                  p_ZL12cnn_line_buf_3|         array|
|p_ZL12cnn_line_buf_3_d0         |  out|   16|   ap_memory|                  p_ZL12cnn_line_buf_3|         array|
|p_ZL12cnn_line_buf_4_address0   |  out|    1|   ap_memory|                  p_ZL12cnn_line_buf_4|         array|
|p_ZL12cnn_line_buf_4_ce0        |  out|    1|   ap_memory|                  p_ZL12cnn_line_buf_4|         array|
|p_ZL12cnn_line_buf_4_we0        |  out|    1|   ap_memory|                  p_ZL12cnn_line_buf_4|         array|
|p_ZL12cnn_line_buf_4_d0         |  out|   16|   ap_memory|                  p_ZL12cnn_line_buf_4|         array|
|p_ZL12cnn_line_buf_5_address0   |  out|    1|   ap_memory|                  p_ZL12cnn_line_buf_5|         array|
|p_ZL12cnn_line_buf_5_ce0        |  out|    1|   ap_memory|                  p_ZL12cnn_line_buf_5|         array|
|p_ZL12cnn_line_buf_5_we0        |  out|    1|   ap_memory|                  p_ZL12cnn_line_buf_5|         array|
|p_ZL12cnn_line_buf_5_d0         |  out|   16|   ap_memory|                  p_ZL12cnn_line_buf_5|         array|
|p_ZL12cnn_line_buf_6_address0   |  out|    1|   ap_memory|                  p_ZL12cnn_line_buf_6|         array|
|p_ZL12cnn_line_buf_6_ce0        |  out|    1|   ap_memory|                  p_ZL12cnn_line_buf_6|         array|
|p_ZL12cnn_line_buf_6_we0        |  out|    1|   ap_memory|                  p_ZL12cnn_line_buf_6|         array|
|p_ZL12cnn_line_buf_6_d0         |  out|   16|   ap_memory|                  p_ZL12cnn_line_buf_6|         array|
|p_ZL12cnn_line_buf_7_address0   |  out|    1|   ap_memory|                  p_ZL12cnn_line_buf_7|         array|
|p_ZL12cnn_line_buf_7_ce0        |  out|    1|   ap_memory|                  p_ZL12cnn_line_buf_7|         array|
|p_ZL12cnn_line_buf_7_we0        |  out|    1|   ap_memory|                  p_ZL12cnn_line_buf_7|         array|
|p_ZL12cnn_line_buf_7_d0         |  out|   16|   ap_memory|                  p_ZL12cnn_line_buf_7|         array|
|p_ZL12cnn_line_buf_8_address0   |  out|    1|   ap_memory|                  p_ZL12cnn_line_buf_8|         array|
|p_ZL12cnn_line_buf_8_ce0        |  out|    1|   ap_memory|                  p_ZL12cnn_line_buf_8|         array|
|p_ZL12cnn_line_buf_8_we0        |  out|    1|   ap_memory|                  p_ZL12cnn_line_buf_8|         array|
|p_ZL12cnn_line_buf_8_d0         |  out|   16|   ap_memory|                  p_ZL12cnn_line_buf_8|         array|
|p_ZL12cnn_line_buf_9_address0   |  out|    1|   ap_memory|                  p_ZL12cnn_line_buf_9|         array|
|p_ZL12cnn_line_buf_9_ce0        |  out|    1|   ap_memory|                  p_ZL12cnn_line_buf_9|         array|
|p_ZL12cnn_line_buf_9_we0        |  out|    1|   ap_memory|                  p_ZL12cnn_line_buf_9|         array|
|p_ZL12cnn_line_buf_9_d0         |  out|   16|   ap_memory|                  p_ZL12cnn_line_buf_9|         array|
|p_ZL12cnn_line_buf_10_address0  |  out|    1|   ap_memory|                 p_ZL12cnn_line_buf_10|         array|
|p_ZL12cnn_line_buf_10_ce0       |  out|    1|   ap_memory|                 p_ZL12cnn_line_buf_10|         array|
|p_ZL12cnn_line_buf_10_we0       |  out|    1|   ap_memory|                 p_ZL12cnn_line_buf_10|         array|
|p_ZL12cnn_line_buf_10_d0        |  out|   16|   ap_memory|                 p_ZL12cnn_line_buf_10|         array|
|p_ZL12cnn_line_buf_11_address0  |  out|    1|   ap_memory|                 p_ZL12cnn_line_buf_11|         array|
|p_ZL12cnn_line_buf_11_ce0       |  out|    1|   ap_memory|                 p_ZL12cnn_line_buf_11|         array|
|p_ZL12cnn_line_buf_11_we0       |  out|    1|   ap_memory|                 p_ZL12cnn_line_buf_11|         array|
|p_ZL12cnn_line_buf_11_d0        |  out|   16|   ap_memory|                 p_ZL12cnn_line_buf_11|         array|
|p_ZL12cnn_line_buf_12_address0  |  out|    1|   ap_memory|                 p_ZL12cnn_line_buf_12|         array|
|p_ZL12cnn_line_buf_12_ce0       |  out|    1|   ap_memory|                 p_ZL12cnn_line_buf_12|         array|
|p_ZL12cnn_line_buf_12_we0       |  out|    1|   ap_memory|                 p_ZL12cnn_line_buf_12|         array|
|p_ZL12cnn_line_buf_12_d0        |  out|   16|   ap_memory|                 p_ZL12cnn_line_buf_12|         array|
|p_ZL12cnn_line_buf_13_address0  |  out|    1|   ap_memory|                 p_ZL12cnn_line_buf_13|         array|
|p_ZL12cnn_line_buf_13_ce0       |  out|    1|   ap_memory|                 p_ZL12cnn_line_buf_13|         array|
|p_ZL12cnn_line_buf_13_we0       |  out|    1|   ap_memory|                 p_ZL12cnn_line_buf_13|         array|
|p_ZL12cnn_line_buf_13_d0        |  out|   16|   ap_memory|                 p_ZL12cnn_line_buf_13|         array|
|p_ZL12cnn_line_buf_14_address0  |  out|    1|   ap_memory|                 p_ZL12cnn_line_buf_14|         array|
|p_ZL12cnn_line_buf_14_ce0       |  out|    1|   ap_memory|                 p_ZL12cnn_line_buf_14|         array|
|p_ZL12cnn_line_buf_14_we0       |  out|    1|   ap_memory|                 p_ZL12cnn_line_buf_14|         array|
|p_ZL12cnn_line_buf_14_d0        |  out|   16|   ap_memory|                 p_ZL12cnn_line_buf_14|         array|
|p_ZL12cnn_line_buf_15_address0  |  out|    1|   ap_memory|                 p_ZL12cnn_line_buf_15|         array|
|p_ZL12cnn_line_buf_15_ce0       |  out|    1|   ap_memory|                 p_ZL12cnn_line_buf_15|         array|
|p_ZL12cnn_line_buf_15_we0       |  out|    1|   ap_memory|                 p_ZL12cnn_line_buf_15|         array|
|p_ZL12cnn_line_buf_15_d0        |  out|   16|   ap_memory|                 p_ZL12cnn_line_buf_15|         array|
|p_ZL12cnn_line_buf_16_address0  |  out|    1|   ap_memory|                 p_ZL12cnn_line_buf_16|         array|
|p_ZL12cnn_line_buf_16_ce0       |  out|    1|   ap_memory|                 p_ZL12cnn_line_buf_16|         array|
|p_ZL12cnn_line_buf_16_we0       |  out|    1|   ap_memory|                 p_ZL12cnn_line_buf_16|         array|
|p_ZL12cnn_line_buf_16_d0        |  out|   16|   ap_memory|                 p_ZL12cnn_line_buf_16|         array|
|p_ZL12cnn_line_buf_17_address0  |  out|    1|   ap_memory|                 p_ZL12cnn_line_buf_17|         array|
|p_ZL12cnn_line_buf_17_ce0       |  out|    1|   ap_memory|                 p_ZL12cnn_line_buf_17|         array|
|p_ZL12cnn_line_buf_17_we0       |  out|    1|   ap_memory|                 p_ZL12cnn_line_buf_17|         array|
|p_ZL12cnn_line_buf_17_d0        |  out|   16|   ap_memory|                 p_ZL12cnn_line_buf_17|         array|
|p_ZL12cnn_line_buf_18_address0  |  out|    1|   ap_memory|                 p_ZL12cnn_line_buf_18|         array|
|p_ZL12cnn_line_buf_18_ce0       |  out|    1|   ap_memory|                 p_ZL12cnn_line_buf_18|         array|
|p_ZL12cnn_line_buf_18_we0       |  out|    1|   ap_memory|                 p_ZL12cnn_line_buf_18|         array|
|p_ZL12cnn_line_buf_18_d0        |  out|   16|   ap_memory|                 p_ZL12cnn_line_buf_18|         array|
|p_ZL12cnn_line_buf_19_address0  |  out|    1|   ap_memory|                 p_ZL12cnn_line_buf_19|         array|
|p_ZL12cnn_line_buf_19_ce0       |  out|    1|   ap_memory|                 p_ZL12cnn_line_buf_19|         array|
|p_ZL12cnn_line_buf_19_we0       |  out|    1|   ap_memory|                 p_ZL12cnn_line_buf_19|         array|
|p_ZL12cnn_line_buf_19_d0        |  out|   16|   ap_memory|                 p_ZL12cnn_line_buf_19|         array|
|p_ZL12cnn_line_buf_20_address0  |  out|    1|   ap_memory|                 p_ZL12cnn_line_buf_20|         array|
|p_ZL12cnn_line_buf_20_ce0       |  out|    1|   ap_memory|                 p_ZL12cnn_line_buf_20|         array|
|p_ZL12cnn_line_buf_20_we0       |  out|    1|   ap_memory|                 p_ZL12cnn_line_buf_20|         array|
|p_ZL12cnn_line_buf_20_d0        |  out|   16|   ap_memory|                 p_ZL12cnn_line_buf_20|         array|
|p_ZL12cnn_line_buf_21_address0  |  out|    1|   ap_memory|                 p_ZL12cnn_line_buf_21|         array|
|p_ZL12cnn_line_buf_21_ce0       |  out|    1|   ap_memory|                 p_ZL12cnn_line_buf_21|         array|
|p_ZL12cnn_line_buf_21_we0       |  out|    1|   ap_memory|                 p_ZL12cnn_line_buf_21|         array|
|p_ZL12cnn_line_buf_21_d0        |  out|   16|   ap_memory|                 p_ZL12cnn_line_buf_21|         array|
|p_ZL12cnn_line_buf_22_address0  |  out|    1|   ap_memory|                 p_ZL12cnn_line_buf_22|         array|
|p_ZL12cnn_line_buf_22_ce0       |  out|    1|   ap_memory|                 p_ZL12cnn_line_buf_22|         array|
|p_ZL12cnn_line_buf_22_we0       |  out|    1|   ap_memory|                 p_ZL12cnn_line_buf_22|         array|
|p_ZL12cnn_line_buf_22_d0        |  out|   16|   ap_memory|                 p_ZL12cnn_line_buf_22|         array|
|p_ZL12cnn_line_buf_23_address0  |  out|    1|   ap_memory|                 p_ZL12cnn_line_buf_23|         array|
|p_ZL12cnn_line_buf_23_ce0       |  out|    1|   ap_memory|                 p_ZL12cnn_line_buf_23|         array|
|p_ZL12cnn_line_buf_23_we0       |  out|    1|   ap_memory|                 p_ZL12cnn_line_buf_23|         array|
|p_ZL12cnn_line_buf_23_d0        |  out|   16|   ap_memory|                 p_ZL12cnn_line_buf_23|         array|
|p_ZL12cnn_line_buf_24_address0  |  out|    1|   ap_memory|                 p_ZL12cnn_line_buf_24|         array|
|p_ZL12cnn_line_buf_24_ce0       |  out|    1|   ap_memory|                 p_ZL12cnn_line_buf_24|         array|
|p_ZL12cnn_line_buf_24_we0       |  out|    1|   ap_memory|                 p_ZL12cnn_line_buf_24|         array|
|p_ZL12cnn_line_buf_24_d0        |  out|   16|   ap_memory|                 p_ZL12cnn_line_buf_24|         array|
|p_ZL12cnn_line_buf_25_address0  |  out|    1|   ap_memory|                 p_ZL12cnn_line_buf_25|         array|
|p_ZL12cnn_line_buf_25_ce0       |  out|    1|   ap_memory|                 p_ZL12cnn_line_buf_25|         array|
|p_ZL12cnn_line_buf_25_we0       |  out|    1|   ap_memory|                 p_ZL12cnn_line_buf_25|         array|
|p_ZL12cnn_line_buf_25_d0        |  out|   16|   ap_memory|                 p_ZL12cnn_line_buf_25|         array|
|p_ZL12cnn_line_buf_26_address0  |  out|    1|   ap_memory|                 p_ZL12cnn_line_buf_26|         array|
|p_ZL12cnn_line_buf_26_ce0       |  out|    1|   ap_memory|                 p_ZL12cnn_line_buf_26|         array|
|p_ZL12cnn_line_buf_26_we0       |  out|    1|   ap_memory|                 p_ZL12cnn_line_buf_26|         array|
|p_ZL12cnn_line_buf_26_d0        |  out|   16|   ap_memory|                 p_ZL12cnn_line_buf_26|         array|
|p_ZL12cnn_line_buf_27_address0  |  out|    1|   ap_memory|                 p_ZL12cnn_line_buf_27|         array|
|p_ZL12cnn_line_buf_27_ce0       |  out|    1|   ap_memory|                 p_ZL12cnn_line_buf_27|         array|
|p_ZL12cnn_line_buf_27_we0       |  out|    1|   ap_memory|                 p_ZL12cnn_line_buf_27|         array|
|p_ZL12cnn_line_buf_27_d0        |  out|   16|   ap_memory|                 p_ZL12cnn_line_buf_27|         array|
+--------------------------------+-----+-----+------------+--------------------------------------+--------------+

