

================================================================
== Vitis HLS Report for 'snn_top_hls'
================================================================
* Date:           Thu Sep 17 15:27:06 2026

* Version:        2025.2 (Build 6295257 on Nov 14 2025)
* Project:        hls_output
* Solution:       hls (Vivado IP Flow Target)
* Product family: zynq
* Target device:  xc7z020-clg400-1


================================================================
== Performance Estimates
================================================================
+ Timing: 
    * Summary: 
    +--------+----------+----------+------------+
    |  Clock |  Target  | Estimated| Uncertainty|
    +--------+----------+----------+------------+
    |ap_clk  |  10.00 ns|  8.331 ns|     2.70 ns|
    +--------+----------+----------+------------+

+ Latency: 
    * Summary: 
    +---------+-------------+-----------+-------------+-----+-------------+---------+
    |    Latency (cycles)   |    Latency (absolute)   |      Interval     | Pipeline|
    |   min   |     max     |    min    |     max     | min |     max     |   Type  |
    +---------+-------------+-----------+-------------+-----+-------------+---------+
    |        5|  44107946791|  50.000 ns|  441.079 sec|    6|  44107946792|       no|
    +---------+-------------+-----------+-------------+-----+-------------+---------+

    + Detail: 
        * Instance: 
        +------------------------------------------------+------------------------------------+---------+---------+-----------+-----------+------+--------+-------------------+
        |                                                |                                    |  Latency (cycles) |   Latency (absolute)  |    Interval   |      Pipeline     |
        |                    Instance                    |               Module               |   min   |   max   |    min    |    max    |  min |   max  |        Type       |
        +------------------------------------------------+------------------------------------+---------+---------+-----------+-----------+------+--------+-------------------+
        |grp_snn_top_hls_Pipeline_RESET_ELIG_fu_1300     |snn_top_hls_Pipeline_RESET_ELIG     |     1308|     1308|  13.080 us|  13.080 us|     0|       0|  loop pipeline stp|
        |grp_snn_top_hls_Pipeline_RESET_TRACES_fu_1308   |snn_top_hls_Pipeline_RESET_TRACES   |     1308|     1308|  13.080 us|  13.080 us|     0|       0|  loop pipeline stp|
        |grp_snn_top_hls_Pipeline_RESET_ENCODER_fu_1316  |snn_top_hls_Pipeline_RESET_ENCODER  |      786|      786|   7.860 us|   7.860 us|     0|       0|  loop pipeline stp|
        |grp_snn_top_hls_Pipeline_INIT_WEIGHT_fu_1324    |snn_top_hls_Pipeline_INIT_WEIGHT    |   268802|   268802|   2.688 ms|   2.688 ms|     0|       0|  loop pipeline stp|
        |grp_snn_top_hls_Pipeline_LOAD_FRAME_fu_1330     |snn_top_hls_Pipeline_LOAD_FRAME     |        2|      198|  20.000 ns|   1.980 us|     0|       0|  loop pipeline stp|
        |grp_decay_all_traces_fu_1352                    |decay_all_traces                    |     1311|     1311|  13.110 us|  13.110 us|  1311|    1311|                 no|
        |grp_snn_top_hls_Pipeline_WEIGHT_SUM_fu_1361     |snn_top_hls_Pipeline_WEIGHT_SUM     |       68|       68|   0.680 us|   0.680 us|     0|       0|  loop pipeline stp|
        |grp_snn_top_hls_Pipeline_ENCODER_LOOP_fu_1368   |snn_top_hls_Pipeline_ENCODER_LOOP   |     1571|     1571|  15.710 us|  15.710 us|     0|       0|  loop pipeline stp|
        |grp_process_pre_spike_aer_fu_1390               |process_pre_spike_aer               |        9|      834|  90.000 ns|   8.340 us|     9|     834|                 no|
        |grp_process_post_spike_aer_fu_1403              |process_post_spike_aer              |        9|    28245|  90.000 ns|   0.282 ms|     9|   28245|                 no|
        |grp_apply_rstdp_reward_fu_1433                  |apply_rstdp_reward                  |        1|   639751|  10.000 ns|   6.398 ms|     1|  639751|                 no|
        |grp_decay_eligibility_traces_fu_1446            |decay_eligibility_traces            |     1309|     1309|  13.090 us|  13.090 us|  1309|    1309|                 no|
        +------------------------------------------------+------------------------------------+---------+---------+-----------+-----------+------+--------+-------------------+

        * Loop: 
        +-------------+---------+-------------+------------+-----------+-----------+-----------+----------+
        |             |    Latency (cycles)   |  Iteration |  Initiation Interval  |    Trip   |          |
        |  Loop Name  |   min   |     max     |   Latency  |  achieved |   target  |   Count   | Pipelined|
        +-------------+---------+-------------+------------+-----------+-----------+-----------+----------+
        |- TIME_LOOP  |        0|  44107676400|  8 ~ 673040|          -|          -|  0 ~ 65535|        no|
        +-------------+---------+-------------+------------+-----------+-----------+-----------+----------+



================================================================
== Utilization Estimates
================================================================
* Summary: 
+-----------------+---------+-----+--------+-------+-----+
|       Name      | BRAM_18K| DSP |   FF   |  LUT  | URAM|
+-----------------+---------+-----+--------+-------+-----+
|DSP              |        -|    1|       -|      -|    -|
|Expression       |        -|    -|       0|    958|    -|
|FIFO             |        3|    -|     153|     66|    -|
|Instance         |        0|   12|    2345|   4222|    -|
|Memory           |      130|    -|     136|    852|    0|
|Multiplexer      |        -|    -|       0|   1611|    -|
|Register         |        -|    -|    1050|      -|    -|
+-----------------+---------+-----+--------+-------+-----+
|Total            |      133|   13|    3684|   7709|    0|
+-----------------+---------+-----+--------+-------+-----+
|Available        |      280|  220|  106400|  53200|    0|
+-----------------+---------+-----+--------+-------+-----+
|Utilization (%)  |       47|    5|       3|     14|    0|
+-----------------+---------+-----+--------+-------+-----+

+ Detail: 
    * Instance: 
    +------------------------------------------------+------------------------------------+---------+----+-----+------+-----+
    |                    Instance                    |               Module               | BRAM_18K| DSP|  FF |  LUT | URAM|
    +------------------------------------------------+------------------------------------+---------+----+-----+------+-----+
    |grp_apply_rstdp_reward_fu_1433                  |apply_rstdp_reward                  |        0|   3|  422|   675|    0|
    |ctrl_s_axi_U                                    |ctrl_s_axi                          |        0|   0|  590|  1016|    0|
    |grp_decay_all_traces_fu_1352                    |decay_all_traces                    |        0|   2|  238|   234|    0|
    |grp_decay_eligibility_traces_fu_1446            |decay_eligibility_traces            |        0|   0|   54|   170|    0|
    |grp_process_post_spike_aer_fu_1403              |process_post_spike_aer              |        0|   3|  299|   664|    0|
    |grp_process_pre_spike_aer_fu_1390               |process_pre_spike_aer               |        0|   4|  535|   585|    0|
    |grp_snn_top_hls_Pipeline_ENCODER_LOOP_fu_1368   |snn_top_hls_Pipeline_ENCODER_LOOP   |        0|   0|  111|   397|    0|
    |grp_snn_top_hls_Pipeline_INIT_WEIGHT_fu_1324    |snn_top_hls_Pipeline_INIT_WEIGHT    |        0|   0|   22|    90|    0|
    |grp_snn_top_hls_Pipeline_LOAD_FRAME_fu_1330     |snn_top_hls_Pipeline_LOAD_FRAME     |        0|   0|   10|    74|    0|
    |grp_snn_top_hls_Pipeline_RESET_ELIG_fu_1300     |snn_top_hls_Pipeline_RESET_ELIG     |        0|   0|   13|    51|    0|
    |grp_snn_top_hls_Pipeline_RESET_ENCODER_fu_1316  |snn_top_hls_Pipeline_RESET_ENCODER  |        0|   0|   12|    53|    0|
    |grp_snn_top_hls_Pipeline_RESET_TRACES_fu_1308   |snn_top_hls_Pipeline_RESET_TRACES   |        0|   0|   13|    51|    0|
    |grp_snn_top_hls_Pipeline_WEIGHT_SUM_fu_1361     |snn_top_hls_Pipeline_WEIGHT_SUM     |        0|   0|   26|    89|    0|
    |sparsemux_7_2_11_1_1_U154                       |sparsemux_7_2_11_1_1                |        0|   0|    0|     9|    0|
    |sparsemux_7_2_11_1_1_U156                       |sparsemux_7_2_11_1_1                |        0|   0|    0|     9|    0|
    |sparsemux_7_2_19_1_1_U157                       |sparsemux_7_2_19_1_1                |        0|   0|    0|     9|    0|
    |sparsemux_7_2_2_1_1_x_U153                      |sparsemux_7_2_2_1_1_x               |        0|   0|    0|     9|    0|
    |sparsemux_7_2_9_1_1_U155                        |sparsemux_7_2_9_1_1                 |        0|   0|    0|     9|    0|
    |sparsemux_9_3_3_1_1_U151                        |sparsemux_9_3_3_1_1                 |        0|   0|    0|    14|    0|
    |sparsemux_9_3_3_1_1_U152                        |sparsemux_9_3_3_1_1                 |        0|   0|    0|    14|    0|
    +------------------------------------------------+------------------------------------+---------+----+-----+------+-----+
    |Total                                           |                                    |        0|  12| 2345|  4222|    0|
    +------------------------------------------------+------------------------------------+---------+----+-----+------+-----+

    * DSP: 
    +-------------------------------------+--------------------------------+--------------+
    |               Instance              |             Module             |  Expression  |
    +-------------------------------------+--------------------------------+--------------+
    |mac_muladd_12s_9ns_19ns_21_4_1_U158  |mac_muladd_12s_9ns_19ns_21_4_1  |  i0 + i1 * i2|
    +-------------------------------------+--------------------------------+--------------+

    * Memory: 
    +-----------------------------+----------------------------------------------+---------+----+-----+-----+--------+-----+------+-------------+
    |            Memory           |                    Module                    | BRAM_18K| FF | LUT | URAM|  Words | Bits| Banks| W*Bits*Banks|
    +-----------------------------+----------------------------------------------+---------+----+-----+-----+--------+-----+------+-------------+
    |p_ZL13encoder_frame_0_U      |p_ZL13encoder_frame_0_RAM_AUTO_1R1W           |        1|   0|    0|    0|     392|    8|     1|         3136|
    |p_ZL13encoder_frame_1_U      |p_ZL13encoder_frame_0_RAM_AUTO_1R1W           |        1|   0|    0|    0|     392|    8|     1|         3136|
    |p_ZL17encoder_phase_acc_0_U  |p_ZL17encoder_phase_acc_0_RAM_2P_LUTRAM_1R1W  |        0|  32|   98|    0|     392|   16|     1|         6272|
    |p_ZL17encoder_phase_acc_1_U  |p_ZL17encoder_phase_acc_0_RAM_2P_LUTRAM_1R1W  |        0|  32|   98|    0|     392|   16|     1|         6272|
    |pre_eligibility_U            |pre_eligibility_RAM_2P_LUTRAM_1R1W            |        0|  16|  164|    0|    1306|    8|     1|        10448|
    |post_eligibility_U           |pre_eligibility_RAM_2P_LUTRAM_1R1W            |        0|  16|  164|    0|    1306|    8|     1|        10448|
    |pre_traces_U                 |pre_eligibility_RAM_2P_LUTRAM_1R1W            |        0|  16|  164|    0|    1306|    8|     1|        10448|
    |post_traces_U                |pre_eligibility_RAM_2P_LUTRAM_1R1W            |        0|  16|  164|    0|    1306|    8|     1|        10448|
    |weight_memory_U              |weight_memory_RAM_T2P_BRAM_3R2W               |      128|   8|    0|    0|  268800|    4|     1|      1075200|
    +-----------------------------+----------------------------------------------+---------+----+-----+-----+--------+-----+------+-------------+
    |Total                        |                                              |      130| 136|  852|    0|  275592|   84|     9|      1135808|
    +-----------------------------+----------------------------------------------+---------+----+-----+-----+--------+-----+------+-------------+

    * FIFO: 
    +-----------------------+---------+-----+----+-----+------+-----+---------+
    |          Name         | BRAM_18K|  FF | LUT| URAM| Depth| Bits| Size:D*B|
    +-----------------------+---------+-----+----+-----+------+-----+---------+
    |encoder_spikes_fifo_U  |        3|  153|   0|    -|    32|   41|     1312|
    +-----------------------+---------+-----+----+-----+------+-----+---------+
    |Total                  |        3|  153|   0|    0|    32|   41|     1312|
    +-----------------------+---------+-----+----+-----+------+-----+---------+

    * Expression: 
    +--------------------------------------+----------+----+---+----+------------+------------+
    |             Variable Name            | Operation| DSP| FF| LUT| Bitwidth P0| Bitwidth P1|
    +--------------------------------------+----------+----+---+----+------------+------------+
    |add_ln1067_fu_2978_p2                 |         +|   0|  0|  26|          19|           1|
    |add_ln1079_fu_3036_p2                 |         +|   0|  0|  39|          32|           1|
    |add_ln406_1_fu_2300_p2                |         +|   0|  0|  28|          21|          21|
    |add_ln948_fu_2763_p2                  |         +|   0|  0|  39|          32|           1|
    |grp_fu_1478_p2                        |         +|   0|  0|  39|          32|           1|
    |new_elig_1_fu_2876_p2                 |         +|   0|  0|  14|           9|           6|
    |new_elig_fu_2728_p2                   |         +|   0|  0|  14|           9|           6|
    |next_pos_fu_2950_p2                   |         +|   0|  0|  23|          16|           1|
    |t_2_fu_2573_p2                        |         +|   0|  0|  23|          16|           1|
    |local_dst_fu_2268_p2                  |         -|   0|  0|  12|          12|          12|
    |local_src_fu_2208_p2                  |         -|   0|  0|  12|          12|          12|
    |and_ln1028_1_fu_2911_p2               |       and|   0|  0|   2|           1|           1|
    |and_ln1028_fu_2495_p2                 |       and|   0|  0|   2|           1|           1|
    |and_ln1106_fu_2637_p2                 |       and|   0|  0|   2|           1|           1|
    |and_ln371_1_fu_1906_p2                |       and|   0|  0|   2|           1|           1|
    |and_ln371_2_fu_1994_p2                |       and|   0|  0|   2|           1|           1|
    |and_ln371_3_fu_2006_p2                |       and|   0|  0|   2|           1|           1|
    |and_ln371_fu_1894_p2                  |       and|   0|  0|   2|           1|           1|
    |and_ln384_1_fu_2090_p2                |       and|   0|  0|   2|           1|           1|
    |and_ln384_2_fu_2152_p2                |       and|   0|  0|   2|           1|           1|
    |and_ln384_3_fu_2126_p2                |       and|   0|  0|   2|           1|           1|
    |and_ln384_fu_2072_p2                  |       and|   0|  0|   2|           1|           1|
    |and_ln873_fu_2433_p2                  |       and|   0|  0|   2|           1|           1|
    |and_ln888_fu_2579_p2                  |       and|   0|  0|   2|           1|           1|
    |ap_block_state14_on_subcall_done      |       and|   0|  0|   2|           1|           1|
    |ap_block_state15_on_subcall_done      |       and|   0|  0|   2|           1|           1|
    |ap_block_state19                      |       and|   0|  0|   2|           1|           1|
    |ap_block_state21                      |       and|   0|  0|   2|           1|           1|
    |ap_block_state27_on_subcall_done      |       and|   0|  0|   2|           1|           1|
    |ap_block_state3                       |       and|   0|  0|   2|           1|           1|
    |ap_block_state31                      |       and|   0|  0|   2|           1|           1|
    |ap_block_state3_on_subcall_done       |       and|   0|  0|   2|           1|           1|
    |ap_predicate_op260_call_state3        |       and|   0|  0|   2|           1|           1|
    |ap_predicate_op271_read_state3        |       and|   0|  0|   2|           1|           1|
    |ap_predicate_op496_read_state16       |       and|   0|  0|   2|           1|           1|
    |ap_predicate_op541_write_state19      |       and|   0|  0|   2|           1|           1|
    |ap_predicate_op543_write_state20      |       and|   0|  0|   2|           1|           1|
    |ap_predicate_op552_write_state20      |       and|   0|  0|   2|           1|           1|
    |ap_predicate_op625_write_state31      |       and|   0|  0|   2|           1|           1|
    |chunk_last_1_fu_2967_p2               |       and|   0|  0|   2|           1|           1|
    |not_or_ln1057_fu_2536_p2              |       and|   0|  0|   2|           1|           1|
    |stdp_active_fu_1658_p2                |       and|   0|  0|   2|           1|           1|
    |tmp_6_nbreadreq_fu_896_p3             |       and|   0|  0|   2|           1|           0|
    |tmp_7_nbreadreq_fu_903_p9             |       and|   0|  0|   2|           1|           0|
    |tmp_8_nbreadreq_fu_826_p9             |       and|   0|  0|   2|           1|           0|
    |tmp_nbreadreq_fu_760_p9               |       and|   0|  0|   2|           1|           0|
    |checkpoint_mode_fu_1646_p2            |      icmp|   0|  0|  11|           2|           3|
    |full_last_fu_2940_p2                  |      icmp|   0|  0|  26|          19|          19|
    |icmp_ln1057_not_fu_2531_p2            |      icmp|   0|  0|  23|          16|           1|
    |icmp_ln1059_fu_2956_p2                |      icmp|   0|  0|  23|          16|          16|
    |icmp_ln1068_fu_2984_p2                |      icmp|   0|  0|  26|          19|          19|
    |icmp_ln131_fu_2329_p2                 |      icmp|   0|  0|  13|           5|           1|
    |icmp_ln132_fu_2335_p2                 |      icmp|   0|  0|  15|           8|           5|
    |icmp_ln371_1_fu_1865_p2               |      icmp|   0|  0|  12|          11|          11|
    |icmp_ln371_2_fu_1870_p2               |      icmp|   0|  0|  12|          11|          11|
    |icmp_ln371_3_fu_1875_p2               |      icmp|   0|  0|  12|          11|          11|
    |icmp_ln371_4_fu_1960_p2               |      icmp|   0|  0|  12|          11|          10|
    |icmp_ln371_5_fu_1965_p2               |      icmp|   0|  0|  12|          11|          11|
    |icmp_ln371_6_fu_1970_p2               |      icmp|   0|  0|  12|          11|          11|
    |icmp_ln371_7_fu_1975_p2               |      icmp|   0|  0|  12|          11|          11|
    |icmp_ln371_fu_1860_p2                 |      icmp|   0|  0|  12|          11|          10|
    |icmp_ln384_1_fu_2078_p2               |      icmp|   0|  0|  11|           3|           1|
    |icmp_ln384_2_fu_2108_p2               |      icmp|   0|  0|  11|           3|           2|
    |icmp_ln384_3_fu_2114_p2               |      icmp|   0|  0|  11|           3|           2|
    |icmp_ln384_fu_2060_p2                 |      icmp|   0|  0|  11|           3|           1|
    |icmp_ln385_1_fu_2084_p2               |      icmp|   0|  0|  11|           3|           2|
    |icmp_ln385_fu_2066_p2                 |      icmp|   0|  0|  11|           3|           1|
    |icmp_ln533_fu_2744_p2                 |      icmp|   0|  0|  10|           2|           1|
    |icmp_ln540_fu_2892_p2                 |      icmp|   0|  0|  10|           2|           1|
    |icmp_ln738_fu_1664_p2                 |      icmp|   0|  0|  39|          32|           1|
    |icmp_ln873_fu_2428_p2                 |      icmp|   0|  0|  10|           2|           2|
    |icmp_ln884_1_fu_2593_p2               |      icmp|   0|  0|  23|          16|           1|
    |icmp_ln884_fu_2568_p2                 |      icmp|   0|  0|  23|          16|          16|
    |stdp_mode_fu_1652_p2                  |      icmp|   0|  0|  10|           2|           1|
    |ap_block_state16                      |        or|   0|  0|   2|           1|           1|
    |ap_block_state20                      |        or|   0|  0|   2|           1|           1|
    |ap_block_state2_on_subcall_done       |        or|   0|  0|   2|           1|           1|
    |ap_block_state34                      |        or|   0|  0|   2|           1|           1|
    |ap_condition_295                      |        or|   0|  0|   2|           1|           1|
    |or_ln1028_fu_2514_p2                  |        or|   0|  0|   2|           1|           1|
    |or_ln1041_fu_2505_p2                  |        or|   0|  0|   2|           1|           1|
    |or_ln1106_fu_2631_p2                  |        or|   0|  0|   2|           1|           1|
    |or_ln131_fu_2357_p2                   |        or|   0|  0|   2|           1|           1|
    |or_ln384_1_fu_2120_p2                 |        or|   0|  0|   2|           1|           1|
    |or_ln384_2_fu_2132_p2                 |        or|   0|  0|   2|           1|           1|
    |or_ln384_3_fu_2138_p2                 |        or|   0|  0|   2|           1|           1|
    |or_ln384_fu_2096_p2                   |        or|   0|  0|   2|           1|           1|
    |or_ln757_fu_1716_p2                   |        or|   0|  0|   2|           1|           1|
    |or_ln857_fu_2422_p2                   |        or|   0|  0|   2|           1|           1|
    |or_ln900_fu_2526_p2                   |        or|   0|  0|   2|           1|           1|
    |or_ln909_fu_2467_p2                   |        or|   0|  0|   2|           1|           1|
    |or_ln961_fu_2478_p2                   |        or|   0|  0|   2|           1|           1|
    |or_ln977_fu_2489_p2                   |        or|   0|  0|   2|           1|           1|
    |post_eligibility_we1                  |        or|   0|  0|   2|           1|           1|
    |pre_eligibility_we1                   |        or|   0|  0|   2|           1|           1|
    |w_pkt_last_fu_2972_p2                 |        or|   0|  0|   2|           1|           1|
    |weight_memory_we0                     |        or|   0|  0|   2|           1|           1|
    |dst_g_fu_2052_p3                      |    select|   0|  0|   3|           1|           3|
    |g_0_i23_i6_fu_2022_p8                 |    select|   0|  0|   4|           1|           2|
    |g_0_i_i8_fu_1922_p8                   |    select|   0|  0|   4|           1|           2|
    |select_ln1068_fu_2990_p3              |    select|   0|  0|  19|           1|           1|
    |select_ln1071_fu_3004_p3              |    select|   0|  0|  16|           1|           1|
    |select_ln131_1_fu_2349_p3             |    select|   0|  0|   5|           1|           3|
    |select_ln131_fu_2363_p3               |    select|   0|  0|   4|           1|           4|
    |select_ln533_fu_2754_p3               |    select|   0|  0|   8|           1|           7|
    |select_ln540_fu_2902_p3               |    select|   0|  0|   8|           1|           7|
    |src_g_fu_1952_p3                      |    select|   0|  0|   3|           1|           3|
    |time_steps_1_fu_1674_p3               |    select|   0|  0|  16|           1|           1|
    |widx_fu_2305_p3                       |    select|   0|  0|  21|           1|           2|
    |chunk_last_fu_2961_p2                 |       xor|   0|  0|   2|           1|           2|
    |cleanup_dest_slot_0_i45_i_fu_2046_p2  |       xor|   0|  0|   2|           1|           2|
    |cleanup_dest_slot_0_i_i_fu_1946_p2    |       xor|   0|  0|   2|           1|           2|
    |xor_ln1011_fu_2856_p2                 |       xor|   0|  0|   2|           1|           2|
    |xor_ln1028_1_fu_2509_p2               |       xor|   0|  0|   2|           1|           2|
    |xor_ln1028_fu_2499_p2                 |       xor|   0|  0|   2|           2|           1|
    |xor_ln371_1_fu_1900_p2                |       xor|   0|  0|   2|           1|           2|
    |xor_ln371_2_fu_1988_p2                |       xor|   0|  0|   2|           1|           2|
    |xor_ln371_3_fu_2000_p2                |       xor|   0|  0|   2|           1|           2|
    |xor_ln371_fu_1888_p2                  |       xor|   0|  0|   2|           1|           2|
    |xor_ln384_1_fu_2102_p2                |       xor|   0|  0|   2|           1|           2|
    |xor_ln384_fu_2147_p2                  |       xor|   0|  0|   2|           2|           1|
    |xor_ln757_fu_1710_p2                  |       xor|   0|  0|   2|           1|           2|
    |xor_ln857_fu_2417_p2                  |       xor|   0|  0|   2|           1|           2|
    |xor_ln900_fu_2520_p2                  |       xor|   0|  0|   2|           1|           2|
    |xor_ln909_1_fu_2462_p2                |       xor|   0|  0|   2|           1|           2|
    |xor_ln909_fu_2457_p2                  |       xor|   0|  0|   2|           1|           2|
    |xor_ln961_fu_2473_p2                  |       xor|   0|  0|   2|           1|           2|
    |xor_ln977_fu_2484_p2                  |       xor|   0|  0|   2|           1|           2|
    +--------------------------------------+----------+----+---+----+------------+------------+
    |Total                                 |          |   0|  0| 958|         564|         371|
    +--------------------------------------+----------+----+---+----+------------+------------+

    * Multiplexer: 
    +------------------------------------------------------+-----+-----------+-----+-----------+
    |                         Name                         | LUT | Input Size| Bits| Total Bits|
    +------------------------------------------------------+-----+-----------+-----+-----------+
    |ap_NS_fsm                                             |  155|         35|    1|         35|
    |ap_phi_mux_empty_83_phi_fu_1268_p6                    |    9|          2|    1|          2|
    |ap_phi_mux_encoder_frame_loaded_loc_1_phi_fu_1213_p6  |    9|          2|    1|          2|
    |ap_phi_mux_storemerge110_phi_fu_1293_p4               |   14|          3|    3|          9|
    |checkpoint_chunk_pos                                  |    9|          2|   16|         32|
    |checkpoint_idx                                        |    9|          2|   19|         38|
    |conv3_i_i65925_reg_1249                               |    9|          2|   10|         20|
    |empty_80_fu_588                                       |   14|          3|    1|          3|
    |empty_82_reg_1234                                     |    9|          2|    8|         16|
    |encoder_frame_loaded_flag_1_reg_1178                  |    9|          2|    1|          2|
    |encoder_frame_loaded_loc_0_reg_1143                   |    9|          2|    1|          2|
    |encoder_frame_loaded_loc_1_reg_1209                   |   14|          3|    1|          3|
    |encoder_spike_counter_flag_1_reg_1154                 |    9|          2|    1|          2|
    |encoder_spike_counter_flag_2_fu_600                   |    9|          2|    1|          2|
    |encoder_spike_counter_loc_0_reg_1121                  |    9|          2|   32|         64|
    |encoder_spike_counter_loc_1_reg_1166                  |    9|          2|   32|         64|
    |encoder_spike_counter_loc_2_fu_592                    |    9|          2|   32|         64|
    |encoder_spike_counter_new_2_fu_596                    |    9|          2|   32|         64|
    |encoder_spikes_write                                  |    9|          2|    1|          2|
    |first_spike_pending_id                                |    9|          2|   10|         20|
    |first_spike_pending_weight                            |    9|          2|    8|         16|
    |in_pkt_data_2_reg_1225                                |    9|          2|   19|         38|
    |last_mode_loc_0_reg_1132                              |    9|          2|    2|          4|
    |leak_rate_out                                         |    9|          2|   16|         32|
    |learn_bridge_data                                     |    9|          2|    4|          8|
    |learn_bridge_dst                                      |    9|          2|    7|         14|
    |learn_bridge_dst_group                                |    9|          2|    3|          6|
    |learn_bridge_exc                                      |    9|          2|    1|          2|
    |learn_bridge_group                                    |    9|          2|    3|          6|
    |learn_bridge_is_inter                                 |    9|          2|    1|          2|
    |learn_bridge_src                                      |    9|          2|    7|         14|
    |learn_bridge_valid                                    |    9|          2|    1|          2|
    |learn_weight_data                                     |   14|          3|    4|         12|
    |learn_weight_data_preg                                |    9|          2|    4|          8|
    |learn_weight_dst                                      |   14|          3|    7|         21|
    |learn_weight_dst_group                                |   14|          3|    3|          9|
    |learn_weight_dst_group_preg                           |    9|          2|    3|          6|
    |learn_weight_dst_preg                                 |    9|          2|    7|         14|
    |learn_weight_exc                                      |   14|          3|    1|          3|
    |learn_weight_exc_preg                                 |    9|          2|    1|          2|
    |learn_weight_group                                    |   14|          3|    3|          9|
    |learn_weight_group_preg                               |    9|          2|    3|          6|
    |learn_weight_is_inter                                 |   14|          3|    1|          3|
    |learn_weight_is_inter_preg                            |    9|          2|    1|          2|
    |learn_weight_src                                      |   14|          3|    7|         21|
    |learn_weight_src_preg                                 |    9|          2|    7|         14|
    |learn_weight_valid                                    |   14|          3|    1|          3|
    |learn_weight_valid_preg                               |    9|          2|    1|          2|
    |m_axis_spikes_TDATA_blk_n                             |    9|          2|    1|          2|
    |m_axis_spikes_TDATA_int_regslice                      |   14|          3|   32|         96|
    |m_axis_weights_TDATA_blk_n                            |    9|          2|    1|          2|
    |p_0_0_0151428_reg_1279                                |    9|          2|    1|          2|
    |p_ZL13encoder_frame_0_address0                        |   14|          3|    9|         27|
    |p_ZL13encoder_frame_0_ce0                             |   14|          3|    1|          3|
    |p_ZL13encoder_frame_0_ce1                             |    9|          2|    1|          2|
    |p_ZL13encoder_frame_0_we0                             |    9|          2|    1|          2|
    |p_ZL13encoder_frame_0_we1                             |    9|          2|    1|          2|
    |p_ZL13encoder_frame_1_address0                        |   14|          3|    9|         27|
    |p_ZL13encoder_frame_1_ce0                             |   14|          3|    1|          3|
    |p_ZL13encoder_frame_1_ce1                             |    9|          2|    1|          2|
    |p_ZL13encoder_frame_1_we0                             |    9|          2|    1|          2|
    |p_ZL13encoder_frame_1_we1                             |    9|          2|    1|          2|
    |p_ZL17encoder_phase_acc_0_address1                    |   14|          3|    9|         27|
    |p_ZL17encoder_phase_acc_0_ce0                         |    9|          2|    1|          2|
    |p_ZL17encoder_phase_acc_0_ce1                         |   14|          3|    1|          3|
    |p_ZL17encoder_phase_acc_0_d1                          |   14|          3|   16|         48|
    |p_ZL17encoder_phase_acc_0_we1                         |   14|          3|    1|          3|
    |p_ZL17encoder_phase_acc_1_address1                    |   14|          3|    9|         27|
    |p_ZL17encoder_phase_acc_1_ce0                         |    9|          2|    1|          2|
    |p_ZL17encoder_phase_acc_1_ce1                         |   14|          3|    1|          3|
    |p_ZL17encoder_phase_acc_1_d1                          |   14|          3|   16|         48|
    |p_ZL17encoder_phase_acc_1_we1                         |   14|          3|    1|          3|
    |post_eligibility_address0                             |   14|          3|   11|         33|
    |post_eligibility_address1                             |   14|          3|   11|         33|
    |post_eligibility_ce0                                  |   14|          3|    1|          3|
    |post_eligibility_ce1                                  |   14|          3|    1|          3|
    |post_eligibility_d1                                   |   14|          3|    8|         24|
    |post_eligibility_we1                                  |   14|          3|    1|          3|
    |post_traces_address0                                  |   20|          4|   11|         44|
    |post_traces_address1                                  |   20|          4|   11|         44|
    |post_traces_ce0                                       |   20|          4|    1|          4|
    |post_traces_ce1                                       |   20|          4|    1|          4|
    |post_traces_d1                                        |   20|          4|    8|         32|
    |post_traces_we1                                       |   20|          4|    1|          4|
    |pre_eligibility_address0                              |   14|          3|   11|         33|
    |pre_eligibility_address1                              |   14|          3|   11|         33|
    |pre_eligibility_ce0                                   |   14|          3|    1|          3|
    |pre_eligibility_ce1                                   |   14|          3|    1|          3|
    |pre_eligibility_d1                                    |   14|          3|    8|         24|
    |pre_eligibility_we1                                   |   14|          3|    1|          3|
    |pre_traces_address0                                   |   20|          4|   11|         44|
    |pre_traces_address1                                   |   20|          4|   11|         44|
    |pre_traces_ce0                                        |   20|          4|    1|          4|
    |pre_traces_ce1                                        |   20|          4|    1|          4|
    |pre_traces_d1                                         |   20|          4|    8|         32|
    |pre_traces_we1                                        |   20|          4|    1|          4|
    |s_axis_data_TREADY_int_regslice                       |    9|          2|    1|          2|
    |s_axis_spikes_TDATA_blk_n                             |    9|          2|    1|          2|
    |s_axis_weights_TDATA_blk_n                            |    9|          2|    1|          2|
    |snn_enable                                            |    9|          2|    1|          2|
    |snn_reset                                             |    9|          2|    1|          2|
    |spike_counter                                         |    9|          2|   32|         64|
    |spike_in_neuron_id                                    |    9|          2|   10|         20|
    |spike_in_valid                                        |    9|          2|    1|          2|
    |spike_in_weight                                       |    9|          2|    8|         16|
    |spike_out_ack_toggle                                  |    9|          2|    1|          2|
    |spike_out_ready                                       |    9|          2|    1|          2|
    |t_fu_584                                              |    9|          2|   16|         32|
    |threshold_out                                         |    9|          2|   16|         32|
    |timestamp                                             |    9|          2|   32|         64|
    |update_counter                                        |    9|          2|   32|         64|
    |weight_memory_address0                                |   31|          6|   19|        114|
    |weight_memory_address0_local                          |   14|          3|   19|         57|
    |weight_memory_address1                                |   14|          3|   19|         57|
    |weight_memory_ce0                                     |   31|          6|    1|          6|
    |weight_memory_ce1                                     |   14|          3|    1|          3|
    |weight_memory_d0                                      |   25|          5|    4|         20|
    |weight_memory_we0                                     |   25|          5|    1|          5|
    +------------------------------------------------------+-----+-----------+-----+-----------+
    |Total                                                 | 1611|        346|  797|       2097|
    +------------------------------------------------------+-----+-----------+-----+-----------+

    * Register: 
    +-------------------------------------------------------------+----+----+-----+-----------+
    |                             Name                            | FF | LUT| Bits| Const Bits|
    +-------------------------------------------------------------+----+----+-----+-----------+
    |and_ln384_1_reg_3393                                         |   1|   0|    1|          0|
    |and_ln384_reg_3387                                           |   1|   0|    1|          0|
    |ap_CS_fsm                                                    |  34|   0|   34|          0|
    |apply_reward_reg_3274                                        |   1|   0|    1|          0|
    |checkpoint_chunk_pos                                         |  16|   0|   16|          0|
    |checkpoint_chunk_words_reg_3296                              |  16|   0|   16|          0|
    |checkpoint_idx                                               |  19|   0|   19|          0|
    |checkpoint_idx_load_reg_3696                                 |  19|   0|   19|          0|
    |checkpoint_mode_reg_3308                                     |   1|   0|    1|          0|
    |clear_counters_reg_3265                                      |   1|   0|    1|          0|
    |col_reg_3373                                                 |  11|   0|   11|          0|
    |conn_idx_reg_3403                                            |   2|   0|    2|          0|
    |conv3_i_i65925_phi_fu_572                                    |  10|   0|   10|          0|
    |conv3_i_i65925_reg_1249                                      |  10|   0|   10|          0|
    |empty_80_fu_588                                              |   1|   0|    1|          0|
    |empty_82_reg_1234                                            |   8|   0|    8|          0|
    |empty_83_reg_1264                                            |   1|   0|    1|          0|
    |enable_reg_3254                                              |   1|   0|    1|          0|
    |encoder_config_default_weight_reg_3249                       |   8|   0|    8|          0|
    |encoder_config_delta_decay_reg_3239                          |  16|   0|   16|          0|
    |encoder_config_delta_threshold_reg_3234                      |  16|   0|   16|          0|
    |encoder_config_encoding_type_reg_3229                        |   4|   0|    4|          0|
    |encoder_config_num_channels_reg_3244                         |  16|   0|   16|          0|
    |encoder_enable_reg_3302                                      |   1|   0|    1|          0|
    |encoder_frame_loaded                                         |   1|   0|    1|          0|
    |encoder_frame_loaded_flag_1_reg_1178                         |   1|   0|    1|          0|
    |encoder_frame_loaded_loc_0_reg_1143                          |   1|   0|    1|          0|
    |encoder_frame_loaded_loc_1_reg_1209                          |   1|   0|    1|          0|
    |encoder_frame_loaded_new_1_reg_1193                          |   1|   0|    1|          0|
    |encoder_spike_counter                                        |  32|   0|   32|          0|
    |encoder_spike_counter_flag_0_reg_1108                        |   1|   0|    1|          0|
    |encoder_spike_counter_flag_1_reg_1154                        |   1|   0|    1|          0|
    |encoder_spike_counter_flag_2_fu_600                          |   1|   0|    1|          0|
    |encoder_spike_counter_loc_0_reg_1121                         |  32|   0|   32|          0|
    |encoder_spike_counter_loc_1_reg_1166                         |  32|   0|   32|          0|
    |encoder_spike_counter_loc_2_fu_592                           |  32|   0|   32|          0|
    |encoder_spike_counter_new_2_fu_596                           |  32|   0|   32|          0|
    |first_spike_only_reg_3283                                    |   1|   0|    1|          0|
    |first_spike_pending                                          |   1|   0|    1|          0|
    |first_spike_pending_id                                       |  10|   0|   10|          0|
    |first_spike_pending_load_1_reg_3655                          |   1|   0|    1|          0|
    |first_spike_pending_weight                                   |   8|   0|    8|          0|
    |first_spike_sent                                             |   1|   0|    1|          0|
    |grp_apply_rstdp_reward_fu_1433_ap_start_reg                  |   1|   0|    1|          0|
    |grp_decay_all_traces_fu_1352_ap_start_reg                    |   1|   0|    1|          0|
    |grp_decay_eligibility_traces_fu_1446_ap_start_reg            |   1|   0|    1|          0|
    |grp_process_post_spike_aer_fu_1403_ap_start_reg              |   1|   0|    1|          0|
    |grp_process_pre_spike_aer_fu_1390_ap_start_reg               |   1|   0|    1|          0|
    |grp_snn_top_hls_Pipeline_ENCODER_LOOP_fu_1368_ap_start_reg   |   1|   0|    1|          0|
    |grp_snn_top_hls_Pipeline_INIT_WEIGHT_fu_1324_ap_start_reg    |   1|   0|    1|          0|
    |grp_snn_top_hls_Pipeline_LOAD_FRAME_fu_1330_ap_start_reg     |   1|   0|    1|          0|
    |grp_snn_top_hls_Pipeline_RESET_ELIG_fu_1300_ap_start_reg     |   1|   0|    1|          0|
    |grp_snn_top_hls_Pipeline_RESET_ENCODER_fu_1316_ap_start_reg  |   1|   0|    1|          0|
    |grp_snn_top_hls_Pipeline_RESET_TRACES_fu_1308_ap_start_reg   |   1|   0|    1|          0|
    |grp_snn_top_hls_Pipeline_WEIGHT_SUM_fu_1361_ap_start_reg     |   1|   0|    1|          0|
    |in_pkt_data_2_reg_1225                                       |  19|   0|   19|          0|
    |initialized                                                  |   1|   0|    1|          0|
    |initialized_load_reg_3337                                    |   1|   0|    1|          0|
    |last_mode                                                    |   2|   0|    2|          0|
    |last_mode_loc_0_reg_1132                                     |   2|   0|    2|          0|
    |leak_rate_out_preg                                           |  16|   0|   16|          0|
    |leak_rate_reg_3332                                           |  16|   0|   16|          0|
    |learn_bridge_data                                            |   4|   0|    4|          0|
    |learn_bridge_dst                                             |   7|   0|    7|          0|
    |learn_bridge_dst_group                                       |   3|   0|    3|          0|
    |learn_bridge_exc                                             |   1|   0|    1|          0|
    |learn_bridge_group                                           |   3|   0|    3|          0|
    |learn_bridge_is_inter                                        |   1|   0|    1|          0|
    |learn_bridge_src                                             |   7|   0|    7|          0|
    |learn_bridge_valid                                           |   1|   0|    1|          0|
    |learn_weight_data_preg                                       |   4|   0|    8|          4|
    |learn_weight_dst_group_preg                                  |   3|   0|    3|          0|
    |learn_weight_dst_preg                                        |   7|   0|    7|          0|
    |learn_weight_exc_preg                                        |   1|   0|    1|          0|
    |learn_weight_group_preg                                      |   3|   0|    3|          0|
    |learn_weight_is_inter_preg                                   |   1|   0|    1|          0|
    |learn_weight_ready_read_reg_3148                             |   1|   0|    1|          0|
    |learn_weight_src_preg                                        |   7|   0|    7|          0|
    |learn_weight_valid_preg                                      |   1|   0|    1|          0|
    |learning_params_a_minus_reg_3201                             |  16|   0|   16|          0|
    |learning_params_a_plus_reg_3196                              |  16|   0|   16|          0|
    |learning_params_learning_rate_reg_3206                       |  16|   0|   16|          0|
    |learning_params_reward_scale_reg_3224                        |  16|   0|   16|          0|
    |learning_params_rstdp_enable_reg_3212                        |   1|   0|    1|          0|
    |learning_params_trace_decay_cast1_reg_3219                   |   8|   0|    8|          0|
    |local_dst_reg_3419                                           |  12|   0|   12|          0|
    |next_pos_reg_3706                                            |  16|   0|   16|          0|
    |not_or_ln1057_reg_3575                                       |   1|   0|    1|          0|
    |op_mode_reg_3289                                             |   2|   0|    2|          0|
    |or_ln1028_reg_3562                                           |   1|   0|    1|          0|
    |or_ln1041_reg_3558                                           |   1|   0|    1|          0|
    |or_ln384_3_reg_3398                                          |   1|   0|    1|          0|
    |or_ln757_reg_3350                                            |   1|   0|    1|          0|
    |or_ln857_reg_3448                                            |   1|   0|    1|          0|
    |or_ln900_reg_3571                                            |   1|   0|    1|          0|
    |or_ln909_reg_3541                                            |   1|   0|    1|          0|
    |or_ln961_reg_3545                                            |   1|   0|    1|          0|
    |or_ln977_reg_3549                                            |   1|   0|    1|          0|
    |p_0_0_01487_phi_fu_568                                       |   1|   0|    1|          0|
    |p_0_0_0151428_phi_fu_564                                     |   1|   0|    1|          0|
    |p_0_0_0151428_reg_1279                                       |   1|   0|    1|          0|
    |p_phi11_fu_560                                               |   1|   0|    1|          0|
    |p_phi_fu_576                                                 |   8|   0|    8|          0|
    |post_eligibility_addr_reg_3535                               |  10|   0|   11|          1|
    |post_eligibility_load_reg_3687                               |   8|   0|    8|          0|
    |pre_eligibility_addr_reg_3638                                |  11|   0|   11|          0|
    |pre_eligibility_load_reg_3644                                |   8|   0|    8|          0|
    |pre_id_reg_3623                                              |  11|   0|   11|          0|
    |reset_reg_3260                                               |   1|   0|    1|          0|
    |reward_signal_read_reg_3178                                  |   8|   0|    8|          0|
    |row_reg_3364                                                 |  11|   0|   11|          0|
    |snn_busy_read_reg_3138                                       |   1|   0|    1|          0|
    |snn_enable_preg                                              |   1|   0|    1|          0|
    |snn_ready_read_reg_3143                                      |   1|   0|    1|          0|
    |snn_reset_preg                                               |   1|   0|    1|          0|
    |spike_counter                                                |  32|   0|   32|          0|
    |spike_in_neuron_id_preg                                      |  10|   0|   10|          0|
    |spike_in_ready_read_reg_3173                                 |   1|   0|    1|          0|
    |spike_in_valid_preg                                          |   1|   0|    1|          0|
    |spike_in_weight_preg                                         |   8|   0|    8|          0|
    |spike_out_ack_toggle                                         |   1|   0|    1|          0|
    |spike_out_ack_toggle_load_reg_3649                           |   1|   0|    1|          0|
    |spike_out_neuron_id_read_reg_3160                            |  10|   0|   10|          0|
    |spike_out_ready_preg                                         |   1|   0|    1|          0|
    |spike_out_valid_read_reg_3168                                |   1|   0|    1|          0|
    |spike_out_weight_read_reg_3154                               |   8|   0|    8|          0|
    |stdp_active_reg_3315                                         |   1|   0|    1|          0|
    |storemerge110_phi_fu_580                                     |   3|   0|    3|          0|
    |t_2_reg_3583                                                 |  16|   0|   16|          0|
    |t_fu_584                                                     |  16|   0|   16|          0|
    |threshold_out_preg                                           |  16|   0|   16|          0|
    |threshold_reg_3327                                           |  16|   0|   16|          0|
    |time_steps_1_reg_3321                                        |  16|   0|   16|          0|
    |timestamp                                                    |  32|   0|   32|          0|
    |tmp_4_reg_3692                                               |   1|   0|    1|          0|
    |tmp_6_reg_3605                                               |   1|   0|    1|          0|
    |tmp_7_reg_3609                                               |   1|   0|    1|          0|
    |tmp_8_reg_3452                                               |   1|   0|    1|          0|
    |tmp_s_reg_3659                                               |   1|   0|    1|          0|
    |trunc_ln87_reg_3600                                          |  13|   0|   13|          0|
    |trunc_ln933_reg_3633                                         |  10|   0|   10|          0|
    |update_counter                                               |  32|   0|   32|          0|
    |w_pkt_data_reg_3358                                          |  32|   0|   32|          0|
    |w_pkt_last_reg_3711                                          |   1|   0|    1|          0|
    |weight_load_mode_reg_3279                                    |   1|   0|    1|          0|
    |weight_read_mode_reg_3269                                    |   1|   0|    1|          0|
    |weight_reg_3628                                              |   8|   0|    8|          0|
    |weight_sum_shadow                                            |  10|   0|   10|          0|
    |weight_val_reg_3382                                          |   8|   0|    8|          0|
    |xor_ln1011_reg_3682                                          |   1|   0|    1|          0|
    |xor_ln1028_reg_3553                                          |   1|   0|    1|          0|
    |xor_ln857_reg_3443                                           |   1|   0|    1|          0|
    |xor_ln900_reg_3566                                           |   1|   0|    1|          0|
    |zext_ln978_reg_3530                                          |  10|   0|   11|          1|
    +-------------------------------------------------------------+----+----+-----+-----------+
    |Total                                                        |1050|   0| 1056|          6|
    +-------------------------------------------------------------+----+----+-----+-----------+



================================================================
== Interface
================================================================
* Summary: 
+-------------------------+-----+-----+------------+-------------------------+--------------+
|        RTL Ports        | Dir | Bits|  Protocol  |      Source Object      |    C Type    |
+-------------------------+-----+-----+------------+-------------------------+--------------+
|s_axi_ctrl_AWVALID       |   in|    1|       s_axi|                     ctrl|        scalar|
|s_axi_ctrl_AWREADY       |  out|    1|       s_axi|                     ctrl|        scalar|
|s_axi_ctrl_AWADDR        |   in|    8|       s_axi|                     ctrl|        scalar|
|s_axi_ctrl_WVALID        |   in|    1|       s_axi|                     ctrl|        scalar|
|s_axi_ctrl_WREADY        |  out|    1|       s_axi|                     ctrl|        scalar|
|s_axi_ctrl_WDATA         |   in|   32|       s_axi|                     ctrl|        scalar|
|s_axi_ctrl_WSTRB         |   in|    4|       s_axi|                     ctrl|        scalar|
|s_axi_ctrl_ARVALID       |   in|    1|       s_axi|                     ctrl|        scalar|
|s_axi_ctrl_ARREADY       |  out|    1|       s_axi|                     ctrl|        scalar|
|s_axi_ctrl_ARADDR        |   in|    8|       s_axi|                     ctrl|        scalar|
|s_axi_ctrl_RVALID        |  out|    1|       s_axi|                     ctrl|        scalar|
|s_axi_ctrl_RREADY        |   in|    1|       s_axi|                     ctrl|        scalar|
|s_axi_ctrl_RDATA         |  out|   32|       s_axi|                     ctrl|        scalar|
|s_axi_ctrl_RRESP         |  out|    2|       s_axi|                     ctrl|        scalar|
|s_axi_ctrl_BVALID        |  out|    1|       s_axi|                     ctrl|        scalar|
|s_axi_ctrl_BREADY        |   in|    1|       s_axi|                     ctrl|        scalar|
|s_axi_ctrl_BRESP         |  out|    2|       s_axi|                     ctrl|        scalar|
|ap_clk                   |   in|    1|  ap_ctrl_hs|              snn_top_hls|  return value|
|ap_rst_n                 |   in|    1|  ap_ctrl_hs|              snn_top_hls|  return value|
|interrupt                |  out|    1|  ap_ctrl_hs|              snn_top_hls|  return value|
|s_axis_spikes_TDATA      |   in|   32|        axis|   s_axis_spikes_V_data_V|       pointer|
|s_axis_spikes_TVALID     |   in|    1|        axis|   s_axis_spikes_V_dest_V|       pointer|
|s_axis_spikes_TREADY     |  out|    1|        axis|   s_axis_spikes_V_dest_V|       pointer|
|s_axis_spikes_TDEST      |   in|    1|        axis|   s_axis_spikes_V_dest_V|       pointer|
|s_axis_spikes_TKEEP      |   in|    4|        axis|   s_axis_spikes_V_keep_V|       pointer|
|s_axis_spikes_TSTRB      |   in|    4|        axis|   s_axis_spikes_V_strb_V|       pointer|
|s_axis_spikes_TUSER      |   in|    1|        axis|   s_axis_spikes_V_user_V|       pointer|
|s_axis_spikes_TLAST      |   in|    1|        axis|   s_axis_spikes_V_last_V|       pointer|
|s_axis_spikes_TID        |   in|    1|        axis|     s_axis_spikes_V_id_V|       pointer|
|s_axis_data_TDATA        |   in|   32|        axis|     s_axis_data_V_data_V|       pointer|
|s_axis_data_TVALID       |   in|    1|        axis|     s_axis_data_V_dest_V|       pointer|
|s_axis_data_TREADY       |  out|    1|        axis|     s_axis_data_V_dest_V|       pointer|
|s_axis_data_TDEST        |   in|    1|        axis|     s_axis_data_V_dest_V|       pointer|
|s_axis_data_TKEEP        |   in|    4|        axis|     s_axis_data_V_keep_V|       pointer|
|s_axis_data_TSTRB        |   in|    4|        axis|     s_axis_data_V_strb_V|       pointer|
|s_axis_data_TUSER        |   in|    1|        axis|     s_axis_data_V_user_V|       pointer|
|s_axis_data_TLAST        |   in|    1|        axis|     s_axis_data_V_last_V|       pointer|
|s_axis_data_TID          |   in|    1|        axis|       s_axis_data_V_id_V|       pointer|
|s_axis_weights_TDATA     |   in|   32|        axis|  s_axis_weights_V_data_V|       pointer|
|s_axis_weights_TVALID    |   in|    1|        axis|  s_axis_weights_V_dest_V|       pointer|
|s_axis_weights_TREADY    |  out|    1|        axis|  s_axis_weights_V_dest_V|       pointer|
|s_axis_weights_TDEST     |   in|    1|        axis|  s_axis_weights_V_dest_V|       pointer|
|s_axis_weights_TKEEP     |   in|    4|        axis|  s_axis_weights_V_keep_V|       pointer|
|s_axis_weights_TSTRB     |   in|    4|        axis|  s_axis_weights_V_strb_V|       pointer|
|s_axis_weights_TUSER     |   in|    1|        axis|  s_axis_weights_V_user_V|       pointer|
|s_axis_weights_TLAST     |   in|    1|        axis|  s_axis_weights_V_last_V|       pointer|
|s_axis_weights_TID       |   in|    1|        axis|    s_axis_weights_V_id_V|       pointer|
|m_axis_spikes_TDATA      |  out|   32|        axis|   m_axis_spikes_V_data_V|       pointer|
|m_axis_spikes_TVALID     |  out|    1|        axis|   m_axis_spikes_V_dest_V|       pointer|
|m_axis_spikes_TREADY     |   in|    1|        axis|   m_axis_spikes_V_dest_V|       pointer|
|m_axis_spikes_TDEST      |  out|    1|        axis|   m_axis_spikes_V_dest_V|       pointer|
|m_axis_spikes_TKEEP      |  out|    4|        axis|   m_axis_spikes_V_keep_V|       pointer|
|m_axis_spikes_TSTRB      |  out|    4|        axis|   m_axis_spikes_V_strb_V|       pointer|
|m_axis_spikes_TUSER      |  out|    1|        axis|   m_axis_spikes_V_user_V|       pointer|
|m_axis_spikes_TLAST      |  out|    1|        axis|   m_axis_spikes_V_last_V|       pointer|
|m_axis_spikes_TID        |  out|    1|        axis|     m_axis_spikes_V_id_V|       pointer|
|m_axis_weights_TDATA     |  out|   32|        axis|  m_axis_weights_V_data_V|       pointer|
|m_axis_weights_TVALID    |  out|    1|        axis|  m_axis_weights_V_dest_V|       pointer|
|m_axis_weights_TREADY    |   in|    1|        axis|  m_axis_weights_V_dest_V|       pointer|
|m_axis_weights_TDEST     |  out|    1|        axis|  m_axis_weights_V_dest_V|       pointer|
|m_axis_weights_TKEEP     |  out|    4|        axis|  m_axis_weights_V_keep_V|       pointer|
|m_axis_weights_TSTRB     |  out|    4|        axis|  m_axis_weights_V_strb_V|       pointer|
|m_axis_weights_TUSER     |  out|    1|        axis|  m_axis_weights_V_user_V|       pointer|
|m_axis_weights_TLAST     |  out|    1|        axis|  m_axis_weights_V_last_V|       pointer|
|m_axis_weights_TID       |  out|    1|        axis|    m_axis_weights_V_id_V|       pointer|
|spike_in_valid           |  out|    1|     ap_none|           spike_in_valid|       pointer|
|spike_in_neuron_id       |  out|   10|     ap_none|       spike_in_neuron_id|       pointer|
|spike_in_weight          |  out|    8|     ap_none|          spike_in_weight|       pointer|
|spike_in_ready           |   in|    1|     ap_none|           spike_in_ready|        scalar|
|spike_out_valid          |   in|    1|     ap_none|          spike_out_valid|        scalar|
|spike_out_neuron_id      |   in|   10|     ap_none|      spike_out_neuron_id|        scalar|
|spike_out_weight         |   in|    8|     ap_none|         spike_out_weight|        scalar|
|spike_out_ready          |  out|    1|     ap_none|          spike_out_ready|       pointer|
|learn_weight_valid       |  out|    1|     ap_none|       learn_weight_valid|       pointer|
|learn_weight_group       |  out|    3|     ap_none|       learn_weight_group|       pointer|
|learn_weight_src         |  out|    7|     ap_none|         learn_weight_src|       pointer|
|learn_weight_dst         |  out|    7|     ap_none|         learn_weight_dst|       pointer|
|learn_weight_data        |  out|    8|     ap_none|        learn_weight_data|       pointer|
|learn_weight_exc         |  out|    1|     ap_none|         learn_weight_exc|       pointer|
|learn_weight_is_inter    |  out|    1|     ap_none|    learn_weight_is_inter|       pointer|
|learn_weight_dst_group   |  out|    3|     ap_none|   learn_weight_dst_group|       pointer|
|learn_weight_fanout_idx  |  out|    4|     ap_none|  learn_weight_fanout_idx|       pointer|
|learn_weight_ready       |   in|    1|     ap_none|       learn_weight_ready|        scalar|
|snn_enable               |  out|    1|     ap_none|               snn_enable|       pointer|
|snn_reset                |  out|    1|     ap_none|                snn_reset|       pointer|
|threshold_out            |  out|   16|     ap_none|            threshold_out|       pointer|
|leak_rate_out            |  out|   16|     ap_none|            leak_rate_out|       pointer|
|snn_ready                |   in|    1|     ap_none|                snn_ready|        scalar|
|snn_busy                 |   in|    1|     ap_none|                 snn_busy|        scalar|
+-------------------------+-----+-----+------------+-------------------------+--------------+

