

================================================================
== Vitis HLS Report for 'snn_top_hls_Pipeline_VITIS_LOOP_147_4_VITIS_LOOP_148_5101'
================================================================
* Date:           Wed Sep 23 00:24:11 2026

* Version:        2025.2 (Build 6295257 on Nov 14 2025)
* Project:        hls_output
* Solution:       hls (Vivado IP Flow Target)
* Product family: zynq
* Target device:  xc7z020-clg400-1


================================================================
== Performance Estimates
================================================================
+ Timing: 
    * Summary: 
    +--------+----------+----------+------------+
    |  Clock |  Target  | Estimated| Uncertainty|
    +--------+----------+----------+------------+
    |ap_clk  |  10.00 ns|  7.288 ns|     2.70 ns|
    +--------+----------+----------+------------+

+ Latency: 
    * Summary: 
    +---------+---------+----------+----------+-----+-----+-------------------+
    |  Latency (cycles) |  Latency (absolute) |  Interval |      Pipeline     |
    |   min   |   max   |    min   |    max   | min | max |        Type       |
    +---------+---------+----------+----------+-----+-----+-------------------+
    |       21|       21|  0.210 us|  0.210 us|    0|    0|  loop pipeline stp|
    +---------+---------+----------+----------+-----+-----+-------------------+

    + Detail: 
        * Instance: 
        N/A

        * Loop: 
        +-------------------------------------+---------+---------+----------+-----------+-----------+------+----------+
        |                                     |  Latency (cycles) | Iteration|  Initiation Interval  | Trip |          |
        |              Loop Name              |   min   |   max   |  Latency |  achieved |   target  | Count| Pipelined|
        +-------------------------------------+---------+---------+----------+-----------+-----------+------+----------+
        |- VITIS_LOOP_147_4_VITIS_LOOP_148_5  |       19|       19|         4|          2|          1|     9|       yes|
        +-------------------------------------+---------+---------+----------+-----------+-----------+------+----------+



================================================================
== Utilization Estimates
================================================================
* Summary: 
+-----------------+---------+-----+--------+-------+-----+
|       Name      | BRAM_18K| DSP |   FF   |  LUT  | URAM|
+-----------------+---------+-----+--------+-------+-----+
|DSP              |        -|    -|       -|      -|    -|
|Expression       |        -|    -|       0|    213|    -|
|FIFO             |        -|    -|       -|      -|    -|
|Instance         |        -|    -|       -|      -|    -|
|Memory           |        0|    -|       7|      1|    -|
|Multiplexer      |        -|    -|       0|    104|    -|
|Register         |        -|    -|      69|      -|    -|
+-----------------+---------+-----+--------+-------+-----+
|Total            |        0|    0|      76|    318|    0|
+-----------------+---------+-----+--------+-------+-----+
|Available        |      280|  220|  106400|  53200|    0|
+-----------------+---------+-----+--------+-------+-----+
|Utilization (%)  |        0|    0|      ~0|     ~0|    0|
+-----------------+---------+-----+--------+-------+-----+

+ Detail: 
    * Instance: 
    N/A

    * DSP: 
    N/A

    * Memory: 
    +---------------------------+----------------------------------------------------------------------------------+---------+---+----+-----+------+-----+------+-------------+
    |           Memory          |                                      Module                                      | BRAM_18K| FF| LUT| URAM| Words| Bits| Banks| W*Bits*Banks|
    +---------------------------+----------------------------------------------------------------------------------+---------+---+----+-----+------+-----+------+-------------+
    |p_ZL13CONV2_WEIGHTS_5_6_U  |snn_top_hls_Pipeline_VITIS_LOOP_147_4_VITIS_LOOP_148_5101_p_ZL13CONV2_WEIGHTSbOq  |        0|  7|   1|    0|     9|    7|     1|           63|
    +---------------------------+----------------------------------------------------------------------------------+---------+---+----+-----+------+-----+------+-------------+
    |Total                      |                                                                                  |        0|  7|   1|    0|     9|    7|     1|           63|
    +---------------------------+----------------------------------------------------------------------------------+---------+---+----+-----+------+-----+------+-------------+

    * FIFO: 
    N/A

    * Expression: 
    +---------------------------------------+----------+----+---+----+------------+------------+
    |             Variable Name             | Operation| DSP| FF| LUT| Bitwidth P0| Bitwidth P1|
    +---------------------------------------+----------+----+---+----+------------+------------+
    |add_ln147_fu_164_p2                    |         +|   0|  0|  13|           4|           1|
    |add_ln148_fu_302_p2                    |         +|   0|  0|  11|           3|           1|
    |add_ln149_fu_229_p2                    |         +|   0|  0|  14|           6|           6|
    |add_ln150_fu_275_p2                    |         +|   0|  0|  13|           5|           5|
    |add_ln153_223_fu_196_p2                |         +|   0|  0|  11|           3|           1|
    |add_ln153_224_fu_311_p2                |         +|   0|  0|   7|           4|           4|
    |add_ln153_fu_190_p2                    |         +|   0|  0|  11|           3|           2|
    |add_ln156_fu_357_p2                    |         +|   0|  0|  13|           5|           5|
    |global_nid_fu_371_p2                   |         +|   0|  0|  15|           8|           8|
    |sub_ln151_fu_260_p2                    |         -|   0|  0|   7|           4|           4|
    |sub_ln152_fu_342_p2                    |         -|   0|  0|  15|           8|           8|
    |and_ln151_fu_296_p2                    |       and|   0|  0|   2|           1|           1|
    |ap_block_pp0_stage1_01001_grp1         |       and|   0|  0|   2|           1|           1|
    |ap_block_state4_pp0_stage1_iter1_grp1  |       and|   0|  0|   2|           1|           1|
    |ap_predicate_op78_write_state4         |       and|   0|  0|   2|           1|           1|
    |icmp_ln147_fu_158_p2                   |      icmp|   0|  0|  13|           4|           4|
    |icmp_ln148_fu_176_p2                   |      icmp|   0|  0|  11|           3|           2|
    |icmp_ln151_94_fu_290_p2                |      icmp|   0|  0|  13|           4|           3|
    |icmp_ln151_fu_266_p2                   |      icmp|   0|  0|  13|           5|           3|
    |icmp_ln154_fu_351_p2                   |      icmp|   0|  0|  14|           7|           1|
    |select_ln147_174_fu_211_p3             |    select|   0|  0|   3|           1|           3|
    |select_ln147_175_fu_216_p3             |    select|   0|  0|   3|           1|           3|
    |select_ln147_fu_182_p3                 |    select|   0|  0|   3|           1|           2|
    |ap_enable_pp0                          |       xor|   0|  0|   2|           1|           2|
    +---------------------------------------+----------+----+---+----+------------+------------+
    |Total                                  |          |   0|  0| 213|          84|          72|
    +---------------------------------------+----------+----+---+----+------------+------------+

    * Multiplexer: 
    +-----------------------------------------+----+-----------+-----+-----------+
    |                   Name                  | LUT| Input Size| Bits| Total Bits|
    +-----------------------------------------+----+-----------+-----+-----------+
    |ap_NS_fsm                                |  14|          3|    1|          3|
    |ap_done_int                              |   9|          2|    1|          2|
    |ap_enable_reg_pp0_iter0                  |   9|          2|    1|          2|
    |ap_enable_reg_pp0_iter1                  |   9|          2|    1|          2|
    |ap_sig_allocacmp_dx2_load                |   9|          2|    3|          6|
    |ap_sig_allocacmp_dy2_load                |   9|          2|    3|          6|
    |ap_sig_allocacmp_indvar_flatten720_load  |   9|          2|    4|          8|
    |dx2_fu_80                                |   9|          2|    3|          6|
    |dy2_fu_84                                |   9|          2|    3|          6|
    |encoder_spikes_blk_n                     |   9|          2|    1|          2|
    |indvar_flatten720_fu_88                  |   9|          2|    4|          8|
    +-----------------------------------------+----+-----------+-----+-----------+
    |Total                                    | 104|         23|   25|         51|
    +-----------------------------------------+----+-----------+-----+-----------+

    * Register: 
    +-------------------------------------------+---+----+-----+-----------+
    |                    Name                   | FF| LUT| Bits| Const Bits|
    +-------------------------------------------+---+----+-----+-----------+
    |add_ln153_223_reg_454                      |  3|   0|    3|          0|
    |add_ln153_reg_449                          |  3|   0|    3|          0|
    |and_ln151_reg_476                          |  1|   0|    1|          0|
    |ap_CS_fsm                                  |  2|   0|    2|          0|
    |ap_block_pp0_stage1_subdone_grp0_done_reg  |  1|   0|    1|          0|
    |ap_done_reg                                |  1|   0|    1|          0|
    |ap_enable_reg_pp0_iter0_reg                |  1|   0|    1|          0|
    |ap_enable_reg_pp0_iter1                    |  1|   0|    1|          0|
    |dx2_fu_80                                  |  3|   0|    3|          0|
    |dy2_fu_84                                  |  3|   0|    3|          0|
    |dy2_load_reg_433                           |  3|   0|    3|          0|
    |global_nid_reg_498                         |  8|   0|    8|          0|
    |icmp_ln147_reg_429                         |  1|   0|    1|          0|
    |icmp_ln148_reg_438                         |  1|   0|    1|          0|
    |icmp_ln154_reg_490                         |  1|   0|    1|          0|
    |indvar_flatten720_fu_88                    |  4|   0|    4|          0|
    |px_2_cast_reg_419                          |  4|   0|    5|          1|
    |select_ln147_reg_444                       |  3|   0|    3|          0|
    |sext_ln137_1_cast_reg_424                  |  6|   0|    6|          0|
    |tmp_reg_465                                |  5|   0|    5|          0|
    |tmp_s_reg_494                              |  1|   0|    1|          0|
    |trunc_ln150_reg_460                        |  2|   0|    2|          0|
    |trunc_ln150_s_reg_471                      |  4|   0|    4|          0|
    |wt_reg_485                                 |  7|   0|    7|          0|
    +-------------------------------------------+---+----+-----+-----------+
    |Total                                      | 69|   0|   70|          1|
    +-------------------------------------------+---+----+-----+-----------+



================================================================
== Interface
================================================================
* Summary: 
+-----------------------+-----+-----+------------+-----------------------------------------------------------+--------------+
|       RTL Ports       | Dir | Bits|  Protocol  |                       Source Object                       |    C Type    |
+-----------------------+-----+-----+------------+-----------------------------------------------------------+--------------+
|ap_clk                 |   in|    1|  ap_ctrl_hs|  snn_top_hls_Pipeline_VITIS_LOOP_147_4_VITIS_LOOP_148_5101|  return value|
|ap_rst                 |   in|    1|  ap_ctrl_hs|  snn_top_hls_Pipeline_VITIS_LOOP_147_4_VITIS_LOOP_148_5101|  return value|
|ap_start               |   in|    1|  ap_ctrl_hs|  snn_top_hls_Pipeline_VITIS_LOOP_147_4_VITIS_LOOP_148_5101|  return value|
|ap_done                |  out|    1|  ap_ctrl_hs|  snn_top_hls_Pipeline_VITIS_LOOP_147_4_VITIS_LOOP_148_5101|  return value|
|ap_idle                |  out|    1|  ap_ctrl_hs|  snn_top_hls_Pipeline_VITIS_LOOP_147_4_VITIS_LOOP_148_5101|  return value|
|ap_ready               |  out|    1|  ap_ctrl_hs|  snn_top_hls_Pipeline_VITIS_LOOP_147_4_VITIS_LOOP_148_5101|  return value|
|encoder_spikes_din     |  out|   41|     ap_fifo|                                             encoder_spikes|       pointer|
|encoder_spikes_full_n  |   in|    1|     ap_fifo|                                             encoder_spikes|       pointer|
|encoder_spikes_write   |  out|    1|     ap_fifo|                                             encoder_spikes|       pointer|
|sext_ln137_1           |   in|    5|     ap_none|                                               sext_ln137_1|        scalar|
|px_2                   |   in|    4|     ap_none|                                                       px_2|        scalar|
+-----------------------+-----+-----+------------+-----------------------------------------------------------+--------------+

