

================================================================
== Vitis HLS Report for 'snn_top_hls_Pipeline_VITIS_LOOP_147_4_VITIS_LOOP_148_580'
================================================================
* Date:           Thu Sep 24 00:27:11 2026

* Version:        2025.2 (Build 6295257 on Nov 14 2025)
* Project:        hls_output
* Solution:       hls (Vivado IP Flow Target)
* Product family: zynq
* Target device:  xc7z020-clg400-1


================================================================
== Performance Estimates
================================================================
+ Timing: 
    * Summary: 
    +--------+----------+----------+------------+
    |  Clock |  Target  | Estimated| Uncertainty|
    +--------+----------+----------+------------+
    |ap_clk  |  10.00 ns|  5.868 ns|     2.70 ns|
    +--------+----------+----------+------------+

+ Latency: 
    * Summary: 
    +---------+---------+----------+----------+-----+-----+-------------------+
    |  Latency (cycles) |  Latency (absolute) |  Interval |      Pipeline     |
    |   min   |   max   |    min   |    max   | min | max |        Type       |
    +---------+---------+----------+----------+-----+-----+-------------------+
    |       13|       13|  0.130 us|  0.130 us|    0|    0|  loop pipeline stp|
    +---------+---------+----------+----------+-----+-----+-------------------+

    + Detail: 
        * Instance: 
        N/A

        * Loop: 
        +-------------------------------------+---------+---------+----------+-----------+-----------+------+----------+
        |                                     |  Latency (cycles) | Iteration|  Initiation Interval  | Trip |          |
        |              Loop Name              |   min   |   max   |  Latency |  achieved |   target  | Count| Pipelined|
        +-------------------------------------+---------+---------+----------+-----------+-----------+------+----------+
        |- VITIS_LOOP_147_4_VITIS_LOOP_148_5  |       11|       11|         4|          1|          1|     9|       yes|
        +-------------------------------------+---------+---------+----------+-----------+-----------+------+----------+



================================================================
== Utilization Estimates
================================================================
* Summary: 
+-----------------+---------+-----+--------+-------+-----+
|       Name      | BRAM_18K| DSP |   FF   |  LUT  | URAM|
+-----------------+---------+-----+--------+-------+-----+
|DSP              |        -|    -|       -|      -|    -|
|Expression       |        -|    -|       0|    205|    -|
|FIFO             |        -|    -|       -|      -|    -|
|Instance         |        -|    -|       -|      -|    -|
|Memory           |        0|    -|       4|      1|    -|
|Multiplexer      |        -|    -|       0|     63|    -|
|Register         |        -|    -|      42|      -|    -|
+-----------------+---------+-----+--------+-------+-----+
|Total            |        0|    0|      46|    269|    0|
+-----------------+---------+-----+--------+-------+-----+
|Available        |      280|  220|  106400|  53200|    0|
+-----------------+---------+-----+--------+-------+-----+
|Utilization (%)  |        0|    0|      ~0|     ~0|    0|
+-----------------+---------+-----+--------+-------+-----+

+ Detail: 
    * Instance: 
    N/A

    * DSP: 
    N/A

    * Memory: 
    +---------------------------+----------------------------------------------------------------------------------+---------+---+----+-----+------+-----+------+-------------+
    |           Memory          |                                      Module                                      | BRAM_18K| FF| LUT| URAM| Words| Bits| Banks| W*Bits*Banks|
    +---------------------------+----------------------------------------------------------------------------------+---------+---+----+-----+------+-----+------+-------------+
    |p_ZL13CONV2_WEIGHTS_0_5_U  |snn_top_hls_Pipeline_VITIS_LOOP_147_4_VITIS_LOOP_148_580_p_ZL13CONV2_WEIGHTS_btn  |        0|  4|   1|    0|     9|    4|     1|           36|
    +---------------------------+----------------------------------------------------------------------------------+---------+---+----+-----+------+-----+------+-------------+
    |Total                      |                                                                                  |        0|  4|   1|    0|     9|    4|     1|           36|
    +---------------------------+----------------------------------------------------------------------------------+---------+---+----+-----+------+-----+------+-------------+

    * FIFO: 
    N/A

    * Expression: 
    +---------------------------------------+----------+----+---+----+------------+------------+
    |             Variable Name             | Operation| DSP| FF| LUT| Bitwidth P0| Bitwidth P1|
    +---------------------------------------+----------+----+---+----+------------+------------+
    |add_ln147_20_fu_181_p2                 |         +|   0|  0|  11|           3|           1|
    |add_ln147_fu_164_p2                    |         +|   0|  0|  13|           4|           1|
    |add_ln148_fu_223_p2                    |         +|   0|  0|  11|           3|           1|
    |add_ln151_fu_300_p2                    |         +|   0|  0|  13|           5|           5|
    |add_ln152_fu_242_p2                    |         +|   0|  0|  14|           6|           6|
    |add_ln155_fu_346_p2                    |         +|   0|  0|  13|           4|           4|
    |local_nid_fu_331_p2                    |         +|   0|  0|  15|           8|           8|
    |sub_ln154_fu_269_p2                    |         -|   0|  0|  15|           8|           8|
    |sub_ln155_39_fu_285_p2                 |         -|   0|  0|  13|           4|           4|
    |sub_ln155_40_fu_337_p2                 |         -|   0|  0|  10|           1|           2|
    |sub_ln155_fu_213_p2                    |         -|   0|  0|  10|           1|           2|
    |and_ln151_fu_311_p2                    |       and|   0|  0|   2|           1|           1|
    |ap_block_pp0_stage0_01001_grp1         |       and|   0|  0|   2|           1|           1|
    |ap_block_state4_pp0_stage0_iter3_grp1  |       and|   0|  0|   2|           1|           1|
    |ap_predicate_op73_write_state4         |       and|   0|  0|   2|           1|           1|
    |icmp_ln147_fu_158_p2                   |      icmp|   0|  0|  13|           4|           4|
    |icmp_ln148_fu_187_p2                   |      icmp|   0|  0|  11|           3|           2|
    |icmp_ln151_21_fu_305_p2                |      icmp|   0|  0|  13|           5|           4|
    |icmp_ln151_fu_291_p2                   |      icmp|   0|  0|  14|           6|           4|
    |select_ln147_21_fu_201_p3              |    select|   0|  0|   3|           1|           3|
    |select_ln147_fu_193_p3                 |    select|   0|  0|   3|           1|           2|
    |ap_enable_pp0                          |       xor|   0|  0|   2|           1|           2|
    +---------------------------------------+----------+----+---+----+------------+------------+
    |Total                                  |          |   0|  0| 205|          72|          67|
    +---------------------------------------+----------+----+---+----+------------+------------+

    * Multiplexer: 
    +-----------------------------------------+----+-----------+-----+-----------+
    |                   Name                  | LUT| Input Size| Bits| Total Bits|
    +-----------------------------------------+----+-----------+-----+-----------+
    |ap_done_int                              |   9|          2|    1|          2|
    |ap_enable_reg_pp0_iter1                  |   9|          2|    1|          2|
    |ap_sig_allocacmp_indvar_flatten573_load  |   9|          2|    4|          8|
    |dx2_fu_80                                |   9|          2|    3|          6|
    |dy2_fu_84                                |   9|          2|    3|          6|
    |encoder_spikes_blk_n                     |   9|          2|    1|          2|
    |indvar_flatten573_fu_88                  |   9|          2|    4|          8|
    +-----------------------------------------+----+-----------+-----+-----------+
    |Total                                    |  63|         14|   17|         34|
    +-----------------------------------------+----+-----------+-----+-----------+

    * Register: 
    +----------------------------------+---+----+-----+-----------+
    |               Name               | FF| LUT| Bits| Const Bits|
    +----------------------------------+---+----+-----+-----------+
    |and_ln151_reg_437                 |  1|   0|    1|          0|
    |ap_CS_fsm                         |  1|   0|    1|          0|
    |ap_done_reg                       |  1|   0|    1|          0|
    |ap_enable_reg_pp0_iter1           |  1|   0|    1|          0|
    |ap_enable_reg_pp0_iter2           |  1|   0|    1|          0|
    |ap_enable_reg_pp0_iter3           |  1|   0|    1|          0|
    |ap_loop_exit_ready_pp0_iter1_reg  |  1|   0|    1|          0|
    |ap_loop_exit_ready_pp0_iter2_reg  |  1|   0|    1|          0|
    |dx2_fu_80                         |  3|   0|    3|          0|
    |dy2_fu_84                         |  3|   0|    3|          0|
    |indvar_flatten573_fu_88           |  4|   0|    4|          0|
    |local_nid_reg_441                 |  8|   0|    8|          0|
    |px_2_cast_reg_406                 |  4|   0|    5|          1|
    |sext_ln137_1_cast_reg_411         |  6|   0|    6|          0|
    |sub_ln155_reg_425                 |  2|   0|    2|          0|
    |trunc_ln147_reg_420               |  2|   0|    2|          0|
    |trunc_ln148_reg_431               |  2|   0|    2|          0|
    +----------------------------------+---+----+-----+-----------+
    |Total                             | 42|   0|   43|          1|
    +----------------------------------+---+----+-----+-----------+



================================================================
== Interface
================================================================
* Summary: 
+-----------------------+-----+-----+------------+----------------------------------------------------------+--------------+
|       RTL Ports       | Dir | Bits|  Protocol  |                       Source Object                      |    C Type    |
+-----------------------+-----+-----+------------+----------------------------------------------------------+--------------+
|ap_clk                 |   in|    1|  ap_ctrl_hs|  snn_top_hls_Pipeline_VITIS_LOOP_147_4_VITIS_LOOP_148_580|  return value|
|ap_rst                 |   in|    1|  ap_ctrl_hs|  snn_top_hls_Pipeline_VITIS_LOOP_147_4_VITIS_LOOP_148_580|  return value|
|ap_start               |   in|    1|  ap_ctrl_hs|  snn_top_hls_Pipeline_VITIS_LOOP_147_4_VITIS_LOOP_148_580|  return value|
|ap_done                |  out|    1|  ap_ctrl_hs|  snn_top_hls_Pipeline_VITIS_LOOP_147_4_VITIS_LOOP_148_580|  return value|
|ap_idle                |  out|    1|  ap_ctrl_hs|  snn_top_hls_Pipeline_VITIS_LOOP_147_4_VITIS_LOOP_148_580|  return value|
|ap_ready               |  out|    1|  ap_ctrl_hs|  snn_top_hls_Pipeline_VITIS_LOOP_147_4_VITIS_LOOP_148_580|  return value|
|encoder_spikes_din     |  out|   64|     ap_fifo|                                            encoder_spikes|       pointer|
|encoder_spikes_full_n  |   in|    1|     ap_fifo|                                            encoder_spikes|       pointer|
|encoder_spikes_write   |  out|    1|     ap_fifo|                                            encoder_spikes|       pointer|
|sext_ln137_1           |   in|    5|     ap_none|                                              sext_ln137_1|        scalar|
|px_2                   |   in|    4|     ap_none|                                                      px_2|        scalar|
+-----------------------+-----+-----+------------+----------------------------------------------------------+--------------+

