

================================================================
== Vitis HLS Report for 'snn_top_hls_Pipeline_INIT_WEIGHT'
================================================================
* Date:           Thu Sep 17 15:27:04 2026

* Version:        2025.2 (Build 6295257 on Nov 14 2025)
* Project:        hls_output
* Solution:       hls (Vivado IP Flow Target)
* Product family: zynq
* Target device:  xc7z020-clg400-1


================================================================
== Performance Estimates
================================================================
+ Timing: 
    * Summary: 
    +--------+----------+----------+------------+
    |  Clock |  Target  | Estimated| Uncertainty|
    +--------+----------+----------+------------+
    |ap_clk  |  10.00 ns|  5.436 ns|     2.70 ns|
    +--------+----------+----------+------------+

+ Latency: 
    * Summary: 
    +---------+---------+----------+----------+-----+-----+-------------------+
    |  Latency (cycles) |  Latency (absolute) |  Interval |      Pipeline     |
    |   min   |   max   |    min   |    max   | min | max |        Type       |
    +---------+---------+----------+----------+-----+-----+-------------------+
    |   268802|   268802|  2.688 ms|  2.688 ms|    0|    0|  loop pipeline stp|
    +---------+---------+----------+----------+-----+-----+-------------------+

    + Detail: 
        * Instance: 
        N/A

        * Loop: 
        +---------------+---------+---------+----------+-----------+-----------+--------+----------+
        |               |  Latency (cycles) | Iteration|  Initiation Interval  |  Trip  |          |
        |   Loop Name   |   min   |   max   |  Latency |  achieved |   target  |  Count | Pipelined|
        +---------------+---------+---------+----------+-----------+-----------+--------+----------+
        |- INIT_WEIGHT  |   268800|   268800|         2|          1|          1|  268800|       yes|
        +---------------+---------+---------+----------+-----------+-----------+--------+----------+



================================================================
== Utilization Estimates
================================================================
* Summary: 
+-----------------+---------+-----+--------+-------+-----+
|       Name      | BRAM_18K| DSP |   FF   |  LUT  | URAM|
+-----------------+---------+-----+--------+-------+-----+
|DSP              |        -|    -|       -|      -|    -|
|Expression       |        -|    -|       0|     54|    -|
|FIFO             |        -|    -|       -|      -|    -|
|Instance         |        -|    -|       -|      -|    -|
|Memory           |        -|    -|       -|      -|    -|
|Multiplexer      |        -|    -|       0|     36|    -|
|Register         |        -|    -|      22|      -|    -|
+-----------------+---------+-----+--------+-------+-----+
|Total            |        0|    0|      22|     90|    0|
+-----------------+---------+-----+--------+-------+-----+
|Available        |      280|  220|  106400|  53200|    0|
+-----------------+---------+-----+--------+-------+-----+
|Utilization (%)  |        0|    0|      ~0|     ~0|    0|
+-----------------+---------+-----+--------+-------+-----+

+ Detail: 
    * Instance: 
    N/A

    * DSP: 
    N/A

    * Memory: 
    N/A

    * FIFO: 
    N/A

    * Expression: 
    +---------------------+----------+----+---+----+------------+------------+
    |    Variable Name    | Operation| DSP| FF| LUT| Bitwidth P0| Bitwidth P1|
    +---------------------+----------+----+---+----+------------+------------+
    |add_ln804_fu_72_p2   |         +|   0|  0|  26|          19|           1|
    |icmp_ln804_fu_66_p2  |      icmp|   0|  0|  26|          19|          19|
    |ap_enable_pp0        |       xor|   0|  0|   2|           1|           2|
    +---------------------+----------+----+---+----+------------+------------+
    |Total                |          |   0|  0|  54|          39|          22|
    +---------------------+----------+----+---+----+------------+------------+

    * Multiplexer: 
    +-------------------------+----+-----------+-----+-----------+
    |           Name          | LUT| Input Size| Bits| Total Bits|
    +-------------------------+----+-----------+-----+-----------+
    |ap_done_int              |   9|          2|    1|          2|
    |ap_enable_reg_pp0_iter1  |   9|          2|    1|          2|
    |ap_sig_allocacmp_k_1     |   9|          2|   19|         38|
    |k_fu_40                  |   9|          2|   19|         38|
    +-------------------------+----+-----------+-----+-----------+
    |Total                    |  36|          8|   40|         80|
    +-------------------------+----+-----------+-----+-----------+

    * Register: 
    +-------------------------+----+----+-----+-----------+
    |           Name          | FF | LUT| Bits| Const Bits|
    +-------------------------+----+----+-----+-----------+
    |ap_CS_fsm                |   1|   0|    1|          0|
    |ap_done_reg              |   1|   0|    1|          0|
    |ap_enable_reg_pp0_iter1  |   1|   0|    1|          0|
    |k_fu_40                  |  19|   0|   19|          0|
    +-------------------------+----+----+-----+-----------+
    |Total                    |  22|   0|   22|          0|
    +-------------------------+----+----+-----+-----------+



================================================================
== Interface
================================================================
* Summary: 
+------------------------+-----+-----+------------+----------------------------------+--------------+
|        RTL Ports       | Dir | Bits|  Protocol  |           Source Object          |    C Type    |
+------------------------+-----+-----+------------+----------------------------------+--------------+
|ap_clk                  |   in|    1|  ap_ctrl_hs|  snn_top_hls_Pipeline_INIT_WEIGHT|  return value|
|ap_rst                  |   in|    1|  ap_ctrl_hs|  snn_top_hls_Pipeline_INIT_WEIGHT|  return value|
|ap_start                |   in|    1|  ap_ctrl_hs|  snn_top_hls_Pipeline_INIT_WEIGHT|  return value|
|ap_done                 |  out|    1|  ap_ctrl_hs|  snn_top_hls_Pipeline_INIT_WEIGHT|  return value|
|ap_idle                 |  out|    1|  ap_ctrl_hs|  snn_top_hls_Pipeline_INIT_WEIGHT|  return value|
|ap_ready                |  out|    1|  ap_ctrl_hs|  snn_top_hls_Pipeline_INIT_WEIGHT|  return value|
|weight_memory_address0  |  out|   19|   ap_memory|                     weight_memory|         array|
|weight_memory_ce0       |  out|    1|   ap_memory|                     weight_memory|         array|
|weight_memory_we0       |  out|    1|   ap_memory|                     weight_memory|         array|
|weight_memory_d0        |  out|    4|   ap_memory|                     weight_memory|         array|
+------------------------+-----+-----+------------+----------------------------------+--------------+

