

================================================================
== Vitis HLS Report for 'snn_top_hls_Pipeline_VITIS_LOOP_76_3'
================================================================
* Date:           Thu Sep 24 00:26:59 2026

* Version:        2025.2 (Build 6295257 on Nov 14 2025)
* Project:        hls_output
* Solution:       hls (Vivado IP Flow Target)
* Product family: zynq
* Target device:  xc7z020-clg400-1


================================================================
== Performance Estimates
================================================================
+ Timing: 
    * Summary: 
    +--------+----------+----------+------------+
    |  Clock |  Target  | Estimated| Uncertainty|
    +--------+----------+----------+------------+
    |ap_clk  |  10.00 ns|  5.475 ns|     2.70 ns|
    +--------+----------+----------+------------+

+ Latency: 
    * Summary: 
    +---------+---------+-----------+-----------+-----+-----+-------------------+
    |  Latency (cycles) |   Latency (absolute)  |  Interval |      Pipeline     |
    |   min   |   max   |    min    |    max    | min | max |        Type       |
    +---------+---------+-----------+-----------+-----+-----+-------------------+
    |        5|        5|  50.000 ns|  50.000 ns|    0|    0|  loop pipeline stp|
    +---------+---------+-----------+-----------+-----+-----+-------------------+

    + Detail: 
        * Instance: 
        N/A

        * Loop: 
        +-------------------+---------+---------+----------+-----------+-----------+------+----------+
        |                   |  Latency (cycles) | Iteration|  Initiation Interval  | Trip |          |
        |     Loop Name     |   min   |   max   |  Latency |  achieved |   target  | Count| Pipelined|
        +-------------------+---------+---------+----------+-----------+-----------+------+----------+
        |- VITIS_LOOP_76_3  |        3|        3|         1|          1|          1|     3|       yes|
        +-------------------+---------+---------+----------+-----------+-----------+------+----------+



================================================================
== Utilization Estimates
================================================================
* Summary: 
+-----------------+---------+-----+--------+-------+-----+
|       Name      | BRAM_18K| DSP |   FF   |  LUT  | URAM|
+-----------------+---------+-----+--------+-------+-----+
|DSP              |        -|    -|       -|      -|    -|
|Expression       |        -|    -|       0|     20|    -|
|FIFO             |        -|    -|       -|      -|    -|
|Instance         |        -|    -|       -|      -|    -|
|Memory           |        -|    -|       -|      -|    -|
|Multiplexer      |        -|    -|       0|     27|    -|
|Register         |        -|    -|       4|      -|    -|
+-----------------+---------+-----+--------+-------+-----+
|Total            |        0|    0|       4|     47|    0|
+-----------------+---------+-----+--------+-------+-----+
|Available        |      280|  220|  106400|  53200|    0|
+-----------------+---------+-----+--------+-------+-----+
|Utilization (%)  |        0|    0|      ~0|     ~0|    0|
+-----------------+---------+-----+--------+-------+-----+

+ Detail: 
    * Instance: 
    N/A

    * DSP: 
    N/A

    * Memory: 
    N/A

    * FIFO: 
    N/A

    * Expression: 
    +--------------------+----------+----+---+----+------------+------------+
    |    Variable Name   | Operation| DSP| FF| LUT| Bitwidth P0| Bitwidth P1|
    +--------------------+----------+----+---+----+------------+------------+
    |add_ln76_fu_78_p2   |         +|   0|  0|  10|           2|           1|
    |icmp_ln76_fu_72_p2  |      icmp|   0|  0|  10|           2|           2|
    +--------------------+----------+----+---+----+------------+------------+
    |Total               |          |   0|  0|  20|           4|           3|
    +--------------------+----------+----+---+----+------------+------------+

    * Multiplexer: 
    +----------------------+----+-----------+-----+-----------+
    |         Name         | LUT| Input Size| Bits| Total Bits|
    +----------------------+----+-----------+-----+-----------+
    |ap_done_int           |   9|          2|    1|          2|
    |ap_sig_allocacmp_r_1  |   9|          2|    2|          4|
    |r_fu_32               |   9|          2|    2|          4|
    +----------------------+----+-----------+-----+-----------+
    |Total                 |  27|          6|    5|         10|
    +----------------------+----+-----------+-----+-----------+

    * Register: 
    +-------------+---+----+-----+-----------+
    |     Name    | FF| LUT| Bits| Const Bits|
    +-------------+---+----+-----+-----------+
    |ap_CS_fsm    |  1|   0|    1|          0|
    |ap_done_reg  |  1|   0|    1|          0|
    |r_fu_32      |  2|   0|    2|          0|
    +-------------+---+----+-----+-----------+
    |Total        |  4|   0|    4|          0|
    +-------------+---+----+-----+-----------+



================================================================
== Interface
================================================================
* Summary: 
+-------------------------+-----+-----+------------+--------------------------------------+--------------+
|        RTL Ports        | Dir | Bits|  Protocol  |             Source Object            |    C Type    |
+-------------------------+-----+-----+------------+--------------------------------------+--------------+
|ap_clk                   |   in|    1|  ap_ctrl_hs|  snn_top_hls_Pipeline_VITIS_LOOP_76_3|  return value|
|ap_rst                   |   in|    1|  ap_ctrl_hs|  snn_top_hls_Pipeline_VITIS_LOOP_76_3|  return value|
|ap_start                 |   in|    1|  ap_ctrl_hs|  snn_top_hls_Pipeline_VITIS_LOOP_76_3|  return value|
|ap_done                  |  out|    1|  ap_ctrl_hs|  snn_top_hls_Pipeline_VITIS_LOOP_76_3|  return value|
|ap_idle                  |  out|    1|  ap_ctrl_hs|  snn_top_hls_Pipeline_VITIS_LOOP_76_3|  return value|
|ap_ready                 |  out|    1|  ap_ctrl_hs|  snn_top_hls_Pipeline_VITIS_LOOP_76_3|  return value|
|p_ZL7cnn_win_1_address0  |  out|    2|   ap_memory|                        p_ZL7cnn_win_1|         array|
|p_ZL7cnn_win_1_ce0       |  out|    1|   ap_memory|                        p_ZL7cnn_win_1|         array|
|p_ZL7cnn_win_1_we0       |  out|    1|   ap_memory|                        p_ZL7cnn_win_1|         array|
|p_ZL7cnn_win_1_d0        |  out|   16|   ap_memory|                        p_ZL7cnn_win_1|         array|
|p_ZL7cnn_win_2_address0  |  out|    2|   ap_memory|                        p_ZL7cnn_win_2|         array|
|p_ZL7cnn_win_2_ce0       |  out|    1|   ap_memory|                        p_ZL7cnn_win_2|         array|
|p_ZL7cnn_win_2_we0       |  out|    1|   ap_memory|                        p_ZL7cnn_win_2|         array|
|p_ZL7cnn_win_2_d0        |  out|   16|   ap_memory|                        p_ZL7cnn_win_2|         array|
+-------------------------+-----+-----+------------+--------------------------------------+--------------+

