

================================================================
== Vitis HLS Report for 'snn_top_hls_Pipeline_VITIS_LOOP_147_4_VITIS_LOOP_148_52'
================================================================
* Date:           Wed Sep 23 00:23:56 2026

* Version:        2025.2 (Build 6295257 on Nov 14 2025)
* Project:        hls_output
* Solution:       hls (Vivado IP Flow Target)
* Product family: zynq
* Target device:  xc7z020-clg400-1


================================================================
== Performance Estimates
================================================================
+ Timing: 
    * Summary: 
    +--------+----------+----------+------------+
    |  Clock |  Target  | Estimated| Uncertainty|
    +--------+----------+----------+------------+
    |ap_clk  |  10.00 ns|  7.288 ns|     2.70 ns|
    +--------+----------+----------+------------+

+ Latency: 
    * Summary: 
    +---------+---------+----------+----------+-----+-----+-------------------+
    |  Latency (cycles) |  Latency (absolute) |  Interval |      Pipeline     |
    |   min   |   max   |    min   |    max   | min | max |        Type       |
    +---------+---------+----------+----------+-----+-----+-------------------+
    |       20|       20|  0.200 us|  0.200 us|    0|    0|  loop pipeline stp|
    +---------+---------+----------+----------+-----+-----+-------------------+

    + Detail: 
        * Instance: 
        N/A

        * Loop: 
        +-------------------------------------+---------+---------+----------+-----------+-----------+------+----------+
        |                                     |  Latency (cycles) | Iteration|  Initiation Interval  | Trip |          |
        |              Loop Name              |   min   |   max   |  Latency |  achieved |   target  | Count| Pipelined|
        +-------------------------------------+---------+---------+----------+-----------+-----------+------+----------+
        |- VITIS_LOOP_147_4_VITIS_LOOP_148_5  |       18|       18|         3|          2|          1|     9|       yes|
        +-------------------------------------+---------+---------+----------+-----------+-----------+------+----------+



================================================================
== Utilization Estimates
================================================================
* Summary: 
+-----------------+---------+-----+--------+-------+-----+
|       Name      | BRAM_18K| DSP |   FF   |  LUT  | URAM|
+-----------------+---------+-----+--------+-------+-----+
|DSP              |        -|    -|       -|      -|    -|
|Expression       |        -|    -|       0|    200|    -|
|FIFO             |        -|    -|       -|      -|    -|
|Instance         |        -|    -|       -|      -|    -|
|Memory           |        0|    -|       8|      2|    -|
|Multiplexer      |        -|    -|       0|    113|    -|
|Register         |        -|    -|      50|      -|    -|
+-----------------+---------+-----+--------+-------+-----+
|Total            |        0|    0|      58|    315|    0|
+-----------------+---------+-----+--------+-------+-----+
|Available        |      280|  220|  106400|  53200|    0|
+-----------------+---------+-----+--------+-------+-----+
|Utilization (%)  |        0|    0|      ~0|     ~0|    0|
+-----------------+---------+-----+--------+-------+-----+

+ Detail: 
    * Instance: 
    N/A

    * DSP: 
    N/A

    * Memory: 
    +---------------------------+----------------------------------------------------------------------------------+---------+---+----+-----+------+-----+------+-------------+
    |           Memory          |                                      Module                                      | BRAM_18K| FF| LUT| URAM| Words| Bits| Banks| W*Bits*Banks|
    +---------------------------+----------------------------------------------------------------------------------+---------+---+----+-----+------+-----+------+-------------+
    |p_ZL13CONV2_WEIGHTS_2_0_U  |snn_top_hls_Pipeline_VITIS_LOOP_147_4_VITIS_LOOP_148_52_p_ZL13CONV2_WEIGHTS_2dEe  |        0|  8|   2|    0|     9|    8|     1|           72|
    +---------------------------+----------------------------------------------------------------------------------+---------+---+----+-----+------+-----+------+-------------+
    |Total                      |                                                                                  |        0|  8|   2|    0|     9|    8|     1|           72|
    +---------------------------+----------------------------------------------------------------------------------+---------+---+----+-----+------+-----+------+-------------+

    * FIFO: 
    N/A

    * Expression: 
    +---------------------------------------+----------+----+---+----+------------+------------+
    |             Variable Name             | Operation| DSP| FF| LUT| Bitwidth P0| Bitwidth P1|
    +---------------------------------------+----------+----+---+----+------------+------------+
    |add_ln147_fu_162_p2                    |         +|   0|  0|  13|           4|           1|
    |add_ln148_fu_319_p2                    |         +|   0|  0|  11|           3|           1|
    |add_ln149_fu_247_p2                    |         +|   0|  0|  14|           6|           6|
    |add_ln150_fu_208_p2                    |         +|   0|  0|  13|           5|           5|
    |add_ln153_132_fu_188_p2                |         +|   0|  0|  11|           3|           2|
    |add_ln153_133_fu_328_p2                |         +|   0|  0|   7|           4|           4|
    |add_ln153_fu_194_p2                    |         +|   0|  0|  11|           3|           1|
    |add_ln156_3_fu_342_p2                  |         +|   0|  0|  14|           6|           6|
    |global_nid_fu_356_p2                   |         +|   0|  0|  15|           8|           8|
    |sub_ln151_fu_296_p2                    |         -|   0|  0|   7|           4|           4|
    |sub_ln152_fu_274_p2                    |         -|   0|  0|  15|           8|           8|
    |and_ln151_fu_313_p2                    |       and|   0|  0|   2|           1|           1|
    |ap_block_pp0_stage0_01001_grp1         |       and|   0|  0|   2|           1|           1|
    |ap_block_state3_pp0_stage0_iter1_grp1  |       and|   0|  0|   2|           1|           1|
    |ap_predicate_op74_write_state3         |       and|   0|  0|   2|           1|           1|
    |icmp_ln147_fu_156_p2                   |      icmp|   0|  0|  13|           4|           4|
    |icmp_ln148_fu_174_p2                   |      icmp|   0|  0|  11|           3|           2|
    |icmp_ln151_3_fu_302_p2                 |      icmp|   0|  0|  13|           5|           3|
    |icmp_ln151_6_fu_308_p2                 |      icmp|   0|  0|  13|           4|           3|
    |select_ln147_6_fu_180_p3               |    select|   0|  0|   3|           1|           2|
    |select_ln147_7_fu_229_p3               |    select|   0|  0|   3|           1|           3|
    |select_ln147_8_fu_234_p3               |    select|   0|  0|   3|           1|           3|
    |ap_enable_pp0                          |       xor|   0|  0|   2|           1|           2|
    +---------------------------------------+----------+----+---+----+------------+------------+
    |Total                                  |          |   0|  0| 200|          78|          72|
    +---------------------------------------+----------+----+---+----+------------+------------+

    * Multiplexer: 
    +----------------------------------------+----+-----------+-----+-----------+
    |                  Name                  | LUT| Input Size| Bits| Total Bits|
    +----------------------------------------+----+-----------+-----+-----------+
    |ap_NS_fsm                               |  14|          3|    1|          3|
    |ap_done_int                             |   9|          2|    1|          2|
    |ap_enable_reg_pp0_iter0                 |   9|          2|    1|          2|
    |ap_enable_reg_pp0_iter0_reg             |   9|          2|    1|          2|
    |ap_enable_reg_pp0_iter1                 |   9|          2|    1|          2|
    |ap_sig_allocacmp_dx2_load               |   9|          2|    3|          6|
    |ap_sig_allocacmp_dy2_load               |   9|          2|    3|          6|
    |ap_sig_allocacmp_indvar_flatten27_load  |   9|          2|    4|          8|
    |dx2_fu_78                               |   9|          2|    3|          6|
    |dy2_fu_82                               |   9|          2|    3|          6|
    |encoder_spikes_blk_n                    |   9|          2|    1|          2|
    |indvar_flatten27_fu_86                  |   9|          2|    4|          8|
    +----------------------------------------+----+-----------+-----+-----------+
    |Total                                   | 113|         25|   26|         53|
    +----------------------------------------+----+-----------+-----+-----------+

    * Register: 
    +-------------------------------------------+---+----+-----+-----------+
    |                    Name                   | FF| LUT| Bits| Const Bits|
    +-------------------------------------------+---+----+-----+-----------+
    |add_ln153_132_reg_436                      |  3|   0|    3|          0|
    |add_ln153_reg_441                          |  3|   0|    3|          0|
    |and_ln151_reg_453                          |  1|   0|    1|          0|
    |ap_CS_fsm                                  |  2|   0|    2|          0|
    |ap_block_pp0_stage0_subdone_grp0_done_reg  |  1|   0|    1|          0|
    |ap_done_reg                                |  1|   0|    1|          0|
    |ap_enable_reg_pp0_iter0_reg                |  1|   0|    1|          0|
    |ap_enable_reg_pp0_iter1                    |  1|   0|    1|          0|
    |dx2_fu_78                                  |  3|   0|    3|          0|
    |dy2_fu_82                                  |  3|   0|    3|          0|
    |dy2_load_reg_420                           |  3|   0|    3|          0|
    |global_nid_reg_466                         |  8|   0|    8|          0|
    |icmp_ln147_reg_416                         |  1|   0|    1|          0|
    |icmp_ln148_reg_425                         |  1|   0|    1|          0|
    |indvar_flatten27_fu_86                     |  4|   0|    4|          0|
    |select_ln147_6_reg_431                     |  3|   0|    3|          0|
    |sext_ln137_1_cast_reg_411                  |  6|   0|    6|          0|
    |tmp_s_reg_462                              |  1|   0|    1|          0|
    |trunc_ln150_s_reg_447                      |  4|   0|    4|          0|
    +-------------------------------------------+---+----+-----+-----------+
    |Total                                      | 50|   0|   50|          0|
    +-------------------------------------------+---+----+-----+-----------+



================================================================
== Interface
================================================================
* Summary: 
+-----------------------+-----+-----+------------+---------------------------------------------------------+--------------+
|       RTL Ports       | Dir | Bits|  Protocol  |                      Source Object                      |    C Type    |
+-----------------------+-----+-----+------------+---------------------------------------------------------+--------------+
|ap_clk                 |   in|    1|  ap_ctrl_hs|  snn_top_hls_Pipeline_VITIS_LOOP_147_4_VITIS_LOOP_148_52|  return value|
|ap_rst                 |   in|    1|  ap_ctrl_hs|  snn_top_hls_Pipeline_VITIS_LOOP_147_4_VITIS_LOOP_148_52|  return value|
|ap_start               |   in|    1|  ap_ctrl_hs|  snn_top_hls_Pipeline_VITIS_LOOP_147_4_VITIS_LOOP_148_52|  return value|
|ap_done                |  out|    1|  ap_ctrl_hs|  snn_top_hls_Pipeline_VITIS_LOOP_147_4_VITIS_LOOP_148_52|  return value|
|ap_idle                |  out|    1|  ap_ctrl_hs|  snn_top_hls_Pipeline_VITIS_LOOP_147_4_VITIS_LOOP_148_52|  return value|
|ap_ready               |  out|    1|  ap_ctrl_hs|  snn_top_hls_Pipeline_VITIS_LOOP_147_4_VITIS_LOOP_148_52|  return value|
|encoder_spikes_din     |  out|   41|     ap_fifo|                                           encoder_spikes|       pointer|
|encoder_spikes_full_n  |   in|    1|     ap_fifo|                                           encoder_spikes|       pointer|
|encoder_spikes_write   |  out|    1|     ap_fifo|                                           encoder_spikes|       pointer|
|sext_ln137_1           |   in|    5|     ap_none|                                             sext_ln137_1|        scalar|
|px_2                   |   in|    4|     ap_none|                                                     px_2|        scalar|
+-----------------------+-----+-----+------------+---------------------------------------------------------+--------------+

