

================================================================
== Vitis HLS Report for 'snn_top_hls_Outline_VITIS_LOOP_82_5'
================================================================
* Date:           Wed Sep 23 19:58:27 2026

* Version:        2025.2 (Build 6295257 on Nov 14 2025)
* Project:        hls_output
* Solution:       hls (Vivado IP Flow Target)
* Product family: zynq
* Target device:  xc7z020-clg400-1


================================================================
== Performance Estimates
================================================================
+ Timing: 
    * Summary: 
    +--------+----------+----------+------------+
    |  Clock |  Target  | Estimated| Uncertainty|
    +--------+----------+----------+------------+
    |ap_clk  |  10.00 ns|  7.069 ns|     2.70 ns|
    +--------+----------+----------+------------+

+ Latency: 
    * Summary: 
    +---------+---------+-----------+-----------+------+------+---------+
    |  Latency (cycles) |   Latency (absolute)  |   Interval  | Pipeline|
    |   min   |   max   |    min    |    max    |  min |  max |   Type  |
    +---------+---------+-----------+-----------+------+------+---------+
    |     6313|     6313|  63.130 us|  63.130 us|  6313|  6313|       no|
    +---------+---------+-----------+-----------+------+------+---------+

    + Detail: 
        * Instance: 
        +----------------------------------------------------------------+------------------------------------------------------+---------+---------+----------+----------+-----+-----+-------------------+
        |                                                                |                                                      |  Latency (cycles) |  Latency (absolute) |  Interval |      Pipeline     |
        |                            Instance                            |                        Module                        |   min   |   max   |    min   |    max   | min | max |        Type       |
        +----------------------------------------------------------------+------------------------------------------------------+---------+---------+----------+----------+-----+-----+-------------------+
        |grp_snn_top_hls_Pipeline_VITIS_LOOP_83_6_VITIS_LOOP_84_7_fu_42  |snn_top_hls_Pipeline_VITIS_LOOP_83_6_VITIS_LOOP_84_7  |      787|      787|  7.870 us|  7.870 us|    0|    0|  loop pipeline stp|
        |grp_snn_top_hls_Pipeline_VITIS_LOOP_88_8_VITIS_LOOP_89_9_fu_49  |snn_top_hls_Pipeline_VITIS_LOOP_88_8_VITIS_LOOP_89_9  |      199|      199|  1.990 us|  1.990 us|    0|    0|  loop pipeline stp|
        +----------------------------------------------------------------+------------------------------------------------------+---------+---------+----------+----------+-----+-----+-------------------+

        * Loop: 
        +-------------------+---------+---------+----------+-----------+-----------+------+----------+
        |                   |  Latency (cycles) | Iteration|  Initiation Interval  | Trip |          |
        |     Loop Name     |   min   |   max   |  Latency |  achieved |   target  | Count| Pipelined|
        +-------------------+---------+---------+----------+-----------+-----------+------+----------+
        |- VITIS_LOOP_82_5  |     6312|     6312|       789|          -|          -|     8|        no|
        +-------------------+---------+---------+----------+-----------+-----------+------+----------+



================================================================
== Utilization Estimates
================================================================
* Summary: 
+-----------------+---------+-----+--------+-------+-----+
|       Name      | BRAM_18K| DSP |   FF   |  LUT  | URAM|
+-----------------+---------+-----+--------+-------+-----+
|DSP              |        -|    -|       -|      -|    -|
|Expression       |        -|    -|       0|     57|    -|
|FIFO             |        -|    -|       -|      -|    -|
|Instance         |        -|    -|      70|    341|    -|
|Memory           |        -|    -|       -|      -|    -|
|Multiplexer      |        -|    -|       0|     29|    -|
|Register         |        -|    -|      21|      -|    -|
+-----------------+---------+-----+--------+-------+-----+
|Total            |        0|    0|      91|    427|    0|
+-----------------+---------+-----+--------+-------+-----+
|Available        |      280|  220|  106400|  53200|    0|
+-----------------+---------+-----+--------+-------+-----+
|Utilization (%)  |        0|    0|      ~0|     ~0|    0|
+-----------------+---------+-----+--------+-------+-----+

+ Detail: 
    * Instance: 
    +----------------------------------------------------------------+------------------------------------------------------+---------+----+----+-----+-----+
    |                            Instance                            |                        Module                        | BRAM_18K| DSP| FF | LUT | URAM|
    +----------------------------------------------------------------+------------------------------------------------------+---------+----+----+-----+-----+
    |grp_snn_top_hls_Pipeline_VITIS_LOOP_83_6_VITIS_LOOP_84_7_fu_42  |snn_top_hls_Pipeline_VITIS_LOOP_83_6_VITIS_LOOP_84_7  |        0|   0|  38|  172|    0|
    |grp_snn_top_hls_Pipeline_VITIS_LOOP_88_8_VITIS_LOOP_89_9_fu_49  |snn_top_hls_Pipeline_VITIS_LOOP_88_8_VITIS_LOOP_89_9  |        0|   0|  32|  169|    0|
    +----------------------------------------------------------------+------------------------------------------------------+---------+----+----+-----+-----+
    |Total                                                           |                                                      |        0|   0|  70|  341|    0|
    +----------------------------------------------------------------+------------------------------------------------------+---------+----+----+-----+-----+

    * DSP: 
    N/A

    * Memory: 
    N/A

    * FIFO: 
    N/A

    * Expression: 
    +---------------------------------+----------+----+---+----+------------+------------+
    |          Variable Name          | Operation| DSP| FF| LUT| Bitwidth P0| Bitwidth P1|
    +---------------------------------+----------+----+---+----+------------+------------+
    |add_ln82_fu_70_p2                |         +|   0|  0|  13|           4|           1|
    |sub_ln85_fu_127_p2               |         -|   0|  0|  15|           8|           8|
    |sub_ln90_fu_100_p2               |         -|   0|  0|  14|           7|           7|
    |icmp_ln82_fu_64_p2               |      icmp|   0|  0|  13|           4|           5|
    |ap_block_state3_on_subcall_done  |        or|   0|  0|   2|           1|           1|
    +---------------------------------+----------+----+---+----+------------+------------+
    |Total                            |          |   0|  0|  57|          24|          22|
    +---------------------------------+----------+----+---+----+------------+------------+

    * Multiplexer: 
    +-----------+----+-----------+-----+-----------+
    |    Name   | LUT| Input Size| Bits| Total Bits|
    +-----------+----+-----------+-----+-----------+
    |ap_NS_fsm  |  20|          4|    1|          4|
    |k_fu_38    |   9|          2|    4|          8|
    +-----------+----+-----------+-----+-----------+
    |Total      |  29|          6|    5|         12|
    +-----------+----+-----------+-----+-----------+

    * Register: 
    +-----------------------------------------------------------------------------+---+----+-----+-----------+
    |                                     Name                                    | FF| LUT| Bits| Const Bits|
    +-----------------------------------------------------------------------------+---+----+-----+-----------+
    |ap_CS_fsm                                                                    |  3|   0|    3|          0|
    |grp_snn_top_hls_Pipeline_VITIS_LOOP_83_6_VITIS_LOOP_84_7_fu_42_ap_start_reg  |  1|   0|    1|          0|
    |grp_snn_top_hls_Pipeline_VITIS_LOOP_88_8_VITIS_LOOP_89_9_fu_49_ap_start_reg  |  1|   0|    1|          0|
    |k_fu_38                                                                      |  4|   0|    4|          0|
    |sub_ln85_reg_154                                                             |  6|   0|    8|          2|
    |sub_ln90_reg_149                                                             |  6|   0|    7|          1|
    +-----------------------------------------------------------------------------+---+----+-----+-----------+
    |Total                                                                        | 21|   0|   24|          3|
    +-----------------------------------------------------------------------------+---+----+-----+-----------+



================================================================
== Interface
================================================================
* Summary: 
+--------------------------+-----+-----+------------+-------------------------------------+--------------+
|         RTL Ports        | Dir | Bits|  Protocol  |            Source Object            |    C Type    |
+--------------------------+-----+-----+------------+-------------------------------------+--------------+
|ap_clk                    |   in|    1|  ap_ctrl_hs|  snn_top_hls_Outline_VITIS_LOOP_82_5|  return value|
|ap_rst                    |   in|    1|  ap_ctrl_hs|  snn_top_hls_Outline_VITIS_LOOP_82_5|  return value|
|ap_start                  |   in|    1|  ap_ctrl_hs|  snn_top_hls_Outline_VITIS_LOOP_82_5|  return value|
|ap_done                   |  out|    1|  ap_ctrl_hs|  snn_top_hls_Outline_VITIS_LOOP_82_5|  return value|
|ap_idle                   |  out|    1|  ap_ctrl_hs|  snn_top_hls_Outline_VITIS_LOOP_82_5|  return value|
|ap_ready                  |  out|    1|  ap_ctrl_hs|  snn_top_hls_Outline_VITIS_LOOP_82_5|  return value|
|cnn_v_mem_address0        |  out|   13|   ap_memory|                            cnn_v_mem|         array|
|cnn_v_mem_ce0             |  out|    1|   ap_memory|                            cnn_v_mem|         array|
|cnn_v_mem_we0             |  out|    1|   ap_memory|                            cnn_v_mem|         array|
|cnn_v_mem_d0              |  out|   16|   ap_memory|                            cnn_v_mem|         array|
|cnn_pool_spikes_address0  |  out|   11|   ap_memory|                      cnn_pool_spikes|         array|
|cnn_pool_spikes_ce0       |  out|    1|   ap_memory|                      cnn_pool_spikes|         array|
|cnn_pool_spikes_we0       |  out|    1|   ap_memory|                      cnn_pool_spikes|         array|
|cnn_pool_spikes_d0        |  out|    4|   ap_memory|                      cnn_pool_spikes|         array|
+--------------------------+-----+-----+------------+-------------------------------------+--------------+

