

================================================================
== Vitis HLS Report for 'snn_top_hls_Pipeline_INIT_WEIGHT_OUTER_INIT_WEIGHT_INNER'
================================================================
* Date:           Wed Feb 11 07:07:57 2026

* Version:        2025.2 (Build 6295257 on Nov 14 2025)
* Project:        hls_output
* Solution:       hls (Vivado IP Flow Target)
* Product family: zynq
* Target device:  xc7z020-clg400-1


================================================================
== Performance Estimates
================================================================
+ Timing: 
    * Summary: 
    +--------+----------+----------+------------+
    |  Clock |  Target  | Estimated| Uncertainty|
    +--------+----------+----------+------------+
    |ap_clk  |  10.00 ns|  7.150 ns|     2.70 ns|
    +--------+----------+----------+------------+

+ Latency: 
    * Summary: 
    +---------+---------+-----------+-----------+-----+-----+-------------------+
    |  Latency (cycles) |   Latency (absolute)  |  Interval |      Pipeline     |
    |   min   |   max   |    min    |    max    | min | max |        Type       |
    +---------+---------+-----------+-----------+-----+-----+-------------------+
    |  1048578|  1048578|  10.486 ms|  10.486 ms|    0|    0|  loop pipeline stp|
    +---------+---------+-----------+-----------+-----+-----+-------------------+

    + Detail: 
        * Instance: 
        N/A

        * Loop: 
        +---------------------------------------+---------+---------+----------+-----------+-----------+---------+----------+
        |                                       |  Latency (cycles) | Iteration|  Initiation Interval  |   Trip  |          |
        |               Loop Name               |   min   |   max   |  Latency |  achieved |   target  |  Count  | Pipelined|
        +---------------------------------------+---------+---------+----------+-----------+-----------+---------+----------+
        |- INIT_WEIGHT_OUTER_INIT_WEIGHT_INNER  |  1048576|  1048576|         2|          1|          1|  1048576|       yes|
        +---------------------------------------+---------+---------+----------+-----------+-----------+---------+----------+



================================================================
== Utilization Estimates
================================================================
* Summary: 
+-----------------+---------+-----+--------+-------+-----+
|       Name      | BRAM_18K| DSP |   FF   |  LUT  | URAM|
+-----------------+---------+-----+--------+-------+-----+
|DSP              |        -|    -|       -|      -|    -|
|Expression       |        -|    -|       0|    117|    -|
|FIFO             |        -|    -|       -|      -|    -|
|Instance         |        -|    -|       -|      -|    -|
|Memory           |        -|    -|       -|      -|    -|
|Multiplexer      |        -|    -|       0|     54|    -|
|Register         |        -|    -|      46|      -|    -|
+-----------------+---------+-----+--------+-------+-----+
|Total            |        0|    0|      46|    171|    0|
+-----------------+---------+-----+--------+-------+-----+
|Available        |      280|  220|  106400|  53200|    0|
+-----------------+---------+-----+--------+-------+-----+
|Utilization (%)  |        0|    0|      ~0|     ~0|    0|
+-----------------+---------+-----+--------+-------+-----+

+ Detail: 
    * Instance: 
    N/A

    * DSP: 
    N/A

    * Memory: 
    N/A

    * FIFO: 
    N/A

    * Expression: 
    +--------------------------+----------+----+---+----+------------+------------+
    |       Variable Name      | Operation| DSP| FF| LUT| Bitwidth P0| Bitwidth P1|
    +--------------------------+----------+----+---+----+------------+------------+
    |add_ln587_1_fu_265_p2     |         +|   0|  0|  28|          21|           1|
    |add_ln587_fu_282_p2       |         +|   0|  0|  12|          11|           1|
    |add_ln588_fu_359_p2       |         +|   0|  0|  12|          11|           1|
    |icmp_ln587_fu_259_p2      |      icmp|   0|  0|  29|          21|          22|
    |icmp_ln588_fu_288_p2      |      icmp|   0|  0|  12|          11|          12|
    |select_ln587_1_fu_302_p3  |    select|   0|  0|  11|           1|          11|
    |select_ln587_fu_294_p3    |    select|   0|  0|  11|           1|           1|
    |ap_enable_pp0             |       xor|   0|  0|   2|           1|           2|
    +--------------------------+----------+----+---+----+------------+------------+
    |Total                     |          |   0|  0| 117|          78|          51|
    +--------------------------+----------+----+---+----+------------+------------+

    * Multiplexer: 
    +--------------------------------------+----+-----------+-----+-----------+
    |                 Name                 | LUT| Input Size| Bits| Total Bits|
    +--------------------------------------+----+-----------+-----+-----------+
    |ap_done_int                           |   9|          2|    1|          2|
    |ap_enable_reg_pp0_iter1               |   9|          2|    1|          2|
    |ap_sig_allocacmp_indvar_flatten_load  |   9|          2|   21|         42|
    |i_3_fu_80                             |   9|          2|   11|         22|
    |indvar_flatten_fu_84                  |   9|          2|   21|         42|
    |j_fu_76                               |   9|          2|   11|         22|
    +--------------------------------------+----+-----------+-----+-----------+
    |Total                                 |  54|         12|   66|        132|
    +--------------------------------------+----+-----------+-----+-----------+

    * Register: 
    +-------------------------+----+----+-----+-----------+
    |           Name          | FF | LUT| Bits| Const Bits|
    +-------------------------+----+----+-----+-----------+
    |ap_CS_fsm                |   1|   0|    1|          0|
    |ap_done_reg              |   1|   0|    1|          0|
    |ap_enable_reg_pp0_iter1  |   1|   0|    1|          0|
    |i_3_fu_80                |  11|   0|   11|          0|
    |indvar_flatten_fu_84     |  21|   0|   21|          0|
    |j_fu_76                  |  11|   0|   11|          0|
    +-------------------------+----+----+-----+-----------+
    |Total                    |  46|   0|   46|          0|
    +-------------------------+----+----+-----+-----------+



================================================================
== Interface
================================================================
* Summary: 
+----------------------------------+-----+-----+------------+----------------------------------------------------------+--------------+
|             RTL Ports            | Dir | Bits|  Protocol  |                       Source Object                      |    C Type    |
+----------------------------------+-----+-----+------------+----------------------------------------------------------+--------------+
|ap_clk                            |   in|    1|  ap_ctrl_hs|  snn_top_hls_Pipeline_INIT_WEIGHT_OUTER_INIT_WEIGHT_INNER|  return value|
|ap_rst                            |   in|    1|  ap_ctrl_hs|  snn_top_hls_Pipeline_INIT_WEIGHT_OUTER_INIT_WEIGHT_INNER|  return value|
|ap_start                          |   in|    1|  ap_ctrl_hs|  snn_top_hls_Pipeline_INIT_WEIGHT_OUTER_INIT_WEIGHT_INNER|  return value|
|ap_done                           |  out|    1|  ap_ctrl_hs|  snn_top_hls_Pipeline_INIT_WEIGHT_OUTER_INIT_WEIGHT_INNER|  return value|
|ap_idle                           |  out|    1|  ap_ctrl_hs|  snn_top_hls_Pipeline_INIT_WEIGHT_OUTER_INIT_WEIGHT_INNER|  return value|
|ap_ready                          |  out|    1|  ap_ctrl_hs|  snn_top_hls_Pipeline_INIT_WEIGHT_OUTER_INIT_WEIGHT_INNER|  return value|
|p_ZL13weight_memory_0_0_address1  |  out|   17|   ap_memory|                                   p_ZL13weight_memory_0_0|         array|
|p_ZL13weight_memory_0_0_ce1       |  out|    1|   ap_memory|                                   p_ZL13weight_memory_0_0|         array|
|p_ZL13weight_memory_0_0_we1       |  out|    1|   ap_memory|                                   p_ZL13weight_memory_0_0|         array|
|p_ZL13weight_memory_0_0_d1        |  out|    4|   ap_memory|                                   p_ZL13weight_memory_0_0|         array|
|p_ZL13weight_memory_0_1_address1  |  out|   17|   ap_memory|                                   p_ZL13weight_memory_0_1|         array|
|p_ZL13weight_memory_0_1_ce1       |  out|    1|   ap_memory|                                   p_ZL13weight_memory_0_1|         array|
|p_ZL13weight_memory_0_1_we1       |  out|    1|   ap_memory|                                   p_ZL13weight_memory_0_1|         array|
|p_ZL13weight_memory_0_1_d1        |  out|    4|   ap_memory|                                   p_ZL13weight_memory_0_1|         array|
|p_ZL13weight_memory_0_2_address1  |  out|   17|   ap_memory|                                   p_ZL13weight_memory_0_2|         array|
|p_ZL13weight_memory_0_2_ce1       |  out|    1|   ap_memory|                                   p_ZL13weight_memory_0_2|         array|
|p_ZL13weight_memory_0_2_we1       |  out|    1|   ap_memory|                                   p_ZL13weight_memory_0_2|         array|
|p_ZL13weight_memory_0_2_d1        |  out|    4|   ap_memory|                                   p_ZL13weight_memory_0_2|         array|
|p_ZL13weight_memory_0_3_address1  |  out|   17|   ap_memory|                                   p_ZL13weight_memory_0_3|         array|
|p_ZL13weight_memory_0_3_ce1       |  out|    1|   ap_memory|                                   p_ZL13weight_memory_0_3|         array|
|p_ZL13weight_memory_0_3_we1       |  out|    1|   ap_memory|                                   p_ZL13weight_memory_0_3|         array|
|p_ZL13weight_memory_0_3_d1        |  out|    4|   ap_memory|                                   p_ZL13weight_memory_0_3|         array|
|p_ZL13weight_memory_1_0_address1  |  out|   17|   ap_memory|                                   p_ZL13weight_memory_1_0|         array|
|p_ZL13weight_memory_1_0_ce1       |  out|    1|   ap_memory|                                   p_ZL13weight_memory_1_0|         array|
|p_ZL13weight_memory_1_0_we1       |  out|    1|   ap_memory|                                   p_ZL13weight_memory_1_0|         array|
|p_ZL13weight_memory_1_0_d1        |  out|    4|   ap_memory|                                   p_ZL13weight_memory_1_0|         array|
|p_ZL13weight_memory_1_1_address1  |  out|   17|   ap_memory|                                   p_ZL13weight_memory_1_1|         array|
|p_ZL13weight_memory_1_1_ce1       |  out|    1|   ap_memory|                                   p_ZL13weight_memory_1_1|         array|
|p_ZL13weight_memory_1_1_we1       |  out|    1|   ap_memory|                                   p_ZL13weight_memory_1_1|         array|
|p_ZL13weight_memory_1_1_d1        |  out|    4|   ap_memory|                                   p_ZL13weight_memory_1_1|         array|
|p_ZL13weight_memory_1_2_address1  |  out|   17|   ap_memory|                                   p_ZL13weight_memory_1_2|         array|
|p_ZL13weight_memory_1_2_ce1       |  out|    1|   ap_memory|                                   p_ZL13weight_memory_1_2|         array|
|p_ZL13weight_memory_1_2_we1       |  out|    1|   ap_memory|                                   p_ZL13weight_memory_1_2|         array|
|p_ZL13weight_memory_1_2_d1        |  out|    4|   ap_memory|                                   p_ZL13weight_memory_1_2|         array|
|p_ZL13weight_memory_1_3_address1  |  out|   17|   ap_memory|                                   p_ZL13weight_memory_1_3|         array|
|p_ZL13weight_memory_1_3_ce1       |  out|    1|   ap_memory|                                   p_ZL13weight_memory_1_3|         array|
|p_ZL13weight_memory_1_3_we1       |  out|    1|   ap_memory|                                   p_ZL13weight_memory_1_3|         array|
|p_ZL13weight_memory_1_3_d1        |  out|    4|   ap_memory|                                   p_ZL13weight_memory_1_3|         array|
+----------------------------------+-----+-----+------------+----------------------------------------------------------+--------------+

