

================================================================
== Vitis HLS Report for 'snn_top_hls_Pipeline_VITIS_LOOP_147_4_VITIS_LOOP_148_521'
================================================================
* Date:           Thu Sep 24 00:27:02 2026

* Version:        2025.2 (Build 6295257 on Nov 14 2025)
* Project:        hls_output
* Solution:       hls (Vivado IP Flow Target)
* Product family: zynq
* Target device:  xc7z020-clg400-1


================================================================
== Performance Estimates
================================================================
+ Timing: 
    * Summary: 
    +--------+----------+----------+------------+
    |  Clock |  Target  | Estimated| Uncertainty|
    +--------+----------+----------+------------+
    |ap_clk  |  10.00 ns|  7.202 ns|     2.70 ns|
    +--------+----------+----------+------------+

+ Latency: 
    * Summary: 
    +---------+---------+----------+----------+-----+-----+-------------------+
    |  Latency (cycles) |  Latency (absolute) |  Interval |      Pipeline     |
    |   min   |   max   |    min   |    max   | min | max |        Type       |
    +---------+---------+----------+----------+-----+-----+-------------------+
    |       13|       13|  0.130 us|  0.130 us|    0|    0|  loop pipeline stp|
    +---------+---------+----------+----------+-----+-----+-------------------+

    + Detail: 
        * Instance: 
        N/A

        * Loop: 
        +-------------------------------------+---------+---------+----------+-----------+-----------+------+----------+
        |                                     |  Latency (cycles) | Iteration|  Initiation Interval  | Trip |          |
        |              Loop Name              |   min   |   max   |  Latency |  achieved |   target  | Count| Pipelined|
        +-------------------------------------+---------+---------+----------+-----------+-----------+------+----------+
        |- VITIS_LOOP_147_4_VITIS_LOOP_148_5  |       11|       11|         4|          1|          1|     9|       yes|
        +-------------------------------------+---------+---------+----------+-----------+-----------+------+----------+



================================================================
== Utilization Estimates
================================================================
* Summary: 
+-----------------+---------+-----+--------+-------+-----+
|       Name      | BRAM_18K| DSP |   FF   |  LUT  | URAM|
+-----------------+---------+-----+--------+-------+-----+
|DSP              |        -|    -|       -|      -|    -|
|Expression       |        -|    -|       0|    218|    -|
|FIFO             |        -|    -|       -|      -|    -|
|Instance         |        -|    -|       -|      -|    -|
|Memory           |        0|    -|       5|      1|    -|
|Multiplexer      |        -|    -|       0|     63|    -|
|Register         |        -|    -|      45|      -|    -|
+-----------------+---------+-----+--------+-------+-----+
|Total            |        0|    0|      50|    282|    0|
+-----------------+---------+-----+--------+-------+-----+
|Available        |      280|  220|  106400|  53200|    0|
+-----------------+---------+-----+--------+-------+-----+
|Utilization (%)  |        0|    0|      ~0|     ~0|    0|
+-----------------+---------+-----+--------+-------+-----+

+ Detail: 
    * Instance: 
    N/A

    * DSP: 
    N/A

    * Memory: 
    +---------------------------+----------------------------------------------------------------------------------+---------+---+----+-----+------+-----+------+-------------+
    |           Memory          |                                      Module                                      | BRAM_18K| FF| LUT| URAM| Words| Bits| Banks| W*Bits*Banks|
    +---------------------------+----------------------------------------------------------------------------------+---------+---+----+-----+------+-----+------+-------------+
    |p_ZL13CONV2_WEIGHTS_5_1_U  |snn_top_hls_Pipeline_VITIS_LOOP_147_4_VITIS_LOOP_148_521_p_ZL13CONV2_WEIGHTS_wdI  |        0|  5|   1|    0|     9|    5|     1|           45|
    +---------------------------+----------------------------------------------------------------------------------+---------+---+----+-----+------+-----+------+-------------+
    |Total                      |                                                                                  |        0|  5|   1|    0|     9|    5|     1|           45|
    +---------------------------+----------------------------------------------------------------------------------+---------+---+----+-----+------+-----+------+-------------+

    * FIFO: 
    N/A

    * Expression: 
    +---------------------------------------+----------+----+---+----+------------+------------+
    |             Variable Name             | Operation| DSP| FF| LUT| Bitwidth P0| Bitwidth P1|
    +---------------------------------------+----------+----+---+----+------------+------------+
    |add_ln147_21_fu_183_p2                 |         +|   0|  0|  11|           3|           1|
    |add_ln147_fu_166_p2                    |         +|   0|  0|  13|           4|           1|
    |add_ln148_fu_225_p2                    |         +|   0|  0|  11|           3|           1|
    |add_ln151_fu_302_p2                    |         +|   0|  0|  13|           5|           5|
    |add_ln152_fu_244_p2                    |         +|   0|  0|  14|           6|           6|
    |add_ln155_fu_338_p2                    |         +|   0|  0|  13|           4|           4|
    |add_ln158_36_fu_352_p2                 |         +|   0|  0|  13|           5|           5|
    |global_nid_fu_366_p2                   |         +|   0|  0|  15|           8|           8|
    |sub_ln154_fu_271_p2                    |         -|   0|  0|  15|           8|           8|
    |sub_ln155_41_fu_215_p2                 |         -|   0|  0|  10|           1|           2|
    |sub_ln155_44_fu_329_p2                 |         -|   0|  0|  10|           1|           2|
    |sub_ln155_fu_287_p2                    |         -|   0|  0|  13|           4|           4|
    |and_ln151_fu_313_p2                    |       and|   0|  0|   2|           1|           1|
    |ap_block_pp0_stage0_01001_grp1         |       and|   0|  0|   2|           1|           1|
    |ap_block_state4_pp0_stage0_iter3_grp1  |       and|   0|  0|   2|           1|           1|
    |ap_predicate_op76_write_state4         |       and|   0|  0|   2|           1|           1|
    |icmp_ln147_fu_160_p2                   |      icmp|   0|  0|  13|           4|           4|
    |icmp_ln148_fu_189_p2                   |      icmp|   0|  0|  11|           3|           2|
    |icmp_ln151_41_fu_293_p2                |      icmp|   0|  0|  14|           6|           4|
    |icmp_ln151_44_fu_307_p2                |      icmp|   0|  0|  13|           5|           4|
    |select_ln147_42_fu_195_p3              |    select|   0|  0|   3|           1|           2|
    |select_ln147_43_fu_203_p3              |    select|   0|  0|   3|           1|           3|
    |ap_enable_pp0                          |       xor|   0|  0|   2|           1|           2|
    +---------------------------------------+----------+----+---+----+------------+------------+
    |Total                                  |          |   0|  0| 218|          77|          72|
    +---------------------------------------+----------+----+---+----+------------+------------+

    * Multiplexer: 
    +-----------------------------------------+----+-----------+-----+-----------+
    |                   Name                  | LUT| Input Size| Bits| Total Bits|
    +-----------------------------------------+----+-----------+-----+-----------+
    |ap_done_int                              |   9|          2|    1|          2|
    |ap_enable_reg_pp0_iter1                  |   9|          2|    1|          2|
    |ap_sig_allocacmp_indvar_flatten160_load  |   9|          2|    4|          8|
    |dx2_fu_82                                |   9|          2|    3|          6|
    |dy2_fu_86                                |   9|          2|    3|          6|
    |encoder_spikes_blk_n                     |   9|          2|    1|          2|
    |indvar_flatten160_fu_90                  |   9|          2|    4|          8|
    +-----------------------------------------+----+-----------+-----+-----------+
    |Total                                    |  63|         14|   17|         34|
    +-----------------------------------------+----+-----------+-----+-----------+

    * Register: 
    +----------------------------------+---+----+-----+-----------+
    |               Name               | FF| LUT| Bits| Const Bits|
    +----------------------------------+---+----+-----+-----------+
    |and_ln151_reg_457                 |  1|   0|    1|          0|
    |ap_CS_fsm                         |  1|   0|    1|          0|
    |ap_done_reg                       |  1|   0|    1|          0|
    |ap_enable_reg_pp0_iter1           |  1|   0|    1|          0|
    |ap_enable_reg_pp0_iter2           |  1|   0|    1|          0|
    |ap_enable_reg_pp0_iter3           |  1|   0|    1|          0|
    |ap_loop_exit_ready_pp0_iter1_reg  |  1|   0|    1|          0|
    |ap_loop_exit_ready_pp0_iter2_reg  |  1|   0|    1|          0|
    |dx2_fu_82                         |  3|   0|    3|          0|
    |dy2_fu_86                         |  3|   0|    3|          0|
    |indvar_flatten160_fu_90           |  4|   0|    4|          0|
    |lshr_ln153_s_reg_461              |  3|   0|    3|          0|
    |px_2_cast_reg_421                 |  4|   0|    5|          1|
    |sext_ln137_1_cast_reg_426         |  6|   0|    6|          0|
    |sub_ln154_reg_452                 |  8|   0|    8|          0|
    |sub_ln155_41_reg_440              |  2|   0|    2|          0|
    |trunc_ln147_reg_435               |  2|   0|    2|          0|
    |trunc_ln148_reg_446               |  2|   0|    2|          0|
    +----------------------------------+---+----+-----+-----------+
    |Total                             | 45|   0|   46|          1|
    +----------------------------------+---+----+-----+-----------+



================================================================
== Interface
================================================================
* Summary: 
+-----------------------+-----+-----+------------+----------------------------------------------------------+--------------+
|       RTL Ports       | Dir | Bits|  Protocol  |                       Source Object                      |    C Type    |
+-----------------------+-----+-----+------------+----------------------------------------------------------+--------------+
|ap_clk                 |   in|    1|  ap_ctrl_hs|  snn_top_hls_Pipeline_VITIS_LOOP_147_4_VITIS_LOOP_148_521|  return value|
|ap_rst                 |   in|    1|  ap_ctrl_hs|  snn_top_hls_Pipeline_VITIS_LOOP_147_4_VITIS_LOOP_148_521|  return value|
|ap_start               |   in|    1|  ap_ctrl_hs|  snn_top_hls_Pipeline_VITIS_LOOP_147_4_VITIS_LOOP_148_521|  return value|
|ap_done                |  out|    1|  ap_ctrl_hs|  snn_top_hls_Pipeline_VITIS_LOOP_147_4_VITIS_LOOP_148_521|  return value|
|ap_idle                |  out|    1|  ap_ctrl_hs|  snn_top_hls_Pipeline_VITIS_LOOP_147_4_VITIS_LOOP_148_521|  return value|
|ap_ready               |  out|    1|  ap_ctrl_hs|  snn_top_hls_Pipeline_VITIS_LOOP_147_4_VITIS_LOOP_148_521|  return value|
|encoder_spikes_din     |  out|   64|     ap_fifo|                                            encoder_spikes|       pointer|
|encoder_spikes_full_n  |   in|    1|     ap_fifo|                                            encoder_spikes|       pointer|
|encoder_spikes_write   |  out|    1|     ap_fifo|                                            encoder_spikes|       pointer|
|sext_ln137_1           |   in|    5|     ap_none|                                              sext_ln137_1|        scalar|
|px_2                   |   in|    4|     ap_none|                                                      px_2|        scalar|
+-----------------------+-----+-----+------------+----------------------------------------------------------+--------------+

