

================================================================
== Vitis HLS Report for 'snn_top_hls_Pipeline_VITIS_LOOP_83_6_VITIS_LOOP_84_7'
================================================================
* Date:           Wed Sep 23 00:23:55 2026

* Version:        2025.2 (Build 6295257 on Nov 14 2025)
* Project:        hls_output
* Solution:       hls (Vivado IP Flow Target)
* Product family: zynq
* Target device:  xc7z020-clg400-1


================================================================
== Performance Estimates
================================================================
+ Timing: 
    * Summary: 
    +--------+----------+----------+------------+
    |  Clock |  Target  | Estimated| Uncertainty|
    +--------+----------+----------+------------+
    |ap_clk  |  10.00 ns|  7.069 ns|     2.70 ns|
    +--------+----------+----------+------------+

+ Latency: 
    * Summary: 
    +---------+---------+----------+----------+-----+-----+-------------------+
    |  Latency (cycles) |  Latency (absolute) |  Interval |      Pipeline     |
    |   min   |   max   |    min   |    max   | min | max |        Type       |
    +---------+---------+----------+----------+-----+-----+-------------------+
    |      787|      787|  7.870 us|  7.870 us|    0|    0|  loop pipeline stp|
    +---------+---------+----------+----------+-----+-----+-------------------+

    + Detail: 
        * Instance: 
        N/A

        * Loop: 
        +-----------------------------------+---------+---------+----------+-----------+-----------+------+----------+
        |                                   |  Latency (cycles) | Iteration|  Initiation Interval  | Trip |          |
        |             Loop Name             |   min   |   max   |  Latency |  achieved |   target  | Count| Pipelined|
        +-----------------------------------+---------+---------+----------+-----------+-----------+------+----------+
        |- VITIS_LOOP_83_6_VITIS_LOOP_84_7  |      785|      785|         3|          1|          1|   784|       yes|
        +-----------------------------------+---------+---------+----------+-----------+-----------+------+----------+



================================================================
== Utilization Estimates
================================================================
* Summary: 
+-----------------+---------+-----+--------+-------+-----+
|       Name      | BRAM_18K| DSP |   FF   |  LUT  | URAM|
+-----------------+---------+-----+--------+-------+-----+
|DSP              |        -|    -|       -|      -|    -|
|Expression       |        -|    -|       0|    118|    -|
|FIFO             |        -|    -|       -|      -|    -|
|Instance         |        -|    -|       -|      -|    -|
|Memory           |        -|    -|       -|      -|    -|
|Multiplexer      |        -|    -|       0|     54|    -|
|Register         |        -|    -|      38|      -|    -|
+-----------------+---------+-----+--------+-------+-----+
|Total            |        0|    0|      38|    172|    0|
+-----------------+---------+-----+--------+-------+-----+
|Available        |      280|  220|  106400|  53200|    0|
+-----------------+---------+-----+--------+-------+-----+
|Utilization (%)  |        0|    0|      ~0|     ~0|    0|
+-----------------+---------+-----+--------+-------+-----+

+ Detail: 
    * Instance: 
    N/A

    * DSP: 
    N/A

    * Memory: 
    N/A

    * FIFO: 
    N/A

    * Expression: 
    +-------------------------+----------+----+---+----+------------+------------+
    |      Variable Name      | Operation| DSP| FF| LUT| Bitwidth P0| Bitwidth P1|
    +-------------------------+----------+----+---+----+------------+------------+
    |add_ln83_1_fu_102_p2     |         +|   0|  0|  13|          10|           1|
    |add_ln83_fu_119_p2       |         +|   0|  0|  13|           5|           1|
    |add_ln84_fu_156_p2       |         +|   0|  0|  13|           5|           1|
    |add_ln85_1_fu_199_p2     |         +|   0|  0|  13|          13|          13|
    |add_ln85_fu_151_p2       |         +|   0|  0|  15|           8|           8|
    |sub_ln85_fu_190_p2       |         -|   0|  0|  13|          13|          13|
    |icmp_ln83_fu_96_p2       |      icmp|   0|  0|  13|          10|           9|
    |icmp_ln84_fu_125_p2      |      icmp|   0|  0|  13|           5|           4|
    |select_ln83_1_fu_139_p3  |    select|   0|  0|   5|           1|           5|
    |select_ln83_fu_131_p3    |    select|   0|  0|   5|           1|           1|
    |ap_enable_pp0            |       xor|   0|  0|   2|           1|           2|
    +-------------------------+----------+----+---+----+------------+------------+
    |Total                    |          |   0|  0| 118|          72|          58|
    +-------------------------+----------+----+---+----+------------+------------+

    * Multiplexer: 
    +--------------------------------------+----+-----------+-----+-----------+
    |                 Name                 | LUT| Input Size| Bits| Total Bits|
    +--------------------------------------+----+-----------+-----+-----------+
    |ap_done_int                           |   9|          2|    1|          2|
    |ap_enable_reg_pp0_iter1               |   9|          2|    1|          2|
    |ap_sig_allocacmp_indvar_flatten_load  |   9|          2|   10|         20|
    |indvar_flatten_fu_54                  |   9|          2|   10|         20|
    |x_fu_46                               |   9|          2|    5|         10|
    |y_fu_50                               |   9|          2|    5|         10|
    +--------------------------------------+----+-----------+-----+-----------+
    |Total                                 |  54|         12|   32|         64|
    +--------------------------------------+----+-----------+-----+-----------+

    * Register: 
    +----------------------------------+----+----+-----+-----------+
    |               Name               | FF | LUT| Bits| Const Bits|
    +----------------------------------+----+----+-----+-----------+
    |add_ln85_reg_245                  |   8|   0|    8|          0|
    |ap_CS_fsm                         |   1|   0|    1|          0|
    |ap_done_reg                       |   1|   0|    1|          0|
    |ap_enable_reg_pp0_iter1           |   1|   0|    1|          0|
    |ap_enable_reg_pp0_iter2           |   1|   0|    1|          0|
    |ap_loop_exit_ready_pp0_iter1_reg  |   1|   0|    1|          0|
    |indvar_flatten_fu_54              |  10|   0|   10|          0|
    |select_ln83_reg_240               |   5|   0|    5|          0|
    |x_fu_46                           |   5|   0|    5|          0|
    |y_fu_50                           |   5|   0|    5|          0|
    +----------------------------------+----+----+-----+-----------+
    |Total                             |  38|   0|   38|          0|
    +----------------------------------+----+----+-----+-----------+



================================================================
== Interface
================================================================
* Summary: 
+--------------------+-----+-----+------------+------------------------------------------------------+--------------+
|      RTL Ports     | Dir | Bits|  Protocol  |                     Source Object                    |    C Type    |
+--------------------+-----+-----+------------+------------------------------------------------------+--------------+
|ap_clk              |   in|    1|  ap_ctrl_hs|  snn_top_hls_Pipeline_VITIS_LOOP_83_6_VITIS_LOOP_84_7|  return value|
|ap_rst              |   in|    1|  ap_ctrl_hs|  snn_top_hls_Pipeline_VITIS_LOOP_83_6_VITIS_LOOP_84_7|  return value|
|ap_start            |   in|    1|  ap_ctrl_hs|  snn_top_hls_Pipeline_VITIS_LOOP_83_6_VITIS_LOOP_84_7|  return value|
|ap_done             |  out|    1|  ap_ctrl_hs|  snn_top_hls_Pipeline_VITIS_LOOP_83_6_VITIS_LOOP_84_7|  return value|
|ap_idle             |  out|    1|  ap_ctrl_hs|  snn_top_hls_Pipeline_VITIS_LOOP_83_6_VITIS_LOOP_84_7|  return value|
|ap_ready            |  out|    1|  ap_ctrl_hs|  snn_top_hls_Pipeline_VITIS_LOOP_83_6_VITIS_LOOP_84_7|  return value|
|mul_ln85            |   in|    8|     ap_none|                                              mul_ln85|        scalar|
|cnn_v_mem_address0  |  out|   13|   ap_memory|                                             cnn_v_mem|         array|
|cnn_v_mem_ce0       |  out|    1|   ap_memory|                                             cnn_v_mem|         array|
|cnn_v_mem_we0       |  out|    1|   ap_memory|                                             cnn_v_mem|         array|
|cnn_v_mem_d0        |  out|   16|   ap_memory|                                             cnn_v_mem|         array|
+--------------------+-----+-----+------------+------------------------------------------------------+--------------+

