

================================================================
== Vitis HLS Report for 'snn_top_hls_Pipeline_ENCODER_LOOP'
================================================================
* Date:           Mon Aug 24 12:06:03 2026

* Version:        2025.2 (Build 6295257 on Nov 14 2025)
* Project:        hls_output
* Solution:       hls (Vivado IP Flow Target)
* Product family: zynq
* Target device:  xc7z020-clg400-1


================================================================
== Performance Estimates
================================================================
+ Timing: 
    * Summary: 
    +--------+----------+----------+------------+
    |  Clock |  Target  | Estimated| Uncertainty|
    +--------+----------+----------+------------+
    |ap_clk  |  10.00 ns|  6.579 ns|     2.70 ns|
    +--------+----------+----------+------------+

+ Latency: 
    * Summary: 
    +---------+---------+-----------+-----------+-----+-----+-------------------+
    |  Latency (cycles) |   Latency (absolute)  |  Interval |      Pipeline     |
    |   min   |   max   |    min    |    max    | min | max |        Type       |
    +---------+---------+-----------+-----------+-----+-----+-------------------+
    |     1571|     1571|  15.710 us|  15.710 us|    0|    0|  loop pipeline stp|
    +---------+---------+-----------+-----------+-----+-----+-------------------+

    + Detail: 
        * Instance: 
        N/A

        * Loop: 
        +----------------+---------+---------+----------+-----------+-----------+------+----------+
        |                |  Latency (cycles) | Iteration|  Initiation Interval  | Trip |          |
        |    Loop Name   |   min   |   max   |  Latency |  achieved |   target  | Count| Pipelined|
        +----------------+---------+---------+----------+-----------+-----------+------+----------+
        |- ENCODER_LOOP  |     1569|     1569|         4|          2|          1|   784|       yes|
        +----------------+---------+---------+----------+-----------+-----------+------+----------+



================================================================
== Utilization Estimates
================================================================
* Summary: 
+-----------------+---------+-----+--------+-------+-----+
|       Name      | BRAM_18K| DSP |   FF   |  LUT  | URAM|
+-----------------+---------+-----+--------+-------+-----+
|DSP              |        -|    -|       -|      -|    -|
|Expression       |        -|    -|       0|    264|    -|
|FIFO             |        -|    -|       -|      -|    -|
|Instance         |        -|    -|       -|      -|    -|
|Memory           |        -|    -|       -|      -|    -|
|Multiplexer      |        -|    -|       0|    133|    -|
|Register         |        -|    -|     111|      -|    -|
+-----------------+---------+-----+--------+-------+-----+
|Total            |        0|    0|     111|    397|    0|
+-----------------+---------+-----+--------+-------+-----+
|Available        |      280|  220|  106400|  53200|    0|
+-----------------+---------+-----+--------+-------+-----+
|Utilization (%)  |        0|    0|      ~0|     ~0|    0|
+-----------------+---------+-----+--------+-------+-----+

+ Detail: 
    * Instance: 
    N/A

    * DSP: 
    N/A

    * Memory: 
    N/A

    * FIFO: 
    N/A

    * Expression: 
    +---------------------------------------+----------+----+---+----+------------+------------+
    |             Variable Name             | Operation| DSP| FF| LUT| Bitwidth P0| Bitwidth P1|
    +---------------------------------------+----------+----+---+----+------------+------------+
    |add_ln55_fu_342_p2                     |         +|   0|  0|  39|          32|           1|
    |add_ln69_fu_287_p2                     |         +|   0|  0|  23|          16|          16|
    |ch_2_fu_225_p2                         |         +|   0|  0|  13|          10|           1|
    |sub_ln73_fu_297_p2                     |         -|   0|  0|  23|          16|          16|
    |sub_ln79_fu_315_p2                     |         -|   0|  0|  23|          16|          16|
    |ap_block_pp0_stage1_01001_grp1         |       and|   0|  0|   2|           1|           1|
    |ap_block_state4_pp0_stage1_iter1_grp1  |       and|   0|  0|   2|           1|           1|
    |ap_predicate_op71_write_state4         |       and|   0|  0|   2|           1|           1|
    |icmp_ln72_fu_293_p2                    |      icmp|   0|  0|  23|          16|          16|
    |icmp_ln77_fu_310_p2                    |      icmp|   0|  0|  23|          16|          16|
    |icmp_ln93_fu_219_p2                    |      icmp|   0|  0|  13|          10|           9|
    |icmp_ln95_fu_253_p2                    |      icmp|   0|  0|  23|          16|          16|
    |icmp_ln99_fu_205_p2                    |      icmp|   0|  0|  13|           4|           1|
    |select_ln69_fu_279_p3                  |    select|   0|  0|  16|           1|          16|
    |select_ln72_fu_301_p3                  |    select|   0|  0|  16|           1|          16|
    |value_fu_267_p3                        |    select|   0|  0|   8|           1|           8|
    |ap_enable_pp0                          |       xor|   0|  0|   2|           1|           2|
    +---------------------------------------+----------+----+---+----+------------+------------+
    |Total                                  |          |   0|  0| 264|         159|         153|
    +---------------------------------------+----------+----+---+----+------------+------------+

    * Multiplexer: 
    +------------------------------------------+----+-----------+-----+-----------+
    |                   Name                   | LUT| Input Size| Bits| Total Bits|
    +------------------------------------------+----+-----------+-----+-----------+
    |ap_NS_fsm                                 |  14|          3|    1|          3|
    |ap_done_int                               |   9|          2|    1|          2|
    |ap_enable_reg_pp0_iter0                   |   9|          2|    1|          2|
    |ap_enable_reg_pp0_iter1                   |   9|          2|    1|          2|
    |ap_sig_allocacmp_ch_1                     |   9|          2|   10|         20|
    |ch_fu_90                                  |   9|          2|   10|         20|
    |encoder_spike_counter_loc_3_out_o         |   9|          2|   32|         64|
    |encoder_spikes_blk_n                      |   9|          2|    1|          2|
    |p_ZL17encoder_phase_acc_0_address1_local  |  14|          3|    9|         27|
    |p_ZL17encoder_phase_acc_0_d1_local        |  14|          3|   16|         48|
    |p_ZL17encoder_phase_acc_1_address1_local  |  14|          3|    9|         27|
    |p_ZL17encoder_phase_acc_1_d1_local        |  14|          3|   16|         48|
    +------------------------------------------+----+-----------+-----+-----------+
    |Total                                     | 133|         29|  107|        265|
    +------------------------------------------+----+-----------+-----+-----------+

    * Register: 
    +------------------------------------------------------+----+----+-----+-----------+
    |                         Name                         | FF | LUT| Bits| Const Bits|
    +------------------------------------------------------+----+----+-----+-----------+
    |add_ln69_reg_439                                      |  16|   0|   16|          0|
    |ap_CS_fsm                                             |   2|   0|    2|          0|
    |ap_block_pp0_stage1_subdone_grp0_done_reg             |   1|   0|    1|          0|
    |ap_done_reg                                           |   1|   0|    1|          0|
    |ap_enable_reg_pp0_iter0_reg                           |   1|   0|    1|          0|
    |ap_enable_reg_pp0_iter1                               |   1|   0|    1|          0|
    |ch_1_reg_399                                          |  10|   0|   10|          0|
    |ch_1_reg_399_pp0_iter1_reg                            |  10|   0|   10|          0|
    |ch_fu_90                                              |  10|   0|   10|          0|
    |icmp_ln77_reg_446                                     |   1|   0|    1|          0|
    |icmp_ln93_reg_405                                     |   1|   0|    1|          0|
    |icmp_ln95_reg_409                                     |   1|   0|    1|          0|
    |icmp_ln95_reg_409_pp0_iter1_reg                       |   1|   0|    1|          0|
    |icmp_ln99_reg_395                                     |   1|   0|    1|          0|
    |p_ZL17encoder_phase_acc_0_addr_reg_423                |   9|   0|    9|          0|
    |p_ZL17encoder_phase_acc_0_addr_reg_423_pp0_iter1_reg  |   9|   0|    9|          0|
    |p_ZL17encoder_phase_acc_1_addr_reg_429                |   9|   0|    9|          0|
    |p_ZL17encoder_phase_acc_1_addr_reg_429_pp0_iter1_reg  |   9|   0|    9|          0|
    |sub_ln79_reg_454                                      |  16|   0|   16|          0|
    |tmp_1_reg_450                                         |   1|   0|    1|          0|
    |trunc_ln93_reg_435                                    |   1|   0|    1|          0|
    +------------------------------------------------------+----+----+-----+-----------+
    |Total                                                 | 111|   0|  111|          0|
    +------------------------------------------------------+----+----+-----+-----------+



================================================================
== Interface
================================================================
* Summary: 
+------------------------------------------+-----+-----+------------+-----------------------------------+--------------+
|                 RTL Ports                | Dir | Bits|  Protocol  |           Source Object           |    C Type    |
+------------------------------------------+-----+-----+------------+-----------------------------------+--------------+
|ap_clk                                    |   in|    1|  ap_ctrl_hs|  snn_top_hls_Pipeline_ENCODER_LOOP|  return value|
|ap_rst                                    |   in|    1|  ap_ctrl_hs|  snn_top_hls_Pipeline_ENCODER_LOOP|  return value|
|ap_start                                  |   in|    1|  ap_ctrl_hs|  snn_top_hls_Pipeline_ENCODER_LOOP|  return value|
|ap_done                                   |  out|    1|  ap_ctrl_hs|  snn_top_hls_Pipeline_ENCODER_LOOP|  return value|
|ap_idle                                   |  out|    1|  ap_ctrl_hs|  snn_top_hls_Pipeline_ENCODER_LOOP|  return value|
|ap_ready                                  |  out|    1|  ap_ctrl_hs|  snn_top_hls_Pipeline_ENCODER_LOOP|  return value|
|encoder_spikes_din                        |  out|   41|     ap_fifo|                     encoder_spikes|       pointer|
|encoder_spikes_full_n                     |   in|    1|     ap_fifo|                     encoder_spikes|       pointer|
|encoder_spikes_write                      |  out|    1|     ap_fifo|                     encoder_spikes|       pointer|
|empty                                     |   in|    4|     ap_none|                              empty|        scalar|
|encoder_config_num_channels               |   in|   16|     ap_none|        encoder_config_num_channels|        scalar|
|encoder_config_delta_threshold            |   in|   16|     ap_none|     encoder_config_delta_threshold|        scalar|
|encoder_config_delta_decay                |   in|   16|     ap_none|         encoder_config_delta_decay|        scalar|
|time_r                                    |   in|   11|     ap_none|                             time_r|        scalar|
|encoder_config_default_weight             |   in|    8|     ap_none|      encoder_config_default_weight|        scalar|
|encoder_spike_counter_flag_3_out          |  out|    1|      ap_vld|   encoder_spike_counter_flag_3_out|       pointer|
|encoder_spike_counter_flag_3_out_ap_vld   |  out|    1|      ap_vld|   encoder_spike_counter_flag_3_out|       pointer|
|encoder_spike_counter_new_3_out           |  out|   32|      ap_vld|    encoder_spike_counter_new_3_out|       pointer|
|encoder_spike_counter_new_3_out_ap_vld    |  out|    1|      ap_vld|    encoder_spike_counter_new_3_out|       pointer|
|encoder_spike_counter_loc_3_out_i         |   in|   32|     ap_ovld|    encoder_spike_counter_loc_3_out|       pointer|
|encoder_spike_counter_loc_3_out_o         |  out|   32|     ap_ovld|    encoder_spike_counter_loc_3_out|       pointer|
|encoder_spike_counter_loc_3_out_o_ap_vld  |  out|    1|     ap_ovld|    encoder_spike_counter_loc_3_out|       pointer|
|p_ZL13encoder_frame_0_address0            |  out|    9|   ap_memory|              p_ZL13encoder_frame_0|         array|
|p_ZL13encoder_frame_0_ce0                 |  out|    1|   ap_memory|              p_ZL13encoder_frame_0|         array|
|p_ZL13encoder_frame_0_q0                  |   in|    8|   ap_memory|              p_ZL13encoder_frame_0|         array|
|p_ZL13encoder_frame_1_address0            |  out|    9|   ap_memory|              p_ZL13encoder_frame_1|         array|
|p_ZL13encoder_frame_1_ce0                 |  out|    1|   ap_memory|              p_ZL13encoder_frame_1|         array|
|p_ZL13encoder_frame_1_q0                  |   in|    8|   ap_memory|              p_ZL13encoder_frame_1|         array|
|p_ZL17encoder_phase_acc_0_address0        |  out|    9|   ap_memory|          p_ZL17encoder_phase_acc_0|         array|
|p_ZL17encoder_phase_acc_0_ce0             |  out|    1|   ap_memory|          p_ZL17encoder_phase_acc_0|         array|
|p_ZL17encoder_phase_acc_0_q0              |   in|   16|   ap_memory|          p_ZL17encoder_phase_acc_0|         array|
|p_ZL17encoder_phase_acc_0_address1        |  out|    9|   ap_memory|          p_ZL17encoder_phase_acc_0|         array|
|p_ZL17encoder_phase_acc_0_ce1             |  out|    1|   ap_memory|          p_ZL17encoder_phase_acc_0|         array|
|p_ZL17encoder_phase_acc_0_we1             |  out|    1|   ap_memory|          p_ZL17encoder_phase_acc_0|         array|
|p_ZL17encoder_phase_acc_0_d1              |  out|   16|   ap_memory|          p_ZL17encoder_phase_acc_0|         array|
|p_ZL17encoder_phase_acc_1_address0        |  out|    9|   ap_memory|          p_ZL17encoder_phase_acc_1|         array|
|p_ZL17encoder_phase_acc_1_ce0             |  out|    1|   ap_memory|          p_ZL17encoder_phase_acc_1|         array|
|p_ZL17encoder_phase_acc_1_q0              |   in|   16|   ap_memory|          p_ZL17encoder_phase_acc_1|         array|
|p_ZL17encoder_phase_acc_1_address1        |  out|    9|   ap_memory|          p_ZL17encoder_phase_acc_1|         array|
|p_ZL17encoder_phase_acc_1_ce1             |  out|    1|   ap_memory|          p_ZL17encoder_phase_acc_1|         array|
|p_ZL17encoder_phase_acc_1_we1             |  out|    1|   ap_memory|          p_ZL17encoder_phase_acc_1|         array|
|p_ZL17encoder_phase_acc_1_d1              |  out|   16|   ap_memory|          p_ZL17encoder_phase_acc_1|         array|
+------------------------------------------+-----+-----+------------+-----------------------------------+--------------+

