

================================================================
== Vitis HLS Report for 'snn_top_hls_Pipeline_WEIGHT_SUM'
================================================================
* Date:           Mon Aug 24 12:06:04 2026

* Version:        2025.2 (Build 6295257 on Nov 14 2025)
* Project:        hls_output
* Solution:       hls (Vivado IP Flow Target)
* Product family: zynq
* Target device:  xc7z020-clg400-1


================================================================
== Performance Estimates
================================================================
+ Timing: 
    * Summary: 
    +--------+----------+----------+------------+
    |  Clock |  Target  | Estimated| Uncertainty|
    +--------+----------+----------+------------+
    |ap_clk  |  10.00 ns|  5.046 ns|     2.70 ns|
    +--------+----------+----------+------------+

+ Latency: 
    * Summary: 
    +---------+---------+----------+----------+-----+-----+-------------------+
    |  Latency (cycles) |  Latency (absolute) |  Interval |      Pipeline     |
    |   min   |   max   |    min   |    max   | min | max |        Type       |
    +---------+---------+----------+----------+-----+-----+-------------------+
    |       68|       68|  0.680 us|  0.680 us|    0|    0|  loop pipeline stp|
    +---------+---------+----------+----------+-----+-----+-------------------+

    + Detail: 
        * Instance: 
        N/A

        * Loop: 
        +--------------+---------+---------+----------+-----------+-----------+------+----------+
        |              |  Latency (cycles) | Iteration|  Initiation Interval  | Trip |          |
        |   Loop Name  |   min   |   max   |  Latency |  achieved |   target  | Count| Pipelined|
        +--------------+---------+---------+----------+-----------+-----------+------+----------+
        |- WEIGHT_SUM  |       66|       66|         4|          1|          1|    64|       yes|
        +--------------+---------+---------+----------+-----------+-----------+------+----------+



================================================================
== Utilization Estimates
================================================================
* Summary: 
+-----------------+---------+-----+--------+-------+-----+
|       Name      | BRAM_18K| DSP |   FF   |  LUT  | URAM|
+-----------------+---------+-----+--------+-------+-----+
|DSP              |        -|    -|       -|      -|    -|
|Expression       |        -|    -|       0|     44|    -|
|FIFO             |        -|    -|       -|      -|    -|
|Instance         |        -|    -|       -|      -|    -|
|Memory           |        -|    -|       -|      -|    -|
|Multiplexer      |        -|    -|       0|     45|    -|
|Register         |        -|    -|      26|      -|    -|
+-----------------+---------+-----+--------+-------+-----+
|Total            |        0|    0|      26|     89|    0|
+-----------------+---------+-----+--------+-------+-----+
|Available        |      280|  220|  106400|  53200|    0|
+-----------------+---------+-----+--------+-------+-----+
|Utilization (%)  |        0|    0|      ~0|     ~0|    0|
+-----------------+---------+-----+--------+-------+-----+

+ Detail: 
    * Instance: 
    N/A

    * DSP: 
    N/A

    * Memory: 
    N/A

    * FIFO: 
    N/A

    * Expression: 
    +------------------------+----------+----+---+----+------------+------------+
    |      Variable Name     | Operation| DSP| FF| LUT| Bitwidth P0| Bitwidth P1|
    +------------------------+----------+----+---+----+------------+------------+
    |add_ln1135_fu_91_p2     |         +|   0|  0|  14|           7|           1|
    |weight_sum_1_fu_114_p2  |         +|   0|  0|  13|          10|          10|
    |icmp_ln1135_fu_85_p2    |      icmp|   0|  0|  15|           7|           8|
    |ap_enable_pp0           |       xor|   0|  0|   2|           1|           2|
    +------------------------+----------+----+---+----+------------+------------+
    |Total                   |          |   0|  0|  44|          25|          21|
    +------------------------+----------+----+---+----+------------+------------+

    * Multiplexer: 
    +-------------------------+----+-----------+-----+-----------+
    |           Name          | LUT| Input Size| Bits| Total Bits|
    +-------------------------+----+-----------+-----+-----------+
    |ap_done_int              |   9|          2|    1|          2|
    |ap_enable_reg_pp0_iter1  |   9|          2|    1|          2|
    |ap_sig_allocacmp_i_1     |   9|          2|    7|         14|
    |i_fu_48                  |   9|          2|    7|         14|
    |weight_sum_fu_44         |   9|          2|   10|         20|
    +-------------------------+----+-----------+-----+-----------+
    |Total                    |  45|         10|   26|         52|
    +-------------------------+----+-----------+-----+-----------+

    * Register: 
    +-----------------------------------+----+----+-----+-----------+
    |                Name               | FF | LUT| Bits| Const Bits|
    +-----------------------------------+----+----+-----+-----------+
    |ap_CS_fsm                          |   1|   0|    1|          0|
    |ap_done_reg                        |   1|   0|    1|          0|
    |ap_enable_reg_pp0_iter1            |   1|   0|    1|          0|
    |ap_enable_reg_pp0_iter2            |   1|   0|    1|          0|
    |ap_enable_reg_pp0_iter3            |   1|   0|    1|          0|
    |ap_loop_exit_ready_pp0_iter1_reg   |   1|   0|    1|          0|
    |ap_loop_exit_ready_pp0_iter2_reg   |   1|   0|    1|          0|
    |i_fu_48                            |   7|   0|    7|          0|
    |icmp_ln1135_reg_144                |   1|   0|    1|          0|
    |icmp_ln1135_reg_144_pp0_iter1_reg  |   1|   0|    1|          0|
    |weight_sum_fu_44                   |  10|   0|   10|          0|
    +-----------------------------------+----+----+-----+-----------+
    |Total                              |  26|   0|   26|          0|
    +-----------------------------------+----+----+-----+-----------+



================================================================
== Interface
================================================================
* Summary: 
+------------------------+-----+-----+------------+---------------------------------+--------------+
|        RTL Ports       | Dir | Bits|  Protocol  |          Source Object          |    C Type    |
+------------------------+-----+-----+------------+---------------------------------+--------------+
|ap_clk                  |   in|    1|  ap_ctrl_hs|  snn_top_hls_Pipeline_WEIGHT_SUM|  return value|
|ap_rst                  |   in|    1|  ap_ctrl_hs|  snn_top_hls_Pipeline_WEIGHT_SUM|  return value|
|ap_start                |   in|    1|  ap_ctrl_hs|  snn_top_hls_Pipeline_WEIGHT_SUM|  return value|
|ap_done                 |  out|    1|  ap_ctrl_hs|  snn_top_hls_Pipeline_WEIGHT_SUM|  return value|
|ap_idle                 |  out|    1|  ap_ctrl_hs|  snn_top_hls_Pipeline_WEIGHT_SUM|  return value|
|ap_ready                |  out|    1|  ap_ctrl_hs|  snn_top_hls_Pipeline_WEIGHT_SUM|  return value|
|weight_sum_out          |  out|   10|      ap_vld|                   weight_sum_out|       pointer|
|weight_sum_out_ap_vld   |  out|    1|      ap_vld|                   weight_sum_out|       pointer|
|weight_memory_address0  |  out|   20|   ap_memory|                    weight_memory|         array|
|weight_memory_ce0       |  out|    1|   ap_memory|                    weight_memory|         array|
|weight_memory_q0        |   in|    4|   ap_memory|                    weight_memory|         array|
+------------------------+-----+-----+------------+---------------------------------+--------------+

