

================================================================
== Vitis HLS Report for 'snn_top_hls_Pipeline_VITIS_LOOP_88_8_VITIS_LOOP_89_9'
================================================================
* Date:           Wed Sep 23 19:58:27 2026

* Version:        2025.2 (Build 6295257 on Nov 14 2025)
* Project:        hls_output
* Solution:       hls (Vivado IP Flow Target)
* Product family: zynq
* Target device:  xc7z020-clg400-1


================================================================
== Performance Estimates
================================================================
+ Timing: 
    * Summary: 
    +--------+----------+----------+------------+
    |  Clock |  Target  | Estimated| Uncertainty|
    +--------+----------+----------+------------+
    |ap_clk  |  10.00 ns|  7.011 ns|     2.70 ns|
    +--------+----------+----------+------------+

+ Latency: 
    * Summary: 
    +---------+---------+----------+----------+-----+-----+-------------------+
    |  Latency (cycles) |  Latency (absolute) |  Interval |      Pipeline     |
    |   min   |   max   |    min   |    max   | min | max |        Type       |
    +---------+---------+----------+----------+-----+-----+-------------------+
    |      199|      199|  1.990 us|  1.990 us|    0|    0|  loop pipeline stp|
    +---------+---------+----------+----------+-----+-----+-------------------+

    + Detail: 
        * Instance: 
        N/A

        * Loop: 
        +-----------------------------------+---------+---------+----------+-----------+-----------+------+----------+
        |                                   |  Latency (cycles) | Iteration|  Initiation Interval  | Trip |          |
        |             Loop Name             |   min   |   max   |  Latency |  achieved |   target  | Count| Pipelined|
        +-----------------------------------+---------+---------+----------+-----------+-----------+------+----------+
        |- VITIS_LOOP_88_8_VITIS_LOOP_89_9  |      197|      197|         3|          1|          1|   196|       yes|
        +-----------------------------------+---------+---------+----------+-----------+-----------+------+----------+



================================================================
== Utilization Estimates
================================================================
* Summary: 
+-----------------+---------+-----+--------+-------+-----+
|       Name      | BRAM_18K| DSP |   FF   |  LUT  | URAM|
+-----------------+---------+-----+--------+-------+-----+
|DSP              |        -|    -|       -|      -|    -|
|Expression       |        -|    -|       0|    115|    -|
|FIFO             |        -|    -|       -|      -|    -|
|Instance         |        -|    -|       -|      -|    -|
|Memory           |        -|    -|       -|      -|    -|
|Multiplexer      |        -|    -|       0|     54|    -|
|Register         |        -|    -|      32|      -|    -|
+-----------------+---------+-----+--------+-------+-----+
|Total            |        0|    0|      32|    169|    0|
+-----------------+---------+-----+--------+-------+-----+
|Available        |      280|  220|  106400|  53200|    0|
+-----------------+---------+-----+--------+-------+-----+
|Utilization (%)  |        0|    0|      ~0|     ~0|    0|
+-----------------+---------+-----+--------+-------+-----+

+ Detail: 
    * Instance: 
    N/A

    * DSP: 
    N/A

    * Memory: 
    N/A

    * FIFO: 
    N/A

    * Expression: 
    +-------------------------+----------+----+---+----+------------+------------+
    |      Variable Name      | Operation| DSP| FF| LUT| Bitwidth P0| Bitwidth P1|
    +-------------------------+----------+----+---+----+------------+------------+
    |add_ln88_1_fu_100_p2     |         +|   0|  0|  15|           8|           1|
    |add_ln88_fu_117_p2       |         +|   0|  0|  13|           4|           1|
    |add_ln89_fu_154_p2       |         +|   0|  0|  13|           4|           1|
    |add_ln90_1_fu_197_p2     |         +|   0|  0|  11|          11|          11|
    |add_ln90_fu_149_p2       |         +|   0|  0|  14|           7|           7|
    |sub_ln90_fu_188_p2       |         -|   0|  0|  11|          11|          11|
    |icmp_ln88_fu_94_p2       |      icmp|   0|  0|  15|           8|           7|
    |icmp_ln89_fu_123_p2      |      icmp|   0|  0|  13|           4|           3|
    |select_ln88_1_fu_137_p3  |    select|   0|  0|   4|           1|           4|
    |select_ln88_fu_129_p3    |    select|   0|  0|   4|           1|           1|
    |ap_enable_pp0            |       xor|   0|  0|   2|           1|           2|
    +-------------------------+----------+----+---+----+------------+------------+
    |Total                    |          |   0|  0| 115|          60|          49|
    +-------------------------+----------+----+---+----+------------+------------+

    * Multiplexer: 
    +---------------------------------------+----+-----------+-----+-----------+
    |                  Name                 | LUT| Input Size| Bits| Total Bits|
    +---------------------------------------+----+-----------+-----+-----------+
    |ap_done_int                            |   9|          2|    1|          2|
    |ap_enable_reg_pp0_iter1                |   9|          2|    1|          2|
    |ap_sig_allocacmp_indvar_flatten6_load  |   9|          2|    8|         16|
    |indvar_flatten6_fu_52                  |   9|          2|    8|         16|
    |px_fu_44                               |   9|          2|    4|          8|
    |py_fu_48                               |   9|          2|    4|          8|
    +---------------------------------------+----+-----------+-----+-----------+
    |Total                                  |  54|         12|   26|         52|
    +---------------------------------------+----+-----------+-----+-----------+

    * Register: 
    +----------------------------------+---+----+-----+-----------+
    |               Name               | FF| LUT| Bits| Const Bits|
    +----------------------------------+---+----+-----+-----------+
    |add_ln90_reg_243                  |  7|   0|    7|          0|
    |ap_CS_fsm                         |  1|   0|    1|          0|
    |ap_done_reg                       |  1|   0|    1|          0|
    |ap_enable_reg_pp0_iter1           |  1|   0|    1|          0|
    |ap_enable_reg_pp0_iter2           |  1|   0|    1|          0|
    |ap_loop_exit_ready_pp0_iter1_reg  |  1|   0|    1|          0|
    |indvar_flatten6_fu_52             |  8|   0|    8|          0|
    |px_fu_44                          |  4|   0|    4|          0|
    |py_fu_48                          |  4|   0|    4|          0|
    |select_ln88_reg_238               |  4|   0|    4|          0|
    +----------------------------------+---+----+-----+-----------+
    |Total                             | 32|   0|   32|          0|
    +----------------------------------+---+----+-----+-----------+



================================================================
== Interface
================================================================
* Summary: 
+--------------------------+-----+-----+------------+------------------------------------------------------+--------------+
|         RTL Ports        | Dir | Bits|  Protocol  |                     Source Object                    |    C Type    |
+--------------------------+-----+-----+------------+------------------------------------------------------+--------------+
|ap_clk                    |   in|    1|  ap_ctrl_hs|  snn_top_hls_Pipeline_VITIS_LOOP_88_8_VITIS_LOOP_89_9|  return value|
|ap_rst                    |   in|    1|  ap_ctrl_hs|  snn_top_hls_Pipeline_VITIS_LOOP_88_8_VITIS_LOOP_89_9|  return value|
|ap_start                  |   in|    1|  ap_ctrl_hs|  snn_top_hls_Pipeline_VITIS_LOOP_88_8_VITIS_LOOP_89_9|  return value|
|ap_done                   |  out|    1|  ap_ctrl_hs|  snn_top_hls_Pipeline_VITIS_LOOP_88_8_VITIS_LOOP_89_9|  return value|
|ap_idle                   |  out|    1|  ap_ctrl_hs|  snn_top_hls_Pipeline_VITIS_LOOP_88_8_VITIS_LOOP_89_9|  return value|
|ap_ready                  |  out|    1|  ap_ctrl_hs|  snn_top_hls_Pipeline_VITIS_LOOP_88_8_VITIS_LOOP_89_9|  return value|
|mul_ln90                  |   in|    7|     ap_none|                                              mul_ln90|        scalar|
|cnn_pool_spikes_address0  |  out|   11|   ap_memory|                                       cnn_pool_spikes|         array|
|cnn_pool_spikes_ce0       |  out|    1|   ap_memory|                                       cnn_pool_spikes|         array|
|cnn_pool_spikes_we0       |  out|    1|   ap_memory|                                       cnn_pool_spikes|         array|
|cnn_pool_spikes_d0        |  out|    4|   ap_memory|                                       cnn_pool_spikes|         array|
+--------------------------+-----+-----+------------+------------------------------------------------------+--------------+

